prim1.txt: run=1 elapsed=2.45s
  original  -- omission(transcript->soap)=3.00 groundedness(soap->transcript)=53.00
  condensed -- omission(transcript->soap)=3.00 groundedness(soap->transcript)=53.00
  diff (condensed - original, positive = improved) -- omission(transcript->soap)=0.00 groundedness(soap->transcript)=0.00
  words: 1523 -> 1401 (reduced by 122, 8.0%)
prim10.txt: run=1 elapsed=2.38s
  original  -- omission(transcript->soap)=4.00 groundedness(soap->transcript)=43.00
  condensed -- omission(transcript->soap)=4.00 groundedness(soap->transcript)=43.00
  diff (condensed - original, positive = improved) -- omission(transcript->soap)=-0.00 groundedness(soap->transcript)=0.00
  words: 2052 -> 1940 (reduced by 112, 5.5%)
prim11.txt: run=1 elapsed=2.80s
  original  -- omission(transcript->soap)=2.00 groundedness(soap->transcript)=71.00
  condensed -- omission(transcript->soap)=2.00 groundedness(soap->transcript)=69.00
  diff (condensed - original, positive = improved) -- omission(transcript->soap)=-0.00 groundedness(soap->transcript)=-2.00
  words: 2532 -> 2361 (reduced by 171, 6.8%)
prim12.txt: run=1 elapsed=1.52s
  original  -- omission(transcript->soap)=3.00 groundedness(soap->transcript)=16.44
  condensed -- omission(transcript->soap)=3.00 groundedness(soap->transcript)=16.47
  diff (condensed - original, positive = improved) -- omission(transcript->soap)=-0.00 groundedness(soap->transcript)=0.03
  words: 1299 -> 1190 (reduced by 109, 8.4%)
prim13.txt: run=1 elapsed=1.86s
  original  -- omission(transcript->soap)=3.00 groundedness(soap->transcript)=42.02
  condensed -- omission(transcript->soap)=3.00 groundedness(soap->transcript)=42.02
  diff (condensed - original, positive = improved) -- omission(transcript->soap)=-0.00 groundedness(soap->transcript)=-0.00
  words: 1849 -> 1772 (reduced by 77, 4.2%)
prim14.txt: run=1 elapsed=2.11s
  original  -- omission(transcript->soap)=3.00 groundedness(soap->transcript)=46.00
  condensed -- omission(transcript->soap)=3.00 groundedness(soap->transcript)=46.00
  diff (condensed - original, positive = improved) -- omission(transcript->soap)=-0.00 groundedness(soap->transcript)=-0.00
  words: 2096 -> 1985 (reduced by 111, 5.3%)
prim15.txt: run=1 elapsed=1.83s
  original  -- omission(transcript->soap)=4.00 groundedness(soap->transcript)=22.00
  condensed -- omission(transcript->soap)=4.00 groundedness(soap->transcript)=22.00
  diff (condensed - original, positive = improved) -- omission(transcript->soap)=-0.00 groundedness(soap->transcript)=-0.00
  words: 1425 -> 1270 (reduced by 155, 10.9%)
prim16.txt: run=1 elapsed=1.35s
  original  -- omission(transcript->soap)=3.00 groundedness(soap->transcript)=40.00
  condensed -- omission(transcript->soap)=3.00 groundedness(soap->transcript)=40.02
  diff (condensed - original, positive = improved) -- omission(transcript->soap)=-0.00 groundedness(soap->transcript)=0.01
  words: 1246 -> 1176 (reduced by 70, 5.6%)
prim17.txt: run=1 elapsed=1.87s
  original  -- omission(transcript->soap)=4.00 groundedness(soap->transcript)=37.00
  condensed -- omission(transcript->soap)=4.00 groundedness(soap->transcript)=36.00
  diff (condensed - original, positive = improved) -- omission(transcript->soap)=-0.00 groundedness(soap->transcript)=-1.00
  words: 1834 -> 1747 (reduced by 87, 4.7%)
prim18.txt: run=1 elapsed=1.71s
  original  -- omission(transcript->soap)=5.00 groundedness(soap->transcript)=34.00
  condensed -- omission(transcript->soap)=5.00 groundedness(soap->transcript)=34.00
  diff (condensed - original, positive = improved) -- omission(transcript->soap)=-0.00 groundedness(soap->transcript)=-0.00
  words: 1557 -> 1398 (reduced by 159, 10.2%)
prim19.txt: run=1 elapsed=2.39s
  original  -- omission(transcript->soap)=2.00 groundedness(soap->transcript)=52.00
  condensed -- omission(transcript->soap)=2.00 groundedness(soap->transcript)=52.00
  diff (condensed - original, positive = improved) -- omission(transcript->soap)=0.00 groundedness(soap->transcript)=-0.00
  words: 2034 -> 1852 (reduced by 182, 8.9%)
prim2.txt: run=1 elapsed=2.13s
  original  -- omission(transcript->soap)=3.18 groundedness(soap->transcript)=35.00
  condensed -- omission(transcript->soap)=3.04 groundedness(soap->transcript)=34.00
  diff (condensed - original, positive = improved) -- omission(transcript->soap)=-0.14 groundedness(soap->transcript)=-1.00
  words: 1817 -> 1703 (reduced by 114, 6.3%)
prim20.txt: run=1 elapsed=2.39s
  original  -- omission(transcript->soap)=4.00 groundedness(soap->transcript)=59.44
  condensed -- omission(transcript->soap)=4.00 groundedness(soap->transcript)=58.09
  diff (condensed - original, positive = improved) -- omission(transcript->soap)=-0.00 groundedness(soap->transcript)=-1.35
  words: 2050 -> 1939 (reduced by 111, 5.4%)
prim21.txt: run=1 elapsed=2.17s
  original  -- omission(transcript->soap)=5.00 groundedness(soap->transcript)=42.00
  condensed -- omission(transcript->soap)=5.00 groundedness(soap->transcript)=41.00
  diff (condensed - original, positive = improved) -- omission(transcript->soap)=0.00 groundedness(soap->transcript)=-1.00
  words: 2114 -> 1953 (reduced by 161, 7.6%)
prim22.txt: run=1 elapsed=2.03s
  original  -- omission(transcript->soap)=2.15 groundedness(soap->transcript)=25.00
  condensed -- omission(transcript->soap)=2.11 groundedness(soap->transcript)=24.00
  diff (condensed - original, positive = improved) -- omission(transcript->soap)=-0.04 groundedness(soap->transcript)=-1.00
  words: 1477 -> 1267 (reduced by 210, 14.2%)
prim23.txt: run=1 elapsed=2.35s
  original  -- omission(transcript->soap)=4.00 groundedness(soap->transcript)=58.00
  condensed -- omission(transcript->soap)=4.00 groundedness(soap->transcript)=58.00
  diff (condensed - original, positive = improved) -- omission(transcript->soap)=0.00 groundedness(soap->transcript)=0.00
  words: 1939 -> 1839 (reduced by 100, 5.2%)
prim24.txt: run=1 elapsed=1.33s
  original  -- omission(transcript->soap)=4.00 groundedness(soap->transcript)=36.00
  condensed -- omission(transcript->soap)=4.00 groundedness(soap->transcript)=36.00
  diff (condensed - original, positive = improved) -- omission(transcript->soap)=0.00 groundedness(soap->transcript)=-0.00
  words: 1144 -> 1040 (reduced by 104, 9.1%)
prim25.txt: run=1 elapsed=1.91s
  original  -- omission(transcript->soap)=5.01 groundedness(soap->transcript)=51.00
  condensed -- omission(transcript->soap)=5.00 groundedness(soap->transcript)=51.00
  diff (condensed - original, positive = improved) -- omission(transcript->soap)=-0.01 groundedness(soap->transcript)=0.00
  words: 1963 -> 1813 (reduced by 150, 7.6%)
prim26.txt: run=1 elapsed=1.48s
  original  -- omission(transcript->soap)=8.00 groundedness(soap->transcript)=46.00
  condensed -- omission(transcript->soap)=8.00 groundedness(soap->transcript)=43.00
  diff (condensed - original, positive = improved) -- omission(transcript->soap)=0.00 groundedness(soap->transcript)=-3.00
  words: 1369 -> 1261 (reduced by 108, 7.9%)
prim27.txt: run=1 elapsed=1.29s
  original  -- omission(transcript->soap)=10.00 groundedness(soap->transcript)=51.00
  condensed -- omission(transcript->soap)=10.00 groundedness(soap->transcript)=50.00
  diff (condensed - original, positive = improved) -- omission(transcript->soap)=0.00 groundedness(soap->transcript)=-1.00
  words: 1251 -> 1156 (reduced by 95, 7.6%)
prim28.txt: run=1 elapsed=2.27s
  original  -- omission(transcript->soap)=17.00 groundedness(soap->transcript)=103.00
  condensed -- omission(transcript->soap)=17.00 groundedness(soap->transcript)=99.00
  diff (condensed - original, positive = improved) -- omission(transcript->soap)=0.00 groundedness(soap->transcript)=-4.00
  words: 2005 -> 1853 (reduced by 152, 7.6%)
prim29.txt: run=1 elapsed=1.46s
  original  -- omission(transcript->soap)=13.00 groundedness(soap->transcript)=67.00
  condensed -- omission(transcript->soap)=13.00 groundedness(soap->transcript)=63.00
  diff (condensed - original, positive = improved) -- omission(transcript->soap)=0.00 groundedness(soap->transcript)=-4.00
  words: 1203 -> 1105 (reduced by 98, 8.1%)
prim3.txt: run=1 elapsed=2.03s
  original  -- omission(transcript->soap)=3.00 groundedness(soap->transcript)=40.02
  condensed -- omission(transcript->soap)=3.00 groundedness(soap->transcript)=39.02
  diff (condensed - original, positive = improved) -- omission(transcript->soap)=0.00 groundedness(soap->transcript)=-1.00
  words: 1718 -> 1591 (reduced by 127, 7.4%)
prim30.txt: run=1 elapsed=1.37s
  original  -- omission(transcript->soap)=7.00 groundedness(soap->transcript)=64.00
  condensed -- omission(transcript->soap)=7.00 groundedness(soap->transcript)=61.00
  diff (condensed - original, positive = improved) -- omission(transcript->soap)=0.00 groundedness(soap->transcript)=-3.00
  words: 1200 -> 1114 (reduced by 86, 7.2%)
prim31.txt: run=1 elapsed=0.78s
  original  -- omission(transcript->soap)=3.02 groundedness(soap->transcript)=14.04
  condensed -- omission(transcript->soap)=3.02 groundedness(soap->transcript)=14.25
  diff (condensed - original, positive = improved) -- omission(transcript->soap)=-0.00 groundedness(soap->transcript)=0.21
  words: 650 -> 622 (reduced by 28, 4.3%)
prim32.txt: run=1 elapsed=1.56s
  original  -- omission(transcript->soap)=7.00 groundedness(soap->transcript)=42.00
  condensed -- omission(transcript->soap)=7.00 groundedness(soap->transcript)=36.01
  diff (condensed - original, positive = improved) -- omission(transcript->soap)=0.00 groundedness(soap->transcript)=-5.99
  words: 1268 -> 1120 (reduced by 148, 11.7%)
prim33.txt: run=1 elapsed=1.16s
  original  -- omission(transcript->soap)=4.00 groundedness(soap->transcript)=26.06
  condensed -- omission(transcript->soap)=4.00 groundedness(soap->transcript)=26.05
  diff (condensed - original, positive = improved) -- omission(transcript->soap)=-0.00 groundedness(soap->transcript)=-0.01
  words: 993 -> 935 (reduced by 58, 5.8%)
prim34.txt: run=1 elapsed=2.11s
  original  -- omission(transcript->soap)=5.00 groundedness(soap->transcript)=80.00
  condensed -- omission(transcript->soap)=5.00 groundedness(soap->transcript)=79.00
  diff (condensed - original, positive = improved) -- omission(transcript->soap)=0.00 groundedness(soap->transcript)=-1.00
  words: 2222 -> 2134 (reduced by 88, 4.0%)
prim35.txt: run=1 elapsed=1.60s
  original  -- omission(transcript->soap)=4.00 groundedness(soap->transcript)=78.00
  condensed -- omission(transcript->soap)=4.00 groundedness(soap->transcript)=78.00
  diff (condensed - original, positive = improved) -- omission(transcript->soap)=0.00 groundedness(soap->transcript)=0.00
  words: 1460 -> 1387 (reduced by 73, 5.0%)
prim36.txt: run=1 elapsed=1.84s
  original  -- omission(transcript->soap)=3.00 groundedness(soap->transcript)=53.00
  condensed -- omission(transcript->soap)=3.00 groundedness(soap->transcript)=51.00
  diff (condensed - original, positive = improved) -- omission(transcript->soap)=-0.00 groundedness(soap->transcript)=-2.00
  words: 1417 -> 1247 (reduced by 170, 12.0%)
prim37.txt: run=1 elapsed=2.08s
  original  -- omission(transcript->soap)=4.01 groundedness(soap->transcript)=48.00
  condensed -- omission(transcript->soap)=4.00 groundedness(soap->transcript)=46.00
  diff (condensed - original, positive = improved) -- omission(transcript->soap)=-0.00 groundedness(soap->transcript)=-2.00
  words: 1419 -> 1196 (reduced by 223, 15.7%)
prim38.txt: run=1 elapsed=1.61s
  original  -- omission(transcript->soap)=2.00 groundedness(soap->transcript)=36.00
  condensed -- omission(transcript->soap)=2.00 groundedness(soap->transcript)=34.00
  diff (condensed - original, positive = improved) -- omission(transcript->soap)=0.00 groundedness(soap->transcript)=-2.00
  words: 1142 -> 980 (reduced by 162, 14.2%)
prim39.txt: run=1 elapsed=1.40s
  original  -- omission(transcript->soap)=4.00 groundedness(soap->transcript)=33.00
  condensed -- omission(transcript->soap)=4.00 groundedness(soap->transcript)=33.00
  diff (condensed - original, positive = improved) -- omission(transcript->soap)=0.00 groundedness(soap->transcript)=-0.00
  words: 1110 -> 1001 (reduced by 109, 9.8%)
prim4.txt: run=1 elapsed=1.85s
  original  -- omission(transcript->soap)=3.00 groundedness(soap->transcript)=42.01
  condensed -- omission(transcript->soap)=3.00 groundedness(soap->transcript)=42.00
  diff (condensed - original, positive = improved) -- omission(transcript->soap)=-0.00 groundedness(soap->transcript)=-0.01
  words: 1840 -> 1691 (reduced by 149, 8.1%)
prim40.txt: run=1 elapsed=1.77s
  original  -- omission(transcript->soap)=4.00 groundedness(soap->transcript)=58.00
  condensed -- omission(transcript->soap)=4.00 groundedness(soap->transcript)=54.00
  diff (condensed - original, positive = improved) -- omission(transcript->soap)=0.00 groundedness(soap->transcript)=-4.00
  words: 1706 -> 1572 (reduced by 134, 7.9%)
prim41.txt: run=1 elapsed=2.44s
  original  -- omission(transcript->soap)=5.00 groundedness(soap->transcript)=43.00
  condensed -- omission(transcript->soap)=5.00 groundedness(soap->transcript)=43.00
  diff (condensed - original, positive = improved) -- omission(transcript->soap)=0.00 groundedness(soap->transcript)=-0.00
  words: 1816 -> 1717 (reduced by 99, 5.5%)
prim42.txt: run=1 elapsed=2.05s
  original  -- omission(transcript->soap)=2.00 groundedness(soap->transcript)=66.00
  condensed -- omission(transcript->soap)=2.00 groundedness(soap->transcript)=64.00
  diff (condensed - original, positive = improved) -- omission(transcript->soap)=0.00 groundedness(soap->transcript)=-2.00
  words: 1938 -> 1835 (reduced by 103, 5.3%)
prim43.txt: run=1 elapsed=2.57s
  original  -- omission(transcript->soap)=2.00 groundedness(soap->transcript)=33.00
  condensed -- omission(transcript->soap)=2.00 groundedness(soap->transcript)=33.00
  diff (condensed - original, positive = improved) -- omission(transcript->soap)=0.00 groundedness(soap->transcript)=-0.00
  words: 1940 -> 1768 (reduced by 172, 8.9%)
prim44.txt: run=1 elapsed=1.99s
  original  -- omission(transcript->soap)=4.00 groundedness(soap->transcript)=44.00
  condensed -- omission(transcript->soap)=4.00 groundedness(soap->transcript)=44.00
  diff (condensed - original, positive = improved) -- omission(transcript->soap)=0.00 groundedness(soap->transcript)=0.00
  words: 1884 -> 1802 (reduced by 82, 4.4%)
prim45.txt: run=1 elapsed=2.25s
  original  -- omission(transcript->soap)=2.01 groundedness(soap->transcript)=54.00
  condensed -- omission(transcript->soap)=2.00 groundedness(soap->transcript)=52.00
  diff (condensed - original, positive = improved) -- omission(transcript->soap)=-0.01 groundedness(soap->transcript)=-2.00
  words: 1876 -> 1737 (reduced by 139, 7.4%)
prim46.txt: run=1 elapsed=1.80s
  original  -- omission(transcript->soap)=4.00 groundedness(soap->transcript)=36.00
  condensed -- omission(transcript->soap)=4.00 groundedness(soap->transcript)=35.00
  diff (condensed - original, positive = improved) -- omission(transcript->soap)=0.00 groundedness(soap->transcript)=-1.00
  words: 1376 -> 1269 (reduced by 107, 7.8%)
prim47.txt: run=1 elapsed=1.93s
  original  -- omission(transcript->soap)=2.00 groundedness(soap->transcript)=10.01
  condensed -- omission(transcript->soap)=2.02 groundedness(soap->transcript)=10.11
  diff (condensed - original, positive = improved) -- omission(transcript->soap)=0.02 groundedness(soap->transcript)=0.10
  words: 1231 -> 1110 (reduced by 121, 9.8%)
prim48.txt: run=1 elapsed=2.39s
  original  -- omission(transcript->soap)=6.00 groundedness(soap->transcript)=62.02
  condensed -- omission(transcript->soap)=6.00 groundedness(soap->transcript)=62.00
  diff (condensed - original, positive = improved) -- omission(transcript->soap)=-0.00 groundedness(soap->transcript)=-0.02
  words: 2516 -> 2450 (reduced by 66, 2.6%)
prim49.txt: run=1 elapsed=2.29s
  original  -- omission(transcript->soap)=5.00 groundedness(soap->transcript)=44.01
  condensed -- omission(transcript->soap)=5.00 groundedness(soap->transcript)=40.00
  diff (condensed - original, positive = improved) -- omission(transcript->soap)=-0.00 groundedness(soap->transcript)=-4.01
  words: 1433 -> 1257 (reduced by 176, 12.3%)
prim5.txt: run=1 elapsed=2.04s
  original  -- omission(transcript->soap)=6.00 groundedness(soap->transcript)=40.00
  condensed -- omission(transcript->soap)=6.00 groundedness(soap->transcript)=40.00
  diff (condensed - original, positive = improved) -- omission(transcript->soap)=0.00 groundedness(soap->transcript)=0.00
  words: 1774 -> 1702 (reduced by 72, 4.1%)
prim50.txt: run=1 elapsed=1.75s
  original  -- omission(transcript->soap)=4.00 groundedness(soap->transcript)=22.08
  condensed -- omission(transcript->soap)=4.00 groundedness(soap->transcript)=21.02
  diff (condensed - original, positive = improved) -- omission(transcript->soap)=0.00 groundedness(soap->transcript)=-1.06
  words: 1057 -> 937 (reduced by 120, 11.4%)
prim51.txt: run=1 elapsed=2.33s
  original  -- omission(transcript->soap)=3.00 groundedness(soap->transcript)=51.00
  condensed -- omission(transcript->soap)=3.01 groundedness(soap->transcript)=49.00
  diff (condensed - original, positive = improved) -- omission(transcript->soap)=0.01 groundedness(soap->transcript)=-2.00
  words: 1678 -> 1549 (reduced by 129, 7.7%)
prim52.txt: run=1 elapsed=1.93s
  original  -- omission(transcript->soap)=4.02 groundedness(soap->transcript)=37.00
  condensed -- omission(transcript->soap)=4.02 groundedness(soap->transcript)=32.00
  diff (condensed - original, positive = improved) -- omission(transcript->soap)=0.00 groundedness(soap->transcript)=-5.00
  words: 1373 -> 1290 (reduced by 83, 6.0%)
prim53.txt: run=1 elapsed=2.15s
  original  -- omission(transcript->soap)=5.00 groundedness(soap->transcript)=34.00
  condensed -- omission(transcript->soap)=5.00 groundedness(soap->transcript)=33.00
  diff (condensed - original, positive = improved) -- omission(transcript->soap)=0.00 groundedness(soap->transcript)=-1.00
  words: 1442 -> 1287 (reduced by 155, 10.7%)
prim54.txt: run=1 elapsed=2.06s
  original  -- omission(transcript->soap)=7.00 groundedness(soap->transcript)=38.03
  condensed -- omission(transcript->soap)=7.00 groundedness(soap->transcript)=35.01
  diff (condensed - original, positive = improved) -- omission(transcript->soap)=-0.00 groundedness(soap->transcript)=-3.02
  words: 1510 -> 1384 (reduced by 126, 8.3%)
prim55.txt: run=1 elapsed=2.10s
  original  -- omission(transcript->soap)=5.00 groundedness(soap->transcript)=44.00
  condensed -- omission(transcript->soap)=5.00 groundedness(soap->transcript)=42.00
  diff (condensed - original, positive = improved) -- omission(transcript->soap)=0.00 groundedness(soap->transcript)=-2.00
  words: 1725 -> 1611 (reduced by 114, 6.6%)
prim56.txt: run=1 elapsed=2.43s
  original  -- omission(transcript->soap)=7.00 groundedness(soap->transcript)=67.00
  condensed -- omission(transcript->soap)=7.00 groundedness(soap->transcript)=65.00
  diff (condensed - original, positive = improved) -- omission(transcript->soap)=-0.00 groundedness(soap->transcript)=-2.00
  words: 2131 -> 2022 (reduced by 109, 5.1%)
prim57.txt: run=1 elapsed=1.48s
  original  -- omission(transcript->soap)=3.02 groundedness(soap->transcript)=21.15
  condensed -- omission(transcript->soap)=3.01 groundedness(soap->transcript)=21.21
  diff (condensed - original, positive = improved) -- omission(transcript->soap)=-0.00 groundedness(soap->transcript)=0.06
  words: 908 -> 801 (reduced by 107, 11.8%)
prim6.txt: run=1 elapsed=2.65s
  original  -- omission(transcript->soap)=3.00 groundedness(soap->transcript)=60.00
  condensed -- omission(transcript->soap)=3.00 groundedness(soap->transcript)=58.00
  diff (condensed - original, positive = improved) -- omission(transcript->soap)=0.00 groundedness(soap->transcript)=-2.00
  words: 2038 -> 1913 (reduced by 125, 6.1%)
prim7.txt: run=1 elapsed=3.30s
  original  -- omission(transcript->soap)=4.00 groundedness(soap->transcript)=56.00
  condensed -- omission(transcript->soap)=4.00 groundedness(soap->transcript)=52.00
  diff (condensed - original, positive = improved) -- omission(transcript->soap)=-0.00 groundedness(soap->transcript)=-4.00
  words: 2992 -> 2780 (reduced by 212, 7.1%)
prim8.txt: run=1 elapsed=1.84s
  original  -- omission(transcript->soap)=3.00 groundedness(soap->transcript)=34.00
  condensed -- omission(transcript->soap)=3.00 groundedness(soap->transcript)=32.00
  diff (condensed - original, positive = improved) -- omission(transcript->soap)=0.00 groundedness(soap->transcript)=-2.00
  words: 1327 -> 1199 (reduced by 128, 9.6%)
prim9.txt: run=1 elapsed=1.93s
  original  -- omission(transcript->soap)=3.00 groundedness(soap->transcript)=34.01
  condensed -- omission(transcript->soap)=3.00 groundedness(soap->transcript)=30.01
  diff (condensed - original, positive = improved) -- omission(transcript->soap)=0.00 groundedness(soap->transcript)=-3.99
  words: 1733 -> 1608 (reduced by 125, 7.2%)
[run 1] avg_elapsed=1.96s avg_diff_transcript_to_soap=-0.00 avg_diff_groundedness_soap_in_transcript=-1.35 avg_percent_reduced=7.79
prim1.txt: run=2 elapsed=1.69s
  original  -- omission(transcript->soap)=3.00 groundedness(soap->transcript)=53.00
  condensed -- omission(transcript->soap)=3.00 groundedness(soap->transcript)=53.00
  diff (condensed - original, positive = improved) -- omission(transcript->soap)=0.00 groundedness(soap->transcript)=0.00
  words: 1523 -> 1401 (reduced by 122, 8.0%)
prim10.txt: run=2 elapsed=2.68s
  original  -- omission(transcript->soap)=4.00 groundedness(soap->transcript)=43.00
  condensed -- omission(transcript->soap)=4.00 groundedness(soap->transcript)=43.00
  diff (condensed - original, positive = improved) -- omission(transcript->soap)=-0.00 groundedness(soap->transcript)=0.00
  words: 2052 -> 1940 (reduced by 112, 5.5%)
prim11.txt: run=2 elapsed=4.17s
  original  -- omission(transcript->soap)=2.00 groundedness(soap->transcript)=71.00
  condensed -- omission(transcript->soap)=2.00 groundedness(soap->transcript)=69.00
  diff (condensed - original, positive = improved) -- omission(transcript->soap)=-0.00 groundedness(soap->transcript)=-2.00
  words: 2532 -> 2361 (reduced by 171, 6.8%)
prim12.txt: run=2 elapsed=1.36s
  original  -- omission(transcript->soap)=3.00 groundedness(soap->transcript)=16.44
  condensed -- omission(transcript->soap)=3.00 groundedness(soap->transcript)=16.47
  diff (condensed - original, positive = improved) -- omission(transcript->soap)=-0.00 groundedness(soap->transcript)=0.03
  words: 1299 -> 1190 (reduced by 109, 8.4%)
prim13.txt: run=2 elapsed=1.77s
  original  -- omission(transcript->soap)=3.00 groundedness(soap->transcript)=42.02
  condensed -- omission(transcript->soap)=3.00 groundedness(soap->transcript)=42.02
  diff (condensed - original, positive = improved) -- omission(transcript->soap)=-0.00 groundedness(soap->transcript)=-0.00
  words: 1849 -> 1772 (reduced by 77, 4.2%)
prim14.txt: run=2 elapsed=1.85s
  original  -- omission(transcript->soap)=3.00 groundedness(soap->transcript)=46.00
  condensed -- omission(transcript->soap)=3.00 groundedness(soap->transcript)=46.00
  diff (condensed - original, positive = improved) -- omission(transcript->soap)=-0.00 groundedness(soap->transcript)=-0.00
  words: 2096 -> 1985 (reduced by 111, 5.3%)
prim15.txt: run=2 elapsed=1.59s
  original  -- omission(transcript->soap)=4.00 groundedness(soap->transcript)=22.00
  condensed -- omission(transcript->soap)=4.00 groundedness(soap->transcript)=22.00
  diff (condensed - original, positive = improved) -- omission(transcript->soap)=-0.00 groundedness(soap->transcript)=-0.00
  words: 1425 -> 1270 (reduced by 155, 10.9%)
prim16.txt: run=2 elapsed=1.21s
  original  -- omission(transcript->soap)=3.00 groundedness(soap->transcript)=40.00
  condensed -- omission(transcript->soap)=3.00 groundedness(soap->transcript)=40.02
  diff (condensed - original, positive = improved) -- omission(transcript->soap)=-0.00 groundedness(soap->transcript)=0.01
  words: 1246 -> 1176 (reduced by 70, 5.6%)
prim17.txt: run=2 elapsed=1.48s
  original  -- omission(transcript->soap)=4.00 groundedness(soap->transcript)=37.00
  condensed -- omission(transcript->soap)=4.00 groundedness(soap->transcript)=36.00
  diff (condensed - original, positive = improved) -- omission(transcript->soap)=-0.00 groundedness(soap->transcript)=-1.00
  words: 1834 -> 1747 (reduced by 87, 4.7%)
prim18.txt: run=2 elapsed=1.41s
  original  -- omission(transcript->soap)=5.00 groundedness(soap->transcript)=34.00
  condensed -- omission(transcript->soap)=5.00 groundedness(soap->transcript)=34.00
  diff (condensed - original, positive = improved) -- omission(transcript->soap)=-0.00 groundedness(soap->transcript)=-0.00
  words: 1557 -> 1398 (reduced by 159, 10.2%)
prim19.txt: run=2 elapsed=1.93s
  original  -- omission(transcript->soap)=2.00 groundedness(soap->transcript)=52.00
  condensed -- omission(transcript->soap)=2.00 groundedness(soap->transcript)=52.00
  diff (condensed - original, positive = improved) -- omission(transcript->soap)=0.00 groundedness(soap->transcript)=-0.00
  words: 2034 -> 1852 (reduced by 182, 8.9%)
prim2.txt: run=2 elapsed=1.41s
  original  -- omission(transcript->soap)=3.18 groundedness(soap->transcript)=35.00
  condensed -- omission(transcript->soap)=3.04 groundedness(soap->transcript)=34.00
  diff (condensed - original, positive = improved) -- omission(transcript->soap)=-0.14 groundedness(soap->transcript)=-1.00
  words: 1817 -> 1703 (reduced by 114, 6.3%)
prim20.txt: run=2 elapsed=1.57s
  original  -- omission(transcript->soap)=4.00 groundedness(soap->transcript)=59.44
  condensed -- omission(transcript->soap)=4.00 groundedness(soap->transcript)=58.09
  diff (condensed - original, positive = improved) -- omission(transcript->soap)=-0.00 groundedness(soap->transcript)=-1.35
  words: 2050 -> 1939 (reduced by 111, 5.4%)
prim21.txt: run=2 elapsed=1.63s
  original  -- omission(transcript->soap)=5.00 groundedness(soap->transcript)=42.00
  condensed -- omission(transcript->soap)=5.00 groundedness(soap->transcript)=41.00
  diff (condensed - original, positive = improved) -- omission(transcript->soap)=0.00 groundedness(soap->transcript)=-1.00
  words: 2114 -> 1953 (reduced by 161, 7.6%)
prim22.txt: run=2 elapsed=1.43s
  original  -- omission(transcript->soap)=2.15 groundedness(soap->transcript)=25.00
  condensed -- omission(transcript->soap)=2.11 groundedness(soap->transcript)=24.00
  diff (condensed - original, positive = improved) -- omission(transcript->soap)=-0.04 groundedness(soap->transcript)=-1.00
  words: 1477 -> 1267 (reduced by 210, 14.2%)
prim23.txt: run=2 elapsed=1.59s
  original  -- omission(transcript->soap)=4.00 groundedness(soap->transcript)=58.00
  condensed -- omission(transcript->soap)=4.00 groundedness(soap->transcript)=58.00
  diff (condensed - original, positive = improved) -- omission(transcript->soap)=0.00 groundedness(soap->transcript)=0.00
  words: 1939 -> 1839 (reduced by 100, 5.2%)
prim24.txt: run=2 elapsed=1.04s
  original  -- omission(transcript->soap)=4.00 groundedness(soap->transcript)=36.00
  condensed -- omission(transcript->soap)=4.00 groundedness(soap->transcript)=36.00
  diff (condensed - original, positive = improved) -- omission(transcript->soap)=0.00 groundedness(soap->transcript)=-0.00
  words: 1144 -> 1040 (reduced by 104, 9.1%)
prim25.txt: run=2 elapsed=1.51s
  original  -- omission(transcript->soap)=5.01 groundedness(soap->transcript)=51.00
  condensed -- omission(transcript->soap)=5.00 groundedness(soap->transcript)=51.00
  diff (condensed - original, positive = improved) -- omission(transcript->soap)=-0.01 groundedness(soap->transcript)=0.00
  words: 1963 -> 1813 (reduced by 150, 7.6%)
prim26.txt: run=2 elapsed=1.14s
  original  -- omission(transcript->soap)=8.00 groundedness(soap->transcript)=46.00
  condensed -- omission(transcript->soap)=8.00 groundedness(soap->transcript)=43.00
  diff (condensed - original, positive = improved) -- omission(transcript->soap)=0.00 groundedness(soap->transcript)=-3.00
  words: 1369 -> 1261 (reduced by 108, 7.9%)
prim27.txt: run=2 elapsed=1.14s
  original  -- omission(transcript->soap)=10.00 groundedness(soap->transcript)=51.00
  condensed -- omission(transcript->soap)=10.00 groundedness(soap->transcript)=50.00
  diff (condensed - original, positive = improved) -- omission(transcript->soap)=0.00 groundedness(soap->transcript)=-1.00
  words: 1251 -> 1156 (reduced by 95, 7.6%)
prim28.txt: run=2 elapsed=1.95s
  original  -- omission(transcript->soap)=17.00 groundedness(soap->transcript)=103.00
  condensed -- omission(transcript->soap)=17.00 groundedness(soap->transcript)=99.00
  diff (condensed - original, positive = improved) -- omission(transcript->soap)=0.00 groundedness(soap->transcript)=-4.00
  words: 2005 -> 1853 (reduced by 152, 7.6%)
prim29.txt: run=2 elapsed=1.27s
  original  -- omission(transcript->soap)=13.00 groundedness(soap->transcript)=67.00
  condensed -- omission(transcript->soap)=13.00 groundedness(soap->transcript)=63.00
  diff (condensed - original, positive = improved) -- omission(transcript->soap)=0.00 groundedness(soap->transcript)=-4.00
  words: 1203 -> 1105 (reduced by 98, 8.1%)
prim3.txt: run=2 elapsed=1.56s
  original  -- omission(transcript->soap)=3.00 groundedness(soap->transcript)=40.02
  condensed -- omission(transcript->soap)=3.00 groundedness(soap->transcript)=39.02
  diff (condensed - original, positive = improved) -- omission(transcript->soap)=0.00 groundedness(soap->transcript)=-1.00
  words: 1718 -> 1591 (reduced by 127, 7.4%)
prim30.txt: run=2 elapsed=0.99s
  original  -- omission(transcript->soap)=7.00 groundedness(soap->transcript)=64.00
  condensed -- omission(transcript->soap)=7.00 groundedness(soap->transcript)=61.00
  diff (condensed - original, positive = improved) -- omission(transcript->soap)=0.00 groundedness(soap->transcript)=-3.00
  words: 1200 -> 1114 (reduced by 86, 7.2%)
prim31.txt: run=2 elapsed=0.58s
  original  -- omission(transcript->soap)=3.02 groundedness(soap->transcript)=14.04
  condensed -- omission(transcript->soap)=3.02 groundedness(soap->transcript)=14.25
  diff (condensed - original, positive = improved) -- omission(transcript->soap)=-0.00 groundedness(soap->transcript)=0.21
  words: 650 -> 622 (reduced by 28, 4.3%)
prim32.txt: run=2 elapsed=1.20s
  original  -- omission(transcript->soap)=7.00 groundedness(soap->transcript)=42.00
  condensed -- omission(transcript->soap)=7.00 groundedness(soap->transcript)=36.01
  diff (condensed - original, positive = improved) -- omission(transcript->soap)=0.00 groundedness(soap->transcript)=-5.99
  words: 1268 -> 1120 (reduced by 148, 11.7%)
prim33.txt: run=2 elapsed=0.84s
  original  -- omission(transcript->soap)=4.00 groundedness(soap->transcript)=26.06
  condensed -- omission(transcript->soap)=4.00 groundedness(soap->transcript)=26.05
  diff (condensed - original, positive = improved) -- omission(transcript->soap)=-0.00 groundedness(soap->transcript)=-0.01
  words: 993 -> 935 (reduced by 58, 5.8%)
prim34.txt: run=2 elapsed=1.65s
  original  -- omission(transcript->soap)=5.00 groundedness(soap->transcript)=80.00
  condensed -- omission(transcript->soap)=5.00 groundedness(soap->transcript)=79.00
  diff (condensed - original, positive = improved) -- omission(transcript->soap)=0.00 groundedness(soap->transcript)=-1.00
  words: 2222 -> 2134 (reduced by 88, 4.0%)
prim35.txt: run=2 elapsed=1.24s
  original  -- omission(transcript->soap)=4.00 groundedness(soap->transcript)=78.00
  condensed -- omission(transcript->soap)=4.00 groundedness(soap->transcript)=78.00
  diff (condensed - original, positive = improved) -- omission(transcript->soap)=0.00 groundedness(soap->transcript)=0.00
  words: 1460 -> 1387 (reduced by 73, 5.0%)
prim36.txt: run=2 elapsed=1.47s
  original  -- omission(transcript->soap)=3.00 groundedness(soap->transcript)=53.00
  condensed -- omission(transcript->soap)=3.00 groundedness(soap->transcript)=51.00
  diff (condensed - original, positive = improved) -- omission(transcript->soap)=-0.00 groundedness(soap->transcript)=-2.00
  words: 1417 -> 1247 (reduced by 170, 12.0%)
prim37.txt: run=2 elapsed=1.74s
  original  -- omission(transcript->soap)=4.01 groundedness(soap->transcript)=48.00
  condensed -- omission(transcript->soap)=4.00 groundedness(soap->transcript)=46.00
  diff (condensed - original, positive = improved) -- omission(transcript->soap)=-0.00 groundedness(soap->transcript)=-2.00
  words: 1419 -> 1196 (reduced by 223, 15.7%)
prim38.txt: run=2 elapsed=1.17s
  original  -- omission(transcript->soap)=2.00 groundedness(soap->transcript)=36.00
  condensed -- omission(transcript->soap)=2.00 groundedness(soap->transcript)=34.00
  diff (condensed - original, positive = improved) -- omission(transcript->soap)=0.00 groundedness(soap->transcript)=-2.00
  words: 1142 -> 980 (reduced by 162, 14.2%)
prim39.txt: run=2 elapsed=1.11s
  original  -- omission(transcript->soap)=4.00 groundedness(soap->transcript)=33.00
  condensed -- omission(transcript->soap)=4.00 groundedness(soap->transcript)=33.00
  diff (condensed - original, positive = improved) -- omission(transcript->soap)=0.00 groundedness(soap->transcript)=-0.00
  words: 1110 -> 1001 (reduced by 109, 9.8%)
prim4.txt: run=2 elapsed=1.50s
  original  -- omission(transcript->soap)=3.00 groundedness(soap->transcript)=42.01
  condensed -- omission(transcript->soap)=3.00 groundedness(soap->transcript)=42.00
  diff (condensed - original, positive = improved) -- omission(transcript->soap)=-0.00 groundedness(soap->transcript)=-0.01
  words: 1840 -> 1691 (reduced by 149, 8.1%)
prim40.txt: run=2 elapsed=1.61s
  original  -- omission(transcript->soap)=4.00 groundedness(soap->transcript)=58.00
  condensed -- omission(transcript->soap)=4.00 groundedness(soap->transcript)=54.00
  diff (condensed - original, positive = improved) -- omission(transcript->soap)=0.00 groundedness(soap->transcript)=-4.00
  words: 1706 -> 1572 (reduced by 134, 7.9%)
prim41.txt: run=2 elapsed=1.56s
  original  -- omission(transcript->soap)=5.00 groundedness(soap->transcript)=43.00
  condensed -- omission(transcript->soap)=5.00 groundedness(soap->transcript)=43.00
  diff (condensed - original, positive = improved) -- omission(transcript->soap)=0.00 groundedness(soap->transcript)=-0.00
  words: 1816 -> 1717 (reduced by 99, 5.5%)
prim42.txt: run=2 elapsed=1.51s
  original  -- omission(transcript->soap)=2.00 groundedness(soap->transcript)=66.00
  condensed -- omission(transcript->soap)=2.00 groundedness(soap->transcript)=64.00
  diff (condensed - original, positive = improved) -- omission(transcript->soap)=0.00 groundedness(soap->transcript)=-2.00
  words: 1938 -> 1835 (reduced by 103, 5.3%)
prim43.txt: run=2 elapsed=1.76s
  original  -- omission(transcript->soap)=2.00 groundedness(soap->transcript)=33.00
  condensed -- omission(transcript->soap)=2.00 groundedness(soap->transcript)=33.00
  diff (condensed - original, positive = improved) -- omission(transcript->soap)=0.00 groundedness(soap->transcript)=-0.00
  words: 1940 -> 1768 (reduced by 172, 8.9%)
prim44.txt: run=2 elapsed=1.47s
  original  -- omission(transcript->soap)=4.00 groundedness(soap->transcript)=44.00
  condensed -- omission(transcript->soap)=4.00 groundedness(soap->transcript)=44.00
  diff (condensed - original, positive = improved) -- omission(transcript->soap)=0.00 groundedness(soap->transcript)=0.00
  words: 1884 -> 1802 (reduced by 82, 4.4%)
prim45.txt: run=2 elapsed=1.75s
  original  -- omission(transcript->soap)=2.01 groundedness(soap->transcript)=54.00
  condensed -- omission(transcript->soap)=2.00 groundedness(soap->transcript)=52.00
  diff (condensed - original, positive = improved) -- omission(transcript->soap)=-0.01 groundedness(soap->transcript)=-2.00
  words: 1876 -> 1737 (reduced by 139, 7.4%)
prim46.txt: run=2 elapsed=1.23s
  original  -- omission(transcript->soap)=4.00 groundedness(soap->transcript)=36.00
  condensed -- omission(transcript->soap)=4.00 groundedness(soap->transcript)=35.00
  diff (condensed - original, positive = improved) -- omission(transcript->soap)=0.00 groundedness(soap->transcript)=-1.00
  words: 1376 -> 1269 (reduced by 107, 7.8%)
prim47.txt: run=2 elapsed=1.38s
  original  -- omission(transcript->soap)=2.00 groundedness(soap->transcript)=10.01
  condensed -- omission(transcript->soap)=2.02 groundedness(soap->transcript)=10.11
  diff (condensed - original, positive = improved) -- omission(transcript->soap)=0.02 groundedness(soap->transcript)=0.10
  words: 1231 -> 1110 (reduced by 121, 9.8%)
prim48.txt: run=2 elapsed=1.76s
  original  -- omission(transcript->soap)=6.00 groundedness(soap->transcript)=62.02
  condensed -- omission(transcript->soap)=6.00 groundedness(soap->transcript)=62.00
  diff (condensed - original, positive = improved) -- omission(transcript->soap)=-0.00 groundedness(soap->transcript)=-0.02
  words: 2516 -> 2450 (reduced by 66, 2.6%)
prim49.txt: run=2 elapsed=1.70s
  original  -- omission(transcript->soap)=5.00 groundedness(soap->transcript)=44.01
  condensed -- omission(transcript->soap)=5.00 groundedness(soap->transcript)=40.00
  diff (condensed - original, positive = improved) -- omission(transcript->soap)=-0.00 groundedness(soap->transcript)=-4.01
  words: 1433 -> 1257 (reduced by 176, 12.3%)
prim5.txt: run=2 elapsed=1.43s
  original  -- omission(transcript->soap)=6.00 groundedness(soap->transcript)=40.00
  condensed -- omission(transcript->soap)=6.00 groundedness(soap->transcript)=40.00
  diff (condensed - original, positive = improved) -- omission(transcript->soap)=0.00 groundedness(soap->transcript)=0.00
  words: 1774 -> 1702 (reduced by 72, 4.1%)
prim50.txt: run=2 elapsed=1.20s
  original  -- omission(transcript->soap)=4.00 groundedness(soap->transcript)=22.08
  condensed -- omission(transcript->soap)=4.00 groundedness(soap->transcript)=21.02
  diff (condensed - original, positive = improved) -- omission(transcript->soap)=0.00 groundedness(soap->transcript)=-1.06
  words: 1057 -> 937 (reduced by 120, 11.4%)
prim51.txt: run=2 elapsed=1.48s
  original  -- omission(transcript->soap)=3.00 groundedness(soap->transcript)=51.00
  condensed -- omission(transcript->soap)=3.01 groundedness(soap->transcript)=49.00
  diff (condensed - original, positive = improved) -- omission(transcript->soap)=0.01 groundedness(soap->transcript)=-2.00
  words: 1678 -> 1549 (reduced by 129, 7.7%)
prim52.txt: run=2 elapsed=1.31s
  original  -- omission(transcript->soap)=4.02 groundedness(soap->transcript)=37.00
  condensed -- omission(transcript->soap)=4.02 groundedness(soap->transcript)=32.00
  diff (condensed - original, positive = improved) -- omission(transcript->soap)=0.00 groundedness(soap->transcript)=-5.00
  words: 1373 -> 1290 (reduced by 83, 6.0%)
prim53.txt: run=2 elapsed=1.48s
  original  -- omission(transcript->soap)=5.00 groundedness(soap->transcript)=34.00
  condensed -- omission(transcript->soap)=5.00 groundedness(soap->transcript)=33.00
  diff (condensed - original, positive = improved) -- omission(transcript->soap)=0.00 groundedness(soap->transcript)=-1.00
  words: 1442 -> 1287 (reduced by 155, 10.7%)
prim54.txt: run=2 elapsed=1.51s
  original  -- omission(transcript->soap)=7.00 groundedness(soap->transcript)=38.03
  condensed -- omission(transcript->soap)=7.00 groundedness(soap->transcript)=35.01
  diff (condensed - original, positive = improved) -- omission(transcript->soap)=-0.00 groundedness(soap->transcript)=-3.02
  words: 1510 -> 1384 (reduced by 126, 8.3%)
prim55.txt: run=2 elapsed=1.62s
  original  -- omission(transcript->soap)=5.00 groundedness(soap->transcript)=44.00
  condensed -- omission(transcript->soap)=5.00 groundedness(soap->transcript)=42.00
  diff (condensed - original, positive = improved) -- omission(transcript->soap)=0.00 groundedness(soap->transcript)=-2.00
  words: 1725 -> 1611 (reduced by 114, 6.6%)
prim56.txt: run=2 elapsed=1.73s
  original  -- omission(transcript->soap)=7.00 groundedness(soap->transcript)=67.00
  condensed -- omission(transcript->soap)=7.00 groundedness(soap->transcript)=65.00
  diff (condensed - original, positive = improved) -- omission(transcript->soap)=-0.00 groundedness(soap->transcript)=-2.00
  words: 2131 -> 2022 (reduced by 109, 5.1%)
prim57.txt: run=2 elapsed=1.10s
  original  -- omission(transcript->soap)=3.02 groundedness(soap->transcript)=21.15
  condensed -- omission(transcript->soap)=3.01 groundedness(soap->transcript)=21.21
  diff (condensed - original, positive = improved) -- omission(transcript->soap)=-0.00 groundedness(soap->transcript)=0.06
  words: 908 -> 801 (reduced by 107, 11.8%)
prim6.txt: run=2 elapsed=1.94s
  original  -- omission(transcript->soap)=3.00 groundedness(soap->transcript)=60.00
  condensed -- omission(transcript->soap)=3.00 groundedness(soap->transcript)=58.00
  diff (condensed - original, positive = improved) -- omission(transcript->soap)=0.00 groundedness(soap->transcript)=-2.00
  words: 2038 -> 1913 (reduced by 125, 6.1%)
prim7.txt: run=2 elapsed=2.28s
  original  -- omission(transcript->soap)=4.00 groundedness(soap->transcript)=56.00
  condensed -- omission(transcript->soap)=4.00 groundedness(soap->transcript)=52.00
  diff (condensed - original, positive = improved) -- omission(transcript->soap)=-0.00 groundedness(soap->transcript)=-4.00
  words: 2992 -> 2780 (reduced by 212, 7.1%)
prim8.txt: run=2 elapsed=1.26s
  original  -- omission(transcript->soap)=3.00 groundedness(soap->transcript)=34.00
  condensed -- omission(transcript->soap)=3.00 groundedness(soap->transcript)=32.00
  diff (condensed - original, positive = improved) -- omission(transcript->soap)=0.00 groundedness(soap->transcript)=-2.00
  words: 1327 -> 1199 (reduced by 128, 9.6%)
prim9.txt: run=2 elapsed=1.34s
  original  -- omission(transcript->soap)=3.00 groundedness(soap->transcript)=34.01
  condensed -- omission(transcript->soap)=3.00 groundedness(soap->transcript)=30.01
  diff (condensed - original, positive = improved) -- omission(transcript->soap)=0.00 groundedness(soap->transcript)=-3.99
  words: 1733 -> 1608 (reduced by 125, 7.2%)
[run 2] avg_elapsed=1.53s avg_diff_transcript_to_soap=-0.00 avg_diff_groundedness_soap_in_transcript=-1.35 avg_percent_reduced=7.79

=== SciSpacyCondenser Results ===
Files processed: 114
Average elapsed time: 1.75s
Note: diff_* is (condensed - original); positive means condensing IMPROVED that direction (lower raw scores are the stronger signal), negative means it got worse.
Average Original omission (transcript->soap): 4.45
Average Original groundedness (soap->transcript): 45.16
Average Condensed omission (transcript->soap): 4.44
Average Condensed groundedness (soap->transcript): 43.81
Average Diff omission (transcript->soap): -0.00
Average Diff groundedness (soap->transcript): -1.35
Average Original word count: 1642.49
Average Condensed word count: 1519.98
Average Words reduced: 122.51
Average Percent reduced: 7.79
