started NLP Main
Loaded 4 condenser module(s).

=== Running MedspacyCondenser (1 runs x 57 files) ===
[run 1/1] [1/57] prim1.txt: condensed in 8.94s
prim1.txt: run=1 elapsed=8.94s
  original  -- omission(transcript->soap)=3.00 groundedness(soap->transcript)=53.00
  condensed -- omission(transcript->soap)=3.01 groundedness(soap->transcript)=35.02
  diff (condensed - original, positive = improved) -- omission(transcript->soap)=0.01 groundedness(soap->transcript)=-17.98
  words: 1523 -> 913 (reduced by 610, 40.1%)
[run 1/1] [2/57] prim10.txt: condensed in 4.95s
prim10.txt: run=1 elapsed=4.95s
  original  -- omission(transcript->soap)=4.00 groundedness(soap->transcript)=43.00
  condensed -- omission(transcript->soap)=4.00 groundedness(soap->transcript)=21.04
  diff (condensed - original, positive = improved) -- omission(transcript->soap)=0.00 groundedness(soap->transcript)=-21.96
  words: 2031 -> 1090 (reduced by 941, 46.3%)
[run 1/1] [3/57] prim11.txt: condensed in 4.24s
prim11.txt: run=1 elapsed=4.24s
  original  -- omission(transcript->soap)=2.00 groundedness(soap->transcript)=71.00
  condensed -- omission(transcript->soap)=2.00 groundedness(soap->transcript)=34.00
  diff (condensed - original, positive = improved) -- omission(transcript->soap)=0.00 groundedness(soap->transcript)=-37.00
  words: 2507 -> 1106 (reduced by 1401, 55.9%)
[run 1/1] [4/57] prim12.txt: condensed in 2.33s
prim12.txt: run=1 elapsed=2.33s
  original  -- omission(transcript->soap)=3.00 groundedness(soap->transcript)=16.43
  condensed -- omission(transcript->soap)=3.00 groundedness(soap->transcript)=4.00
  diff (condensed - original, positive = improved) -- omission(transcript->soap)=0.00 groundedness(soap->transcript)=-12.43
  words: 1291 -> 710 (reduced by 581, 45.0%)
[run 1/1] [5/57] prim13.txt: condensed in 3.47s
prim13.txt: run=1 elapsed=3.47s
  original  -- omission(transcript->soap)=3.01 groundedness(soap->transcript)=42.04
  condensed -- omission(transcript->soap)=3.12 groundedness(soap->transcript)=23.37
  diff (condensed - original, positive = improved) -- omission(transcript->soap)=0.11 groundedness(soap->transcript)=-18.67
  words: 1843 -> 1256 (reduced by 587, 31.9%)
[run 1/1] [6/57] prim14.txt: condensed in 3.43s
prim14.txt: run=1 elapsed=3.43s
  original  -- omission(transcript->soap)=3.00 groundedness(soap->transcript)=46.00
  condensed -- omission(transcript->soap)=3.00 groundedness(soap->transcript)=28.00
  diff (condensed - original, positive = improved) -- omission(transcript->soap)=-0.00 groundedness(soap->transcript)=-18.00
  words: 2067 -> 1227 (reduced by 840, 40.6%)
[run 1/1] [7/57] prim15.txt: condensed in 2.68s
prim15.txt: run=1 elapsed=2.68s
  original  -- omission(transcript->soap)=4.01 groundedness(soap->transcript)=22.04
  condensed -- omission(transcript->soap)=4.00 groundedness(soap->transcript)=15.02
  diff (condensed - original, positive = improved) -- omission(transcript->soap)=-0.00 groundedness(soap->transcript)=-7.02
  words: 1404 -> 881 (reduced by 523, 37.3%)
[run 1/1] [8/57] prim16.txt: condensed in 2.17s
prim16.txt: run=1 elapsed=2.17s
  original  -- omission(transcript->soap)=3.00 groundedness(soap->transcript)=40.01
  condensed -- omission(transcript->soap)=3.00 groundedness(soap->transcript)=22.00
  diff (condensed - original, positive = improved) -- omission(transcript->soap)=-0.00 groundedness(soap->transcript)=-18.01
  words: 1239 -> 692 (reduced by 547, 44.1%)
[run 1/1] [9/57] prim17.txt: condensed in 2.93s
prim17.txt: run=1 elapsed=2.93s
  original  -- omission(transcript->soap)=4.00 groundedness(soap->transcript)=37.00
  condensed -- omission(transcript->soap)=4.00 groundedness(soap->transcript)=26.01
  diff (condensed - original, positive = improved) -- omission(transcript->soap)=0.00 groundedness(soap->transcript)=-11.00
  words: 1829 -> 1053 (reduced by 776, 42.4%)
[run 1/1] [10/57] prim18.txt: condensed in 2.48s
prim18.txt: run=1 elapsed=2.48s
  original  -- omission(transcript->soap)=5.00 groundedness(soap->transcript)=34.00
  condensed -- omission(transcript->soap)=5.00 groundedness(soap->transcript)=24.00
  diff (condensed - original, positive = improved) -- omission(transcript->soap)=0.00 groundedness(soap->transcript)=-10.00
  words: 1539 -> 830 (reduced by 709, 46.1%)
[run 1/1] [11/57] prim19.txt: condensed in 3.09s
prim19.txt: run=1 elapsed=3.09s
  original  -- omission(transcript->soap)=2.01 groundedness(soap->transcript)=52.00
  condensed -- omission(transcript->soap)=2.07 groundedness(soap->transcript)=40.01
  diff (condensed - original, positive = improved) -- omission(transcript->soap)=0.06 groundedness(soap->transcript)=-11.99
  words: 2011 -> 1159 (reduced by 852, 42.4%)
[run 1/1] [12/57] prim2.txt: condensed in 2.80s
prim2.txt: run=1 elapsed=2.80s
  original  -- omission(transcript->soap)=3.13 groundedness(soap->transcript)=35.00
  condensed -- omission(transcript->soap)=3.00 groundedness(soap->transcript)=25.01
  diff (condensed - original, positive = improved) -- omission(transcript->soap)=-0.13 groundedness(soap->transcript)=-9.99
  words: 1806 -> 1150 (reduced by 656, 36.3%)
[run 1/1] [13/57] prim20.txt: condensed in 3.16s
prim20.txt: run=1 elapsed=3.16s
  original  -- omission(transcript->soap)=4.00 groundedness(soap->transcript)=59.48
  condensed -- omission(transcript->soap)=4.00 groundedness(soap->transcript)=35.40
  diff (condensed - original, positive = improved) -- omission(transcript->soap)=0.00 groundedness(soap->transcript)=-24.09
  words: 2044 -> 1151 (reduced by 893, 43.7%)
[run 1/1] [14/57] prim21.txt: condensed in 3.41s
prim21.txt: run=1 elapsed=3.41s
  original  -- omission(transcript->soap)=5.00 groundedness(soap->transcript)=42.00
  condensed -- omission(transcript->soap)=5.00 groundedness(soap->transcript)=28.00
  diff (condensed - original, positive = improved) -- omission(transcript->soap)=0.00 groundedness(soap->transcript)=-14.00
  words: 2100 -> 1416 (reduced by 684, 32.6%)
[run 1/1] [15/57] prim22.txt: condensed in 2.30s
prim22.txt: run=1 elapsed=2.30s
  original  -- omission(transcript->soap)=2.01 groundedness(soap->transcript)=25.00
  condensed -- omission(transcript->soap)=2.26 groundedness(soap->transcript)=14.06
  diff (condensed - original, positive = improved) -- omission(transcript->soap)=0.25 groundedness(soap->transcript)=-10.95
  words: 1469 -> 796 (reduced by 673, 45.8%)
[run 1/1] [16/57] prim23.txt: condensed in 2.99s
prim23.txt: run=1 elapsed=2.99s
  original  -- omission(transcript->soap)=4.00 groundedness(soap->transcript)=58.00
  condensed -- omission(transcript->soap)=4.00 groundedness(soap->transcript)=39.00
  diff (condensed - original, positive = improved) -- omission(transcript->soap)=0.00 groundedness(soap->transcript)=-19.00
  words: 1933 -> 1016 (reduced by 917, 47.4%)
[run 1/1] [17/57] prim24.txt: condensed in 1.79s
prim24.txt: run=1 elapsed=1.79s
  original  -- omission(transcript->soap)=4.04 groundedness(soap->transcript)=36.00
  condensed -- omission(transcript->soap)=4.00 groundedness(soap->transcript)=24.13
  diff (condensed - original, positive = improved) -- omission(transcript->soap)=-0.04 groundedness(soap->transcript)=-11.87
  words: 1139 -> 643 (reduced by 496, 43.5%)
[run 1/1] [18/57] prim25.txt: condensed in 2.89s
prim25.txt: run=1 elapsed=2.89s
  original  -- omission(transcript->soap)=5.00 groundedness(soap->transcript)=51.00
  condensed -- omission(transcript->soap)=5.01 groundedness(soap->transcript)=32.00
  diff (condensed - original, positive = improved) -- omission(transcript->soap)=0.01 groundedness(soap->transcript)=-19.00
  words: 1959 -> 1111 (reduced by 848, 43.3%)
[run 1/1] [19/57] prim26.txt: condensed in 2.18s
prim26.txt: run=1 elapsed=2.18s
  original  -- omission(transcript->soap)=8.00 groundedness(soap->transcript)=46.00
  condensed -- omission(transcript->soap)=8.00 groundedness(soap->transcript)=41.00
  diff (condensed - original, positive = improved) -- omission(transcript->soap)=0.00 groundedness(soap->transcript)=-5.00
  words: 1362 -> 842 (reduced by 520, 38.2%)
[run 1/1] [20/57] prim27.txt: condensed in 1.97s
prim27.txt: run=1 elapsed=1.97s
  original  -- omission(transcript->soap)=10.00 groundedness(soap->transcript)=51.00
  condensed -- omission(transcript->soap)=10.00 groundedness(soap->transcript)=39.00
  diff (condensed - original, positive = improved) -- omission(transcript->soap)=-0.00 groundedness(soap->transcript)=-12.00
  words: 1241 -> 867 (reduced by 374, 30.1%)
[run 1/1] [21/57] prim28.txt: condensed in 2.90s
prim28.txt: run=1 elapsed=2.90s
  original  -- omission(transcript->soap)=17.00 groundedness(soap->transcript)=103.00
  condensed -- omission(transcript->soap)=17.00 groundedness(soap->transcript)=65.00
  diff (condensed - original, positive = improved) -- omission(transcript->soap)=0.00 groundedness(soap->transcript)=-38.00
  words: 1980 -> 938 (reduced by 1042, 52.6%)
[run 1/1] [22/57] prim29.txt: condensed in 1.97s
prim29.txt: run=1 elapsed=1.97s
  original  -- omission(transcript->soap)=13.00 groundedness(soap->transcript)=67.00
  condensed -- omission(transcript->soap)=13.00 groundedness(soap->transcript)=36.00
  diff (condensed - original, positive = improved) -- omission(transcript->soap)=0.00 groundedness(soap->transcript)=-31.00
  words: 1195 -> 612 (reduced by 583, 48.8%)
[run 1/1] [23/57] prim3.txt: condensed in 2.94s
prim3.txt: run=1 elapsed=2.94s
  original  -- omission(transcript->soap)=3.00 groundedness(soap->transcript)=40.03
  condensed -- omission(transcript->soap)=3.00 groundedness(soap->transcript)=28.18
  diff (condensed - original, positive = improved) -- omission(transcript->soap)=0.00 groundedness(soap->transcript)=-11.85
  words: 1706 -> 1034 (reduced by 672, 39.4%)
[run 1/1] [24/57] prim30.txt: condensed in 1.99s
prim30.txt: run=1 elapsed=1.99s
  original  -- omission(transcript->soap)=7.00 groundedness(soap->transcript)=64.00
  condensed -- omission(transcript->soap)=7.00 groundedness(soap->transcript)=42.00
  diff (condensed - original, positive = improved) -- omission(transcript->soap)=0.00 groundedness(soap->transcript)=-22.00
  words: 1184 -> 666 (reduced by 518, 43.8%)
[run 1/1] [25/57] prim31.txt: condensed in 1.08s
prim31.txt: run=1 elapsed=1.08s
  original  -- omission(transcript->soap)=3.02 groundedness(soap->transcript)=14.24
  condensed -- omission(transcript->soap)=3.02 groundedness(soap->transcript)=10.00
  diff (condensed - original, positive = improved) -- omission(transcript->soap)=-0.00 groundedness(soap->transcript)=-4.24
  words: 644 -> 435 (reduced by 209, 32.5%)
[run 1/1] [26/57] prim32.txt: condensed in 1.96s
prim32.txt: run=1 elapsed=1.96s
  original  -- omission(transcript->soap)=7.00 groundedness(soap->transcript)=42.00
  condensed -- omission(transcript->soap)=7.01 groundedness(soap->transcript)=28.05
  diff (condensed - original, positive = improved) -- omission(transcript->soap)=0.01 groundedness(soap->transcript)=-13.95
  words: 1252 -> 809 (reduced by 443, 35.4%)
[run 1/1] [27/57] prim33.txt: condensed in 1.53s
prim33.txt: run=1 elapsed=1.53s
  original  -- omission(transcript->soap)=4.00 groundedness(soap->transcript)=26.06
  condensed -- omission(transcript->soap)=4.00 groundedness(soap->transcript)=19.05
  diff (condensed - original, positive = improved) -- omission(transcript->soap)=0.00 groundedness(soap->transcript)=-7.01
  words: 986 -> 530 (reduced by 456, 46.2%)
[run 1/1] [28/57] prim34.txt: condensed in 3.22s
prim34.txt: run=1 elapsed=3.22s
  original  -- omission(transcript->soap)=5.00 groundedness(soap->transcript)=80.00
  condensed -- omission(transcript->soap)=5.26 groundedness(soap->transcript)=55.00
  diff (condensed - original, positive = improved) -- omission(transcript->soap)=0.26 groundedness(soap->transcript)=-25.00
  words: 2209 -> 1308 (reduced by 901, 40.8%)
[run 1/1] [29/57] prim35.txt: condensed in 2.41s
prim35.txt: run=1 elapsed=2.41s
  original  -- omission(transcript->soap)=4.00 groundedness(soap->transcript)=78.00
  condensed -- omission(transcript->soap)=4.00 groundedness(soap->transcript)=50.00
  diff (condensed - original, positive = improved) -- omission(transcript->soap)=0.00 groundedness(soap->transcript)=-28.00
  words: 1454 -> 801 (reduced by 653, 44.9%)
[run 1/1] [30/57] prim36.txt: condensed in 2.36s
prim36.txt: run=1 elapsed=2.36s
  original  -- omission(transcript->soap)=3.00 groundedness(soap->transcript)=53.00
  condensed -- omission(transcript->soap)=3.00 groundedness(soap->transcript)=31.00
  diff (condensed - original, positive = improved) -- omission(transcript->soap)=0.00 groundedness(soap->transcript)=-22.00
  words: 1403 -> 671 (reduced by 732, 52.2%)
[run 1/1] [31/57] prim37.txt: condensed in 2.31s
prim37.txt: run=1 elapsed=2.31s
  original  -- omission(transcript->soap)=4.01 groundedness(soap->transcript)=48.00
  condensed -- omission(transcript->soap)=4.39 groundedness(soap->transcript)=16.08
  diff (condensed - original, positive = improved) -- omission(transcript->soap)=0.38 groundedness(soap->transcript)=-31.92
  words: 1407 -> 449 (reduced by 958, 68.1%)
[run 1/1] [32/57] prim38.txt: condensed in 1.83s
prim38.txt: run=1 elapsed=1.83s
  original  -- omission(transcript->soap)=2.00 groundedness(soap->transcript)=36.05
  condensed -- omission(transcript->soap)=2.00 groundedness(soap->transcript)=20.00
  diff (condensed - original, positive = improved) -- omission(transcript->soap)=0.00 groundedness(soap->transcript)=-16.05
  words: 1137 -> 521 (reduced by 616, 54.2%)
[run 1/1] [33/57] prim39.txt: condensed in 1.84s
prim39.txt: run=1 elapsed=1.84s
  original  -- omission(transcript->soap)=4.00 groundedness(soap->transcript)=33.00
  condensed -- omission(transcript->soap)=4.00 groundedness(soap->transcript)=20.00
  diff (condensed - original, positive = improved) -- omission(transcript->soap)=0.00 groundedness(soap->transcript)=-13.00
  words: 1106 -> 609 (reduced by 497, 44.9%)
[run 1/1] [34/57] prim4.txt: condensed in 2.78s
prim4.txt: run=1 elapsed=2.78s
  original  -- omission(transcript->soap)=3.00 groundedness(soap->transcript)=42.00
  condensed -- omission(transcript->soap)=3.00 groundedness(soap->transcript)=23.21
  diff (condensed - original, positive = improved) -- omission(transcript->soap)=0.00 groundedness(soap->transcript)=-18.79
  words: 1820 -> 1007 (reduced by 813, 44.7%)
[run 1/1] [35/57] prim40.txt: condensed in 2.40s
prim40.txt: run=1 elapsed=2.40s
  original  -- omission(transcript->soap)=4.00 groundedness(soap->transcript)=58.00
  condensed -- omission(transcript->soap)=4.00 groundedness(soap->transcript)=28.00
  diff (condensed - original, positive = improved) -- omission(transcript->soap)=0.00 groundedness(soap->transcript)=-30.00
  words: 1697 -> 731 (reduced by 966, 56.9%)
[run 1/1] [36/57] prim41.txt: condensed in 3.02s
prim41.txt: run=1 elapsed=3.02s
  original  -- omission(transcript->soap)=5.00 groundedness(soap->transcript)=43.00
  condensed -- omission(transcript->soap)=5.00 groundedness(soap->transcript)=25.01
  diff (condensed - original, positive = improved) -- omission(transcript->soap)=-0.00 groundedness(soap->transcript)=-17.99
  words: 1807 -> 971 (reduced by 836, 46.3%)
[run 1/1] [37/57] prim42.txt: condensed in 2.92s
prim42.txt: run=1 elapsed=2.92s
  original  -- omission(transcript->soap)=2.00 groundedness(soap->transcript)=66.00
  condensed -- omission(transcript->soap)=2.02 groundedness(soap->transcript)=50.00
  diff (condensed - original, positive = improved) -- omission(transcript->soap)=0.02 groundedness(soap->transcript)=-16.00
  words: 1930 -> 1369 (reduced by 561, 29.1%)
[run 1/1] [38/57] prim43.txt: condensed in 3.04s
prim43.txt: run=1 elapsed=3.04s
  original  -- omission(transcript->soap)=2.00 groundedness(soap->transcript)=33.00
  condensed -- omission(transcript->soap)=2.19 groundedness(soap->transcript)=18.64
  diff (condensed - original, positive = improved) -- omission(transcript->soap)=0.19 groundedness(soap->transcript)=-14.36
  words: 1934 -> 805 (reduced by 1129, 58.4%)
[run 1/1] [39/57] prim44.txt: condensed in 2.93s
prim44.txt: run=1 elapsed=2.93s
  original  -- omission(transcript->soap)=4.00 groundedness(soap->transcript)=44.00
  condensed -- omission(transcript->soap)=4.00 groundedness(soap->transcript)=35.00
  diff (condensed - original, positive = improved) -- omission(transcript->soap)=0.00 groundedness(soap->transcript)=-9.00
  words: 1883 -> 1322 (reduced by 561, 29.8%)
[run 1/1] [40/57] prim45.txt: condensed in 2.87s
prim45.txt: run=1 elapsed=2.87s
  original  -- omission(transcript->soap)=2.01 groundedness(soap->transcript)=54.00
  condensed -- omission(transcript->soap)=2.02 groundedness(soap->transcript)=36.00
  diff (condensed - original, positive = improved) -- omission(transcript->soap)=0.01 groundedness(soap->transcript)=-18.00
  words: 1864 -> 994 (reduced by 870, 46.7%)
[run 1/1] [41/57] prim46.txt: condensed in 2.24s
prim46.txt: run=1 elapsed=2.24s
  original  -- omission(transcript->soap)=4.00 groundedness(soap->transcript)=36.00
  condensed -- omission(transcript->soap)=4.03 groundedness(soap->transcript)=20.08
  diff (condensed - original, positive = improved) -- omission(transcript->soap)=0.03 groundedness(soap->transcript)=-15.92
  words: 1369 -> 653 (reduced by 716, 52.3%)
[run 1/1] [42/57] prim47.txt: condensed in 2.15s
prim47.txt: run=1 elapsed=2.15s
  original  -- omission(transcript->soap)=2.00 groundedness(soap->transcript)=10.00
  condensed -- omission(transcript->soap)=2.00 groundedness(soap->transcript)=6.09
  diff (condensed - original, positive = improved) -- omission(transcript->soap)=0.00 groundedness(soap->transcript)=-3.91
  words: 1228 -> 528 (reduced by 700, 57.0%)
[run 1/1] [43/57] prim48.txt: condensed in 3.28s
prim48.txt: run=1 elapsed=3.28s
  original  -- omission(transcript->soap)=6.00 groundedness(soap->transcript)=62.04
  condensed -- omission(transcript->soap)=6.00 groundedness(soap->transcript)=34.01
  diff (condensed - original, positive = improved) -- omission(transcript->soap)=0.00 groundedness(soap->transcript)=-28.04
  words: 2512 -> 1149 (reduced by 1363, 54.3%)
[run 1/1] [44/57] prim49.txt: condensed in 2.29s
prim49.txt: run=1 elapsed=2.29s
  original  -- omission(transcript->soap)=5.00 groundedness(soap->transcript)=44.00
  condensed -- omission(transcript->soap)=5.00 groundedness(soap->transcript)=27.00
  diff (condensed - original, positive = improved) -- omission(transcript->soap)=0.00 groundedness(soap->transcript)=-17.00
  words: 1410 -> 712 (reduced by 698, 49.5%)
[run 1/1] [45/57] prim5.txt: condensed in 2.74s
prim5.txt: run=1 elapsed=2.74s
  original  -- omission(transcript->soap)=6.00 groundedness(soap->transcript)=40.00
  condensed -- omission(transcript->soap)=6.00 groundedness(soap->transcript)=27.00
  diff (condensed - original, positive = improved) -- omission(transcript->soap)=0.00 groundedness(soap->transcript)=-13.00
  words: 1763 -> 1063 (reduced by 700, 39.7%)
[run 1/1] [46/57] prim50.txt: condensed in 1.75s
prim50.txt: run=1 elapsed=1.75s
  original  -- omission(transcript->soap)=4.00 groundedness(soap->transcript)=22.02
  condensed -- omission(transcript->soap)=4.00 groundedness(soap->transcript)=14.20
  diff (condensed - original, positive = improved) -- omission(transcript->soap)=0.00 groundedness(soap->transcript)=-7.82
  words: 1044 -> 406 (reduced by 638, 61.1%)
[run 1/1] [47/57] prim51.txt: condensed in 2.66s
prim51.txt: run=1 elapsed=2.66s
  original  -- omission(transcript->soap)=3.08 groundedness(soap->transcript)=51.00
  condensed -- omission(transcript->soap)=3.13 groundedness(soap->transcript)=27.00
  diff (condensed - original, positive = improved) -- omission(transcript->soap)=0.06 groundedness(soap->transcript)=-24.00
  words: 1665 -> 898 (reduced by 767, 46.1%)
[run 1/1] [48/57] prim52.txt: condensed in 2.35s
prim52.txt: run=1 elapsed=2.35s
  original  -- omission(transcript->soap)=4.01 groundedness(soap->transcript)=37.00
  condensed -- omission(transcript->soap)=4.09 groundedness(soap->transcript)=20.02
  diff (condensed - original, positive = improved) -- omission(transcript->soap)=0.08 groundedness(soap->transcript)=-16.98
  words: 1367 -> 808 (reduced by 559, 40.9%)
[run 1/1] [49/57] prim53.txt: condensed in 2.28s
prim53.txt: run=1 elapsed=2.28s
  original  -- omission(transcript->soap)=5.00 groundedness(soap->transcript)=34.00
  condensed -- omission(transcript->soap)=5.00 groundedness(soap->transcript)=21.00
  diff (condensed - original, positive = improved) -- omission(transcript->soap)=0.00 groundedness(soap->transcript)=-13.00
  words: 1436 -> 640 (reduced by 796, 55.4%)
[run 1/1] [50/57] prim54.txt: condensed in 2.41s
prim54.txt: run=1 elapsed=2.41s
  original  -- omission(transcript->soap)=7.00 groundedness(soap->transcript)=38.01
  condensed -- omission(transcript->soap)=7.00 groundedness(soap->transcript)=23.07
  diff (condensed - original, positive = improved) -- omission(transcript->soap)=0.00 groundedness(soap->transcript)=-14.94
  words: 1502 -> 835 (reduced by 667, 44.4%)
[run 1/1] [51/57] prim55.txt: condensed in 2.64s
prim55.txt: run=1 elapsed=2.64s
  original  -- omission(transcript->soap)=5.00 groundedness(soap->transcript)=44.00
  condensed -- omission(transcript->soap)=5.00 groundedness(soap->transcript)=25.02
  diff (condensed - original, positive = improved) -- omission(transcript->soap)=0.00 groundedness(soap->transcript)=-18.98
  words: 1715 -> 906 (reduced by 809, 47.2%)
[run 1/1] [52/57] prim56.txt: condensed in 3.15s
prim56.txt: run=1 elapsed=3.15s
  original  -- omission(transcript->soap)=7.00 groundedness(soap->transcript)=67.00
  condensed -- omission(transcript->soap)=7.00 groundedness(soap->transcript)=46.00
  diff (condensed - original, positive = improved) -- omission(transcript->soap)=-0.00 groundedness(soap->transcript)=-21.00
  words: 2122 -> 1236 (reduced by 886, 41.8%)
[run 1/1] [53/57] prim57.txt: condensed in 1.49s
prim57.txt: run=1 elapsed=1.49s
  original  -- omission(transcript->soap)=3.01 groundedness(soap->transcript)=21.18
  condensed -- omission(transcript->soap)=3.04 groundedness(soap->transcript)=10.31
  diff (condensed - original, positive = improved) -- omission(transcript->soap)=0.03 groundedness(soap->transcript)=-10.87
  words: 906 -> 402 (reduced by 504, 55.6%)
[run 1/1] [54/57] prim6.txt: condensed in 3.13s
prim6.txt: run=1 elapsed=3.13s
  original  -- omission(transcript->soap)=3.00 groundedness(soap->transcript)=60.00
  condensed -- omission(transcript->soap)=3.00 groundedness(soap->transcript)=34.01
  diff (condensed - original, positive = improved) -- omission(transcript->soap)=0.00 groundedness(soap->transcript)=-25.99
  words: 2028 -> 1077 (reduced by 951, 46.9%)
[run 1/1] [55/57] prim7.txt: condensed in 3.87s
prim7.txt: run=1 elapsed=3.87s
  original  -- omission(transcript->soap)=4.00 groundedness(soap->transcript)=56.00
  condensed -- omission(transcript->soap)=4.01 groundedness(soap->transcript)=30.03
  diff (condensed - original, positive = improved) -- omission(transcript->soap)=0.01 groundedness(soap->transcript)=-25.97
  words: 2974 -> 1647 (reduced by 1327, 44.6%)
[run 1/1] [56/57] prim8.txt: condensed in 2.17s
prim8.txt: run=1 elapsed=2.17s
  original  -- omission(transcript->soap)=3.00 groundedness(soap->transcript)=34.00
  condensed -- omission(transcript->soap)=3.00 groundedness(soap->transcript)=20.02
  diff (condensed - original, positive = improved) -- omission(transcript->soap)=-0.00 groundedness(soap->transcript)=-13.98
  words: 1324 -> 748 (reduced by 576, 43.5%)
[run 1/1] [57/57] prim9.txt: condensed in 2.66s
prim9.txt: run=1 elapsed=2.66s
  original  -- omission(transcript->soap)=3.00 groundedness(soap->transcript)=34.02
  condensed -- omission(transcript->soap)=3.01 groundedness(soap->transcript)=21.18
  diff (condensed - original, positive = improved) -- omission(transcript->soap)=0.01 groundedness(soap->transcript)=-12.84
  words: 1722 -> 1049 (reduced by 673, 39.1%)
[run 1] avg_elapsed=2.73s avg_diff_transcript_to_soap=0.02 avg_diff_groundedness_soap_in_transcript=-17.23 avg_percent_reduced=45.05

=== MedspacyCondenser Results ===
Files processed: 57
Average elapsed time: 2.73s
Note: diff_* is (condensed - original); positive means condensing IMPROVED that direction (lower raw scores are the stronger signal), negative means it got worse.
Average Original omission (transcript->soap): 4.44
Average Original groundedness (soap->transcript): 45.17
Average Condensed omission (transcript->soap): 4.47
Average Condensed groundedness (soap->transcript): 27.94
Average Diff omission (transcript->soap): 0.02
Average Diff groundedness (soap->transcript): -17.23
Average Original word count: 1631.96
Average Condensed word count: 899.09
Average Words reduced: 732.88
Average Percent reduced: 45.05

=== Running SciSpacyCondenser (1 runs x 57 files) ===
[run 1/1] [1/57] prim1.txt: condensed in 1.36s
prim1.txt: run=1 elapsed=1.36s
  original  -- omission(transcript->soap)=3.00 groundedness(soap->transcript)=53.00
  condensed -- omission(transcript->soap)=3.00 groundedness(soap->transcript)=53.00
  diff (condensed - original, positive = improved) -- omission(transcript->soap)=0.00 groundedness(soap->transcript)=0.00
  words: 1523 -> 1401 (reduced by 122, 8.0%)
[run 1/1] [2/57] prim10.txt: condensed in 1.72s
prim10.txt: run=1 elapsed=1.72s
  original  -- omission(transcript->soap)=4.00 groundedness(soap->transcript)=43.00
  condensed -- omission(transcript->soap)=4.00 groundedness(soap->transcript)=43.00
  diff (condensed - original, positive = improved) -- omission(transcript->soap)=0.00 groundedness(soap->transcript)=0.00
  words: 2031 -> 1939 (reduced by 92, 4.5%)
[run 1/1] [3/57] prim11.txt: condensed in 2.07s
prim11.txt: run=1 elapsed=2.07s
  original  -- omission(transcript->soap)=2.00 groundedness(soap->transcript)=71.00
  condensed -- omission(transcript->soap)=2.00 groundedness(soap->transcript)=69.00
  diff (condensed - original, positive = improved) -- omission(transcript->soap)=-0.00 groundedness(soap->transcript)=-2.00
  words: 2507 -> 2340 (reduced by 167, 6.7%)
[run 1/1] [4/57] prim12.txt: condensed in 1.26s
prim12.txt: run=1 elapsed=1.26s
  original  -- omission(transcript->soap)=3.00 groundedness(soap->transcript)=16.43
  condensed -- omission(transcript->soap)=3.00 groundedness(soap->transcript)=16.45
  diff (condensed - original, positive = improved) -- omission(transcript->soap)=0.00 groundedness(soap->transcript)=0.02
  words: 1291 -> 1188 (reduced by 103, 8.0%)
[run 1/1] [5/57] prim13.txt: condensed in 1.84s
prim13.txt: run=1 elapsed=1.84s
  original  -- omission(transcript->soap)=3.01 groundedness(soap->transcript)=42.04
  condensed -- omission(transcript->soap)=3.01 groundedness(soap->transcript)=42.02
  diff (condensed - original, positive = improved) -- omission(transcript->soap)=-0.00 groundedness(soap->transcript)=-0.01
  words: 1843 -> 1770 (reduced by 73, 4.0%)
[run 1/1] [6/57] prim14.txt: condensed in 1.60s
prim14.txt: run=1 elapsed=1.60s
  original  -- omission(transcript->soap)=3.00 groundedness(soap->transcript)=46.00
  condensed -- omission(transcript->soap)=3.00 groundedness(soap->transcript)=46.00
  diff (condensed - original, positive = improved) -- omission(transcript->soap)=-0.00 groundedness(soap->transcript)=-0.00
  words: 2067 -> 1977 (reduced by 90, 4.4%)
[run 1/1] [7/57] prim15.txt: condensed in 1.41s
prim15.txt: run=1 elapsed=1.41s
  original  -- omission(transcript->soap)=4.01 groundedness(soap->transcript)=22.04
  condensed -- omission(transcript->soap)=4.00 groundedness(soap->transcript)=22.00
  diff (condensed - original, positive = improved) -- omission(transcript->soap)=-0.01 groundedness(soap->transcript)=-0.04
  words: 1404 -> 1268 (reduced by 136, 9.7%)
[run 1/1] [8/57] prim16.txt: condensed in 0.95s
prim16.txt: run=1 elapsed=0.95s
  original  -- omission(transcript->soap)=3.00 groundedness(soap->transcript)=40.01
  condensed -- omission(transcript->soap)=3.00 groundedness(soap->transcript)=40.02
  diff (condensed - original, positive = improved) -- omission(transcript->soap)=0.00 groundedness(soap->transcript)=0.00
  words: 1239 -> 1176 (reduced by 63, 5.1%)
[run 1/1] [9/57] prim17.txt: condensed in 1.40s
prim17.txt: run=1 elapsed=1.40s
  original  -- omission(transcript->soap)=4.00 groundedness(soap->transcript)=37.00
  condensed -- omission(transcript->soap)=4.00 groundedness(soap->transcript)=36.00
  diff (condensed - original, positive = improved) -- omission(transcript->soap)=-0.00 groundedness(soap->transcript)=-1.00
  words: 1829 -> 1748 (reduced by 81, 4.4%)
[run 1/1] [10/57] prim18.txt: condensed in 1.29s
prim18.txt: run=1 elapsed=1.29s
  original  -- omission(transcript->soap)=5.00 groundedness(soap->transcript)=34.00
  condensed -- omission(transcript->soap)=5.00 groundedness(soap->transcript)=34.00
  diff (condensed - original, positive = improved) -- omission(transcript->soap)=-0.00 groundedness(soap->transcript)=-0.00
  words: 1539 -> 1398 (reduced by 141, 9.2%)
[run 1/1] [11/57] prim19.txt: condensed in 1.73s
prim19.txt: run=1 elapsed=1.73s
  original  -- omission(transcript->soap)=2.01 groundedness(soap->transcript)=52.00
  condensed -- omission(transcript->soap)=2.00 groundedness(soap->transcript)=52.00
  diff (condensed - original, positive = improved) -- omission(transcript->soap)=-0.00 groundedness(soap->transcript)=-0.00
  words: 2011 -> 1845 (reduced by 166, 8.3%)
[run 1/1] [12/57] prim2.txt: condensed in 1.64s
prim2.txt: run=1 elapsed=1.64s
  original  -- omission(transcript->soap)=3.13 groundedness(soap->transcript)=35.00
  condensed -- omission(transcript->soap)=3.02 groundedness(soap->transcript)=34.00
  diff (condensed - original, positive = improved) -- omission(transcript->soap)=-0.11 groundedness(soap->transcript)=-1.00
  words: 1806 -> 1700 (reduced by 106, 5.9%)
[run 1/1] [13/57] prim20.txt: condensed in 1.79s
prim20.txt: run=1 elapsed=1.79s
  original  -- omission(transcript->soap)=4.00 groundedness(soap->transcript)=59.48
  condensed -- omission(transcript->soap)=4.00 groundedness(soap->transcript)=58.08
  diff (condensed - original, positive = improved) -- omission(transcript->soap)=-0.00 groundedness(soap->transcript)=-1.41
  words: 2044 -> 1937 (reduced by 107, 5.2%)
[run 1/1] [14/57] prim21.txt: condensed in 1.72s
prim21.txt: run=1 elapsed=1.72s
  original  -- omission(transcript->soap)=5.00 groundedness(soap->transcript)=42.00
  condensed -- omission(transcript->soap)=5.00 groundedness(soap->transcript)=41.00
  diff (condensed - original, positive = improved) -- omission(transcript->soap)=0.00 groundedness(soap->transcript)=-1.00
  words: 2100 -> 1952 (reduced by 148, 7.0%)
[run 1/1] [15/57] prim22.txt: condensed in 1.43s
prim22.txt: run=1 elapsed=1.43s
  original  -- omission(transcript->soap)=2.01 groundedness(soap->transcript)=25.00
  condensed -- omission(transcript->soap)=2.10 groundedness(soap->transcript)=24.00
  diff (condensed - original, positive = improved) -- omission(transcript->soap)=0.09 groundedness(soap->transcript)=-1.00
  words: 1469 -> 1267 (reduced by 202, 13.8%)
[run 1/1] [16/57] prim23.txt: condensed in 1.80s
prim23.txt: run=1 elapsed=1.80s
  original  -- omission(transcript->soap)=4.00 groundedness(soap->transcript)=58.00
  condensed -- omission(transcript->soap)=4.00 groundedness(soap->transcript)=58.00
  diff (condensed - original, positive = improved) -- omission(transcript->soap)=0.00 groundedness(soap->transcript)=0.00
  words: 1933 -> 1837 (reduced by 96, 5.0%)
[run 1/1] [17/57] prim24.txt: condensed in 1.05s
prim24.txt: run=1 elapsed=1.05s
  original  -- omission(transcript->soap)=4.04 groundedness(soap->transcript)=36.00
  condensed -- omission(transcript->soap)=4.03 groundedness(soap->transcript)=36.00
  diff (condensed - original, positive = improved) -- omission(transcript->soap)=-0.01 groundedness(soap->transcript)=-0.00
  words: 1139 -> 1038 (reduced by 101, 8.9%)
[run 1/1] [18/57] prim25.txt: condensed in 1.56s
prim25.txt: run=1 elapsed=1.56s
  original  -- omission(transcript->soap)=5.00 groundedness(soap->transcript)=51.00
  condensed -- omission(transcript->soap)=5.00 groundedness(soap->transcript)=51.00
  diff (condensed - original, positive = improved) -- omission(transcript->soap)=-0.00 groundedness(soap->transcript)=0.00
  words: 1959 -> 1811 (reduced by 148, 7.6%)
[run 1/1] [19/57] prim26.txt: condensed in 1.09s
prim26.txt: run=1 elapsed=1.09s
  original  -- omission(transcript->soap)=8.00 groundedness(soap->transcript)=46.00
  condensed -- omission(transcript->soap)=8.00 groundedness(soap->transcript)=43.00
  diff (condensed - original, positive = improved) -- omission(transcript->soap)=0.00 groundedness(soap->transcript)=-3.00
  words: 1362 -> 1261 (reduced by 101, 7.4%)
[run 1/1] [20/57] prim27.txt: condensed in 1.01s
prim27.txt: run=1 elapsed=1.01s
  original  -- omission(transcript->soap)=10.00 groundedness(soap->transcript)=51.00
  condensed -- omission(transcript->soap)=10.00 groundedness(soap->transcript)=50.00
  diff (condensed - original, positive = improved) -- omission(transcript->soap)=0.00 groundedness(soap->transcript)=-1.00
  words: 1241 -> 1151 (reduced by 90, 7.3%)
[run 1/1] [21/57] prim28.txt: condensed in 1.75s
prim28.txt: run=1 elapsed=1.75s
  original  -- omission(transcript->soap)=17.00 groundedness(soap->transcript)=103.00
  condensed -- omission(transcript->soap)=17.00 groundedness(soap->transcript)=99.00
  diff (condensed - original, positive = improved) -- omission(transcript->soap)=0.00 groundedness(soap->transcript)=-4.00
  words: 1980 -> 1844 (reduced by 136, 6.9%)
[run 1/1] [22/57] prim29.txt: condensed in 1.09s
prim29.txt: run=1 elapsed=1.09s
  original  -- omission(transcript->soap)=13.00 groundedness(soap->transcript)=67.00
  condensed -- omission(transcript->soap)=13.00 groundedness(soap->transcript)=63.00
  diff (condensed - original, positive = improved) -- omission(transcript->soap)=0.00 groundedness(soap->transcript)=-4.00
  words: 1195 -> 1103 (reduced by 92, 7.7%)
[run 1/1] [23/57] prim3.txt: condensed in 1.53s
prim3.txt: run=1 elapsed=1.53s
  original  -- omission(transcript->soap)=3.00 groundedness(soap->transcript)=40.03
  condensed -- omission(transcript->soap)=3.00 groundedness(soap->transcript)=39.03
  diff (condensed - original, positive = improved) -- omission(transcript->soap)=0.00 groundedness(soap->transcript)=-1.00
  words: 1706 -> 1586 (reduced by 120, 7.0%)
[run 1/1] [24/57] prim30.txt: condensed in 0.96s
prim30.txt: run=1 elapsed=0.96s
  original  -- omission(transcript->soap)=7.00 groundedness(soap->transcript)=64.00
  condensed -- omission(transcript->soap)=7.00 groundedness(soap->transcript)=61.00
  diff (condensed - original, positive = improved) -- omission(transcript->soap)=0.00 groundedness(soap->transcript)=-3.00
  words: 1184 -> 1113 (reduced by 71, 6.0%)
[run 1/1] [25/57] prim31.txt: condensed in 0.56s
prim31.txt: run=1 elapsed=0.56s
  original  -- omission(transcript->soap)=3.02 groundedness(soap->transcript)=14.24
  condensed -- omission(transcript->soap)=3.02 groundedness(soap->transcript)=14.26
  diff (condensed - original, positive = improved) -- omission(transcript->soap)=0.00 groundedness(soap->transcript)=0.03
  words: 644 -> 621 (reduced by 23, 3.6%)
[run 1/1] [26/57] prim32.txt: condensed in 1.20s
prim32.txt: run=1 elapsed=1.20s
  original  -- omission(transcript->soap)=7.00 groundedness(soap->transcript)=42.00
  condensed -- omission(transcript->soap)=7.00 groundedness(soap->transcript)=36.00
  diff (condensed - original, positive = improved) -- omission(transcript->soap)=-0.00 groundedness(soap->transcript)=-6.00
  words: 1252 -> 1112 (reduced by 140, 11.2%)
[run 1/1] [27/57] prim33.txt: condensed in 0.87s
prim33.txt: run=1 elapsed=0.87s
  original  -- omission(transcript->soap)=4.00 groundedness(soap->transcript)=26.06
  condensed -- omission(transcript->soap)=4.00 groundedness(soap->transcript)=26.05
  diff (condensed - original, positive = improved) -- omission(transcript->soap)=-0.00 groundedness(soap->transcript)=-0.01
  words: 986 -> 930 (reduced by 56, 5.7%)
[run 1/1] [28/57] prim34.txt: condensed in 1.76s
prim34.txt: run=1 elapsed=1.76s
  original  -- omission(transcript->soap)=5.00 groundedness(soap->transcript)=80.00
  condensed -- omission(transcript->soap)=5.00 groundedness(soap->transcript)=79.00
  diff (condensed - original, positive = improved) -- omission(transcript->soap)=0.00 groundedness(soap->transcript)=-1.00
  words: 2209 -> 2129 (reduced by 80, 3.6%)
[run 1/1] [29/57] prim35.txt: condensed in 1.32s
prim35.txt: run=1 elapsed=1.32s
  original  -- omission(transcript->soap)=4.00 groundedness(soap->transcript)=78.00
  condensed -- omission(transcript->soap)=4.00 groundedness(soap->transcript)=78.00
  diff (condensed - original, positive = improved) -- omission(transcript->soap)=0.00 groundedness(soap->transcript)=-0.00
  words: 1454 -> 1384 (reduced by 70, 4.8%)
[run 1/1] [30/57] prim36.txt: condensed in 1.57s
prim36.txt: run=1 elapsed=1.57s
  original  -- omission(transcript->soap)=3.00 groundedness(soap->transcript)=53.00
  condensed -- omission(transcript->soap)=3.00 groundedness(soap->transcript)=51.00
  diff (condensed - original, positive = improved) -- omission(transcript->soap)=-0.00 groundedness(soap->transcript)=-2.00
  words: 1403 -> 1242 (reduced by 161, 11.5%)
[run 1/1] [31/57] prim37.txt: condensed in 1.74s
prim37.txt: run=1 elapsed=1.74s
  original  -- omission(transcript->soap)=4.01 groundedness(soap->transcript)=48.00
  condensed -- omission(transcript->soap)=4.00 groundedness(soap->transcript)=46.00
  diff (condensed - original, positive = improved) -- omission(transcript->soap)=-0.01 groundedness(soap->transcript)=-2.00
  words: 1407 -> 1193 (reduced by 214, 15.2%)
[run 1/1] [32/57] prim38.txt: condensed in 1.24s
prim38.txt: run=1 elapsed=1.24s
  original  -- omission(transcript->soap)=2.00 groundedness(soap->transcript)=36.05
  condensed -- omission(transcript->soap)=2.00 groundedness(soap->transcript)=34.00
  diff (condensed - original, positive = improved) -- omission(transcript->soap)=0.00 groundedness(soap->transcript)=-2.05
  words: 1137 -> 979 (reduced by 158, 13.9%)
[run 1/1] [33/57] prim39.txt: condensed in 1.21s
prim39.txt: run=1 elapsed=1.21s
  original  -- omission(transcript->soap)=4.00 groundedness(soap->transcript)=33.00
  condensed -- omission(transcript->soap)=4.00 groundedness(soap->transcript)=33.00
  diff (condensed - original, positive = improved) -- omission(transcript->soap)=0.00 groundedness(soap->transcript)=-0.00
  words: 1106 -> 999 (reduced by 107, 9.7%)
[run 1/1] [34/57] prim4.txt: condensed in 1.49s
prim4.txt: run=1 elapsed=1.49s
  original  -- omission(transcript->soap)=3.00 groundedness(soap->transcript)=42.00
  condensed -- omission(transcript->soap)=3.00 groundedness(soap->transcript)=42.00
  diff (condensed - original, positive = improved) -- omission(transcript->soap)=-0.00 groundedness(soap->transcript)=-0.00
  words: 1820 -> 1683 (reduced by 137, 7.5%)
[run 1/1] [35/57] prim40.txt: condensed in 1.41s
prim40.txt: run=1 elapsed=1.41s
  original  -- omission(transcript->soap)=4.00 groundedness(soap->transcript)=58.00
  condensed -- omission(transcript->soap)=4.00 groundedness(soap->transcript)=54.00
  diff (condensed - original, positive = improved) -- omission(transcript->soap)=-0.00 groundedness(soap->transcript)=-4.00
  words: 1697 -> 1569 (reduced by 128, 7.5%)
[run 1/1] [36/57] prim41.txt: condensed in 1.65s
prim41.txt: run=1 elapsed=1.65s
  original  -- omission(transcript->soap)=5.00 groundedness(soap->transcript)=43.00
  condensed -- omission(transcript->soap)=5.00 groundedness(soap->transcript)=43.00
  diff (condensed - original, positive = improved) -- omission(transcript->soap)=-0.00 groundedness(soap->transcript)=0.00
  words: 1807 -> 1714 (reduced by 93, 5.1%)
[run 1/1] [37/57] prim42.txt: condensed in 1.56s
prim42.txt: run=1 elapsed=1.56s
  original  -- omission(transcript->soap)=2.00 groundedness(soap->transcript)=66.00
  condensed -- omission(transcript->soap)=2.00 groundedness(soap->transcript)=64.00
  diff (condensed - original, positive = improved) -- omission(transcript->soap)=0.00 groundedness(soap->transcript)=-2.00
  words: 1930 -> 1832 (reduced by 98, 5.1%)
[run 1/1] [38/57] prim43.txt: condensed in 1.95s
prim43.txt: run=1 elapsed=1.95s
  original  -- omission(transcript->soap)=2.00 groundedness(soap->transcript)=33.00
  condensed -- omission(transcript->soap)=2.00 groundedness(soap->transcript)=33.00
  diff (condensed - original, positive = improved) -- omission(transcript->soap)=0.00 groundedness(soap->transcript)=-0.00
  words: 1934 -> 1767 (reduced by 167, 8.6%)
[run 1/1] [39/57] prim44.txt: condensed in 1.63s
prim44.txt: run=1 elapsed=1.63s
  original  -- omission(transcript->soap)=4.00 groundedness(soap->transcript)=44.00
  condensed -- omission(transcript->soap)=4.00 groundedness(soap->transcript)=44.00
  diff (condensed - original, positive = improved) -- omission(transcript->soap)=0.00 groundedness(soap->transcript)=0.00
  words: 1883 -> 1801 (reduced by 82, 4.4%)
[run 1/1] [40/57] prim45.txt: condensed in 1.83s
prim45.txt: run=1 elapsed=1.83s
  original  -- omission(transcript->soap)=2.01 groundedness(soap->transcript)=54.00
  condensed -- omission(transcript->soap)=2.00 groundedness(soap->transcript)=52.00
  diff (condensed - original, positive = improved) -- omission(transcript->soap)=-0.01 groundedness(soap->transcript)=-2.00
  words: 1864 -> 1733 (reduced by 131, 7.0%)
[run 1/1] [41/57] prim46.txt: condensed in 1.25s
prim46.txt: run=1 elapsed=1.25s
  original  -- omission(transcript->soap)=4.00 groundedness(soap->transcript)=36.00
  condensed -- omission(transcript->soap)=4.00 groundedness(soap->transcript)=35.00
  diff (condensed - original, positive = improved) -- omission(transcript->soap)=0.00 groundedness(soap->transcript)=-1.00
  words: 1369 -> 1269 (reduced by 100, 7.3%)
[run 1/1] [42/57] prim47.txt: condensed in 1.37s
prim47.txt: run=1 elapsed=1.37s
  original  -- omission(transcript->soap)=2.00 groundedness(soap->transcript)=10.00
  condensed -- omission(transcript->soap)=2.01 groundedness(soap->transcript)=10.10
  diff (condensed - original, positive = improved) -- omission(transcript->soap)=0.01 groundedness(soap->transcript)=0.10
  words: 1228 -> 1110 (reduced by 118, 9.6%)
[run 1/1] [43/57] prim48.txt: condensed in 1.72s
prim48.txt: run=1 elapsed=1.72s
  original  -- omission(transcript->soap)=6.00 groundedness(soap->transcript)=62.04
  condensed -- omission(transcript->soap)=6.00 groundedness(soap->transcript)=62.00
  diff (condensed - original, positive = improved) -- omission(transcript->soap)=-0.00 groundedness(soap->transcript)=-0.04
  words: 2512 -> 2449 (reduced by 63, 2.5%)
[run 1/1] [44/57] prim49.txt: condensed in 1.55s
prim49.txt: run=1 elapsed=1.55s
  original  -- omission(transcript->soap)=5.00 groundedness(soap->transcript)=44.00
  condensed -- omission(transcript->soap)=5.00 groundedness(soap->transcript)=40.00
  diff (condensed - original, positive = improved) -- omission(transcript->soap)=0.00 groundedness(soap->transcript)=-4.00
  words: 1410 -> 1248 (reduced by 162, 11.5%)
[run 1/1] [45/57] prim5.txt: condensed in 1.50s
prim5.txt: run=1 elapsed=1.50s
  original  -- omission(transcript->soap)=6.00 groundedness(soap->transcript)=40.00
  condensed -- omission(transcript->soap)=6.00 groundedness(soap->transcript)=40.04
  diff (condensed - original, positive = improved) -- omission(transcript->soap)=0.00 groundedness(soap->transcript)=0.04
  words: 1763 -> 1692 (reduced by 71, 4.0%)
[run 1/1] [46/57] prim50.txt: condensed in 1.16s
prim50.txt: run=1 elapsed=1.16s
  original  -- omission(transcript->soap)=4.00 groundedness(soap->transcript)=22.02
  condensed -- omission(transcript->soap)=4.00 groundedness(soap->transcript)=21.01
  diff (condensed - original, positive = improved) -- omission(transcript->soap)=0.00 groundedness(soap->transcript)=-1.01
  words: 1044 -> 932 (reduced by 112, 10.7%)
[run 1/1] [47/57] prim51.txt: condensed in 1.52s
prim51.txt: run=1 elapsed=1.52s
  original  -- omission(transcript->soap)=3.08 groundedness(soap->transcript)=51.00
  condensed -- omission(transcript->soap)=3.10 groundedness(soap->transcript)=49.00
  diff (condensed - original, positive = improved) -- omission(transcript->soap)=0.02 groundedness(soap->transcript)=-2.00
  words: 1665 -> 1544 (reduced by 121, 7.3%)
[run 1/1] [48/57] prim52.txt: condensed in 1.37s
prim52.txt: run=1 elapsed=1.37s
  original  -- omission(transcript->soap)=4.01 groundedness(soap->transcript)=37.00
  condensed -- omission(transcript->soap)=4.02 groundedness(soap->transcript)=32.00
  diff (condensed - original, positive = improved) -- omission(transcript->soap)=0.01 groundedness(soap->transcript)=-5.00
  words: 1367 -> 1288 (reduced by 79, 5.8%)
[run 1/1] [49/57] prim53.txt: condensed in 1.58s
prim53.txt: run=1 elapsed=1.58s
  original  -- omission(transcript->soap)=5.00 groundedness(soap->transcript)=34.00
  condensed -- omission(transcript->soap)=5.00 groundedness(soap->transcript)=33.00
  diff (condensed - original, positive = improved) -- omission(transcript->soap)=0.00 groundedness(soap->transcript)=-1.00
  words: 1436 -> 1285 (reduced by 151, 10.5%)
[run 1/1] [50/57] prim54.txt: condensed in 1.41s
prim54.txt: run=1 elapsed=1.41s
  original  -- omission(transcript->soap)=7.00 groundedness(soap->transcript)=38.01
  condensed -- omission(transcript->soap)=7.00 groundedness(soap->transcript)=35.01
  diff (condensed - original, positive = improved) -- omission(transcript->soap)=-0.00 groundedness(soap->transcript)=-3.00
  words: 1502 -> 1382 (reduced by 120, 8.0%)
[run 1/1] [51/57] prim55.txt: condensed in 1.77s
prim55.txt: run=1 elapsed=1.77s
  original  -- omission(transcript->soap)=5.00 groundedness(soap->transcript)=44.00
  condensed -- omission(transcript->soap)=5.00 groundedness(soap->transcript)=42.00
  diff (condensed - original, positive = improved) -- omission(transcript->soap)=0.00 groundedness(soap->transcript)=-2.00
  words: 1715 -> 1602 (reduced by 113, 6.6%)
[run 1/1] [52/57] prim56.txt: condensed in 1.81s
prim56.txt: run=1 elapsed=1.81s
  original  -- omission(transcript->soap)=7.00 groundedness(soap->transcript)=67.00
  condensed -- omission(transcript->soap)=7.00 groundedness(soap->transcript)=65.00
  diff (condensed - original, positive = improved) -- omission(transcript->soap)=0.00 groundedness(soap->transcript)=-2.00
  words: 2122 -> 2019 (reduced by 103, 4.9%)
[run 1/1] [53/57] prim57.txt: condensed in 1.02s
prim57.txt: run=1 elapsed=1.02s
  original  -- omission(transcript->soap)=3.01 groundedness(soap->transcript)=21.18
  condensed -- omission(transcript->soap)=3.01 groundedness(soap->transcript)=21.23
  diff (condensed - original, positive = improved) -- omission(transcript->soap)=0.00 groundedness(soap->transcript)=0.05
  words: 906 -> 801 (reduced by 105, 11.6%)
[run 1/1] [54/57] prim6.txt: condensed in 1.83s
prim6.txt: run=1 elapsed=1.83s
  original  -- omission(transcript->soap)=3.00 groundedness(soap->transcript)=60.00
  condensed -- omission(transcript->soap)=3.00 groundedness(soap->transcript)=58.00
  diff (condensed - original, positive = improved) -- omission(transcript->soap)=0.00 groundedness(soap->transcript)=-2.00
  words: 2028 -> 1909 (reduced by 119, 5.9%)
[run 1/1] [55/57] prim7.txt: condensed in 2.31s
prim7.txt: run=1 elapsed=2.31s
  original  -- omission(transcript->soap)=4.00 groundedness(soap->transcript)=56.00
  condensed -- omission(transcript->soap)=4.00 groundedness(soap->transcript)=52.00
  diff (condensed - original, positive = improved) -- omission(transcript->soap)=0.00 groundedness(soap->transcript)=-4.00
  words: 2974 -> 2772 (reduced by 202, 6.8%)
[run 1/1] [56/57] prim8.txt: condensed in 1.39s
prim8.txt: run=1 elapsed=1.39s
  original  -- omission(transcript->soap)=3.00 groundedness(soap->transcript)=34.00
  condensed -- omission(transcript->soap)=3.00 groundedness(soap->transcript)=32.00
  diff (condensed - original, positive = improved) -- omission(transcript->soap)=0.00 groundedness(soap->transcript)=-2.00
  words: 1324 -> 1199 (reduced by 125, 9.4%)
[run 1/1] [57/57] prim9.txt: condensed in 1.43s
prim9.txt: run=1 elapsed=1.43s
  original  -- omission(transcript->soap)=3.00 groundedness(soap->transcript)=34.02
  condensed -- omission(transcript->soap)=3.00 groundedness(soap->transcript)=30.03
  diff (condensed - original, positive = improved) -- omission(transcript->soap)=0.00 groundedness(soap->transcript)=-3.99
  words: 1722 -> 1604 (reduced by 118, 6.9%)
[run 1] avg_elapsed=1.47s avg_diff_transcript_to_soap=-0.00 avg_diff_groundedness_soap_in_transcript=-1.36 avg_percent_reduced=7.39

=== SciSpacyCondenser Results ===
Files processed: 57
Average elapsed time: 1.47s
Note: diff_* is (condensed - original); positive means condensing IMPROVED that direction (lower raw scores are the stronger signal), negative means it got worse.
Average Original omission (transcript->soap): 4.44
Average Original groundedness (soap->transcript): 45.17
Average Condensed omission (transcript->soap): 4.44
Average Condensed groundedness (soap->transcript): 43.81
Average Diff omission (transcript->soap): -0.00
Average Diff groundedness (soap->transcript): -1.36
Average Original word count: 1631.96
Average Condensed word count: 1516.54
Average Words reduced: 115.42
Average Percent reduced: 7.39

=== Running NegspacyCondenser (1 runs x 57 files) ===
[run 1/1] [1/57] prim1.txt: condensed in 3.17s
prim1.txt: run=1 elapsed=3.17s
  original  -- omission(transcript->soap)=3.00 groundedness(soap->transcript)=53.00
  condensed -- omission(transcript->soap)=3.02 groundedness(soap->transcript)=36.04
  diff (condensed - original, positive = improved) -- omission(transcript->soap)=0.02 groundedness(soap->transcript)=-16.97
  words: 1523 -> 936 (reduced by 587, 38.5%)
[run 1/1] [2/57] prim10.txt: condensed in 3.88s
prim10.txt: run=1 elapsed=3.88s
  original  -- omission(transcript->soap)=4.00 groundedness(soap->transcript)=43.00
  condensed -- omission(transcript->soap)=4.00 groundedness(soap->transcript)=22.04
  diff (condensed - original, positive = improved) -- omission(transcript->soap)=0.00 groundedness(soap->transcript)=-20.96
  words: 2031 -> 1075 (reduced by 956, 47.1%)
[run 1/1] [3/57] prim11.txt: condensed in 4.72s
prim11.txt: run=1 elapsed=4.72s
  original  -- omission(transcript->soap)=2.00 groundedness(soap->transcript)=71.00
  condensed -- omission(transcript->soap)=2.00 groundedness(soap->transcript)=28.00
  diff (condensed - original, positive = improved) -- omission(transcript->soap)=0.00 groundedness(soap->transcript)=-43.00
  words: 2507 -> 983 (reduced by 1524, 60.8%)
[run 1/1] [4/57] prim12.txt: condensed in 3.67s
prim12.txt: run=1 elapsed=3.67s
  original  -- omission(transcript->soap)=3.00 groundedness(soap->transcript)=16.43
  condensed -- omission(transcript->soap)=3.00 groundedness(soap->transcript)=4.07
  diff (condensed - original, positive = improved) -- omission(transcript->soap)=0.00 groundedness(soap->transcript)=-12.35
  words: 1291 -> 649 (reduced by 642, 49.7%)
[run 1/1] [5/57] prim13.txt: condensed in 4.02s
prim13.txt: run=1 elapsed=4.02s
  original  -- omission(transcript->soap)=3.01 groundedness(soap->transcript)=42.04
  condensed -- omission(transcript->soap)=3.03 groundedness(soap->transcript)=24.09
  diff (condensed - original, positive = improved) -- omission(transcript->soap)=0.02 groundedness(soap->transcript)=-17.95
  words: 1843 -> 1216 (reduced by 627, 34.0%)
[run 1/1] [6/57] prim14.txt: condensed in 4.67s
prim14.txt: run=1 elapsed=4.67s
  original  -- omission(transcript->soap)=3.00 groundedness(soap->transcript)=46.00
  condensed -- omission(transcript->soap)=3.00 groundedness(soap->transcript)=26.00
  diff (condensed - original, positive = improved) -- omission(transcript->soap)=-0.00 groundedness(soap->transcript)=-20.00
  words: 2067 -> 1178 (reduced by 889, 43.0%)
[run 1/1] [7/57] prim15.txt: condensed in 3.66s
prim15.txt: run=1 elapsed=3.66s
  original  -- omission(transcript->soap)=4.01 groundedness(soap->transcript)=22.04
  condensed -- omission(transcript->soap)=4.00 groundedness(soap->transcript)=11.02
  diff (condensed - original, positive = improved) -- omission(transcript->soap)=-0.00 groundedness(soap->transcript)=-11.02
  words: 1404 -> 687 (reduced by 717, 51.1%)
[run 1/1] [8/57] prim16.txt: condensed in 3.21s
prim16.txt: run=1 elapsed=3.21s
  original  -- omission(transcript->soap)=3.00 groundedness(soap->transcript)=40.01
  condensed -- omission(transcript->soap)=3.00 groundedness(soap->transcript)=21.00
  diff (condensed - original, positive = improved) -- omission(transcript->soap)=0.00 groundedness(soap->transcript)=-19.01
  words: 1239 -> 586 (reduced by 653, 52.7%)
[run 1/1] [9/57] prim17.txt: condensed in 3.81s
prim17.txt: run=1 elapsed=3.81s
  original  -- omission(transcript->soap)=4.00 groundedness(soap->transcript)=37.00
  condensed -- omission(transcript->soap)=4.00 groundedness(soap->transcript)=25.01
  diff (condensed - original, positive = improved) -- omission(transcript->soap)=0.00 groundedness(soap->transcript)=-11.99
  words: 1829 -> 1068 (reduced by 761, 41.6%)
[run 1/1] [10/57] prim18.txt: condensed in 3.14s
prim18.txt: run=1 elapsed=3.14s
  original  -- omission(transcript->soap)=5.00 groundedness(soap->transcript)=34.00
  condensed -- omission(transcript->soap)=5.00 groundedness(soap->transcript)=25.00
  diff (condensed - original, positive = improved) -- omission(transcript->soap)=0.00 groundedness(soap->transcript)=-9.00
  words: 1539 -> 807 (reduced by 732, 47.6%)
[run 1/1] [11/57] prim19.txt: condensed in 4.08s
prim19.txt: run=1 elapsed=4.08s
  original  -- omission(transcript->soap)=2.01 groundedness(soap->transcript)=52.00
  condensed -- omission(transcript->soap)=2.08 groundedness(soap->transcript)=42.01
  diff (condensed - original, positive = improved) -- omission(transcript->soap)=0.07 groundedness(soap->transcript)=-9.99
  words: 2011 -> 1225 (reduced by 786, 39.1%)
[run 1/1] [12/57] prim2.txt: condensed in 3.51s
prim2.txt: run=1 elapsed=3.51s
  original  -- omission(transcript->soap)=3.13 groundedness(soap->transcript)=35.00
  condensed -- omission(transcript->soap)=3.00 groundedness(soap->transcript)=22.00
  diff (condensed - original, positive = improved) -- omission(transcript->soap)=-0.13 groundedness(soap->transcript)=-13.00
  words: 1806 -> 1020 (reduced by 786, 43.5%)
[run 1/1] [13/57] prim20.txt: condensed in 3.87s
prim20.txt: run=1 elapsed=3.87s
  original  -- omission(transcript->soap)=4.00 groundedness(soap->transcript)=59.48
  condensed -- omission(transcript->soap)=4.00 groundedness(soap->transcript)=37.49
  diff (condensed - original, positive = improved) -- omission(transcript->soap)=0.00 groundedness(soap->transcript)=-21.99
  words: 2044 -> 1243 (reduced by 801, 39.2%)
[run 1/1] [14/57] prim21.txt: condensed in 3.86s
prim21.txt: run=1 elapsed=3.86s
  original  -- omission(transcript->soap)=5.00 groundedness(soap->transcript)=42.00
  condensed -- omission(transcript->soap)=5.00 groundedness(soap->transcript)=27.00
  diff (condensed - original, positive = improved) -- omission(transcript->soap)=0.00 groundedness(soap->transcript)=-15.00
  words: 2100 -> 1200 (reduced by 900, 42.9%)
[run 1/1] [15/57] prim22.txt: condensed in 3.56s
prim22.txt: run=1 elapsed=3.56s
  original  -- omission(transcript->soap)=2.01 groundedness(soap->transcript)=25.00
  condensed -- omission(transcript->soap)=2.24 groundedness(soap->transcript)=14.06
  diff (condensed - original, positive = improved) -- omission(transcript->soap)=0.23 groundedness(soap->transcript)=-10.95
  words: 1469 -> 768 (reduced by 701, 47.7%)
[run 1/1] [16/57] prim23.txt: condensed in 4.01s
prim23.txt: run=1 elapsed=4.01s
  original  -- omission(transcript->soap)=4.00 groundedness(soap->transcript)=58.00
  condensed -- omission(transcript->soap)=4.01 groundedness(soap->transcript)=36.00
  diff (condensed - original, positive = improved) -- omission(transcript->soap)=0.01 groundedness(soap->transcript)=-22.00
  words: 1933 -> 981 (reduced by 952, 49.2%)
[run 1/1] [17/57] prim24.txt: condensed in 2.56s
prim24.txt: run=1 elapsed=2.56s
  original  -- omission(transcript->soap)=4.04 groundedness(soap->transcript)=36.00
  condensed -- omission(transcript->soap)=4.00 groundedness(soap->transcript)=19.00
  diff (condensed - original, positive = improved) -- omission(transcript->soap)=-0.04 groundedness(soap->transcript)=-17.00
  words: 1139 -> 456 (reduced by 683, 60.0%)
[run 1/1] [18/57] prim25.txt: condensed in 3.88s
prim25.txt: run=1 elapsed=3.88s
  original  -- omission(transcript->soap)=5.00 groundedness(soap->transcript)=51.00
  condensed -- omission(transcript->soap)=5.03 groundedness(soap->transcript)=35.00
  diff (condensed - original, positive = improved) -- omission(transcript->soap)=0.03 groundedness(soap->transcript)=-16.00
  words: 1959 -> 1080 (reduced by 879, 44.9%)
[run 1/1] [19/57] prim26.txt: condensed in 2.69s
prim26.txt: run=1 elapsed=2.69s
  original  -- omission(transcript->soap)=8.00 groundedness(soap->transcript)=46.00
  condensed -- omission(transcript->soap)=8.00 groundedness(soap->transcript)=37.00
  diff (condensed - original, positive = improved) -- omission(transcript->soap)=-0.00 groundedness(soap->transcript)=-9.00
  words: 1362 -> 816 (reduced by 546, 40.1%)
[run 1/1] [20/57] prim27.txt: condensed in 2.38s
prim27.txt: run=1 elapsed=2.38s
  original  -- omission(transcript->soap)=10.00 groundedness(soap->transcript)=51.00
  condensed -- omission(transcript->soap)=10.00 groundedness(soap->transcript)=34.00
  diff (condensed - original, positive = improved) -- omission(transcript->soap)=0.00 groundedness(soap->transcript)=-17.00
  words: 1241 -> 742 (reduced by 499, 40.2%)
[run 1/1] [21/57] prim28.txt: condensed in 4.00s
prim28.txt: run=1 elapsed=4.00s
  original  -- omission(transcript->soap)=17.00 groundedness(soap->transcript)=103.00
  condensed -- omission(transcript->soap)=17.00 groundedness(soap->transcript)=48.00
  diff (condensed - original, positive = improved) -- omission(transcript->soap)=-0.00 groundedness(soap->transcript)=-55.00
  words: 1980 -> 807 (reduced by 1173, 59.2%)
[run 1/1] [22/57] prim29.txt: condensed in 2.83s
prim29.txt: run=1 elapsed=2.83s
  original  -- omission(transcript->soap)=13.00 groundedness(soap->transcript)=67.00
  condensed -- omission(transcript->soap)=13.00 groundedness(soap->transcript)=46.00
  diff (condensed - original, positive = improved) -- omission(transcript->soap)=0.00 groundedness(soap->transcript)=-21.00
  words: 1195 -> 737 (reduced by 458, 38.3%)
[run 1/1] [23/57] prim3.txt: condensed in 3.75s
prim3.txt: run=1 elapsed=3.75s
  original  -- omission(transcript->soap)=3.00 groundedness(soap->transcript)=40.03
  condensed -- omission(transcript->soap)=3.00 groundedness(soap->transcript)=24.35
  diff (condensed - original, positive = improved) -- omission(transcript->soap)=0.00 groundedness(soap->transcript)=-15.68
  words: 1706 -> 1027 (reduced by 679, 39.8%)
[run 1/1] [24/57] prim30.txt: condensed in 2.38s
prim30.txt: run=1 elapsed=2.38s
  original  -- omission(transcript->soap)=7.00 groundedness(soap->transcript)=64.00
  condensed -- omission(transcript->soap)=7.00 groundedness(soap->transcript)=40.00
  diff (condensed - original, positive = improved) -- omission(transcript->soap)=-0.00 groundedness(soap->transcript)=-24.00
  words: 1184 -> 679 (reduced by 505, 42.7%)
[run 1/1] [25/57] prim31.txt: condensed in 1.55s
prim31.txt: run=1 elapsed=1.55s
  original  -- omission(transcript->soap)=3.02 groundedness(soap->transcript)=14.24
  condensed -- omission(transcript->soap)=3.03 groundedness(soap->transcript)=11.00
  diff (condensed - original, positive = improved) -- omission(transcript->soap)=0.01 groundedness(soap->transcript)=-3.24
  words: 644 -> 424 (reduced by 220, 34.2%)
[run 1/1] [26/57] prim32.txt: condensed in 2.54s
prim32.txt: run=1 elapsed=2.54s
  original  -- omission(transcript->soap)=7.00 groundedness(soap->transcript)=42.00
  condensed -- omission(transcript->soap)=7.00 groundedness(soap->transcript)=28.02
  diff (condensed - original, positive = improved) -- omission(transcript->soap)=0.00 groundedness(soap->transcript)=-13.98
  words: 1252 -> 823 (reduced by 429, 34.3%)
[run 1/1] [27/57] prim33.txt: condensed in 2.07s
prim33.txt: run=1 elapsed=2.07s
  original  -- omission(transcript->soap)=4.00 groundedness(soap->transcript)=26.06
  condensed -- omission(transcript->soap)=4.00 groundedness(soap->transcript)=22.05
  diff (condensed - original, positive = improved) -- omission(transcript->soap)=0.00 groundedness(soap->transcript)=-4.01
  words: 986 -> 604 (reduced by 382, 38.7%)
[run 1/1] [28/57] prim34.txt: condensed in 4.00s
prim34.txt: run=1 elapsed=4.00s
  original  -- omission(transcript->soap)=5.00 groundedness(soap->transcript)=80.00
  condensed -- omission(transcript->soap)=5.32 groundedness(soap->transcript)=57.00
  diff (condensed - original, positive = improved) -- omission(transcript->soap)=0.31 groundedness(soap->transcript)=-23.00
  words: 2209 -> 1306 (reduced by 903, 40.9%)
[run 1/1] [29/57] prim35.txt: condensed in 3.11s
prim35.txt: run=1 elapsed=3.11s
  original  -- omission(transcript->soap)=4.00 groundedness(soap->transcript)=78.00
  condensed -- omission(transcript->soap)=4.00 groundedness(soap->transcript)=47.00
  diff (condensed - original, positive = improved) -- omission(transcript->soap)=0.00 groundedness(soap->transcript)=-31.00
  words: 1454 -> 715 (reduced by 739, 50.8%)
[run 1/1] [30/57] prim36.txt: condensed in 3.46s
prim36.txt: run=1 elapsed=3.46s
  original  -- omission(transcript->soap)=3.00 groundedness(soap->transcript)=53.00
  condensed -- omission(transcript->soap)=3.02 groundedness(soap->transcript)=32.01
  diff (condensed - original, positive = improved) -- omission(transcript->soap)=0.02 groundedness(soap->transcript)=-20.99
  words: 1403 -> 667 (reduced by 736, 52.5%)
[run 1/1] [31/57] prim37.txt: condensed in 3.88s
prim37.txt: run=1 elapsed=3.88s
  original  -- omission(transcript->soap)=4.01 groundedness(soap->transcript)=48.00
  condensed -- omission(transcript->soap)=4.40 groundedness(soap->transcript)=16.07
  diff (condensed - original, positive = improved) -- omission(transcript->soap)=0.39 groundedness(soap->transcript)=-31.93
  words: 1407 -> 348 (reduced by 1059, 75.3%)
[run 1/1] [32/57] prim38.txt: condensed in 3.12s
prim38.txt: run=1 elapsed=3.12s
  original  -- omission(transcript->soap)=2.00 groundedness(soap->transcript)=36.05
  condensed -- omission(transcript->soap)=2.00 groundedness(soap->transcript)=20.00
  diff (condensed - original, positive = improved) -- omission(transcript->soap)=0.00 groundedness(soap->transcript)=-16.05
  words: 1137 -> 502 (reduced by 635, 55.8%)
[run 1/1] [33/57] prim39.txt: condensed in 2.72s
prim39.txt: run=1 elapsed=2.72s
  original  -- omission(transcript->soap)=4.00 groundedness(soap->transcript)=33.00
  condensed -- omission(transcript->soap)=4.00 groundedness(soap->transcript)=20.00
  diff (condensed - original, positive = improved) -- omission(transcript->soap)=0.00 groundedness(soap->transcript)=-13.00
  words: 1106 -> 571 (reduced by 535, 48.4%)
[run 1/1] [34/57] prim4.txt: condensed in 3.73s
prim4.txt: run=1 elapsed=3.73s
  original  -- omission(transcript->soap)=3.00 groundedness(soap->transcript)=42.00
  condensed -- omission(transcript->soap)=3.00 groundedness(soap->transcript)=21.22
  diff (condensed - original, positive = improved) -- omission(transcript->soap)=0.00 groundedness(soap->transcript)=-20.78
  words: 1820 -> 935 (reduced by 885, 48.6%)
[run 1/1] [35/57] prim40.txt: condensed in 3.46s
prim40.txt: run=1 elapsed=3.46s
  original  -- omission(transcript->soap)=4.00 groundedness(soap->transcript)=58.00
  condensed -- omission(transcript->soap)=4.00 groundedness(soap->transcript)=25.00
  diff (condensed - original, positive = improved) -- omission(transcript->soap)=0.00 groundedness(soap->transcript)=-33.00
  words: 1697 -> 634 (reduced by 1063, 62.6%)
[run 1/1] [36/57] prim41.txt: condensed in 3.74s
prim41.txt: run=1 elapsed=3.74s
  original  -- omission(transcript->soap)=5.00 groundedness(soap->transcript)=43.00
  condensed -- omission(transcript->soap)=5.00 groundedness(soap->transcript)=26.00
  diff (condensed - original, positive = improved) -- omission(transcript->soap)=-0.00 groundedness(soap->transcript)=-17.00
  words: 1807 -> 1043 (reduced by 764, 42.3%)
[run 1/1] [37/57] prim42.txt: condensed in 3.47s
prim42.txt: run=1 elapsed=3.47s
  original  -- omission(transcript->soap)=2.00 groundedness(soap->transcript)=66.00
  condensed -- omission(transcript->soap)=2.02 groundedness(soap->transcript)=45.00
  diff (condensed - original, positive = improved) -- omission(transcript->soap)=0.02 groundedness(soap->transcript)=-21.00
  words: 1930 -> 1149 (reduced by 781, 40.5%)
[run 1/1] [38/57] prim43.txt: condensed in 4.27s
prim43.txt: run=1 elapsed=4.27s
  original  -- omission(transcript->soap)=2.00 groundedness(soap->transcript)=33.00
  condensed -- omission(transcript->soap)=2.10 groundedness(soap->transcript)=16.89
  diff (condensed - original, positive = improved) -- omission(transcript->soap)=0.10 groundedness(soap->transcript)=-16.11
  words: 1934 -> 708 (reduced by 1226, 63.4%)
[run 1/1] [39/57] prim44.txt: condensed in 3.93s
prim44.txt: run=1 elapsed=3.93s
  original  -- omission(transcript->soap)=4.00 groundedness(soap->transcript)=44.00
  condensed -- omission(transcript->soap)=4.00 groundedness(soap->transcript)=33.00
  diff (condensed - original, positive = improved) -- omission(transcript->soap)=0.00 groundedness(soap->transcript)=-11.00
  words: 1883 -> 1195 (reduced by 688, 36.5%)
[run 1/1] [40/57] prim45.txt: condensed in 4.10s
prim45.txt: run=1 elapsed=4.10s
  original  -- omission(transcript->soap)=2.01 groundedness(soap->transcript)=54.00
  condensed -- omission(transcript->soap)=2.02 groundedness(soap->transcript)=36.00
  diff (condensed - original, positive = improved) -- omission(transcript->soap)=0.01 groundedness(soap->transcript)=-18.00
  words: 1864 -> 890 (reduced by 974, 52.3%)
[run 1/1] [41/57] prim46.txt: condensed in 3.07s
prim46.txt: run=1 elapsed=3.07s
  original  -- omission(transcript->soap)=4.00 groundedness(soap->transcript)=36.00
  condensed -- omission(transcript->soap)=4.06 groundedness(soap->transcript)=17.12
  diff (condensed - original, positive = improved) -- omission(transcript->soap)=0.06 groundedness(soap->transcript)=-18.88
  words: 1369 -> 656 (reduced by 713, 52.1%)
[run 1/1] [42/57] prim47.txt: condensed in 3.10s
prim47.txt: run=1 elapsed=3.10s
  original  -- omission(transcript->soap)=2.00 groundedness(soap->transcript)=10.00
  condensed -- omission(transcript->soap)=2.13 groundedness(soap->transcript)=6.76
  diff (condensed - original, positive = improved) -- omission(transcript->soap)=0.13 groundedness(soap->transcript)=-3.24
  words: 1228 -> 550 (reduced by 678, 55.2%)
[run 1/1] [43/57] prim48.txt: condensed in 4.46s
prim48.txt: run=1 elapsed=4.46s
  original  -- omission(transcript->soap)=6.00 groundedness(soap->transcript)=62.04
  condensed -- omission(transcript->soap)=6.00 groundedness(soap->transcript)=27.01
  diff (condensed - original, positive = improved) -- omission(transcript->soap)=-0.00 groundedness(soap->transcript)=-35.04
  words: 2512 -> 847 (reduced by 1665, 66.3%)
[run 1/1] [44/57] prim49.txt: condensed in 3.42s
prim49.txt: run=1 elapsed=3.42s
  original  -- omission(transcript->soap)=5.00 groundedness(soap->transcript)=44.00
  condensed -- omission(transcript->soap)=5.00 groundedness(soap->transcript)=23.02
  diff (condensed - original, positive = improved) -- omission(transcript->soap)=0.00 groundedness(soap->transcript)=-20.98
  words: 1410 -> 591 (reduced by 819, 58.1%)
[run 1/1] [45/57] prim5.txt: condensed in 3.36s
prim5.txt: run=1 elapsed=3.36s
  original  -- omission(transcript->soap)=6.00 groundedness(soap->transcript)=40.00
  condensed -- omission(transcript->soap)=6.00 groundedness(soap->transcript)=31.01
  diff (condensed - original, positive = improved) -- omission(transcript->soap)=0.00 groundedness(soap->transcript)=-8.99
  words: 1763 -> 1215 (reduced by 548, 31.1%)
[run 1/1] [46/57] prim50.txt: condensed in 2.74s
prim50.txt: run=1 elapsed=2.74s
  original  -- omission(transcript->soap)=4.00 groundedness(soap->transcript)=22.02
  condensed -- omission(transcript->soap)=4.00 groundedness(soap->transcript)=15.34
  diff (condensed - original, positive = improved) -- omission(transcript->soap)=-0.00 groundedness(soap->transcript)=-6.68
  words: 1044 -> 475 (reduced by 569, 54.5%)
[run 1/1] [47/57] prim51.txt: condensed in 3.63s
prim51.txt: run=1 elapsed=3.63s
  original  -- omission(transcript->soap)=3.08 groundedness(soap->transcript)=51.00
  condensed -- omission(transcript->soap)=3.10 groundedness(soap->transcript)=29.00
  diff (condensed - original, positive = improved) -- omission(transcript->soap)=0.02 groundedness(soap->transcript)=-22.00
  words: 1665 -> 935 (reduced by 730, 43.8%)
[run 1/1] [48/57] prim52.txt: condensed in 3.15s
prim52.txt: run=1 elapsed=3.15s
  original  -- omission(transcript->soap)=4.01 groundedness(soap->transcript)=37.00
  condensed -- omission(transcript->soap)=4.07 groundedness(soap->transcript)=20.03
  diff (condensed - original, positive = improved) -- omission(transcript->soap)=0.06 groundedness(soap->transcript)=-16.97
  words: 1367 -> 785 (reduced by 582, 42.6%)
[run 1/1] [49/57] prim53.txt: condensed in 3.44s
prim53.txt: run=1 elapsed=3.44s
  original  -- omission(transcript->soap)=5.00 groundedness(soap->transcript)=34.00
  condensed -- omission(transcript->soap)=5.00 groundedness(soap->transcript)=22.00
  diff (condensed - original, positive = improved) -- omission(transcript->soap)=0.00 groundedness(soap->transcript)=-12.00
  words: 1436 -> 683 (reduced by 753, 52.4%)
[run 1/1] [50/57] prim54.txt: condensed in 3.31s
prim54.txt: run=1 elapsed=3.31s
  original  -- omission(transcript->soap)=7.00 groundedness(soap->transcript)=38.01
  condensed -- omission(transcript->soap)=7.00 groundedness(soap->transcript)=25.11
  diff (condensed - original, positive = improved) -- omission(transcript->soap)=0.00 groundedness(soap->transcript)=-12.90
  words: 1502 -> 760 (reduced by 742, 49.4%)
[run 1/1] [51/57] prim55.txt: condensed in 3.55s
prim55.txt: run=1 elapsed=3.55s
  original  -- omission(transcript->soap)=5.00 groundedness(soap->transcript)=44.00
  condensed -- omission(transcript->soap)=5.00 groundedness(soap->transcript)=27.02
  diff (condensed - original, positive = improved) -- omission(transcript->soap)=0.00 groundedness(soap->transcript)=-16.98
  words: 1715 -> 946 (reduced by 769, 44.8%)
[run 1/1] [52/57] prim56.txt: condensed in 4.09s
prim56.txt: run=1 elapsed=4.09s
  original  -- omission(transcript->soap)=7.00 groundedness(soap->transcript)=67.00
  condensed -- omission(transcript->soap)=7.00 groundedness(soap->transcript)=45.00
  diff (condensed - original, positive = improved) -- omission(transcript->soap)=-0.00 groundedness(soap->transcript)=-22.00
  words: 2122 -> 1245 (reduced by 877, 41.3%)
[run 1/1] [53/57] prim57.txt: condensed in 2.26s
prim57.txt: run=1 elapsed=2.26s
  original  -- omission(transcript->soap)=3.01 groundedness(soap->transcript)=21.18
  condensed -- omission(transcript->soap)=3.08 groundedness(soap->transcript)=10.22
  diff (condensed - original, positive = improved) -- omission(transcript->soap)=0.07 groundedness(soap->transcript)=-10.95
  words: 906 -> 345 (reduced by 561, 61.9%)
[run 1/1] [54/57] prim6.txt: condensed in 4.63s
prim6.txt: run=1 elapsed=4.63s
  original  -- omission(transcript->soap)=3.00 groundedness(soap->transcript)=60.00
  condensed -- omission(transcript->soap)=3.00 groundedness(soap->transcript)=36.01
  diff (condensed - original, positive = improved) -- omission(transcript->soap)=0.00 groundedness(soap->transcript)=-24.00
  words: 2028 -> 1127 (reduced by 901, 44.4%)
[run 1/1] [55/57] prim7.txt: condensed in 5.64s
prim7.txt: run=1 elapsed=5.64s
  original  -- omission(transcript->soap)=4.00 groundedness(soap->transcript)=56.00
  condensed -- omission(transcript->soap)=4.03 groundedness(soap->transcript)=25.11
  diff (condensed - original, positive = improved) -- omission(transcript->soap)=0.03 groundedness(soap->transcript)=-30.89
  words: 2974 -> 1379 (reduced by 1595, 53.6%)
[run 1/1] [56/57] prim8.txt: condensed in 3.20s
prim8.txt: run=1 elapsed=3.20s
  original  -- omission(transcript->soap)=3.00 groundedness(soap->transcript)=34.00
  condensed -- omission(transcript->soap)=3.00 groundedness(soap->transcript)=19.19
  diff (condensed - original, positive = improved) -- omission(transcript->soap)=-0.00 groundedness(soap->transcript)=-14.81
  words: 1324 -> 677 (reduced by 647, 48.9%)
[run 1/1] [57/57] prim9.txt: condensed in 3.19s
prim9.txt: run=1 elapsed=3.19s
  original  -- omission(transcript->soap)=3.00 groundedness(soap->transcript)=34.02
  condensed -- omission(transcript->soap)=3.00 groundedness(soap->transcript)=15.38
  diff (condensed - original, positive = improved) -- omission(transcript->soap)=0.00 groundedness(soap->transcript)=-18.64
  words: 1722 -> 879 (reduced by 843, 49.0%)
[run 1] avg_elapsed=3.49s avg_diff_transcript_to_soap=0.03 avg_diff_groundedness_soap_in_transcript=-18.24 avg_percent_reduced=47.71

=== NegspacyCondenser Results ===
Files processed: 57
Average elapsed time: 3.49s
Note: diff_* is (condensed - original); positive means condensing IMPROVED that direction (lower raw scores are the stronger signal), negative means it got worse.
Average Original omission (transcript->soap): 4.44
Average Original groundedness (soap->transcript): 45.17
Average Condensed omission (transcript->soap): 4.47
Average Condensed groundedness (soap->transcript): 26.93
Average Diff omission (transcript->soap): 0.03
Average Diff groundedness (soap->transcript): -18.24
Average Original word count: 1631.96
Average Condensed word count: 852.19
Average Words reduced: 779.77
Average Percent reduced: 47.71

=== Running QuickUMLSCondenser (1 runs x 57 files) ===
[run 1/1] [1/57] prim1.txt: condensed in 1.81s
prim1.txt: run=1 elapsed=1.81s
  original  -- omission(transcript->soap)=3.00 groundedness(soap->transcript)=53.00
  condensed -- omission(transcript->soap)=3.00 groundedness(soap->transcript)=41.00
  diff (condensed - original, positive = improved) -- omission(transcript->soap)=0.00 groundedness(soap->transcript)=-12.00
  words: 1523 -> 1085 (reduced by 438, 28.8%)
[run 1/1] [2/57] prim10.txt: condensed in 2.30s
prim10.txt: run=1 elapsed=2.30s
  original  -- omission(transcript->soap)=4.00 groundedness(soap->transcript)=43.00
  condensed -- omission(transcript->soap)=4.00 groundedness(soap->transcript)=25.05
  diff (condensed - original, positive = improved) -- omission(transcript->soap)=0.00 groundedness(soap->transcript)=-17.95
  words: 2031 -> 1268 (reduced by 763, 37.6%)
[run 1/1] [3/57] prim11.txt: condensed in 2.73s
prim11.txt: run=1 elapsed=2.73s
  original  -- omission(transcript->soap)=2.00 groundedness(soap->transcript)=71.00
  condensed -- omission(transcript->soap)=2.00 groundedness(soap->transcript)=37.00
  diff (condensed - original, positive = improved) -- omission(transcript->soap)=0.00 groundedness(soap->transcript)=-34.00
  words: 2507 -> 1301 (reduced by 1206, 48.1%)
[run 1/1] [4/57] prim12.txt: condensed in 1.71s
prim12.txt: run=1 elapsed=1.71s
  original  -- omission(transcript->soap)=3.00 groundedness(soap->transcript)=16.43
  condensed -- omission(transcript->soap)=3.00 groundedness(soap->transcript)=5.17
  diff (condensed - original, positive = improved) -- omission(transcript->soap)=0.00 groundedness(soap->transcript)=-11.26
  words: 1291 -> 808 (reduced by 483, 37.4%)
[run 1/1] [5/57] prim13.txt: condensed in 2.14s
prim13.txt: run=1 elapsed=2.14s
  original  -- omission(transcript->soap)=3.01 groundedness(soap->transcript)=42.04
  condensed -- omission(transcript->soap)=3.06 groundedness(soap->transcript)=28.23
  diff (condensed - original, positive = improved) -- omission(transcript->soap)=0.06 groundedness(soap->transcript)=-13.81
  words: 1843 -> 1396 (reduced by 447, 24.3%)
[run 1/1] [6/57] prim14.txt: condensed in 2.20s
prim14.txt: run=1 elapsed=2.20s
  original  -- omission(transcript->soap)=3.00 groundedness(soap->transcript)=46.00
  condensed -- omission(transcript->soap)=3.00 groundedness(soap->transcript)=35.00
  diff (condensed - original, positive = improved) -- omission(transcript->soap)=-0.00 groundedness(soap->transcript)=-11.00
  words: 2067 -> 1503 (reduced by 564, 27.3%)
[run 1/1] [7/57] prim15.txt: condensed in 1.79s
prim15.txt: run=1 elapsed=1.79s
  original  -- omission(transcript->soap)=4.01 groundedness(soap->transcript)=22.04
  condensed -- omission(transcript->soap)=4.01 groundedness(soap->transcript)=15.03
  diff (condensed - original, positive = improved) -- omission(transcript->soap)=-0.00 groundedness(soap->transcript)=-7.01
  words: 1404 -> 892 (reduced by 512, 36.5%)
[run 1/1] [8/57] prim16.txt: condensed in 1.31s
prim16.txt: run=1 elapsed=1.31s
  original  -- omission(transcript->soap)=3.00 groundedness(soap->transcript)=40.01
  condensed -- omission(transcript->soap)=3.00 groundedness(soap->transcript)=25.00
  diff (condensed - original, positive = improved) -- omission(transcript->soap)=-0.00 groundedness(soap->transcript)=-15.01
  words: 1239 -> 804 (reduced by 435, 35.1%)
[run 1/1] [9/57] prim17.txt: condensed in 1.84s
prim17.txt: run=1 elapsed=1.84s
  original  -- omission(transcript->soap)=4.00 groundedness(soap->transcript)=37.00
  condensed -- omission(transcript->soap)=4.00 groundedness(soap->transcript)=29.01
  diff (condensed - original, positive = improved) -- omission(transcript->soap)=0.00 groundedness(soap->transcript)=-8.00
  words: 1829 -> 1218 (reduced by 611, 33.4%)
[run 1/1] [10/57] prim18.txt: condensed in 1.69s
prim18.txt: run=1 elapsed=1.69s
  original  -- omission(transcript->soap)=5.00 groundedness(soap->transcript)=34.00
  condensed -- omission(transcript->soap)=5.00 groundedness(soap->transcript)=30.00
  diff (condensed - original, positive = improved) -- omission(transcript->soap)=0.00 groundedness(soap->transcript)=-4.00
  words: 1539 -> 975 (reduced by 564, 36.6%)
[run 1/1] [11/57] prim19.txt: condensed in 2.25s
prim19.txt: run=1 elapsed=2.25s
  original  -- omission(transcript->soap)=2.01 groundedness(soap->transcript)=52.00
  condensed -- omission(transcript->soap)=2.06 groundedness(soap->transcript)=44.02
  diff (condensed - original, positive = improved) -- omission(transcript->soap)=0.05 groundedness(soap->transcript)=-7.98
  words: 2011 -> 1345 (reduced by 666, 33.1%)
[run 1/1] [12/57] prim2.txt: condensed in 2.10s
prim2.txt: run=1 elapsed=2.10s
  original  -- omission(transcript->soap)=3.13 groundedness(soap->transcript)=35.00
  condensed -- omission(transcript->soap)=3.00 groundedness(soap->transcript)=26.00
  diff (condensed - original, positive = improved) -- omission(transcript->soap)=-0.13 groundedness(soap->transcript)=-9.00
  words: 1806 -> 1263 (reduced by 543, 30.1%)
[run 1/1] [13/57] prim20.txt: condensed in 2.35s
prim20.txt: run=1 elapsed=2.35s
  original  -- omission(transcript->soap)=4.00 groundedness(soap->transcript)=59.48
  condensed -- omission(transcript->soap)=4.00 groundedness(soap->transcript)=41.00
  diff (condensed - original, positive = improved) -- omission(transcript->soap)=0.00 groundedness(soap->transcript)=-18.48
  words: 2044 -> 1332 (reduced by 712, 34.8%)
[run 1/1] [14/57] prim21.txt: condensed in 2.25s
prim21.txt: run=1 elapsed=2.25s
  original  -- omission(transcript->soap)=5.00 groundedness(soap->transcript)=42.00
  condensed -- omission(transcript->soap)=5.00 groundedness(soap->transcript)=33.00
  diff (condensed - original, positive = improved) -- omission(transcript->soap)=0.00 groundedness(soap->transcript)=-9.00
  words: 2100 -> 1597 (reduced by 503, 24.0%)
[run 1/1] [15/57] prim22.txt: condensed in 1.79s
prim22.txt: run=1 elapsed=1.79s
  original  -- omission(transcript->soap)=2.01 groundedness(soap->transcript)=25.00
  condensed -- omission(transcript->soap)=2.30 groundedness(soap->transcript)=15.05
  diff (condensed - original, positive = improved) -- omission(transcript->soap)=0.29 groundedness(soap->transcript)=-9.95
  words: 1469 -> 854 (reduced by 615, 41.9%)
[run 1/1] [16/57] prim23.txt: condensed in 2.22s
prim23.txt: run=1 elapsed=2.22s
  original  -- omission(transcript->soap)=4.00 groundedness(soap->transcript)=58.00
  condensed -- omission(transcript->soap)=4.00 groundedness(soap->transcript)=41.00
  diff (condensed - original, positive = improved) -- omission(transcript->soap)=0.00 groundedness(soap->transcript)=-17.00
  words: 1933 -> 1134 (reduced by 799, 41.3%)
[run 1/1] [17/57] prim24.txt: condensed in 1.34s
prim24.txt: run=1 elapsed=1.34s
  original  -- omission(transcript->soap)=4.04 groundedness(soap->transcript)=36.00
  condensed -- omission(transcript->soap)=4.00 groundedness(soap->transcript)=26.22
  diff (condensed - original, positive = improved) -- omission(transcript->soap)=-0.04 groundedness(soap->transcript)=-9.78
  words: 1139 -> 672 (reduced by 467, 41.0%)
[run 1/1] [18/57] prim25.txt: condensed in 2.11s
prim25.txt: run=1 elapsed=2.11s
  original  -- omission(transcript->soap)=5.00 groundedness(soap->transcript)=51.00
  condensed -- omission(transcript->soap)=5.01 groundedness(soap->transcript)=38.00
  diff (condensed - original, positive = improved) -- omission(transcript->soap)=0.01 groundedness(soap->transcript)=-13.00
  words: 1959 -> 1305 (reduced by 654, 33.4%)
[run 1/1] [19/57] prim26.txt: condensed in 1.59s
prim26.txt: run=1 elapsed=1.59s
  original  -- omission(transcript->soap)=8.00 groundedness(soap->transcript)=46.00
  condensed -- omission(transcript->soap)=8.00 groundedness(soap->transcript)=43.00
  diff (condensed - original, positive = improved) -- omission(transcript->soap)=-0.00 groundedness(soap->transcript)=-3.00
  words: 1362 -> 1012 (reduced by 350, 25.7%)
[run 1/1] [20/57] prim27.txt: condensed in 1.35s
prim27.txt: run=1 elapsed=1.35s
  original  -- omission(transcript->soap)=10.00 groundedness(soap->transcript)=51.00
  condensed -- omission(transcript->soap)=10.00 groundedness(soap->transcript)=43.00
  diff (condensed - original, positive = improved) -- omission(transcript->soap)=-0.00 groundedness(soap->transcript)=-8.00
  words: 1241 -> 980 (reduced by 261, 21.0%)
[run 1/1] [21/57] prim28.txt: condensed in 2.29s
prim28.txt: run=1 elapsed=2.29s
  original  -- omission(transcript->soap)=17.00 groundedness(soap->transcript)=103.00
  condensed -- omission(transcript->soap)=17.00 groundedness(soap->transcript)=69.00
  diff (condensed - original, positive = improved) -- omission(transcript->soap)=0.00 groundedness(soap->transcript)=-34.00
  words: 1980 -> 1121 (reduced by 859, 43.4%)
[run 1/1] [22/57] prim29.txt: condensed in 1.48s
prim29.txt: run=1 elapsed=1.48s
  original  -- omission(transcript->soap)=13.00 groundedness(soap->transcript)=67.00
  condensed -- omission(transcript->soap)=13.00 groundedness(soap->transcript)=48.00
  diff (condensed - original, positive = improved) -- omission(transcript->soap)=0.00 groundedness(soap->transcript)=-19.00
  words: 1195 -> 770 (reduced by 425, 35.6%)
[run 1/1] [23/57] prim3.txt: condensed in 2.13s
prim3.txt: run=1 elapsed=2.13s
  original  -- omission(transcript->soap)=3.00 groundedness(soap->transcript)=40.03
  condensed -- omission(transcript->soap)=3.00 groundedness(soap->transcript)=31.24
  diff (condensed - original, positive = improved) -- omission(transcript->soap)=0.00 groundedness(soap->transcript)=-8.79
  words: 1706 -> 1219 (reduced by 487, 28.5%)
[run 1/1] [24/57] prim30.txt: condensed in 1.39s
prim30.txt: run=1 elapsed=1.39s
  original  -- omission(transcript->soap)=7.00 groundedness(soap->transcript)=64.00
  condensed -- omission(transcript->soap)=7.00 groundedness(soap->transcript)=48.00
  diff (condensed - original, positive = improved) -- omission(transcript->soap)=0.00 groundedness(soap->transcript)=-16.00
  words: 1184 -> 799 (reduced by 385, 32.5%)
[run 1/1] [25/57] prim31.txt: condensed in 0.78s
prim31.txt: run=1 elapsed=0.78s
  original  -- omission(transcript->soap)=3.02 groundedness(soap->transcript)=14.24
  condensed -- omission(transcript->soap)=3.00 groundedness(soap->transcript)=11.00
  diff (condensed - original, positive = improved) -- omission(transcript->soap)=-0.02 groundedness(soap->transcript)=-3.24
  words: 644 -> 459 (reduced by 185, 28.7%)
[run 1/1] [26/57] prim32.txt: condensed in 1.44s
prim32.txt: run=1 elapsed=1.44s
  original  -- omission(transcript->soap)=7.00 groundedness(soap->transcript)=42.00
  condensed -- omission(transcript->soap)=7.01 groundedness(soap->transcript)=29.06
  diff (condensed - original, positive = improved) -- omission(transcript->soap)=0.01 groundedness(soap->transcript)=-12.94
  words: 1252 -> 903 (reduced by 349, 27.9%)
[run 1/1] [27/57] prim33.txt: condensed in 1.13s
prim33.txt: run=1 elapsed=1.13s
  original  -- omission(transcript->soap)=4.00 groundedness(soap->transcript)=26.06
  condensed -- omission(transcript->soap)=4.00 groundedness(soap->transcript)=22.01
  diff (condensed - original, positive = improved) -- omission(transcript->soap)=-0.00 groundedness(soap->transcript)=-4.05
  words: 986 -> 687 (reduced by 299, 30.3%)
[run 1/1] [28/57] prim34.txt: condensed in 2.33s
prim34.txt: run=1 elapsed=2.33s
  original  -- omission(transcript->soap)=5.00 groundedness(soap->transcript)=80.00
  condensed -- omission(transcript->soap)=5.08 groundedness(soap->transcript)=65.00
  diff (condensed - original, positive = improved) -- omission(transcript->soap)=0.08 groundedness(soap->transcript)=-15.00
  words: 2209 -> 1580 (reduced by 629, 28.5%)
[run 1/1] [29/57] prim35.txt: condensed in 1.90s
prim35.txt: run=1 elapsed=1.90s
  original  -- omission(transcript->soap)=4.00 groundedness(soap->transcript)=78.00
  condensed -- omission(transcript->soap)=4.00 groundedness(soap->transcript)=70.00
  diff (condensed - original, positive = improved) -- omission(transcript->soap)=0.00 groundedness(soap->transcript)=-8.00
  words: 1454 -> 1101 (reduced by 353, 24.3%)
[run 1/1] [30/57] prim36.txt: condensed in 1.99s
prim36.txt: run=1 elapsed=1.99s
  original  -- omission(transcript->soap)=3.00 groundedness(soap->transcript)=53.00
  condensed -- omission(transcript->soap)=3.00 groundedness(soap->transcript)=32.00
  diff (condensed - original, positive = improved) -- omission(transcript->soap)=0.00 groundedness(soap->transcript)=-21.00
  words: 1403 -> 740 (reduced by 663, 47.3%)
[run 1/1] [31/57] prim37.txt: condensed in 2.00s
prim37.txt: run=1 elapsed=2.00s
  original  -- omission(transcript->soap)=4.01 groundedness(soap->transcript)=48.00
  condensed -- omission(transcript->soap)=4.40 groundedness(soap->transcript)=16.08
  diff (condensed - original, positive = improved) -- omission(transcript->soap)=0.39 groundedness(soap->transcript)=-31.92
  words: 1407 -> 463 (reduced by 944, 67.1%)
[run 1/1] [32/57] prim38.txt: condensed in 1.53s
prim38.txt: run=1 elapsed=1.53s
  original  -- omission(transcript->soap)=2.00 groundedness(soap->transcript)=36.05
  condensed -- omission(transcript->soap)=2.00 groundedness(soap->transcript)=22.00
  diff (condensed - original, positive = improved) -- omission(transcript->soap)=0.00 groundedness(soap->transcript)=-14.05
  words: 1137 -> 557 (reduced by 580, 51.0%)
[run 1/1] [33/57] prim39.txt: condensed in 1.35s
prim39.txt: run=1 elapsed=1.35s
  original  -- omission(transcript->soap)=4.00 groundedness(soap->transcript)=33.00
  condensed -- omission(transcript->soap)=4.00 groundedness(soap->transcript)=22.00
  diff (condensed - original, positive = improved) -- omission(transcript->soap)=0.00 groundedness(soap->transcript)=-11.00
  words: 1106 -> 702 (reduced by 404, 36.5%)
[run 1/1] [34/57] prim4.txt: condensed in 1.94s
prim4.txt: run=1 elapsed=1.94s
  original  -- omission(transcript->soap)=3.00 groundedness(soap->transcript)=42.00
  condensed -- omission(transcript->soap)=3.00 groundedness(soap->transcript)=27.14
  diff (condensed - original, positive = improved) -- omission(transcript->soap)=0.00 groundedness(soap->transcript)=-14.87
  words: 1820 -> 1171 (reduced by 649, 35.7%)
[run 1/1] [35/57] prim40.txt: condensed in 1.73s
prim40.txt: run=1 elapsed=1.73s
  original  -- omission(transcript->soap)=4.00 groundedness(soap->transcript)=58.00
  condensed -- omission(transcript->soap)=4.00 groundedness(soap->transcript)=38.00
  diff (condensed - original, positive = improved) -- omission(transcript->soap)=0.00 groundedness(soap->transcript)=-20.00
  words: 1697 -> 1017 (reduced by 680, 40.1%)
[run 1/1] [36/57] prim41.txt: condensed in 2.17s
prim41.txt: run=1 elapsed=2.17s
  original  -- omission(transcript->soap)=5.00 groundedness(soap->transcript)=43.00
  condensed -- omission(transcript->soap)=5.00 groundedness(soap->transcript)=35.00
  diff (condensed - original, positive = improved) -- omission(transcript->soap)=-0.00 groundedness(soap->transcript)=-8.00
  words: 1807 -> 1184 (reduced by 623, 34.5%)
[run 1/1] [37/57] prim42.txt: condensed in 2.09s
prim42.txt: run=1 elapsed=2.09s
  original  -- omission(transcript->soap)=2.00 groundedness(soap->transcript)=66.00
  condensed -- omission(transcript->soap)=2.01 groundedness(soap->transcript)=52.00
  diff (condensed - original, positive = improved) -- omission(transcript->soap)=0.01 groundedness(soap->transcript)=-14.00
  words: 1930 -> 1445 (reduced by 485, 25.1%)
[run 1/1] [38/57] prim43.txt: condensed in 2.38s
prim43.txt: run=1 elapsed=2.38s
  original  -- omission(transcript->soap)=2.00 groundedness(soap->transcript)=33.00
  condensed -- omission(transcript->soap)=2.04 groundedness(soap->transcript)=21.92
  diff (condensed - original, positive = improved) -- omission(transcript->soap)=0.04 groundedness(soap->transcript)=-11.08
  words: 1934 -> 933 (reduced by 1001, 51.8%)
[run 1/1] [39/57] prim44.txt: condensed in 2.07s
prim44.txt: run=1 elapsed=2.07s
  original  -- omission(transcript->soap)=4.00 groundedness(soap->transcript)=44.00
  condensed -- omission(transcript->soap)=4.00 groundedness(soap->transcript)=38.00
  diff (condensed - original, positive = improved) -- omission(transcript->soap)=0.00 groundedness(soap->transcript)=-6.00
  words: 1883 -> 1453 (reduced by 430, 22.8%)
[run 1/1] [40/57] prim45.txt: condensed in 2.20s
prim45.txt: run=1 elapsed=2.20s
  original  -- omission(transcript->soap)=2.01 groundedness(soap->transcript)=54.00
  condensed -- omission(transcript->soap)=2.00 groundedness(soap->transcript)=43.00
  diff (condensed - original, positive = improved) -- omission(transcript->soap)=-0.00 groundedness(soap->transcript)=-11.00
  words: 1864 -> 1185 (reduced by 679, 36.4%)
[run 1/1] [41/57] prim46.txt: condensed in 1.67s
prim46.txt: run=1 elapsed=1.67s
  original  -- omission(transcript->soap)=4.00 groundedness(soap->transcript)=36.00
  condensed -- omission(transcript->soap)=4.07 groundedness(soap->transcript)=20.20
  diff (condensed - original, positive = improved) -- omission(transcript->soap)=0.07 groundedness(soap->transcript)=-15.80
  words: 1369 -> 795 (reduced by 574, 41.9%)
[run 1/1] [42/57] prim47.txt: condensed in 1.65s
prim47.txt: run=1 elapsed=1.65s
  original  -- omission(transcript->soap)=2.00 groundedness(soap->transcript)=10.00
  condensed -- omission(transcript->soap)=2.01 groundedness(soap->transcript)=7.21
  diff (condensed - original, positive = improved) -- omission(transcript->soap)=0.01 groundedness(soap->transcript)=-2.79
  words: 1228 -> 685 (reduced by 543, 44.2%)
[run 1/1] [43/57] prim48.txt: condensed in 2.52s
prim48.txt: run=1 elapsed=2.52s
  original  -- omission(transcript->soap)=6.00 groundedness(soap->transcript)=62.04
  condensed -- omission(transcript->soap)=6.00 groundedness(soap->transcript)=38.01
  diff (condensed - original, positive = improved) -- omission(transcript->soap)=0.00 groundedness(soap->transcript)=-24.03
  words: 2512 -> 1380 (reduced by 1132, 45.1%)
[run 1/1] [44/57] prim49.txt: condensed in 1.88s
prim49.txt: run=1 elapsed=1.88s
  original  -- omission(transcript->soap)=5.00 groundedness(soap->transcript)=44.00
  condensed -- omission(transcript->soap)=5.00 groundedness(soap->transcript)=27.00
  diff (condensed - original, positive = improved) -- omission(transcript->soap)=0.00 groundedness(soap->transcript)=-17.00
  words: 1410 -> 729 (reduced by 681, 48.3%)
[run 1/1] [45/57] prim5.txt: condensed in 1.99s
prim5.txt: run=1 elapsed=1.99s
  original  -- omission(transcript->soap)=6.00 groundedness(soap->transcript)=40.00
  condensed -- omission(transcript->soap)=6.00 groundedness(soap->transcript)=33.01
  diff (condensed - original, positive = improved) -- omission(transcript->soap)=0.00 groundedness(soap->transcript)=-6.99
  words: 1763 -> 1345 (reduced by 418, 23.7%)
[run 1/1] [46/57] prim50.txt: condensed in 1.39s
prim50.txt: run=1 elapsed=1.39s
  original  -- omission(transcript->soap)=4.00 groundedness(soap->transcript)=22.02
  condensed -- omission(transcript->soap)=4.00 groundedness(soap->transcript)=15.29
  diff (condensed - original, positive = improved) -- omission(transcript->soap)=-0.00 groundedness(soap->transcript)=-6.73
  words: 1044 -> 532 (reduced by 512, 49.0%)
[run 1/1] [47/57] prim51.txt: condensed in 2.04s
prim51.txt: run=1 elapsed=2.04s
  original  -- omission(transcript->soap)=3.08 groundedness(soap->transcript)=51.00
  condensed -- omission(transcript->soap)=3.10 groundedness(soap->transcript)=31.00
  diff (condensed - original, positive = improved) -- omission(transcript->soap)=0.02 groundedness(soap->transcript)=-20.00
  words: 1665 -> 1102 (reduced by 563, 33.8%)
[run 1/1] [48/57] prim52.txt: condensed in 1.77s
prim52.txt: run=1 elapsed=1.77s
  original  -- omission(transcript->soap)=4.01 groundedness(soap->transcript)=37.00
  condensed -- omission(transcript->soap)=4.11 groundedness(soap->transcript)=23.02
  diff (condensed - original, positive = improved) -- omission(transcript->soap)=0.10 groundedness(soap->transcript)=-13.98
  words: 1367 -> 914 (reduced by 453, 33.1%)
[run 1/1] [49/57] prim53.txt: condensed in 1.95s
prim53.txt: run=1 elapsed=1.95s
  original  -- omission(transcript->soap)=5.00 groundedness(soap->transcript)=34.00
  condensed -- omission(transcript->soap)=5.00 groundedness(soap->transcript)=23.00
  diff (condensed - original, positive = improved) -- omission(transcript->soap)=0.00 groundedness(soap->transcript)=-11.00
  words: 1436 -> 723 (reduced by 713, 49.7%)
[run 1/1] [50/57] prim54.txt: condensed in 1.88s
prim54.txt: run=1 elapsed=1.88s
  original  -- omission(transcript->soap)=7.00 groundedness(soap->transcript)=38.01
  condensed -- omission(transcript->soap)=7.00 groundedness(soap->transcript)=26.10
  diff (condensed - original, positive = improved) -- omission(transcript->soap)=0.00 groundedness(soap->transcript)=-11.91
  words: 1502 -> 876 (reduced by 626, 41.7%)
[run 1/1] [51/57] prim55.txt: condensed in 2.00s
prim55.txt: run=1 elapsed=2.00s
  original  -- omission(transcript->soap)=5.00 groundedness(soap->transcript)=44.00
  condensed -- omission(transcript->soap)=5.00 groundedness(soap->transcript)=28.00
  diff (condensed - original, positive = improved) -- omission(transcript->soap)=0.00 groundedness(soap->transcript)=-16.00
  words: 1715 -> 1072 (reduced by 643, 37.5%)
[run 1/1] [52/57] prim56.txt: condensed in 2.32s
prim56.txt: run=1 elapsed=2.32s
  original  -- omission(transcript->soap)=7.00 groundedness(soap->transcript)=67.00
  condensed -- omission(transcript->soap)=7.00 groundedness(soap->transcript)=54.00
  diff (condensed - original, positive = improved) -- omission(transcript->soap)=0.00 groundedness(soap->transcript)=-13.00
  words: 2122 -> 1546 (reduced by 576, 27.1%)
[run 1/1] [53/57] prim57.txt: condensed in 1.22s
prim57.txt: run=1 elapsed=1.22s
  original  -- omission(transcript->soap)=3.01 groundedness(soap->transcript)=21.18
  condensed -- omission(transcript->soap)=3.03 groundedness(soap->transcript)=15.27
  diff (condensed - original, positive = improved) -- omission(transcript->soap)=0.02 groundedness(soap->transcript)=-5.91
  words: 906 -> 449 (reduced by 457, 50.4%)
[run 1/1] [54/57] prim6.txt: condensed in 2.33s
prim6.txt: run=1 elapsed=2.33s
  original  -- omission(transcript->soap)=3.00 groundedness(soap->transcript)=60.00
  condensed -- omission(transcript->soap)=3.01 groundedness(soap->transcript)=36.01
  diff (condensed - original, positive = improved) -- omission(transcript->soap)=0.01 groundedness(soap->transcript)=-24.00
  words: 2028 -> 1168 (reduced by 860, 42.4%)
[run 1/1] [55/57] prim7.txt: condensed in 2.91s
prim7.txt: run=1 elapsed=2.91s
  original  -- omission(transcript->soap)=4.00 groundedness(soap->transcript)=56.00
  condensed -- omission(transcript->soap)=4.01 groundedness(soap->transcript)=30.03
  diff (condensed - original, positive = improved) -- omission(transcript->soap)=0.01 groundedness(soap->transcript)=-25.97
  words: 2974 -> 1719 (reduced by 1255, 42.2%)
[run 1/1] [56/57] prim8.txt: condensed in 1.69s
prim8.txt: run=1 elapsed=1.69s
  original  -- omission(transcript->soap)=3.00 groundedness(soap->transcript)=34.00
  condensed -- omission(transcript->soap)=3.00 groundedness(soap->transcript)=25.02
  diff (condensed - original, positive = improved) -- omission(transcript->soap)=-0.00 groundedness(soap->transcript)=-8.98
  words: 1324 -> 869 (reduced by 455, 34.4%)
[run 1/1] [57/57] prim9.txt: condensed in 1.88s
prim9.txt: run=1 elapsed=1.88s
  original  -- omission(transcript->soap)=3.00 groundedness(soap->transcript)=34.02
  condensed -- omission(transcript->soap)=3.00 groundedness(soap->transcript)=23.03
  diff (condensed - original, positive = improved) -- omission(transcript->soap)=0.00 groundedness(soap->transcript)=-10.99
  words: 1722 -> 1284 (reduced by 438, 25.4%)
[run 1] avg_elapsed=1.90s avg_diff_transcript_to_soap=0.02 avg_diff_groundedness_soap_in_transcript=-13.30 avg_percent_reduced=36.30

=== QuickUMLSCondenser Results ===
Files processed: 57
Average elapsed time: 1.90s
Note: diff_* is (condensed - original); positive means condensing IMPROVED that direction (lower raw scores are the stronger signal), negative means it got worse.
Average Original omission (transcript->soap): 4.44
Average Original groundedness (soap->transcript): 45.17
Average Condensed omission (transcript->soap): 4.46
Average Condensed groundedness (soap->transcript): 31.87
Average Diff omission (transcript->soap): 0.02
Average Diff groundedness (soap->transcript): -13.30
Average Original word count: 1631.96
Average Condensed word count: 1042.47
Average Words reduced: 589.49
Average Percent reduced: 36.30

Saved trend plot to Logs\nlp_main_trends.png
