prim1.txt: run=1 elapsed=1.57s
  original  -- omission(transcript->soap)=3.00 groundedness(soap->transcript)=53.00
  condensed -- omission(transcript->soap)=3.00 groundedness(soap->transcript)=50.00
  diff (condensed - original, positive = improved) -- omission(transcript->soap)=0.00 groundedness(soap->transcript)=-3.00
  words: 1523 -> 1279 (reduced by 244, 16.0%)
prim10.txt: run=1 elapsed=2.11s
  original  -- omission(transcript->soap)=4.00 groundedness(soap->transcript)=43.00
  condensed -- omission(transcript->soap)=4.00 groundedness(soap->transcript)=30.00
  diff (condensed - original, positive = improved) -- omission(transcript->soap)=0.00 groundedness(soap->transcript)=-13.00
  words: 2031 -> 1553 (reduced by 478, 23.5%)
prim11.txt: run=1 elapsed=2.35s
  original  -- omission(transcript->soap)=2.00 groundedness(soap->transcript)=71.00
  condensed -- omission(transcript->soap)=2.00 groundedness(soap->transcript)=54.00
  diff (condensed - original, positive = improved) -- omission(transcript->soap)=0.00 groundedness(soap->transcript)=-17.00
  words: 2507 -> 1812 (reduced by 695, 27.7%)
prim12.txt: run=1 elapsed=1.43s
  original  -- omission(transcript->soap)=3.00 groundedness(soap->transcript)=16.43
  condensed -- omission(transcript->soap)=3.00 groundedness(soap->transcript)=8.12
  diff (condensed - original, positive = improved) -- omission(transcript->soap)=0.00 groundedness(soap->transcript)=-8.31
  words: 1291 -> 1066 (reduced by 225, 17.4%)
prim13.txt: run=1 elapsed=1.94s
  original  -- omission(transcript->soap)=3.01 groundedness(soap->transcript)=42.04
  condensed -- omission(transcript->soap)=3.00 groundedness(soap->transcript)=37.01
  diff (condensed - original, positive = improved) -- omission(transcript->soap)=-0.01 groundedness(soap->transcript)=-5.02
  words: 1843 -> 1593 (reduced by 250, 13.6%)
prim14.txt: run=1 elapsed=2.00s
  original  -- omission(transcript->soap)=3.00 groundedness(soap->transcript)=46.00
  condensed -- omission(transcript->soap)=3.00 groundedness(soap->transcript)=40.00
  diff (condensed - original, positive = improved) -- omission(transcript->soap)=0.00 groundedness(soap->transcript)=-6.00
  words: 2067 -> 1783 (reduced by 284, 13.7%)
prim15.txt: run=1 elapsed=1.59s
  original  -- omission(transcript->soap)=4.01 groundedness(soap->transcript)=22.04
  condensed -- omission(transcript->soap)=4.01 groundedness(soap->transcript)=20.04
  diff (condensed - original, positive = improved) -- omission(transcript->soap)=0.00 groundedness(soap->transcript)=-2.00
  words: 1404 -> 1090 (reduced by 314, 22.4%)
prim16.txt: run=1 elapsed=1.22s
  original  -- omission(transcript->soap)=3.00 groundedness(soap->transcript)=40.01
  condensed -- omission(transcript->soap)=3.00 groundedness(soap->transcript)=32.00
  diff (condensed - original, positive = improved) -- omission(transcript->soap)=-0.00 groundedness(soap->transcript)=-8.01
  words: 1239 -> 983 (reduced by 256, 20.7%)
prim17.txt: run=1 elapsed=1.70s
  original  -- omission(transcript->soap)=4.00 groundedness(soap->transcript)=37.00
  condensed -- omission(transcript->soap)=4.00 groundedness(soap->transcript)=33.00
  diff (condensed - original, positive = improved) -- omission(transcript->soap)=-0.00 groundedness(soap->transcript)=-4.00
  words: 1829 -> 1551 (reduced by 278, 15.2%)
prim18.txt: run=1 elapsed=1.55s
  original  -- omission(transcript->soap)=5.00 groundedness(soap->transcript)=34.00
  condensed -- omission(transcript->soap)=5.00 groundedness(soap->transcript)=33.00
  diff (condensed - original, positive = improved) -- omission(transcript->soap)=-0.00 groundedness(soap->transcript)=-1.00
  words: 1539 -> 1337 (reduced by 202, 13.1%)
prim19.txt: run=1 elapsed=1.97s
  original  -- omission(transcript->soap)=2.01 groundedness(soap->transcript)=52.00
  condensed -- omission(transcript->soap)=2.01 groundedness(soap->transcript)=48.00
  diff (condensed - original, positive = improved) -- omission(transcript->soap)=-0.00 groundedness(soap->transcript)=-4.00
  words: 2011 -> 1669 (reduced by 342, 17.0%)
prim2.txt: run=1 elapsed=1.83s
  original  -- omission(transcript->soap)=3.13 groundedness(soap->transcript)=35.00
  condensed -- omission(transcript->soap)=3.00 groundedness(soap->transcript)=30.00
  diff (condensed - original, positive = improved) -- omission(transcript->soap)=-0.13 groundedness(soap->transcript)=-5.00
  words: 1806 -> 1480 (reduced by 326, 18.1%)
prim20.txt: run=1 elapsed=2.07s
  original  -- omission(transcript->soap)=4.00 groundedness(soap->transcript)=59.48
  condensed -- omission(transcript->soap)=4.00 groundedness(soap->transcript)=54.06
  diff (condensed - original, positive = improved) -- omission(transcript->soap)=-0.00 groundedness(soap->transcript)=-5.43
  words: 2044 -> 1810 (reduced by 234, 11.4%)
prim21.txt: run=1 elapsed=2.11s
  original  -- omission(transcript->soap)=5.00 groundedness(soap->transcript)=42.00
  condensed -- omission(transcript->soap)=5.00 groundedness(soap->transcript)=38.00
  diff (condensed - original, positive = improved) -- omission(transcript->soap)=0.00 groundedness(soap->transcript)=-4.00
  words: 2100 -> 1770 (reduced by 330, 15.7%)
prim22.txt: run=1 elapsed=1.70s
  original  -- omission(transcript->soap)=2.01 groundedness(soap->transcript)=25.00
  condensed -- omission(transcript->soap)=2.03 groundedness(soap->transcript)=19.00
  diff (condensed - original, positive = improved) -- omission(transcript->soap)=0.02 groundedness(soap->transcript)=-6.00
  words: 1469 -> 1130 (reduced by 339, 23.1%)
prim23.txt: run=1 elapsed=2.03s
  original  -- omission(transcript->soap)=4.00 groundedness(soap->transcript)=58.00
  condensed -- omission(transcript->soap)=4.00 groundedness(soap->transcript)=46.00
  diff (condensed - original, positive = improved) -- omission(transcript->soap)=0.00 groundedness(soap->transcript)=-12.00
  words: 1933 -> 1435 (reduced by 498, 25.8%)
prim24.txt: run=1 elapsed=1.26s
  original  -- omission(transcript->soap)=4.04 groundedness(soap->transcript)=36.00
  condensed -- omission(transcript->soap)=4.00 groundedness(soap->transcript)=31.00
  diff (condensed - original, positive = improved) -- omission(transcript->soap)=-0.04 groundedness(soap->transcript)=-5.00
  words: 1139 -> 928 (reduced by 211, 18.5%)
prim25.txt: run=1 elapsed=1.97s
  original  -- omission(transcript->soap)=5.00 groundedness(soap->transcript)=51.00
  condensed -- omission(transcript->soap)=5.00 groundedness(soap->transcript)=49.00
  diff (condensed - original, positive = improved) -- omission(transcript->soap)=-0.00 groundedness(soap->transcript)=-2.00
  words: 1959 -> 1652 (reduced by 307, 15.7%)
prim26.txt: run=1 elapsed=1.49s
  original  -- omission(transcript->soap)=8.00 groundedness(soap->transcript)=46.00
  condensed -- omission(transcript->soap)=8.00 groundedness(soap->transcript)=44.00
  diff (condensed - original, positive = improved) -- omission(transcript->soap)=-0.00 groundedness(soap->transcript)=-2.00
  words: 1362 -> 1110 (reduced by 252, 18.5%)
prim27.txt: run=1 elapsed=1.21s
  original  -- omission(transcript->soap)=10.00 groundedness(soap->transcript)=51.00
  condensed -- omission(transcript->soap)=10.00 groundedness(soap->transcript)=44.00
  diff (condensed - original, positive = improved) -- omission(transcript->soap)=-0.00 groundedness(soap->transcript)=-7.00
  words: 1241 -> 1017 (reduced by 224, 18.0%)
prim28.txt: run=1 elapsed=2.09s
  original  -- omission(transcript->soap)=17.00 groundedness(soap->transcript)=103.00
  condensed -- omission(transcript->soap)=17.00 groundedness(soap->transcript)=86.00
  diff (condensed - original, positive = improved) -- omission(transcript->soap)=0.00 groundedness(soap->transcript)=-17.00
  words: 1980 -> 1518 (reduced by 462, 23.3%)
prim29.txt: run=1 elapsed=1.35s
  original  -- omission(transcript->soap)=13.00 groundedness(soap->transcript)=67.00
  condensed -- omission(transcript->soap)=13.00 groundedness(soap->transcript)=57.00
  diff (condensed - original, positive = improved) -- omission(transcript->soap)=0.00 groundedness(soap->transcript)=-10.00
  words: 1195 -> 921 (reduced by 274, 22.9%)
prim3.txt: run=1 elapsed=1.92s
  original  -- omission(transcript->soap)=3.00 groundedness(soap->transcript)=40.03
  condensed -- omission(transcript->soap)=3.00 groundedness(soap->transcript)=33.02
  diff (condensed - original, positive = improved) -- omission(transcript->soap)=0.00 groundedness(soap->transcript)=-7.01
  words: 1706 -> 1365 (reduced by 341, 20.0%)
prim30.txt: run=1 elapsed=1.27s
  original  -- omission(transcript->soap)=7.00 groundedness(soap->transcript)=64.00
  condensed -- omission(transcript->soap)=7.00 groundedness(soap->transcript)=60.00
  diff (condensed - original, positive = improved) -- omission(transcript->soap)=0.00 groundedness(soap->transcript)=-4.00
  words: 1184 -> 951 (reduced by 233, 19.7%)
prim31.txt: run=1 elapsed=0.73s
  original  -- omission(transcript->soap)=3.02 groundedness(soap->transcript)=14.24
  condensed -- omission(transcript->soap)=3.05 groundedness(soap->transcript)=12.00
  diff (condensed - original, positive = improved) -- omission(transcript->soap)=0.02 groundedness(soap->transcript)=-2.24
  words: 644 -> 477 (reduced by 167, 25.9%)
prim32.txt: run=1 elapsed=1.46s
  original  -- omission(transcript->soap)=7.00 groundedness(soap->transcript)=42.00
  condensed -- omission(transcript->soap)=7.00 groundedness(soap->transcript)=32.01
  diff (condensed - original, positive = improved) -- omission(transcript->soap)=0.00 groundedness(soap->transcript)=-9.99
  words: 1252 -> 1026 (reduced by 226, 18.1%)
prim33.txt: run=1 elapsed=1.06s
  original  -- omission(transcript->soap)=4.00 groundedness(soap->transcript)=26.06
  condensed -- omission(transcript->soap)=4.00 groundedness(soap->transcript)=23.03
  diff (condensed - original, positive = improved) -- omission(transcript->soap)=-0.00 groundedness(soap->transcript)=-3.03
  words: 986 -> 798 (reduced by 188, 19.1%)
prim34.txt: run=1 elapsed=2.20s
  original  -- omission(transcript->soap)=5.00 groundedness(soap->transcript)=80.00
  condensed -- omission(transcript->soap)=5.01 groundedness(soap->transcript)=73.00
  diff (condensed - original, positive = improved) -- omission(transcript->soap)=0.01 groundedness(soap->transcript)=-7.00
  words: 2209 -> 1953 (reduced by 256, 11.6%)
prim35.txt: run=1 elapsed=1.54s
  original  -- omission(transcript->soap)=4.00 groundedness(soap->transcript)=78.00
  condensed -- omission(transcript->soap)=4.00 groundedness(soap->transcript)=76.00
  diff (condensed - original, positive = improved) -- omission(transcript->soap)=-0.00 groundedness(soap->transcript)=-2.00
  words: 1454 -> 1279 (reduced by 175, 12.0%)
prim36.txt: run=1 elapsed=1.65s
  original  -- omission(transcript->soap)=3.00 groundedness(soap->transcript)=53.00
  condensed -- omission(transcript->soap)=3.00 groundedness(soap->transcript)=46.00
  diff (condensed - original, positive = improved) -- omission(transcript->soap)=0.00 groundedness(soap->transcript)=-7.00
  words: 1403 -> 1034 (reduced by 369, 26.3%)
prim37.txt: run=1 elapsed=1.81s
  original  -- omission(transcript->soap)=4.01 groundedness(soap->transcript)=48.00
  condensed -- omission(transcript->soap)=4.00 groundedness(soap->transcript)=31.00
  diff (condensed - original, positive = improved) -- omission(transcript->soap)=-0.01 groundedness(soap->transcript)=-17.00
  words: 1407 -> 856 (reduced by 551, 39.2%)
prim38.txt: run=1 elapsed=1.36s
  original  -- omission(transcript->soap)=2.00 groundedness(soap->transcript)=36.05
  condensed -- omission(transcript->soap)=2.00 groundedness(soap->transcript)=27.00
  diff (condensed - original, positive = improved) -- omission(transcript->soap)=0.00 groundedness(soap->transcript)=-9.05
  words: 1137 -> 737 (reduced by 400, 35.2%)
prim39.txt: run=1 elapsed=1.24s
  original  -- omission(transcript->soap)=4.00 groundedness(soap->transcript)=33.00
  condensed -- omission(transcript->soap)=4.00 groundedness(soap->transcript)=28.00
  diff (condensed - original, positive = improved) -- omission(transcript->soap)=0.00 groundedness(soap->transcript)=-5.00
  words: 1106 -> 826 (reduced by 280, 25.3%)
prim4.txt: run=1 elapsed=1.83s
  original  -- omission(transcript->soap)=3.00 groundedness(soap->transcript)=42.00
  condensed -- omission(transcript->soap)=3.00 groundedness(soap->transcript)=37.04
  diff (condensed - original, positive = improved) -- omission(transcript->soap)=0.00 groundedness(soap->transcript)=-4.97
  words: 1820 -> 1428 (reduced by 392, 21.5%)
prim40.txt: run=1 elapsed=1.63s
  original  -- omission(transcript->soap)=4.00 groundedness(soap->transcript)=58.00
  condensed -- omission(transcript->soap)=4.00 groundedness(soap->transcript)=53.00
  diff (condensed - original, positive = improved) -- omission(transcript->soap)=-0.00 groundedness(soap->transcript)=-5.00
  words: 1697 -> 1328 (reduced by 369, 21.7%)
prim41.txt: run=1 elapsed=1.95s
  original  -- omission(transcript->soap)=5.00 groundedness(soap->transcript)=43.00
  condensed -- omission(transcript->soap)=5.01 groundedness(soap->transcript)=43.00
  diff (condensed - original, positive = improved) -- omission(transcript->soap)=0.00 groundedness(soap->transcript)=-0.00
  words: 1807 -> 1560 (reduced by 247, 13.7%)
prim42.txt: run=1 elapsed=1.85s
  original  -- omission(transcript->soap)=2.00 groundedness(soap->transcript)=66.00
  condensed -- omission(transcript->soap)=2.00 groundedness(soap->transcript)=60.00
  diff (condensed - original, positive = improved) -- omission(transcript->soap)=0.00 groundedness(soap->transcript)=-6.00
  words: 1930 -> 1667 (reduced by 263, 13.6%)
prim43.txt: run=1 elapsed=2.20s
  original  -- omission(transcript->soap)=2.00 groundedness(soap->transcript)=33.00
  condensed -- omission(transcript->soap)=2.01 groundedness(soap->transcript)=29.03
  diff (condensed - original, positive = improved) -- omission(transcript->soap)=0.01 groundedness(soap->transcript)=-3.98
  words: 1934 -> 1462 (reduced by 472, 24.4%)
prim44.txt: run=1 elapsed=1.94s
  original  -- omission(transcript->soap)=4.00 groundedness(soap->transcript)=44.00
  condensed -- omission(transcript->soap)=4.00 groundedness(soap->transcript)=40.00
  diff (condensed - original, positive = improved) -- omission(transcript->soap)=0.00 groundedness(soap->transcript)=-4.00
  words: 1883 -> 1590 (reduced by 293, 15.6%)
prim45.txt: run=1 elapsed=1.93s
  original  -- omission(transcript->soap)=2.01 groundedness(soap->transcript)=54.00
  condensed -- omission(transcript->soap)=2.00 groundedness(soap->transcript)=47.00
  diff (condensed - original, positive = improved) -- omission(transcript->soap)=-0.00 groundedness(soap->transcript)=-7.00
  words: 1864 -> 1489 (reduced by 375, 20.1%)
prim46.txt: run=1 elapsed=1.51s
  original  -- omission(transcript->soap)=4.00 groundedness(soap->transcript)=36.00
  condensed -- omission(transcript->soap)=4.01 groundedness(soap->transcript)=26.02
  diff (condensed - original, positive = improved) -- omission(transcript->soap)=0.01 groundedness(soap->transcript)=-9.98
  words: 1369 -> 1018 (reduced by 351, 25.6%)
prim47.txt: run=1 elapsed=1.51s
  original  -- omission(transcript->soap)=2.00 groundedness(soap->transcript)=10.00
  condensed -- omission(transcript->soap)=2.02 groundedness(soap->transcript)=9.02
  diff (condensed - original, positive = improved) -- omission(transcript->soap)=0.02 groundedness(soap->transcript)=-0.98
  words: 1228 -> 848 (reduced by 380, 30.9%)
prim48.txt: run=1 elapsed=2.25s
  original  -- omission(transcript->soap)=6.00 groundedness(soap->transcript)=62.04
  condensed -- omission(transcript->soap)=6.00 groundedness(soap->transcript)=56.00
  diff (condensed - original, positive = improved) -- omission(transcript->soap)=-0.00 groundedness(soap->transcript)=-6.04
  words: 2512 -> 2179 (reduced by 333, 13.3%)
prim49.txt: run=1 elapsed=1.74s
  original  -- omission(transcript->soap)=5.00 groundedness(soap->transcript)=44.00
  condensed -- omission(transcript->soap)=5.00 groundedness(soap->transcript)=35.00
  diff (condensed - original, positive = improved) -- omission(transcript->soap)=0.00 groundedness(soap->transcript)=-9.00
  words: 1410 -> 1039 (reduced by 371, 26.3%)
prim5.txt: run=1 elapsed=1.79s
  original  -- omission(transcript->soap)=6.00 groundedness(soap->transcript)=40.00
  condensed -- omission(transcript->soap)=6.00 groundedness(soap->transcript)=39.01
  diff (condensed - original, positive = improved) -- omission(transcript->soap)=0.00 groundedness(soap->transcript)=-0.99
  words: 1763 -> 1534 (reduced by 229, 13.0%)
prim50.txt: run=1 elapsed=1.27s
  original  -- omission(transcript->soap)=4.00 groundedness(soap->transcript)=22.02
  condensed -- omission(transcript->soap)=4.00 groundedness(soap->transcript)=18.02
  diff (condensed - original, positive = improved) -- omission(transcript->soap)=0.00 groundedness(soap->transcript)=-4.00
  words: 1044 -> 710 (reduced by 334, 32.0%)
prim51.txt: run=1 elapsed=1.90s
  original  -- omission(transcript->soap)=3.08 groundedness(soap->transcript)=51.00
  condensed -- omission(transcript->soap)=3.16 groundedness(soap->transcript)=41.00
  diff (condensed - original, positive = improved) -- omission(transcript->soap)=0.09 groundedness(soap->transcript)=-10.00
  words: 1665 -> 1318 (reduced by 347, 20.8%)
prim52.txt: run=1 elapsed=1.57s
  original  -- omission(transcript->soap)=4.01 groundedness(soap->transcript)=37.00
  condensed -- omission(transcript->soap)=4.02 groundedness(soap->transcript)=30.00
  diff (condensed - original, positive = improved) -- omission(transcript->soap)=0.01 groundedness(soap->transcript)=-7.00
  words: 1367 -> 1038 (reduced by 329, 24.1%)
prim53.txt: run=1 elapsed=1.76s
  original  -- omission(transcript->soap)=5.00 groundedness(soap->transcript)=34.00
  condensed -- omission(transcript->soap)=5.00 groundedness(soap->transcript)=25.00
  diff (condensed - original, positive = improved) -- omission(transcript->soap)=0.00 groundedness(soap->transcript)=-9.00
  words: 1436 -> 906 (reduced by 530, 36.9%)
prim54.txt: run=1 elapsed=1.66s
  original  -- omission(transcript->soap)=7.00 groundedness(soap->transcript)=38.01
  condensed -- omission(transcript->soap)=7.00 groundedness(soap->transcript)=33.01
  diff (condensed - original, positive = improved) -- omission(transcript->soap)=-0.00 groundedness(soap->transcript)=-5.00
  words: 1502 -> 1229 (reduced by 273, 18.2%)
prim55.txt: run=1 elapsed=1.85s
  original  -- omission(transcript->soap)=5.00 groundedness(soap->transcript)=44.00
  condensed -- omission(transcript->soap)=5.00 groundedness(soap->transcript)=38.00
  diff (condensed - original, positive = improved) -- omission(transcript->soap)=0.00 groundedness(soap->transcript)=-6.00
  words: 1715 -> 1432 (reduced by 283, 16.5%)
prim56.txt: run=1 elapsed=2.05s
  original  -- omission(transcript->soap)=7.00 groundedness(soap->transcript)=67.00
  condensed -- omission(transcript->soap)=7.00 groundedness(soap->transcript)=58.00
  diff (condensed - original, positive = improved) -- omission(transcript->soap)=0.00 groundedness(soap->transcript)=-9.00
  words: 2122 -> 1832 (reduced by 290, 13.7%)
prim57.txt: run=1 elapsed=1.10s
  original  -- omission(transcript->soap)=3.01 groundedness(soap->transcript)=21.18
  condensed -- omission(transcript->soap)=3.04 groundedness(soap->transcript)=20.03
  diff (condensed - original, positive = improved) -- omission(transcript->soap)=0.04 groundedness(soap->transcript)=-1.15
  words: 906 -> 618 (reduced by 288, 31.8%)
prim6.txt: run=1 elapsed=2.27s
  original  -- omission(transcript->soap)=3.00 groundedness(soap->transcript)=60.00
  condensed -- omission(transcript->soap)=3.00 groundedness(soap->transcript)=41.00
  diff (condensed - original, positive = improved) -- omission(transcript->soap)=-0.00 groundedness(soap->transcript)=-19.00
  words: 2028 -> 1488 (reduced by 540, 26.6%)
prim7.txt: run=1 elapsed=2.64s
  original  -- omission(transcript->soap)=4.00 groundedness(soap->transcript)=56.00
  condensed -- omission(transcript->soap)=4.00 groundedness(soap->transcript)=45.00
  diff (condensed - original, positive = improved) -- omission(transcript->soap)=0.00 groundedness(soap->transcript)=-11.00
  words: 2974 -> 2388 (reduced by 586, 19.7%)
prim8.txt: run=1 elapsed=1.51s
  original  -- omission(transcript->soap)=3.00 groundedness(soap->transcript)=34.00
  condensed -- omission(transcript->soap)=3.00 groundedness(soap->transcript)=27.03
  diff (condensed - original, positive = improved) -- omission(transcript->soap)=-0.00 groundedness(soap->transcript)=-6.97
  words: 1324 -> 989 (reduced by 335, 25.3%)
prim9.txt: run=1 elapsed=1.72s
  original  -- omission(transcript->soap)=3.00 groundedness(soap->transcript)=34.02
  condensed -- omission(transcript->soap)=3.00 groundedness(soap->transcript)=25.02
  diff (condensed - original, positive = improved) -- omission(transcript->soap)=0.00 groundedness(soap->transcript)=-9.00
  words: 1722 -> 1436 (reduced by 286, 16.6%)
[run 1] avg_elapsed=1.72s avg_diff_transcript_to_soap=0.00 avg_diff_groundedness_soap_in_transcript=-6.58 avg_percent_reduced=20.80

=== QuickUMLSCondenser Results ===
Files processed: 57
Average elapsed time: 1.72s
Note: diff_* is (condensed - original); positive means condensing IMPROVED that direction (lower raw scores are the stronger signal), negative means it got worse.
Average Original omission (transcript->soap): 4.44
Average Original groundedness (soap->transcript): 45.17
Average Condensed omission (transcript->soap): 4.45
Average Condensed groundedness (soap->transcript): 38.59
Average Diff omission (transcript->soap): 0.00
Average Diff groundedness (soap->transcript): -6.58
Average Original word count: 1631.96
Average Condensed word count: 1303.77
Average Words reduced: 328.19
Average Percent reduced: 20.80
