prim1.txt: run=1 elapsed=1.81s
  original  -- omission(transcript->soap)=3.00 groundedness(soap->transcript)=53.00
  condensed -- omission(transcript->soap)=3.00 groundedness(soap->transcript)=41.00
  diff (condensed - original, positive = improved) -- omission(transcript->soap)=0.00 groundedness(soap->transcript)=-12.00
  words: 1523 -> 1085 (reduced by 438, 28.8%)
prim10.txt: run=1 elapsed=2.30s
  original  -- omission(transcript->soap)=4.00 groundedness(soap->transcript)=43.00
  condensed -- omission(transcript->soap)=4.00 groundedness(soap->transcript)=25.05
  diff (condensed - original, positive = improved) -- omission(transcript->soap)=0.00 groundedness(soap->transcript)=-17.95
  words: 2031 -> 1268 (reduced by 763, 37.6%)
prim11.txt: run=1 elapsed=2.73s
  original  -- omission(transcript->soap)=2.00 groundedness(soap->transcript)=71.00
  condensed -- omission(transcript->soap)=2.00 groundedness(soap->transcript)=37.00
  diff (condensed - original, positive = improved) -- omission(transcript->soap)=0.00 groundedness(soap->transcript)=-34.00
  words: 2507 -> 1301 (reduced by 1206, 48.1%)
prim12.txt: run=1 elapsed=1.71s
  original  -- omission(transcript->soap)=3.00 groundedness(soap->transcript)=16.43
  condensed -- omission(transcript->soap)=3.00 groundedness(soap->transcript)=5.17
  diff (condensed - original, positive = improved) -- omission(transcript->soap)=0.00 groundedness(soap->transcript)=-11.26
  words: 1291 -> 808 (reduced by 483, 37.4%)
prim13.txt: run=1 elapsed=2.14s
  original  -- omission(transcript->soap)=3.01 groundedness(soap->transcript)=42.04
  condensed -- omission(transcript->soap)=3.06 groundedness(soap->transcript)=28.23
  diff (condensed - original, positive = improved) -- omission(transcript->soap)=0.06 groundedness(soap->transcript)=-13.81
  words: 1843 -> 1396 (reduced by 447, 24.3%)
prim14.txt: run=1 elapsed=2.20s
  original  -- omission(transcript->soap)=3.00 groundedness(soap->transcript)=46.00
  condensed -- omission(transcript->soap)=3.00 groundedness(soap->transcript)=35.00
  diff (condensed - original, positive = improved) -- omission(transcript->soap)=-0.00 groundedness(soap->transcript)=-11.00
  words: 2067 -> 1503 (reduced by 564, 27.3%)
prim15.txt: run=1 elapsed=1.79s
  original  -- omission(transcript->soap)=4.01 groundedness(soap->transcript)=22.04
  condensed -- omission(transcript->soap)=4.01 groundedness(soap->transcript)=15.03
  diff (condensed - original, positive = improved) -- omission(transcript->soap)=-0.00 groundedness(soap->transcript)=-7.01
  words: 1404 -> 892 (reduced by 512, 36.5%)
prim16.txt: run=1 elapsed=1.31s
  original  -- omission(transcript->soap)=3.00 groundedness(soap->transcript)=40.01
  condensed -- omission(transcript->soap)=3.00 groundedness(soap->transcript)=25.00
  diff (condensed - original, positive = improved) -- omission(transcript->soap)=-0.00 groundedness(soap->transcript)=-15.01
  words: 1239 -> 804 (reduced by 435, 35.1%)
prim17.txt: run=1 elapsed=1.84s
  original  -- omission(transcript->soap)=4.00 groundedness(soap->transcript)=37.00
  condensed -- omission(transcript->soap)=4.00 groundedness(soap->transcript)=29.01
  diff (condensed - original, positive = improved) -- omission(transcript->soap)=0.00 groundedness(soap->transcript)=-8.00
  words: 1829 -> 1218 (reduced by 611, 33.4%)
prim18.txt: run=1 elapsed=1.69s
  original  -- omission(transcript->soap)=5.00 groundedness(soap->transcript)=34.00
  condensed -- omission(transcript->soap)=5.00 groundedness(soap->transcript)=30.00
  diff (condensed - original, positive = improved) -- omission(transcript->soap)=0.00 groundedness(soap->transcript)=-4.00
  words: 1539 -> 975 (reduced by 564, 36.6%)
prim19.txt: run=1 elapsed=2.25s
  original  -- omission(transcript->soap)=2.01 groundedness(soap->transcript)=52.00
  condensed -- omission(transcript->soap)=2.06 groundedness(soap->transcript)=44.02
  diff (condensed - original, positive = improved) -- omission(transcript->soap)=0.05 groundedness(soap->transcript)=-7.98
  words: 2011 -> 1345 (reduced by 666, 33.1%)
prim2.txt: run=1 elapsed=2.10s
  original  -- omission(transcript->soap)=3.13 groundedness(soap->transcript)=35.00
  condensed -- omission(transcript->soap)=3.00 groundedness(soap->transcript)=26.00
  diff (condensed - original, positive = improved) -- omission(transcript->soap)=-0.13 groundedness(soap->transcript)=-9.00
  words: 1806 -> 1263 (reduced by 543, 30.1%)
prim20.txt: run=1 elapsed=2.35s
  original  -- omission(transcript->soap)=4.00 groundedness(soap->transcript)=59.48
  condensed -- omission(transcript->soap)=4.00 groundedness(soap->transcript)=41.00
  diff (condensed - original, positive = improved) -- omission(transcript->soap)=0.00 groundedness(soap->transcript)=-18.48
  words: 2044 -> 1332 (reduced by 712, 34.8%)
prim21.txt: run=1 elapsed=2.25s
  original  -- omission(transcript->soap)=5.00 groundedness(soap->transcript)=42.00
  condensed -- omission(transcript->soap)=5.00 groundedness(soap->transcript)=33.00
  diff (condensed - original, positive = improved) -- omission(transcript->soap)=0.00 groundedness(soap->transcript)=-9.00
  words: 2100 -> 1597 (reduced by 503, 24.0%)
prim22.txt: run=1 elapsed=1.79s
  original  -- omission(transcript->soap)=2.01 groundedness(soap->transcript)=25.00
  condensed -- omission(transcript->soap)=2.30 groundedness(soap->transcript)=15.05
  diff (condensed - original, positive = improved) -- omission(transcript->soap)=0.29 groundedness(soap->transcript)=-9.95
  words: 1469 -> 854 (reduced by 615, 41.9%)
prim23.txt: run=1 elapsed=2.22s
  original  -- omission(transcript->soap)=4.00 groundedness(soap->transcript)=58.00
  condensed -- omission(transcript->soap)=4.00 groundedness(soap->transcript)=41.00
  diff (condensed - original, positive = improved) -- omission(transcript->soap)=0.00 groundedness(soap->transcript)=-17.00
  words: 1933 -> 1134 (reduced by 799, 41.3%)
prim24.txt: run=1 elapsed=1.34s
  original  -- omission(transcript->soap)=4.04 groundedness(soap->transcript)=36.00
  condensed -- omission(transcript->soap)=4.00 groundedness(soap->transcript)=26.22
  diff (condensed - original, positive = improved) -- omission(transcript->soap)=-0.04 groundedness(soap->transcript)=-9.78
  words: 1139 -> 672 (reduced by 467, 41.0%)
prim25.txt: run=1 elapsed=2.11s
  original  -- omission(transcript->soap)=5.00 groundedness(soap->transcript)=51.00
  condensed -- omission(transcript->soap)=5.01 groundedness(soap->transcript)=38.00
  diff (condensed - original, positive = improved) -- omission(transcript->soap)=0.01 groundedness(soap->transcript)=-13.00
  words: 1959 -> 1305 (reduced by 654, 33.4%)
prim26.txt: run=1 elapsed=1.59s
  original  -- omission(transcript->soap)=8.00 groundedness(soap->transcript)=46.00
  condensed -- omission(transcript->soap)=8.00 groundedness(soap->transcript)=43.00
  diff (condensed - original, positive = improved) -- omission(transcript->soap)=-0.00 groundedness(soap->transcript)=-3.00
  words: 1362 -> 1012 (reduced by 350, 25.7%)
prim27.txt: run=1 elapsed=1.35s
  original  -- omission(transcript->soap)=10.00 groundedness(soap->transcript)=51.00
  condensed -- omission(transcript->soap)=10.00 groundedness(soap->transcript)=43.00
  diff (condensed - original, positive = improved) -- omission(transcript->soap)=-0.00 groundedness(soap->transcript)=-8.00
  words: 1241 -> 980 (reduced by 261, 21.0%)
prim28.txt: run=1 elapsed=2.29s
  original  -- omission(transcript->soap)=17.00 groundedness(soap->transcript)=103.00
  condensed -- omission(transcript->soap)=17.00 groundedness(soap->transcript)=69.00
  diff (condensed - original, positive = improved) -- omission(transcript->soap)=0.00 groundedness(soap->transcript)=-34.00
  words: 1980 -> 1121 (reduced by 859, 43.4%)
prim29.txt: run=1 elapsed=1.48s
  original  -- omission(transcript->soap)=13.00 groundedness(soap->transcript)=67.00
  condensed -- omission(transcript->soap)=13.00 groundedness(soap->transcript)=48.00
  diff (condensed - original, positive = improved) -- omission(transcript->soap)=0.00 groundedness(soap->transcript)=-19.00
  words: 1195 -> 770 (reduced by 425, 35.6%)
prim3.txt: run=1 elapsed=2.13s
  original  -- omission(transcript->soap)=3.00 groundedness(soap->transcript)=40.03
  condensed -- omission(transcript->soap)=3.00 groundedness(soap->transcript)=31.24
  diff (condensed - original, positive = improved) -- omission(transcript->soap)=0.00 groundedness(soap->transcript)=-8.79
  words: 1706 -> 1219 (reduced by 487, 28.5%)
prim30.txt: run=1 elapsed=1.39s
  original  -- omission(transcript->soap)=7.00 groundedness(soap->transcript)=64.00
  condensed -- omission(transcript->soap)=7.00 groundedness(soap->transcript)=48.00
  diff (condensed - original, positive = improved) -- omission(transcript->soap)=0.00 groundedness(soap->transcript)=-16.00
  words: 1184 -> 799 (reduced by 385, 32.5%)
prim31.txt: run=1 elapsed=0.78s
  original  -- omission(transcript->soap)=3.02 groundedness(soap->transcript)=14.24
  condensed -- omission(transcript->soap)=3.00 groundedness(soap->transcript)=11.00
  diff (condensed - original, positive = improved) -- omission(transcript->soap)=-0.02 groundedness(soap->transcript)=-3.24
  words: 644 -> 459 (reduced by 185, 28.7%)
prim32.txt: run=1 elapsed=1.44s
  original  -- omission(transcript->soap)=7.00 groundedness(soap->transcript)=42.00
  condensed -- omission(transcript->soap)=7.01 groundedness(soap->transcript)=29.06
  diff (condensed - original, positive = improved) -- omission(transcript->soap)=0.01 groundedness(soap->transcript)=-12.94
  words: 1252 -> 903 (reduced by 349, 27.9%)
prim33.txt: run=1 elapsed=1.13s
  original  -- omission(transcript->soap)=4.00 groundedness(soap->transcript)=26.06
  condensed -- omission(transcript->soap)=4.00 groundedness(soap->transcript)=22.01
  diff (condensed - original, positive = improved) -- omission(transcript->soap)=-0.00 groundedness(soap->transcript)=-4.05
  words: 986 -> 687 (reduced by 299, 30.3%)
prim34.txt: run=1 elapsed=2.33s
  original  -- omission(transcript->soap)=5.00 groundedness(soap->transcript)=80.00
  condensed -- omission(transcript->soap)=5.08 groundedness(soap->transcript)=65.00
  diff (condensed - original, positive = improved) -- omission(transcript->soap)=0.08 groundedness(soap->transcript)=-15.00
  words: 2209 -> 1580 (reduced by 629, 28.5%)
prim35.txt: run=1 elapsed=1.90s
  original  -- omission(transcript->soap)=4.00 groundedness(soap->transcript)=78.00
  condensed -- omission(transcript->soap)=4.00 groundedness(soap->transcript)=70.00
  diff (condensed - original, positive = improved) -- omission(transcript->soap)=0.00 groundedness(soap->transcript)=-8.00
  words: 1454 -> 1101 (reduced by 353, 24.3%)
prim36.txt: run=1 elapsed=1.99s
  original  -- omission(transcript->soap)=3.00 groundedness(soap->transcript)=53.00
  condensed -- omission(transcript->soap)=3.00 groundedness(soap->transcript)=32.00
  diff (condensed - original, positive = improved) -- omission(transcript->soap)=0.00 groundedness(soap->transcript)=-21.00
  words: 1403 -> 740 (reduced by 663, 47.3%)
prim37.txt: run=1 elapsed=2.00s
  original  -- omission(transcript->soap)=4.01 groundedness(soap->transcript)=48.00
  condensed -- omission(transcript->soap)=4.40 groundedness(soap->transcript)=16.08
  diff (condensed - original, positive = improved) -- omission(transcript->soap)=0.39 groundedness(soap->transcript)=-31.92
  words: 1407 -> 463 (reduced by 944, 67.1%)
prim38.txt: run=1 elapsed=1.53s
  original  -- omission(transcript->soap)=2.00 groundedness(soap->transcript)=36.05
  condensed -- omission(transcript->soap)=2.00 groundedness(soap->transcript)=22.00
  diff (condensed - original, positive = improved) -- omission(transcript->soap)=0.00 groundedness(soap->transcript)=-14.05
  words: 1137 -> 557 (reduced by 580, 51.0%)
prim39.txt: run=1 elapsed=1.35s
  original  -- omission(transcript->soap)=4.00 groundedness(soap->transcript)=33.00
  condensed -- omission(transcript->soap)=4.00 groundedness(soap->transcript)=22.00
  diff (condensed - original, positive = improved) -- omission(transcript->soap)=0.00 groundedness(soap->transcript)=-11.00
  words: 1106 -> 702 (reduced by 404, 36.5%)
prim4.txt: run=1 elapsed=1.94s
  original  -- omission(transcript->soap)=3.00 groundedness(soap->transcript)=42.00
  condensed -- omission(transcript->soap)=3.00 groundedness(soap->transcript)=27.14
  diff (condensed - original, positive = improved) -- omission(transcript->soap)=0.00 groundedness(soap->transcript)=-14.87
  words: 1820 -> 1171 (reduced by 649, 35.7%)
prim40.txt: run=1 elapsed=1.73s
  original  -- omission(transcript->soap)=4.00 groundedness(soap->transcript)=58.00
  condensed -- omission(transcript->soap)=4.00 groundedness(soap->transcript)=38.00
  diff (condensed - original, positive = improved) -- omission(transcript->soap)=0.00 groundedness(soap->transcript)=-20.00
  words: 1697 -> 1017 (reduced by 680, 40.1%)
prim41.txt: run=1 elapsed=2.17s
  original  -- omission(transcript->soap)=5.00 groundedness(soap->transcript)=43.00
  condensed -- omission(transcript->soap)=5.00 groundedness(soap->transcript)=35.00
  diff (condensed - original, positive = improved) -- omission(transcript->soap)=-0.00 groundedness(soap->transcript)=-8.00
  words: 1807 -> 1184 (reduced by 623, 34.5%)
prim42.txt: run=1 elapsed=2.09s
  original  -- omission(transcript->soap)=2.00 groundedness(soap->transcript)=66.00
  condensed -- omission(transcript->soap)=2.01 groundedness(soap->transcript)=52.00
  diff (condensed - original, positive = improved) -- omission(transcript->soap)=0.01 groundedness(soap->transcript)=-14.00
  words: 1930 -> 1445 (reduced by 485, 25.1%)
prim43.txt: run=1 elapsed=2.38s
  original  -- omission(transcript->soap)=2.00 groundedness(soap->transcript)=33.00
  condensed -- omission(transcript->soap)=2.04 groundedness(soap->transcript)=21.92
  diff (condensed - original, positive = improved) -- omission(transcript->soap)=0.04 groundedness(soap->transcript)=-11.08
  words: 1934 -> 933 (reduced by 1001, 51.8%)
prim44.txt: run=1 elapsed=2.07s
  original  -- omission(transcript->soap)=4.00 groundedness(soap->transcript)=44.00
  condensed -- omission(transcript->soap)=4.00 groundedness(soap->transcript)=38.00
  diff (condensed - original, positive = improved) -- omission(transcript->soap)=0.00 groundedness(soap->transcript)=-6.00
  words: 1883 -> 1453 (reduced by 430, 22.8%)
prim45.txt: run=1 elapsed=2.20s
  original  -- omission(transcript->soap)=2.01 groundedness(soap->transcript)=54.00
  condensed -- omission(transcript->soap)=2.00 groundedness(soap->transcript)=43.00
  diff (condensed - original, positive = improved) -- omission(transcript->soap)=-0.00 groundedness(soap->transcript)=-11.00
  words: 1864 -> 1185 (reduced by 679, 36.4%)
prim46.txt: run=1 elapsed=1.67s
  original  -- omission(transcript->soap)=4.00 groundedness(soap->transcript)=36.00
  condensed -- omission(transcript->soap)=4.07 groundedness(soap->transcript)=20.20
  diff (condensed - original, positive = improved) -- omission(transcript->soap)=0.07 groundedness(soap->transcript)=-15.80
  words: 1369 -> 795 (reduced by 574, 41.9%)
prim47.txt: run=1 elapsed=1.65s
  original  -- omission(transcript->soap)=2.00 groundedness(soap->transcript)=10.00
  condensed -- omission(transcript->soap)=2.01 groundedness(soap->transcript)=7.21
  diff (condensed - original, positive = improved) -- omission(transcript->soap)=0.01 groundedness(soap->transcript)=-2.79
  words: 1228 -> 685 (reduced by 543, 44.2%)
prim48.txt: run=1 elapsed=2.52s
  original  -- omission(transcript->soap)=6.00 groundedness(soap->transcript)=62.04
  condensed -- omission(transcript->soap)=6.00 groundedness(soap->transcript)=38.01
  diff (condensed - original, positive = improved) -- omission(transcript->soap)=0.00 groundedness(soap->transcript)=-24.03
  words: 2512 -> 1380 (reduced by 1132, 45.1%)
prim49.txt: run=1 elapsed=1.88s
  original  -- omission(transcript->soap)=5.00 groundedness(soap->transcript)=44.00
  condensed -- omission(transcript->soap)=5.00 groundedness(soap->transcript)=27.00
  diff (condensed - original, positive = improved) -- omission(transcript->soap)=0.00 groundedness(soap->transcript)=-17.00
  words: 1410 -> 729 (reduced by 681, 48.3%)
prim5.txt: run=1 elapsed=1.99s
  original  -- omission(transcript->soap)=6.00 groundedness(soap->transcript)=40.00
  condensed -- omission(transcript->soap)=6.00 groundedness(soap->transcript)=33.01
  diff (condensed - original, positive = improved) -- omission(transcript->soap)=0.00 groundedness(soap->transcript)=-6.99
  words: 1763 -> 1345 (reduced by 418, 23.7%)
prim50.txt: run=1 elapsed=1.39s
  original  -- omission(transcript->soap)=4.00 groundedness(soap->transcript)=22.02
  condensed -- omission(transcript->soap)=4.00 groundedness(soap->transcript)=15.29
  diff (condensed - original, positive = improved) -- omission(transcript->soap)=-0.00 groundedness(soap->transcript)=-6.73
  words: 1044 -> 532 (reduced by 512, 49.0%)
prim51.txt: run=1 elapsed=2.04s
  original  -- omission(transcript->soap)=3.08 groundedness(soap->transcript)=51.00
  condensed -- omission(transcript->soap)=3.10 groundedness(soap->transcript)=31.00
  diff (condensed - original, positive = improved) -- omission(transcript->soap)=0.02 groundedness(soap->transcript)=-20.00
  words: 1665 -> 1102 (reduced by 563, 33.8%)
prim52.txt: run=1 elapsed=1.77s
  original  -- omission(transcript->soap)=4.01 groundedness(soap->transcript)=37.00
  condensed -- omission(transcript->soap)=4.11 groundedness(soap->transcript)=23.02
  diff (condensed - original, positive = improved) -- omission(transcript->soap)=0.10 groundedness(soap->transcript)=-13.98
  words: 1367 -> 914 (reduced by 453, 33.1%)
prim53.txt: run=1 elapsed=1.95s
  original  -- omission(transcript->soap)=5.00 groundedness(soap->transcript)=34.00
  condensed -- omission(transcript->soap)=5.00 groundedness(soap->transcript)=23.00
  diff (condensed - original, positive = improved) -- omission(transcript->soap)=0.00 groundedness(soap->transcript)=-11.00
  words: 1436 -> 723 (reduced by 713, 49.7%)
prim54.txt: run=1 elapsed=1.88s
  original  -- omission(transcript->soap)=7.00 groundedness(soap->transcript)=38.01
  condensed -- omission(transcript->soap)=7.00 groundedness(soap->transcript)=26.10
  diff (condensed - original, positive = improved) -- omission(transcript->soap)=0.00 groundedness(soap->transcript)=-11.91
  words: 1502 -> 876 (reduced by 626, 41.7%)
prim55.txt: run=1 elapsed=2.00s
  original  -- omission(transcript->soap)=5.00 groundedness(soap->transcript)=44.00
  condensed -- omission(transcript->soap)=5.00 groundedness(soap->transcript)=28.00
  diff (condensed - original, positive = improved) -- omission(transcript->soap)=0.00 groundedness(soap->transcript)=-16.00
  words: 1715 -> 1072 (reduced by 643, 37.5%)
prim56.txt: run=1 elapsed=2.32s
  original  -- omission(transcript->soap)=7.00 groundedness(soap->transcript)=67.00
  condensed -- omission(transcript->soap)=7.00 groundedness(soap->transcript)=54.00
  diff (condensed - original, positive = improved) -- omission(transcript->soap)=0.00 groundedness(soap->transcript)=-13.00
  words: 2122 -> 1546 (reduced by 576, 27.1%)
prim57.txt: run=1 elapsed=1.22s
  original  -- omission(transcript->soap)=3.01 groundedness(soap->transcript)=21.18
  condensed -- omission(transcript->soap)=3.03 groundedness(soap->transcript)=15.27
  diff (condensed - original, positive = improved) -- omission(transcript->soap)=0.02 groundedness(soap->transcript)=-5.91
  words: 906 -> 449 (reduced by 457, 50.4%)
prim6.txt: run=1 elapsed=2.33s
  original  -- omission(transcript->soap)=3.00 groundedness(soap->transcript)=60.00
  condensed -- omission(transcript->soap)=3.01 groundedness(soap->transcript)=36.01
  diff (condensed - original, positive = improved) -- omission(transcript->soap)=0.01 groundedness(soap->transcript)=-24.00
  words: 2028 -> 1168 (reduced by 860, 42.4%)
prim7.txt: run=1 elapsed=2.91s
  original  -- omission(transcript->soap)=4.00 groundedness(soap->transcript)=56.00
  condensed -- omission(transcript->soap)=4.01 groundedness(soap->transcript)=30.03
  diff (condensed - original, positive = improved) -- omission(transcript->soap)=0.01 groundedness(soap->transcript)=-25.97
  words: 2974 -> 1719 (reduced by 1255, 42.2%)
prim8.txt: run=1 elapsed=1.69s
  original  -- omission(transcript->soap)=3.00 groundedness(soap->transcript)=34.00
  condensed -- omission(transcript->soap)=3.00 groundedness(soap->transcript)=25.02
  diff (condensed - original, positive = improved) -- omission(transcript->soap)=-0.00 groundedness(soap->transcript)=-8.98
  words: 1324 -> 869 (reduced by 455, 34.4%)
prim9.txt: run=1 elapsed=1.88s
  original  -- omission(transcript->soap)=3.00 groundedness(soap->transcript)=34.02
  condensed -- omission(transcript->soap)=3.00 groundedness(soap->transcript)=23.03
  diff (condensed - original, positive = improved) -- omission(transcript->soap)=0.00 groundedness(soap->transcript)=-10.99
  words: 1722 -> 1284 (reduced by 438, 25.4%)
[run 1] avg_elapsed=1.90s avg_diff_transcript_to_soap=0.02 avg_diff_groundedness_soap_in_transcript=-13.30 avg_percent_reduced=36.30

=== QuickUMLSCondenser Results ===
Files processed: 57
Average elapsed time: 1.90s
Note: diff_* is (condensed - original); positive means condensing IMPROVED that direction (lower raw scores are the stronger signal), negative means it got worse.
Average Original omission (transcript->soap): 4.44
Average Original groundedness (soap->transcript): 45.17
Average Condensed omission (transcript->soap): 4.46
Average Condensed groundedness (soap->transcript): 31.87
Average Diff omission (transcript->soap): 0.02
Average Diff groundedness (soap->transcript): -13.30
Average Original word count: 1631.96
Average Condensed word count: 1042.47
Average Words reduced: 589.49
Average Percent reduced: 36.30
