prim1.txt: run=1 elapsed=3.08s
  original  -- omission(transcript->soap)=3.00 groundedness(soap->transcript)=53.00
  condensed -- omission(transcript->soap)=3.00 groundedness(soap->transcript)=42.00
  diff (condensed - original, positive = improved) -- omission(transcript->soap)=0.00 groundedness(soap->transcript)=-11.00
  words: 1523 -> 1076 (reduced by 447, 29.3%)
prim10.txt: run=1 elapsed=3.98s
  original  -- omission(transcript->soap)=4.00 groundedness(soap->transcript)=43.00
  condensed -- omission(transcript->soap)=4.00 groundedness(soap->transcript)=24.06
  diff (condensed - original, positive = improved) -- omission(transcript->soap)=0.00 groundedness(soap->transcript)=-18.94
  words: 2031 -> 1232 (reduced by 799, 39.3%)
prim11.txt: run=1 elapsed=4.42s
  original  -- omission(transcript->soap)=2.00 groundedness(soap->transcript)=71.00
  condensed -- omission(transcript->soap)=2.00 groundedness(soap->transcript)=41.00
  diff (condensed - original, positive = improved) -- omission(transcript->soap)=0.00 groundedness(soap->transcript)=-30.00
  words: 2507 -> 1250 (reduced by 1257, 50.1%)
prim12.txt: run=1 elapsed=2.62s
  original  -- omission(transcript->soap)=3.00 groundedness(soap->transcript)=16.43
  condensed -- omission(transcript->soap)=3.00 groundedness(soap->transcript)=4.08
  diff (condensed - original, positive = improved) -- omission(transcript->soap)=0.00 groundedness(soap->transcript)=-12.35
  words: 1291 -> 722 (reduced by 569, 44.1%)
prim13.txt: run=1 elapsed=3.41s
  original  -- omission(transcript->soap)=3.01 groundedness(soap->transcript)=42.04
  condensed -- omission(transcript->soap)=3.00 groundedness(soap->transcript)=29.01
  diff (condensed - original, positive = improved) -- omission(transcript->soap)=-0.01 groundedness(soap->transcript)=-13.03
  words: 1843 -> 1359 (reduced by 484, 26.3%)
prim14.txt: run=1 elapsed=3.38s
  original  -- omission(transcript->soap)=3.00 groundedness(soap->transcript)=46.00
  condensed -- omission(transcript->soap)=3.00 groundedness(soap->transcript)=36.00
  diff (condensed - original, positive = improved) -- omission(transcript->soap)=-0.00 groundedness(soap->transcript)=-10.00
  words: 2067 -> 1389 (reduced by 678, 32.8%)
prim15.txt: run=1 elapsed=3.14s
  original  -- omission(transcript->soap)=4.01 groundedness(soap->transcript)=22.04
  condensed -- omission(transcript->soap)=4.00 groundedness(soap->transcript)=17.01
  diff (condensed - original, positive = improved) -- omission(transcript->soap)=-0.00 groundedness(soap->transcript)=-5.03
  words: 1404 -> 899 (reduced by 505, 36.0%)
prim16.txt: run=1 elapsed=2.16s
  original  -- omission(transcript->soap)=3.00 groundedness(soap->transcript)=40.01
  condensed -- omission(transcript->soap)=3.00 groundedness(soap->transcript)=23.00
  diff (condensed - original, positive = improved) -- omission(transcript->soap)=0.00 groundedness(soap->transcript)=-17.01
  words: 1239 -> 713 (reduced by 526, 42.5%)
prim17.txt: run=1 elapsed=3.17s
  original  -- omission(transcript->soap)=4.00 groundedness(soap->transcript)=37.00
  condensed -- omission(transcript->soap)=4.00 groundedness(soap->transcript)=29.01
  diff (condensed - original, positive = improved) -- omission(transcript->soap)=0.00 groundedness(soap->transcript)=-7.99
  words: 1829 -> 1308 (reduced by 521, 28.5%)
prim18.txt: run=1 elapsed=2.87s
  original  -- omission(transcript->soap)=5.00 groundedness(soap->transcript)=34.00
  condensed -- omission(transcript->soap)=5.00 groundedness(soap->transcript)=27.00
  diff (condensed - original, positive = improved) -- omission(transcript->soap)=0.00 groundedness(soap->transcript)=-7.00
  words: 1539 -> 996 (reduced by 543, 35.3%)
prim19.txt: run=1 elapsed=3.72s
  original  -- omission(transcript->soap)=2.01 groundedness(soap->transcript)=52.00
  condensed -- omission(transcript->soap)=2.08 groundedness(soap->transcript)=43.01
  diff (condensed - original, positive = improved) -- omission(transcript->soap)=0.07 groundedness(soap->transcript)=-8.99
  words: 2011 -> 1406 (reduced by 605, 30.1%)
prim2.txt: run=1 elapsed=3.18s
  original  -- omission(transcript->soap)=3.13 groundedness(soap->transcript)=35.00
  condensed -- omission(transcript->soap)=3.00 groundedness(soap->transcript)=23.03
  diff (condensed - original, positive = improved) -- omission(transcript->soap)=-0.13 groundedness(soap->transcript)=-11.97
  words: 1806 -> 1180 (reduced by 626, 34.7%)
prim20.txt: run=1 elapsed=3.50s
  original  -- omission(transcript->soap)=4.00 groundedness(soap->transcript)=59.48
  condensed -- omission(transcript->soap)=4.00 groundedness(soap->transcript)=47.08
  diff (condensed - original, positive = improved) -- omission(transcript->soap)=0.00 groundedness(soap->transcript)=-12.41
  words: 2044 -> 1458 (reduced by 586, 28.7%)
prim21.txt: run=1 elapsed=3.55s
  original  -- omission(transcript->soap)=5.00 groundedness(soap->transcript)=42.00
  condensed -- omission(transcript->soap)=5.00 groundedness(soap->transcript)=28.00
  diff (condensed - original, positive = improved) -- omission(transcript->soap)=0.00 groundedness(soap->transcript)=-14.00
  words: 2100 -> 1332 (reduced by 768, 36.6%)
prim22.txt: run=1 elapsed=3.36s
  original  -- omission(transcript->soap)=2.01 groundedness(soap->transcript)=25.00
  condensed -- omission(transcript->soap)=2.17 groundedness(soap->transcript)=17.00
  diff (condensed - original, positive = improved) -- omission(transcript->soap)=0.16 groundedness(soap->transcript)=-8.00
  words: 1469 -> 924 (reduced by 545, 37.1%)
prim23.txt: run=1 elapsed=3.65s
  original  -- omission(transcript->soap)=4.00 groundedness(soap->transcript)=58.00
  condensed -- omission(transcript->soap)=4.00 groundedness(soap->transcript)=40.00
  diff (condensed - original, positive = improved) -- omission(transcript->soap)=0.00 groundedness(soap->transcript)=-18.00
  words: 1933 -> 1147 (reduced by 786, 40.7%)
prim24.txt: run=1 elapsed=2.31s
  original  -- omission(transcript->soap)=4.04 groundedness(soap->transcript)=36.00
  condensed -- omission(transcript->soap)=4.00 groundedness(soap->transcript)=23.05
  diff (condensed - original, positive = improved) -- omission(transcript->soap)=-0.04 groundedness(soap->transcript)=-12.95
  words: 1139 -> 598 (reduced by 541, 47.5%)
prim25.txt: run=1 elapsed=3.45s
  original  -- omission(transcript->soap)=5.00 groundedness(soap->transcript)=51.00
  condensed -- omission(transcript->soap)=5.03 groundedness(soap->transcript)=41.00
  diff (condensed - original, positive = improved) -- omission(transcript->soap)=0.02 groundedness(soap->transcript)=-10.00
  words: 1959 -> 1293 (reduced by 666, 34.0%)
prim26.txt: run=1 elapsed=2.52s
  original  -- omission(transcript->soap)=8.00 groundedness(soap->transcript)=46.00
  condensed -- omission(transcript->soap)=8.00 groundedness(soap->transcript)=37.00
  diff (condensed - original, positive = improved) -- omission(transcript->soap)=0.00 groundedness(soap->transcript)=-9.00
  words: 1362 -> 865 (reduced by 497, 36.5%)
prim27.txt: run=1 elapsed=2.10s
  original  -- omission(transcript->soap)=10.00 groundedness(soap->transcript)=51.00
  condensed -- omission(transcript->soap)=10.00 groundedness(soap->transcript)=35.00
  diff (condensed - original, positive = improved) -- omission(transcript->soap)=-0.00 groundedness(soap->transcript)=-16.00
  words: 1241 -> 776 (reduced by 465, 37.5%)
prim28.txt: run=1 elapsed=3.66s
  original  -- omission(transcript->soap)=17.00 groundedness(soap->transcript)=103.00
  condensed -- omission(transcript->soap)=17.00 groundedness(soap->transcript)=66.00
  diff (condensed - original, positive = improved) -- omission(transcript->soap)=0.00 groundedness(soap->transcript)=-37.00
  words: 1980 -> 1205 (reduced by 775, 39.1%)
prim29.txt: run=1 elapsed=2.49s
  original  -- omission(transcript->soap)=13.00 groundedness(soap->transcript)=67.00
  condensed -- omission(transcript->soap)=13.00 groundedness(soap->transcript)=53.00
  diff (condensed - original, positive = improved) -- omission(transcript->soap)=0.00 groundedness(soap->transcript)=-14.00
  words: 1195 -> 829 (reduced by 366, 30.6%)
prim3.txt: run=1 elapsed=3.42s
  original  -- omission(transcript->soap)=3.00 groundedness(soap->transcript)=40.03
  condensed -- omission(transcript->soap)=3.00 groundedness(soap->transcript)=30.30
  diff (condensed - original, positive = improved) -- omission(transcript->soap)=0.00 groundedness(soap->transcript)=-9.73
  words: 1706 -> 1187 (reduced by 519, 30.4%)
prim30.txt: run=1 elapsed=2.23s
  original  -- omission(transcript->soap)=7.00 groundedness(soap->transcript)=64.00
  condensed -- omission(transcript->soap)=7.00 groundedness(soap->transcript)=46.00
  diff (condensed - original, positive = improved) -- omission(transcript->soap)=0.00 groundedness(soap->transcript)=-18.00
  words: 1184 -> 774 (reduced by 410, 34.6%)
prim31.txt: run=1 elapsed=1.43s
  original  -- omission(transcript->soap)=3.02 groundedness(soap->transcript)=14.24
  condensed -- omission(transcript->soap)=3.05 groundedness(soap->transcript)=11.00
  diff (condensed - original, positive = improved) -- omission(transcript->soap)=0.03 groundedness(soap->transcript)=-3.24
  words: 644 -> 436 (reduced by 208, 32.3%)
prim32.txt: run=1 elapsed=2.56s
  original  -- omission(transcript->soap)=7.00 groundedness(soap->transcript)=42.00
  condensed -- omission(transcript->soap)=7.00 groundedness(soap->transcript)=30.01
  diff (condensed - original, positive = improved) -- omission(transcript->soap)=0.00 groundedness(soap->transcript)=-11.99
  words: 1252 -> 892 (reduced by 360, 28.8%)
prim33.txt: run=1 elapsed=1.94s
  original  -- omission(transcript->soap)=4.00 groundedness(soap->transcript)=26.06
  condensed -- omission(transcript->soap)=4.00 groundedness(soap->transcript)=22.08
  diff (condensed - original, positive = improved) -- omission(transcript->soap)=-0.00 groundedness(soap->transcript)=-3.98
  words: 986 -> 636 (reduced by 350, 35.5%)
prim34.txt: run=1 elapsed=3.56s
  original  -- omission(transcript->soap)=5.00 groundedness(soap->transcript)=80.00
  condensed -- omission(transcript->soap)=5.10 groundedness(soap->transcript)=65.00
  diff (condensed - original, positive = improved) -- omission(transcript->soap)=0.10 groundedness(soap->transcript)=-15.00
  words: 2209 -> 1584 (reduced by 625, 28.3%)
prim35.txt: run=1 elapsed=2.65s
  original  -- omission(transcript->soap)=4.00 groundedness(soap->transcript)=78.00
  condensed -- omission(transcript->soap)=4.00 groundedness(soap->transcript)=55.00
  diff (condensed - original, positive = improved) -- omission(transcript->soap)=0.00 groundedness(soap->transcript)=-23.00
  words: 1454 -> 901 (reduced by 553, 38.0%)
prim36.txt: run=1 elapsed=3.17s
  original  -- omission(transcript->soap)=3.00 groundedness(soap->transcript)=53.00
  condensed -- omission(transcript->soap)=3.00 groundedness(soap->transcript)=40.00
  diff (condensed - original, positive = improved) -- omission(transcript->soap)=0.00 groundedness(soap->transcript)=-13.00
  words: 1403 -> 893 (reduced by 510, 36.4%)
prim37.txt: run=1 elapsed=3.54s
  original  -- omission(transcript->soap)=4.01 groundedness(soap->transcript)=48.00
  condensed -- omission(transcript->soap)=4.03 groundedness(soap->transcript)=24.00
  diff (condensed - original, positive = improved) -- omission(transcript->soap)=0.03 groundedness(soap->transcript)=-24.00
  words: 1407 -> 572 (reduced by 835, 59.3%)
prim38.txt: run=1 elapsed=2.76s
  original  -- omission(transcript->soap)=2.00 groundedness(soap->transcript)=36.05
  condensed -- omission(transcript->soap)=2.00 groundedness(soap->transcript)=25.00
  diff (condensed - original, positive = improved) -- omission(transcript->soap)=0.00 groundedness(soap->transcript)=-11.05
  words: 1137 -> 597 (reduced by 540, 47.5%)
prim39.txt: run=1 elapsed=2.56s
  original  -- omission(transcript->soap)=4.00 groundedness(soap->transcript)=33.00
  condensed -- omission(transcript->soap)=4.00 groundedness(soap->transcript)=26.00
  diff (condensed - original, positive = improved) -- omission(transcript->soap)=0.00 groundedness(soap->transcript)=-7.00
  words: 1106 -> 667 (reduced by 439, 39.7%)
prim4.txt: run=1 elapsed=3.41s
  original  -- omission(transcript->soap)=3.00 groundedness(soap->transcript)=42.00
  condensed -- omission(transcript->soap)=3.00 groundedness(soap->transcript)=25.12
  diff (condensed - original, positive = improved) -- omission(transcript->soap)=0.00 groundedness(soap->transcript)=-16.88
  words: 1820 -> 1023 (reduced by 797, 43.8%)
prim40.txt: run=1 elapsed=3.05s
  original  -- omission(transcript->soap)=4.00 groundedness(soap->transcript)=58.00
  condensed -- omission(transcript->soap)=4.00 groundedness(soap->transcript)=33.00
  diff (condensed - original, positive = improved) -- omission(transcript->soap)=0.00 groundedness(soap->transcript)=-25.00
  words: 1697 -> 781 (reduced by 916, 54.0%)
prim41.txt: run=1 elapsed=3.39s
  original  -- omission(transcript->soap)=5.00 groundedness(soap->transcript)=43.00
  condensed -- omission(transcript->soap)=5.00 groundedness(soap->transcript)=31.00
  diff (condensed - original, positive = improved) -- omission(transcript->soap)=-0.00 groundedness(soap->transcript)=-12.00
  words: 1807 -> 1223 (reduced by 584, 32.3%)
prim42.txt: run=1 elapsed=3.13s
  original  -- omission(transcript->soap)=2.00 groundedness(soap->transcript)=66.00
  condensed -- omission(transcript->soap)=2.01 groundedness(soap->transcript)=47.00
  diff (condensed - original, positive = improved) -- omission(transcript->soap)=0.01 groundedness(soap->transcript)=-19.00
  words: 1930 -> 1263 (reduced by 667, 34.6%)
prim43.txt: run=1 elapsed=4.14s
  original  -- omission(transcript->soap)=2.00 groundedness(soap->transcript)=33.00
  condensed -- omission(transcript->soap)=2.15 groundedness(soap->transcript)=18.90
  diff (condensed - original, positive = improved) -- omission(transcript->soap)=0.14 groundedness(soap->transcript)=-14.10
  words: 1934 -> 899 (reduced by 1035, 53.5%)
prim44.txt: run=1 elapsed=3.69s
  original  -- omission(transcript->soap)=4.00 groundedness(soap->transcript)=44.00
  condensed -- omission(transcript->soap)=4.00 groundedness(soap->transcript)=33.00
  diff (condensed - original, positive = improved) -- omission(transcript->soap)=0.00 groundedness(soap->transcript)=-11.00
  words: 1883 -> 1280 (reduced by 603, 32.0%)
prim45.txt: run=1 elapsed=3.81s
  original  -- omission(transcript->soap)=2.01 groundedness(soap->transcript)=54.00
  condensed -- omission(transcript->soap)=2.02 groundedness(soap->transcript)=41.00
  diff (condensed - original, positive = improved) -- omission(transcript->soap)=0.01 groundedness(soap->transcript)=-13.00
  words: 1864 -> 1207 (reduced by 657, 35.2%)
prim46.txt: run=1 elapsed=2.84s
  original  -- omission(transcript->soap)=4.00 groundedness(soap->transcript)=36.00
  condensed -- omission(transcript->soap)=4.01 groundedness(soap->transcript)=20.03
  diff (condensed - original, positive = improved) -- omission(transcript->soap)=0.01 groundedness(soap->transcript)=-15.97
  words: 1369 -> 739 (reduced by 630, 46.0%)
prim47.txt: run=1 elapsed=2.86s
  original  -- omission(transcript->soap)=2.00 groundedness(soap->transcript)=10.00
  condensed -- omission(transcript->soap)=2.03 groundedness(soap->transcript)=7.09
  diff (condensed - original, positive = improved) -- omission(transcript->soap)=0.03 groundedness(soap->transcript)=-2.92
  words: 1228 -> 692 (reduced by 536, 43.6%)
prim48.txt: run=1 elapsed=3.99s
  original  -- omission(transcript->soap)=6.00 groundedness(soap->transcript)=62.04
  condensed -- omission(transcript->soap)=6.00 groundedness(soap->transcript)=39.01
  diff (condensed - original, positive = improved) -- omission(transcript->soap)=0.00 groundedness(soap->transcript)=-23.04
  words: 2512 -> 1388 (reduced by 1124, 44.7%)
prim49.txt: run=1 elapsed=3.25s
  original  -- omission(transcript->soap)=5.00 groundedness(soap->transcript)=44.00
  condensed -- omission(transcript->soap)=5.00 groundedness(soap->transcript)=29.00
  diff (condensed - original, positive = improved) -- omission(transcript->soap)=0.00 groundedness(soap->transcript)=-15.00
  words: 1410 -> 799 (reduced by 611, 43.3%)
prim5.txt: run=1 elapsed=3.05s
  original  -- omission(transcript->soap)=6.00 groundedness(soap->transcript)=40.00
  condensed -- omission(transcript->soap)=6.00 groundedness(soap->transcript)=35.01
  diff (condensed - original, positive = improved) -- omission(transcript->soap)=0.00 groundedness(soap->transcript)=-4.99
  words: 1763 -> 1325 (reduced by 438, 24.8%)
prim50.txt: run=1 elapsed=2.45s
  original  -- omission(transcript->soap)=4.00 groundedness(soap->transcript)=22.02
  condensed -- omission(transcript->soap)=4.00 groundedness(soap->transcript)=18.04
  diff (condensed - original, positive = improved) -- omission(transcript->soap)=0.00 groundedness(soap->transcript)=-3.98
  words: 1044 -> 581 (reduced by 463, 44.3%)
prim51.txt: run=1 elapsed=3.22s
  original  -- omission(transcript->soap)=3.08 groundedness(soap->transcript)=51.00
  condensed -- omission(transcript->soap)=3.14 groundedness(soap->transcript)=38.00
  diff (condensed - original, positive = improved) -- omission(transcript->soap)=0.06 groundedness(soap->transcript)=-13.00
  words: 1665 -> 1074 (reduced by 591, 35.5%)
prim52.txt: run=1 elapsed=2.91s
  original  -- omission(transcript->soap)=4.01 groundedness(soap->transcript)=37.00
  condensed -- omission(transcript->soap)=4.08 groundedness(soap->transcript)=23.01
  diff (condensed - original, positive = improved) -- omission(transcript->soap)=0.06 groundedness(soap->transcript)=-13.99
  words: 1367 -> 845 (reduced by 522, 38.2%)
prim53.txt: run=1 elapsed=2.96s
  original  -- omission(transcript->soap)=5.00 groundedness(soap->transcript)=34.00
  condensed -- omission(transcript->soap)=5.00 groundedness(soap->transcript)=24.00
  diff (condensed - original, positive = improved) -- omission(transcript->soap)=0.00 groundedness(soap->transcript)=-10.00
  words: 1436 -> 777 (reduced by 659, 45.9%)
prim54.txt: run=1 elapsed=2.76s
  original  -- omission(transcript->soap)=7.00 groundedness(soap->transcript)=38.01
  condensed -- omission(transcript->soap)=7.00 groundedness(soap->transcript)=29.09
  diff (condensed - original, positive = improved) -- omission(transcript->soap)=0.00 groundedness(soap->transcript)=-8.92
  words: 1502 -> 910 (reduced by 592, 39.4%)
prim55.txt: run=1 elapsed=3.02s
  original  -- omission(transcript->soap)=5.00 groundedness(soap->transcript)=44.00
  condensed -- omission(transcript->soap)=5.00 groundedness(soap->transcript)=34.00
  diff (condensed - original, positive = improved) -- omission(transcript->soap)=0.00 groundedness(soap->transcript)=-10.00
  words: 1715 -> 1160 (reduced by 555, 32.4%)
prim56.txt: run=1 elapsed=3.44s
  original  -- omission(transcript->soap)=7.00 groundedness(soap->transcript)=67.00
  condensed -- omission(transcript->soap)=7.00 groundedness(soap->transcript)=50.00
  diff (condensed - original, positive = improved) -- omission(transcript->soap)=0.00 groundedness(soap->transcript)=-17.00
  words: 2122 -> 1424 (reduced by 698, 32.9%)
prim57.txt: run=1 elapsed=1.92s
  original  -- omission(transcript->soap)=3.01 groundedness(soap->transcript)=21.18
  condensed -- omission(transcript->soap)=3.04 groundedness(soap->transcript)=16.06
  diff (condensed - original, positive = improved) -- omission(transcript->soap)=0.04 groundedness(soap->transcript)=-5.12
  words: 906 -> 495 (reduced by 411, 45.4%)
prim6.txt: run=1 elapsed=4.02s
  original  -- omission(transcript->soap)=3.00 groundedness(soap->transcript)=60.00
  condensed -- omission(transcript->soap)=3.02 groundedness(soap->transcript)=40.04
  diff (condensed - original, positive = improved) -- omission(transcript->soap)=0.02 groundedness(soap->transcript)=-19.96
  words: 2028 -> 1302 (reduced by 726, 35.8%)
prim7.txt: run=1 elapsed=4.89s
  original  -- omission(transcript->soap)=4.00 groundedness(soap->transcript)=56.00
  condensed -- omission(transcript->soap)=4.00 groundedness(soap->transcript)=30.01
  diff (condensed - original, positive = improved) -- omission(transcript->soap)=0.00 groundedness(soap->transcript)=-25.99
  words: 2974 -> 1551 (reduced by 1423, 47.8%)
prim8.txt: run=1 elapsed=2.60s
  original  -- omission(transcript->soap)=3.00 groundedness(soap->transcript)=34.00
  condensed -- omission(transcript->soap)=3.00 groundedness(soap->transcript)=20.04
  diff (condensed - original, positive = improved) -- omission(transcript->soap)=-0.00 groundedness(soap->transcript)=-13.96
  words: 1324 -> 833 (reduced by 491, 37.1%)
prim9.txt: run=1 elapsed=2.67s
  original  -- omission(transcript->soap)=3.00 groundedness(soap->transcript)=34.02
  condensed -- omission(transcript->soap)=3.00 groundedness(soap->transcript)=18.27
  diff (condensed - original, positive = improved) -- omission(transcript->soap)=0.00 groundedness(soap->transcript)=-15.75
  words: 1722 -> 978 (reduced by 744, 43.2%)
[run 1] avg_elapsed=3.11s avg_diff_transcript_to_soap=0.01 avg_diff_groundedness_soap_in_transcript=-13.60 avg_percent_reduced=38.14

=== NegspacyCondenser Results ===
Files processed: 57
Average elapsed time: 3.11s
Note: diff_* is (condensed - original); positive means condensing IMPROVED that direction (lower raw scores are the stronger signal), negative means it got worse.
Average Original omission (transcript->soap): 4.44
Average Original groundedness (soap->transcript): 45.17
Average Condensed omission (transcript->soap): 4.46
Average Condensed groundedness (soap->transcript): 31.57
Average Diff omission (transcript->soap): 0.01
Average Diff groundedness (soap->transcript): -13.60
Average Original word count: 1631.96
Average Condensed word count: 1011.32
Average Words reduced: 620.65
Average Percent reduced: 38.14
