
prim1.txt
  [FALSE] hallucination: diarrhea (negated)
  [FALSE] hallucination: bowels (affirmed)
  [FALSE] hallucination: paracetamol (affirmed)
  [FALSE] hallucination: contacts (negated)
  [FALSE] omission: pain (affirmed)
  [FALSE] omission: stool (affirmed)
  [FALSE] omission: stools (affirmed)
  [FALSE] omission: food (affirmed)
  [FALSE] omission: lower (affirmed)
  [FALSE] omission: drinking (affirmed)
  [FALSE] omission: take (affirmed)
  [FALSE] omission: watery stool (affirmed)
  [FALSE] omission: loss of appetite (affirmed)
  [FALSE] omission: muscular cramp (affirmed)
  [FALSE] omission: other medications (affirmed)
  [FALSE] omission: lower abdomen (affirmed)
  [FALSE] omission: eating (negated)
  [FALSE] omission: infection (affirmed)
  [FALSE] omission: home (affirmed)
  [FALSE] omission: sample (affirmed)
  [FALSE] omission: bowel (negated)
  [FALSE] omission: hydrated (affirmed)
  [FALSE] omission: vitamins (affirmed)
  [FALSE] omission: feeling feverish (affirmed)
  [FALSE] omission: tests (affirmed)
  [FALSE] omission: liquid (affirmed)
  [FALSE] omission: stomach (affirmed)
  [FALSE] omission: dioralyte (affirmed)
  [FALSE] omission: eating (affirmed)
  [FALSE] omission: stools (negated)
  [FALSE] omission: cramp (affirmed)
  [FALSE] omission: admit (affirmed)
  [FALSE] omission: loose stool (affirmed)
  [FALSE] omission: pharmacy (affirmed)
  [FALSE] omission: antibiotics (negated)
  [FN] omission: Associated LLQ pain - crampy, intermittent, nil radiation.

prim10.txt
  [FALSE] hallucination: mebeverine (affirmed)
  [FALSE] hallucination: haematuria (negated)
  [FALSE] hallucination: aching pain (affirmed)
  [FALSE] hallucination: haematuria (affirmed)
  [FALSE] hallucination: dysuria (affirmed)
  [FALSE] hallucination: analgesia (affirmed)
  [FALSE] hallucination: resolved (affirmed)
  [FALSE] hallucination: active (affirmed)
  [FALSE] hallucination: suprapubic pain (affirmed)
  [FALSE] hallucination: nausea/vomiting (affirmed)
  [FALSE] hallucination: discharge (affirmed)
  [FALSE] omission: pain (affirmed)
  [FALSE] omission: stinging (affirmed)
  [FALSE] omission: fevers (negated)
  [FALSE] omission: trimethoprim (affirmed)
  [FALSE] omission: moving (affirmed)
  [FALSE] omission: and back pain (affirmed)
  [FALSE] omission: crampy (affirmed)
  [FALSE] omission: drinking (affirmed)
  [FALSE] omission: pass urine (affirmed)
  [FALSE] omission: take (affirmed)
  [FALSE] omission: other symptoms (affirmed)
  [FALSE] omission: burning (affirmed)
  [FALSE] omission: pill (affirmed)
  [FALSE] omission: antibiotics (affirmed)
  [FALSE] omission: medications (affirmed)
  [FALSE] omission: antibiotic (affirmed)
  [FALSE] omission: cystitis (affirmed)
  [FALSE] omission: burning pain (affirmed)
  [FALSE] omission: contraception (affirmed)
  [FALSE] omission: advice (affirmed)
  [FALSE] omission: bladder infection (affirmed)
  [FALSE] omission: vomiting (affirmed)
  [FALSE] omission: bladder (negated)
  [FALSE] omission: allergy (affirmed)
  [FALSE] omission: weed (affirmed)
  [FALSE] omission: kidneys (negated)
  [FALSE] omission: home (affirmed)
  [FALSE] omission: general (affirmed)
  [FALSE] omission: admitted (affirmed)
  [FALSE] omission: hydrated (affirmed)
  [FALSE] omission: period (affirmed)
  [FALSE] omission: cramps (affirmed)
  [FALSE] omission: eating (affirmed)
  [FALSE] omission: and back pain (negated)
  [FALSE] omission: blood (affirmed)
  [FALSE] omission: medical (negated)
  [FALSE] omission: passage (affirmed)
  [FALSE] omission: bowels (negated)
  [FALSE] hallucination: duration 7 day(s)
  [FALSE] hallucination: duration 14 day(s)
  [FALSE] hallucination: nitrofurantoin: duration 7 day(s) (not found near this drug in transcript)
  [FALSE] hallucination: clindamycin: duration 14 day(s) (not found near this drug in transcript)
  [FALSE] hallucination: active: duration 14 day(s) (not found near this drug in transcript)
  [FALSE] hallucination: today: duration 7 day(s) (not found near this drug in transcript)
  [FALSE] hallucination: etoh: duration 3 day(s) (not found near this drug in transcript)
  [FN] hallucination: inserted sentence from note 9: "Brief episode of haematuria, now resolved."

prim11.txt
  [FALSE] hallucination: dysuria (negated)
  [FALSE] hallucination: haematuria (negated)
  [FALSE] hallucination: blood (negated)
  [FALSE] hallucination: feeling feverish (affirmed)
  [FALSE] hallucination: stools (negated)
  [FALSE] hallucination: nauseous (affirmed)
  [FALSE] hallucination: urine (affirmed)
  [FALSE] hallucination: cold (affirmed)
  [FALSE] omission: fevers (negated)
  [FALSE] omission: catch (affirmed)
  [FALSE] omission: vomiting (negated)
  [FALSE] omission: moving (affirmed)
  [FALSE] omission: prescription (affirmed)
  [FALSE] omission: hoarse (affirmed)
  [FALSE] omission: anus (affirmed)
  [FALSE] omission: take (affirmed)
  [FALSE] omission: other symptoms (affirmed)
  [FALSE] omission: burning (affirmed)
  [FALSE] omission: milk (affirmed)
  [FALSE] omission: nauseous (negated)
  [FALSE] omission: diarrhea (negated)
  [FALSE] omission: passing urine (affirmed)
  [FALSE] omission: home (affirmed)
  [FALSE] omission: infection (affirmed)
  [FALSE] omission: today (affirmed)
  [FALSE] omission: vitamins (affirmed)
  [FALSE] omission: hydrated (affirmed)
  [FALSE] omission: dioralyte (affirmed)
  [FALSE] omission: mash (affirmed)
  [FALSE] omission: take (negated)
  [FALSE] omission: nausea (negated)
  [FALSE] omission: medical (negated)
  [FALSE] omission: pharmacy (affirmed)
  [FALSE] omission: medications (negated)
  [FALSE] omission: mouth (affirmed)
  [FN] hallucination: inserted sentence from note 5: "Urinary sx - noticed some pink coloured urine, no frank haematuria, nil dysuria."
  [FN] hallucination: inserted sentence from note 12: "Nil smoking, social EtOH

Imp: gastroenteritis 

Plan:
1."
  [FN] omission: Review in 48 hours, or earlier if worsening sx

prim12.txt
  [FALSE] hallucination: temp (negated)
  [FALSE] hallucination: fluids (negated)
  [FALSE] hallucination: salbutamol (affirmed)
  [FALSE] hallucination: feels weak (affirmed)
  [FALSE] hallucination: headaches (negated)
  [FALSE] hallucination: blood (negated)
  [FALSE] hallucination: contacts (negated)
  [FALSE] hallucination: muscle pain (negated)
  [FALSE] hallucination: stools (negated)
  [FALSE] omission: allergies (negated)
  [FALSE] omission: stools (affirmed)
  [FALSE] omission: food (affirmed)
  [FALSE] omission: moving (affirmed)
  [FALSE] omission: suffer (affirmed)
  [FALSE] omission: take (affirmed)
  [FALSE] omission: other symptoms (affirmed)
  [FALSE] omission: nausea (affirmed)
  [FALSE] omission: medications (affirmed)
  [FALSE] omission: other medications (affirmed)
  [FALSE] omission: muscle pains (affirmed)
  [FALSE] omission: infection (affirmed)
  [FALSE] omission: home (affirmed)
  [FALSE] omission: high blood pressure (negated)
  [FALSE] omission: general (affirmed)
  [FALSE] omission: vitamins (affirmed)
  [FALSE] omission: weak (negated)
  [FALSE] omission: dioralyte (affirmed)
  [FALSE] omission: suffering (affirmed)
  [FALSE] omission: headaches (affirmed)
  [FALSE] omission: blood (affirmed)
  [FALSE] omission: take (negated)
  [FALSE] omission: medical (negated)
  [FALSE] omission: pharmacy (affirmed)
  [FALSE] omission: medications (negated)
  [FN] hallucination: inserted sentence from note 4: "Now developed a cough -mainly dry, constant."
  [FN] hallucination: inserted sentence from note 11: "Works in office."
  [FN] omission: Appetite reduced.

prim13.txt
  [FALSE] hallucination: visual aura (negated)
  [FALSE] hallucination: fevers (negated)
  [FALSE] hallucination: dehydration (affirmed)
  [FALSE] hallucination: sharp pain (affirmed)
  [FALSE] hallucination: rashes (negated)
  [FALSE] hallucination: photophobia (affirmed)
  [FALSE] hallucination: flag (affirmed)
  [FALSE] hallucination: stiffness (negated)
  [FALSE] hallucination: patient (affirmed)
  [FALSE] hallucination: relief (affirmed)
  [FALSE] hallucination: ache (affirmed)
  [FALSE] hallucination: stress (negated)
  [FALSE] hallucination: head injury (negated)
  [FALSE] omission: pain (affirmed)
  [FALSE] omission: vision (affirmed)
  [FALSE] omission: prescribe (affirmed)
  [FALSE] omission: sick (affirmed)
  [FALSE] omission: naproxen (affirmed)
  [FALSE] omission: moving (affirmed)
  [FALSE] omission: prescription (affirmed)
  [FALSE] omission: codeine (affirmed)
  [FALSE] omission: take (affirmed)
  [FALSE] omission: other symptoms (affirmed)
  [FALSE] omission: skin (affirmed)
  [FALSE] omission: water (negated)
  [FALSE] omission: discussion (affirmed)
  [FALSE] omission: pill (affirmed)
  [FALSE] omission: anti-inflammatory (affirmed)
  [FALSE] omission: vomiting (affirmed)
  [FALSE] omission: fevers (affirmed)
  [FALSE] omission: analgesia (affirmed)
  [FALSE] omission: allergies (affirmed)
  [FALSE] omission: resolved (affirmed)
  [FALSE] omission: read (affirmed)
  [FALSE] omission: today (affirmed)
  [FALSE] omission: sleep (affirmed)
  [FALSE] omission: anxious (affirmed)
  [FALSE] omission: loss of vision (affirmed)
  [FALSE] omission: painkillers (affirmed)
  [FALSE] omission: vision (negated)
  [FALSE] omission: head injuries (affirmed)
  [FALSE] omission: feel sick (affirmed)
  [FALSE] omission: paracetamol (affirmed)
  [FALSE] omission: arms and legs (negated)
  [FALSE] omission: rashes (affirmed)
  [FALSE] omission: medical (negated)
  [FALSE] omission: eyes (affirmed)
  [FALSE] hallucination: duration 7 day(s)
  [FALSE] hallucination: prophylactic: duration 7 day(s) (not found near this drug in transcript)
  [FN] omission: Paracetamol/NSAIDs regular 
2.
  [FN] hallucination: inserted sentence from note 4: "Occasional smoker/etOH."

prim14.txt
  [FALSE] hallucination: vomiting (negated)
  [FALSE] hallucination: sore throat (negated)
  [FALSE] hallucination: metformin (affirmed)
  [FALSE] hallucination: urinary symptoms (affirmed)
  [FALSE] hallucination: ear pain (negated)
  [FALSE] hallucination: resolved (affirmed)
  [FALSE] hallucination: myalgia (negated)
  [FALSE] hallucination: type 2 diabetes (affirmed)
  [FALSE] hallucination: weak (negated)
  [FALSE] hallucination: nausea (negated)
  [FALSE] hallucination: fever (affirmed)
  [FALSE] hallucination: stress (negated)
  [FALSE] omission: pain (affirmed)
  [FALSE] omission: blood pressure (affirmed)
  [FALSE] omission: weak (affirmed)
  [FALSE] omission: throat (affirmed)
  [FALSE] omission: passing urine (negated)
  [FALSE] omission: fluids (negated)
  [FALSE] omission: illness (affirmed)
  [FALSE] omission: nose (affirmed)
  [FALSE] omission: take (affirmed)
  [FALSE] omission: ears (negated)
  [FALSE] omission: cold symptoms (affirmed)
  [FALSE] omission: chest (affirmed)
  [FALSE] omission: field (affirmed)
  [FALSE] omission: stress (affirmed)
  [FALSE] omission: legs (affirmed)
  [FALSE] omission: medications (affirmed)
  [FALSE] omission: breathing (affirmed)
  [FALSE] omission: vomiting (affirmed)
  [FALSE] omission: chills (negated)
  [FALSE] omission: allergies (affirmed)
  [FALSE] omission: infection (affirmed)
  [FALSE] omission: home (affirmed)
  [FALSE] omission: muscles (negated)
  [FALSE] omission: water (affirmed)
  [FALSE] omission: ears (affirmed)
  [FALSE] omission: cold (negated)
  [FALSE] omission: sleep (affirmed)
  [FALSE] omission: muscle (affirmed)
  [FALSE] omission: arms (affirmed)
  [FALSE] omission: diabetes (negated)
  [FALSE] omission: hydrated (affirmed)
  [FALSE] omission: feeling feverish (affirmed)
  [FALSE] omission: sore throat (affirmed)
  [FALSE] omission: drunk (affirmed)
  [FALSE] omission: medication (affirmed)
  [FALSE] omission: feel restless (affirmed)
  [FALSE] omission: stomach (affirmed)
  [FALSE] omission: date (affirmed)
  [FALSE] omission: phlegm (negated)
  [FALSE] omission: drinking (negated)
  [FALSE] omission: tired (affirmed)
  [FALSE] omission: appetite (affirmed)
  [FALSE] omission: urine (affirmed)
  [FALSE] omission: lethargic (affirmed)
  [FALSE] omission: high blood pressure (affirmed)
  [FALSE] omission: diabetes (affirmed)
  [FALSE] omission: breathless (negated)
  [FALSE] omission: medical (negated)
  [FALSE] omission: antibiotics (negated)
  [FALSE] hallucination: duration 5 day(s)
  [FALSE] hallucination: duration 180 day(s)
  [FALSE] hallucination: dosage 14.0unit
  [FALSE] hallucination: sore throat: duration 5 day(s) (not found near this drug in transcript)
  [FALSE] hallucination: paracetamol: duration 5 day(s) (not found near this drug in transcript)
  [FALSE] hallucination: paracetamol: dosage 14.0unit (not found near this drug in transcript)
  [FALSE] hallucination: stress: duration 180 day(s) (not found near this drug in transcript)
  [FALSE] hallucination: stress: dosage 14.0unit (not found near this drug in transcript)
  [FALSE] hallucination: etoh: duration 180 day(s) (not found near this drug in transcript)
  [FALSE] hallucination: etoh: dosage 14.0unit (not found near this drug in transcript)
  FN - none

prim15.txt
  [FALSE] hallucination: type 2 diabetes (affirmed)
  [FALSE] hallucination: cream (affirmed)
  [FALSE] hallucination: fever (negated)
  [FALSE] hallucination: bowel (negated)
  [FALSE] hallucination: relief (affirmed)
  [FALSE] hallucination: pain (negated)
  [FALSE] hallucination: contact dermatitis (affirmed)
  [FALSE] omission: inflammation (affirmed)
  [FALSE] omission: grinding (affirmed)
  [FALSE] omission: all clear (affirmed)
  [FALSE] omission: moving (affirmed)
  [FALSE] omission: contact dermatitis (negated)
  [FALSE] omission: dermatitis (negated)
  [FALSE] omission: hydrate (negated)
  [FALSE] omission: drinking (affirmed)
  [FALSE] omission: prescription (affirmed)
  [FALSE] omission: take (affirmed)
  [FALSE] omission: eczema (negated)
  [FALSE] omission: medical (affirmed)
  [FALSE] omission: field (affirmed)
  [FALSE] omission: legs (affirmed)
  [FALSE] omission: medications (affirmed)
  [FALSE] omission: allergies (affirmed)
  [FALSE] omission: medicine (affirmed)
  [FALSE] omission: general (affirmed)
  [FALSE] omission: diabetes (negated)
  [FALSE] omission: palm (affirmed)
  [FALSE] omission: fingers (affirmed)
  [FALSE] omission: coat (affirmed)
  [FALSE] omission: eating (affirmed)
  [FALSE] omission: finger (affirmed)
  [FALSE] omission: skin (negated)
  [FALSE] omission: diabetes (affirmed)
  [FALSE] omission: steroid (affirmed)
  [FALSE] omission: pharmacy (affirmed)
  [FALSE] hallucination: duration 120 day(s)
  [FALSE] hallucination: antihistamines: duration 120 day(s) (not found near this drug in transcript)
  [FALSE] hallucination: metformin: duration 120 day(s) (not found near this drug in transcript)
  [FALSE] hallucination: etoh: duration 120 day(s) (not found near this drug in transcript)
  [FN] omission: Steroid cream BD
2.
  [FN] omission: Review in 10-14d INB, or earlier if worsening sx
  [FN] hallucination: inserted sentence from note 8: "Emollients - regular use QDS
3."

prim16.txt
  [FALSE] hallucination: pain (negated)
  [FALSE] hallucination: resolved (affirmed)
  [FALSE] hallucination: cotton (negated)
  [FALSE] omission: sick (affirmed)
  [FALSE] omission: cotton (affirmed)
  [FALSE] omission: tinnitus (affirmed)
  [FALSE] omission: chest pain (negated)
  [FALSE] omission: left ear (negated)
  [FALSE] omission: take (affirmed)
  [FALSE] omission: balance (affirmed)
  [FALSE] omission: itchy (affirmed)
  [FALSE] omission: support (affirmed)
  [FALSE] omission: ear symptoms (negated)
  [FALSE] omission: heart (affirmed)
  [FALSE] omission: dizziness (negated)
  [FALSE] omission: left ear (affirmed)
  [FALSE] omission: read (affirmed)
  [FALSE] omission: impacted (affirmed)
  [FALSE] omission: lead (affirmed)
  [FALSE] omission: ears (affirmed)
  [FALSE] omission: right ear (affirmed)
  [FALSE] omission: room spinning (negated)
  [FALSE] omission: fever (negated)
  [FALSE] omission: medicine (affirmed)
  [FALSE] omission: double check (affirmed)
  [FALSE] omission: emergency (negated)
  [FALSE] omission: link (affirmed)
  [FALSE] omission: sick (negated)
  [FALSE] omission: eardrum (affirmed)
  [FALSE] omission: date (affirmed)
  [FALSE] omission: dizziness (affirmed)
  [FALSE] omission: ear drum (affirmed)
  [FALSE] omission: nausea (negated)
  [FALSE] omission: dizzy (negated)
  [FALSE] omission: blocking (affirmed)
  [FN] omission: Imp: need to exclude impacted wax in ear canal first
Pln: for face to face GP appointment in 5 days to examine ear
Pt to read about tinnitus in the meantime via following link: www.patient.co.uk/tinnitus
If any problems in interim to ring us back
Pt happy with and understands plan
  [FN] omission: History: 
Hx of difficulty hearing left ear for 6 weeks with tinnitus and slight nausea/ dizziness.

prim17.txt
  [FALSE] hallucination: painful (negated)
  [FALSE] hallucination: medication (negated)
  [FALSE] hallucination: advice (affirmed)
  [FALSE] hallucination: pain (negated)
  [FALSE] hallucination: trauma (negated)
  [FALSE] hallucination: erythema (affirmed)
  [FALSE] hallucination: exercises (affirmed)
  [FALSE] omission: inflammation (affirmed)
  [FALSE] omission: assessment (affirmed)
  [FALSE] omission: diseases (affirmed)
  [FALSE] omission: lupus (affirmed)
  [FALSE] omission: face (negated)
  [FALSE] omission: injury (negated)
  [FALSE] omission: food (affirmed)
  [FALSE] omission: gout (affirmed)
  [FALSE] omission: suffer (affirmed)
  [FALSE] omission: dry skin (affirmed)
  [FALSE] omission: skin (affirmed)
  [FALSE] omission: medical (affirmed)
  [FALSE] omission: take (affirmed)
  [FALSE] omission: infected joint (affirmed)
  [FALSE] omission: sacs (affirmed)
  [FALSE] omission: stomach (negated)
  [FALSE] omission: anti-inflammatory (affirmed)
  [FALSE] omission: infection (affirmed)
  [FALSE] omission: eczema (affirmed)
  [FALSE] omission: ibuprofen (affirmed)
  [FALSE] omission: rheumatoid arthritis (affirmed)
  [FALSE] omission: emergency (affirmed)
  [FALSE] omission: place (affirmed)
  [FALSE] omission: mobile (affirmed)
  [FALSE] omission: medication (affirmed)
  [FALSE] omission: blood tests (affirmed)
  [FALSE] omission: blood test (affirmed)
  [FALSE] omission: right elbow (affirmed)
  [FALSE] omission: tests (affirmed)
  [FALSE] omission: treatment (affirmed)
  [FALSE] omission: date (affirmed)
  [FALSE] omission: illnesses (negated)
  [FALSE] omission: septic arthritis (negated)
  [FALSE] omission: osteoarthritis (affirmed)
  [FALSE] omission: antibodies (affirmed)
  [FALSE] omission: left elbow (affirmed)
  [FALSE] omission: born (affirmed)
  [FALSE] hallucination: duration 7 day(s)
  [FN] hallucination: inserted sentence from note 24: "Imp: ?"

prim18.txt
  [FALSE] hallucination: ear examination (affirmed)
  [FALSE] hallucination: facial numbness (affirmed)
  [FALSE] hallucination: dysarthria (negated)
  [FALSE] omission: assessment (affirmed)
  [FALSE] omission: illnesses (affirmed)
  [FALSE] omission: nose (affirmed)
  [FALSE] omission: prescription (affirmed)
  [FALSE] omission: dizzy (affirmed)
  [FALSE] omission: other symptoms (affirmed)
  [FALSE] omission: take (affirmed)
  [FALSE] omission: ears (negated)
  [FALSE] omission: physical examination (affirmed)
  [FALSE] omission: other medication (negated)
  [FALSE] omission: rennie (negated)
  [FALSE] omission: allergies (affirmed)
  [FALSE] omission: home (affirmed)
  [FALSE] omission: left ear (affirmed)
  [FALSE] omission: general (affirmed)
  [FALSE] omission: portal (affirmed)
  [FALSE] omission: labyrinthitis (affirmed)
  [FALSE] omission: place (affirmed)
  [FALSE] omission: diagnosis (affirmed)
  [FALSE] omission: medication (affirmed)
  [FALSE] omission: vision (negated)
  [FALSE] omission: date (affirmed)
  [FALSE] omission: finger (affirmed)
  [FALSE] omission: illnesses (negated)
  [FALSE] omission: bell's palsy (affirmed)
  [FALSE] omission: take (negated)
  [FALSE] omission: nose (negated)
  [FALSE] hallucination: duration 7 day(s)
  [FN] omission: Slight tinnitus at times in this period- not continuous
Numbness and difficulty hearing present now 
Pmhx: labyrinthitis, heart burn, nasal polyps
DH: Rennies PRN OTC, nasal spray PRN (pt not sure of name)
Allergies: latex allergy
No FH of note
Ex: no facial asymmetry, looks well, normal facial expressions and movements
Imp: ?

=== Evaluation Results ===
prim1.txt: precision=0.00 recall=0.00 f1=0.00 accuracy=0.00 (TP=0 FP=35 FN=1)
prim10.txt: precision=0.00 recall=0.00 f1=0.00 accuracy=0.00 (TP=0 FP=56 FN=1)
prim11.txt: precision=0.00 recall=0.00 f1=0.00 accuracy=0.00 (TP=0 FP=35 FN=3)
prim12.txt: precision=0.00 recall=0.00 f1=0.00 accuracy=0.00 (TP=0 FP=34 FN=3)
prim13.txt: precision=0.00 recall=0.00 f1=0.00 accuracy=0.00 (TP=0 FP=49 FN=2)
prim14.txt: precision=0.00 recall=0.00 f1=0.00 accuracy=0.00 (TP=0 FP=71 FN=0)
prim15.txt: precision=0.00 recall=0.00 f1=0.00 accuracy=0.00 (TP=0 FP=39 FN=3)
prim16.txt: precision=0.00 recall=0.00 f1=0.00 accuracy=0.00 (TP=0 FP=35 FN=2)
prim17.txt: precision=0.00 recall=0.00 f1=0.00 accuracy=0.00 (TP=0 FP=45 FN=1)
prim18.txt: precision=0.00 recall=0.00 f1=0.00 accuracy=0.00 (TP=0 FP=31 FN=1)

Overall (all types): precision=0.00 recall=0.00 f1=0.00 accuracy=0.00 (TP=0 FP=430 FN=17)

By type:
  hallucination: precision=0.00 recall=0.00 f1=0.00 accuracy=0.00 (TP=0 FP=102 FN=8)
  omission: precision=0.00 recall=0.00 f1=0.00 accuracy=0.00 (TP=0 FP=328 FN=9)

Average elapsed time: 1.67s
