
prim1.txt
  [FALSE] hallucination: diarrhea (negated)
  [FALSE] hallucination: lives (affirmed)
  [FALSE] hallucination: paracetamol (affirmed)
  [FALSE] hallucination: bowels (affirmed)
  [FALSE] omission: tests (affirmed)
  [FALSE] omission: stool (affirmed)
  [FALSE] omission: three or four days (affirmed)
  [FALSE] omission: drinking (affirmed)
  [FALSE] omission: back (affirmed)
  [FALSE] omission: feel weak (negated)
  [FALSE] omission: cramp (affirmed)
  [FALSE] omission: eating (affirmed)
  [FALSE] omission: hydrated (affirmed)
  [FALSE] omission: loss of appetite (affirmed)
  [FALSE] omission: fever (negated)
  [FALSE] omission: controlled (affirmed)
  [FALSE] omission: other medications (affirmed)
  [FALSE] omission: stools (negated)
  [FALSE] omission: loose stool (affirmed)
  [FALSE] omission: sample (affirmed)
  [FALSE] omission: stomach (affirmed)
  [FALSE] omission: liquid (affirmed)
  [FALSE] omission: come and go (affirmed)
  [FALSE] omission: vitamins (affirmed)
  [FALSE] omission: shaky (affirmed)
  [FALSE] omission: no blood (negated)
  [FALSE] omission: infection (affirmed)
  [FALSE] omission: bowel problems (negated)
  [FALSE] omission: stools (affirmed)
  [FALSE] omission: lower (affirmed)
  [FALSE] omission: dioralyte (affirmed)
  [FALSE] omission: watery stool (affirmed)
  [FALSE] omission: muscular cramp (affirmed)
  [FALSE] omission: lower abdomen (affirmed)
  [FALSE] omission: antibiotics (negated)
  [FALSE] omission: pain (affirmed)
  [FALSE] omission: eating (negated)
  [FALSE] omission: triggers (affirmed)
  [FALSE] omission: food (affirmed)
  [FN] omission: Associated LLQ pain - crampy, intermittent, nil radiation.

prim10.txt
  [FALSE] hallucination: analgesia (affirmed)
  [FALSE] hallucination: frank haematuria (affirmed)
  [FALSE] hallucination: mebeverine (affirmed)
  [FALSE] hallucination: aching pain (affirmed)
  [FALSE] hallucination: suprapubic pain (affirmed)
  [FALSE] hallucination: haematuria (negated)
  [FALSE] hallucination: sexually active (affirmed)
  [FALSE] hallucination: lives (affirmed)
  [FALSE] hallucination: resolved (affirmed)
  [FALSE] hallucination: dysuria (affirmed)
  [FALSE] hallucination: nausea/vomiting (affirmed)
  [FALSE] hallucination: discharge (affirmed)
  [FALSE] omission: vomiting (affirmed)
  [FALSE] omission: pass urine (affirmed)
  [FALSE] omission: confirm (affirmed)
  [FALSE] omission: stinging (affirmed)
  [FALSE] omission: drinking (affirmed)
  [FALSE] omission: other symptoms (affirmed)
  [FALSE] omission: definitely (affirmed)
  [FALSE] omission: family history (affirmed)
  [FALSE] omission: thinking (negated)
  [FALSE] omission: discolouration (affirmed)
  [FALSE] omission: completely agree (affirmed)
  [FALSE] omission: antibiotics (affirmed)
  [FALSE] omission: general health (affirmed)
  [FALSE] omission: basis (affirmed)
  [FALSE] omission: hydrated (affirmed)
  [FALSE] omission: eating (affirmed)
  [FALSE] omission: moving (affirmed)
  [FALSE] omission: usually (negated)
  [FALSE] omission: passage (affirmed)
  [FALSE] omission: worse (affirmed)
  [FALSE] omission: living (affirmed)
  [FALSE] omission: period (affirmed)
  [FALSE] omission: cramps (affirmed)
  [FALSE] omission: worry (negated)
  [FALSE] omission: thought (affirmed)
  [FALSE] omission: either (affirmed)
  [FALSE] omission: bladder (affirmed)
  [FALSE] omission: blood (affirmed)
  [FALSE] omission: history (affirmed)
  [FALSE] omission: and back pain (negated)
  [FALSE] omission: sort (affirmed)
  [FALSE] omission: bowels (negated)
  [FALSE] omission: probably (affirmed)
  [FALSE] omission: contraception (affirmed)
  [FALSE] omission: usually (affirmed)
  [FALSE] omission: pill (affirmed)
  [FALSE] omission: weed (affirmed)
  [FALSE] omission: maybe (affirmed)
  [FALSE] omission: worrying (affirmed)
  [FALSE] omission: burning (affirmed)
  [FALSE] omission: cystitis (affirmed)
  [FALSE] omission: kidneys (affirmed)
  [FALSE] omission: fevers (negated)
  [FALSE] omission: medications (affirmed)
  [FALSE] omission: crampy (affirmed)
  [FALSE] omission: pregnant (affirmed)
  [FALSE] omission: note (affirmed)
  [FALSE] omission: and back pain (affirmed)
  [FALSE] omission: burning pain (affirmed)
  [FALSE] omission: pass (affirmed)
  [FALSE] omission: trimethoprim (affirmed)
  [FALSE] omission: pain (affirmed)
  [FALSE] omission: allergy (affirmed)
  [FALSE] omission: antibiotic (affirmed)
  [FALSE] omission: your age (affirmed)
  [FALSE] omission: basis (negated)
  [FALSE] omission: bladder infection (affirmed)
  [FALSE] omission: form (affirmed)
  [FALSE] omission: other medical (negated)
  [FALSE] hallucination: duration 7 day(s)
  [FALSE] hallucination: nitrofurantoin: duration 7 day(s) (not found near this drug in transcript)
  [FALSE] hallucination: clindamycin: duration 14 day(s) (not found near this drug in transcript)
  [FALSE] hallucination: today: duration 7 day(s) (not found near this drug in transcript)
  [FALSE] hallucination: etoh: duration 3 day(s) (not found near this drug in transcript)
  [FN] hallucination: inserted sentence from note 9: "Brief episode of haematuria, now resolved."

prim11.txt
  [FALSE] hallucination: blood (negated)
  [FALSE] hallucination: weight loss (negated)
  [FALSE] hallucination: dysuria (negated)
  [FALSE] hallucination: stools (negated)
  [FALSE] hallucination: lives (affirmed)
  [FALSE] hallucination: cold (affirmed)
  [FALSE] hallucination: urine (affirmed)
  [FALSE] hallucination: frank haematuria (negated)
  [FALSE] hallucination: nauseous (affirmed)
  [FALSE] hallucination: assoc (affirmed)
  [FALSE] omission: diarrhea (negated)
  [FALSE] omission: confirm (affirmed)
  [FALSE] omission: other symptoms (affirmed)
  [FALSE] omission: family history (affirmed)
  [FALSE] omission: very much (affirmed)
  [FALSE] omission: feel (affirmed)
  [FALSE] omission: moving (affirmed)
  [FALSE] omission: maybe (negated)
  [FALSE] omission: mouth (affirmed)
  [FALSE] omission: awake (affirmed)
  [FALSE] omission: pleasant (negated)
  [FALSE] omission: mild pain (affirmed)
  [FALSE] omission: nauseous (negated)
  [FALSE] omission: fit and well (negated)
  [FALSE] omission: settle (affirmed)
  [FALSE] omission: milk (affirmed)
  [FALSE] omission: normal temperature (negated)
  [FALSE] omission: vitamins (affirmed)
  [FALSE] omission: not sure (affirmed)
  [FALSE] omission: sort (affirmed)
  [FALSE] omission: reading (negated)
  [FALSE] omission: hoarse (affirmed)
  [FALSE] omission: probably (affirmed)
  [FALSE] omission: infection (affirmed)
  [FALSE] omission: carry (affirmed)
  [FALSE] omission: passing urine (affirmed)
  [FALSE] omission: anus (affirmed)
  [FALSE] omission: speak (negated)
  [FALSE] omission: maybe (affirmed)
  [FALSE] omission: cancer (negated)
  [FALSE] omission: burning (affirmed)
  [FALSE] omission: vomiting (negated)
  [FALSE] omission: today (affirmed)
  [FALSE] omission: weight (affirmed)
  [FALSE] omission: rather (affirmed)
  [FALSE] omission: catch (affirmed)
  [FALSE] omission: dioralyte (affirmed)
  [FALSE] omission: fevers (negated)
  [FALSE] omission: well-hydrated (affirmed)
  [FALSE] omission: nausea (negated)
  [FALSE] omission: fit and well (affirmed)
  [FALSE] omission: sign (affirmed)
  [FALSE] omission: definitely (negated)
  [FALSE] omission: your age (affirmed)
  [FALSE] omission: dislike (affirmed)
  [FALSE] omission: worry (affirmed)
  [FALSE] omission: mash (affirmed)
  [FALSE] omission: screen (affirmed)
  [FALSE] omission: feel (negated)
  [FALSE] omission: worried (affirmed)
  [FN] hallucination: inserted sentence from note 5: "Urinary sx - noticed some pink coloured urine, no frank haematuria, nil dysuria."
  [FN] hallucination: inserted sentence from note 12: "Nil smoking, social EtOH

Imp: gastroenteritis 

Plan:
1."
  [FN] omission: Review in 48 hours, or earlier if worsening sx

prim12.txt
  [FALSE] hallucination: headaches (negated)
  [FALSE] hallucination: blood (negated)
  [FALSE] hallucination: temp (negated)
  [FALSE] hallucination: stools (negated)
  [FALSE] hallucination: muscle pain (negated)
  [FALSE] hallucination: reduced (affirmed)
  [FALSE] hallucination: feels warm (affirmed)
  [FALSE] hallucination: salbutamol (affirmed)
  [FALSE] hallucination: fluids (negated)
  [FALSE] omission: call (affirmed)
  [FALSE] omission: diarrhea (negated)
  [FALSE] omission: flush (affirmed)
  [FALSE] omission: feeling (affirmed)
  [FALSE] omission: confirm (affirmed)
  [FALSE] omission: nausea (affirmed)
  [FALSE] omission: other symptoms (affirmed)
  [FALSE] omission: definitely (affirmed)
  [FALSE] omission: back (affirmed)
  [FALSE] omission: feel (affirmed)
  [FALSE] omission: muscle pains (affirmed)
  [FALSE] omission: probably (negated)
  [FALSE] omission: moving (affirmed)
  [FALSE] omission: high (negated)
  [FALSE] omission: high blood pressure (negated)
  [FALSE] omission: dehydrated (negated)
  [FALSE] omission: other medications (affirmed)
  [FALSE] omission: used (negated)
  [FALSE] omission: suffering (affirmed)
  [FALSE] omission: very bad (affirmed)
  [FALSE] omission: headaches (affirmed)
  [FALSE] omission: hope (affirmed)
  [FALSE] omission: medications (negated)
  [FALSE] omission: either (affirmed)
  [FALSE] omission: blood (affirmed)
  [FALSE] omission: vitamins (affirmed)
  [FALSE] omission: probably (affirmed)
  [FALSE] omission: infection (affirmed)
  [FALSE] omission: stools (affirmed)
  [FALSE] omission: not much (affirmed)
  [FALSE] omission: blue (affirmed)
  [FALSE] omission: dioralyte (affirmed)
  [FALSE] omission: feeling (negated)
  [FALSE] omission: medications (affirmed)
  [FALSE] omission: allergies (negated)
  [FALSE] omission: fit and well (affirmed)
  [FALSE] omission: very often (affirmed)
  [FALSE] omission: suffer (affirmed)
  [FALSE] omission: family history (negated)
  [FALSE] omission: your age (affirmed)
  [FALSE] omission: warm (negated)
  [FALSE] omission: appetite (negated)
  [FALSE] omission: feel (negated)
  [FALSE] omission: food (affirmed)
  [FN] hallucination: inserted sentence from note 4: "Now developed a cough -mainly dry, constant."
  [FN] hallucination: inserted sentence from note 11: "Works in office."
  [FN] omission: Appetite reduced.

prim13.txt
  [FALSE] hallucination: attention (affirmed)
  [FALSE] hallucination: visual aura (negated)
  [FALSE] hallucination: patient (affirmed)
  [FALSE] hallucination: leg weakness (negated)
  [FALSE] hallucination: dehydration (affirmed)
  [FALSE] hallucination: ache (affirmed)
  [FALSE] hallucination: relief (affirmed)
  [FALSE] hallucination: head injury (negated)
  [FALSE] hallucination: flag (affirmed)
  [FALSE] hallucination: sharp pain (affirmed)
  [FALSE] hallucination: present (affirmed)
  [FALSE] hallucination: fevers (negated)
  [FALSE] hallucination: wears glasses (affirmed)
  [FALSE] hallucination: occasional smoker (affirmed)
  [FALSE] hallucination: stiffness (negated)
  [FALSE] hallucination: photophobia (affirmed)
  [FALSE] hallucination: rashes (negated)
  [FALSE] hallucination: stress (negated)
  [FALSE] omission: analgesia (affirmed)
  [FALSE] omission: eyes (affirmed)
  [FALSE] omission: other symptoms (affirmed)
  [FALSE] omission: read (affirmed)
  [FALSE] omission: rashes (affirmed)
  [FALSE] omission: basis (affirmed)
  [FALSE] omission: probably (negated)
  [FALSE] omission: moving (affirmed)
  [FALSE] omission: sick (affirmed)
  [FALSE] omission: head injuries (affirmed)
  [FALSE] omission: thinking (affirmed)
  [FALSE] omission: not sure (affirmed)
  [FALSE] omission: controlling (affirmed)
  [FALSE] omission: difficulty (affirmed)
  [FALSE] omission: call (affirmed)
  [FALSE] omission: bright (affirmed)
  [FALSE] omission: anti-inflammatory (affirmed)
  [FALSE] omission: allergies (affirmed)
  [FALSE] omission: anxious (affirmed)
  [FALSE] omission: blurry vision (affirmed)
  [FALSE] omission: worse (affirmed)
  [FALSE] omission: come and go (affirmed)
  [FALSE] omission: water (negated)
  [FALSE] omission: history (affirmed)
  [FALSE] omission: probably (affirmed)
  [FALSE] omission: feel sick (affirmed)
  [FALSE] omission: medication (affirmed)
  [FALSE] omission: today (affirmed)
  [FALSE] omission: very rare (affirmed)
  [FALSE] omission: pain (affirmed)
  [FALSE] omission: naproxen (affirmed)
  [FALSE] omission: loss of vision (affirmed)
  [FALSE] omission: screen (affirmed)
  [FALSE] omission: fevers (affirmed)
  [FALSE] omission: confirm (affirmed)
  [FALSE] omission: definitely (affirmed)
  [FALSE] omission: back (affirmed)
  [FALSE] omission: arms and legs (negated)
  [FALSE] omission: paracetamol (affirmed)
  [FALSE] omission: difficulty (negated)
  [FALSE] omission: thought (affirmed)
  [FALSE] omission: codeine (affirmed)
  [FALSE] omission: light (affirmed)
  [FALSE] omission: maybe (affirmed)
  [FALSE] omission: migraine (negated)
  [FALSE] omission: medications (affirmed)
  [FALSE] omission: worry (affirmed)
  [FALSE] omission: your age (affirmed)
  [FALSE] omission: vision (negated)
  [FALSE] omission: feeling (affirmed)
  [FALSE] omission: painkillers (affirmed)
  [FALSE] omission: hoping (affirmed)
  [FALSE] omission: sleep (affirmed)
  [FALSE] omission: controlled (affirmed)
  [FALSE] omission: resolved (affirmed)
  [FALSE] omission: skin (affirmed)
  [FALSE] omission: usually (affirmed)
  [FALSE] omission: pill (affirmed)
  [FALSE] omission: weakness (negated)
  [FALSE] omission: discussion (affirmed)
  [FALSE] omission: i didn't drink (negated)
  [FALSE] omission: fit and well (affirmed)
  [FALSE] omission: didn't help (negated)
  [FALSE] omission: worried (affirmed)
  [FALSE] hallucination: duration 7 day(s)
  [FALSE] hallucination: prophylactic: duration 7 day(s) (not found near this drug in transcript)
  [FN] omission: Paracetamol/NSAIDs regular 
2.
  [FN] hallucination: inserted sentence from note 4: "Occasional smoker/etOH."

prim14.txt
  [FALSE] hallucination: metformin (affirmed)
  [FALSE] hallucination: weak (negated)
  [FALSE] hallucination: myalgia (negated)
  [FALSE] hallucination: ear pain (negated)
  [FALSE] hallucination: resolved (affirmed)
  [FALSE] hallucination: smoker (affirmed)
  [FALSE] hallucination: urinary symptoms (affirmed)
  [FALSE] hallucination: vomiting (negated)
  [FALSE] hallucination: fever (affirmed)
  [FALSE] hallucination: sore throat (negated)
  [FALSE] hallucination: nausea (negated)
  [FALSE] hallucination: type 2 diabetes (affirmed)
  [FALSE] omission: diarrhea (negated)
  [FALSE] omission: legs (affirmed)
  [FALSE] omission: warm (affirmed)
  [FALSE] omission: basis (affirmed)
  [FALSE] omission: skipped (affirmed)
  [FALSE] omission: used (affirmed)
  [FALSE] omission: ears (negated)
  [FALSE] omission: probably (negated)
  [FALSE] omission: worry (negated)
  [FALSE] omission: none (affirmed)
  [FALSE] omission: blocked (negated)
  [FALSE] omission: illness (affirmed)
  [FALSE] omission: phlegm (negated)
  [FALSE] omission: throat (affirmed)
  [FALSE] omission: pass (affirmed)
  [FALSE] omission: practice (affirmed)
  [FALSE] omission: muscle (affirmed)
  [FALSE] omission: antibiotics (negated)
  [FALSE] omission: affect (affirmed)
  [FALSE] omission: very much (affirmed)
  [FALSE] omission: cold (negated)
  [FALSE] omission: source of infection (affirmed)
  [FALSE] omission: blood pressure (affirmed)
  [FALSE] omission: totally (affirmed)
  [FALSE] omission: medications (negated)
  [FALSE] omission: breathing (affirmed)
  [FALSE] omission: feel restless (affirmed)
  [FALSE] omission: arms (affirmed)
  [FALSE] omission: ears (affirmed)
  [FALSE] omission: probably (affirmed)
  [FALSE] omission: find (negated)
  [FALSE] omission: medication (affirmed)
  [FALSE] omission: lethargic (affirmed)
  [FALSE] omission: diabetes (affirmed)
  [FALSE] omission: shivers (affirmed)
  [FALSE] omission: pain (affirmed)
  [FALSE] omission: shivering (negated)
  [FALSE] omission: date (affirmed)
  [FALSE] omission: vomiting (affirmed)
  [FALSE] omission: confirm (affirmed)
  [FALSE] omission: family history (affirmed)
  [FALSE] omission: back (affirmed)
  [FALSE] omission: appetite (affirmed)
  [FALSE] omission: passing urine (negated)
  [FALSE] omission: weak (affirmed)
  [FALSE] omission: labored (affirmed)
  [FALSE] omission: stomach (affirmed)
  [FALSE] omission: thought (affirmed)
  [FALSE] omission: urine (affirmed)
  [FALSE] omission: high blood pressure (affirmed)
  [FALSE] omission: drunk (affirmed)
  [FALSE] omission: maybe (affirmed)
  [FALSE] omission: medications (affirmed)
  [FALSE] omission: chest (affirmed)
  [FALSE] omission: feel (negated)
  [FALSE] omission: sore throat (affirmed)
  [FALSE] omission: shivering (affirmed)
  [FALSE] omission: hoping (affirmed)
  [FALSE] omission: sleep (affirmed)
  [FALSE] omission: nose (affirmed)
  [FALSE] omission: very difficult (affirmed)
  [FALSE] omission: diabetes (negated)
  [FALSE] omission: immune (affirmed)
  [FALSE] omission: stress (affirmed)
  [FALSE] omission: chills (negated)
  [FALSE] omission: breathless (negated)
  [FALSE] omission: same (affirmed)
  [FALSE] omission: cold symptoms (affirmed)
  [FALSE] omission: muscles (negated)
  [FALSE] omission: well-hydrated (affirmed)
  [FALSE] omission: fluids (negated)
  [FALSE] omission: drinking (negated)
  [FALSE] omission: allergies (negated)
  [FALSE] omission: fit and well (affirmed)
  [FALSE] omission: back (negated)
  [FALSE] omission: water (affirmed)
  [FALSE] omission: worried (affirmed)
  [FALSE] hallucination: dosage 14.0unit
  [FALSE] hallucination: sore throat: duration 5 day(s) (not found near this drug in transcript)
  [FALSE] hallucination: paracetamol: duration 5 day(s) (not found near this drug in transcript)
  [FALSE] hallucination: paracetamol: dosage 14.0unit (not found near this drug in transcript)
  [FALSE] hallucination: stress: duration 180 day(s) (not found near this drug in transcript)
  [FALSE] hallucination: stress: dosage 14.0unit (not found near this drug in transcript)
  [FALSE] hallucination: etoh: dosage 14.0unit (not found near this drug in transcript)
  FN - none

prim15.txt
  [FALSE] hallucination: trigger (negated)
  [FALSE] hallucination: fever (negated)
  [FALSE] hallucination: relief (affirmed)
  [FALSE] hallucination: possible (negated)
  [FALSE] hallucination: pain (negated)
  [FALSE] hallucination: cream (affirmed)
  [FALSE] hallucination: bowel (negated)
  [FALSE] hallucination: type 2 diabetes (affirmed)
  [FALSE] hallucination: contact dermatitis (affirmed)
  [FALSE] omission: medicine (affirmed)
  [FALSE] omission: bowel problems (affirmed)
  [FALSE] omission: legs (affirmed)
  [FALSE] omission: grinding (affirmed)
  [FALSE] omission: writing (affirmed)
  [FALSE] omission: confirm (affirmed)
  [FALSE] omission: allergies (affirmed)
  [FALSE] omission: social history (affirmed)
  [FALSE] omission: drinking (affirmed)
  [FALSE] omission: definitely (affirmed)
  [FALSE] omission: family history (affirmed)
  [FALSE] omission: very much (affirmed)
  [FALSE] omission: inflammation (affirmed)
  [FALSE] omission: eating (affirmed)
  [FALSE] omission: fingers (affirmed)
  [FALSE] omission: diabetes (negated)
  [FALSE] omission: skin (negated)
  [FALSE] omission: severe (negated)
  [FALSE] omission: palm (affirmed)
  [FALSE] omission: moving (affirmed)
  [FALSE] omission: worse (affirmed)
  [FALSE] omission: very bad (affirmed)
  [FALSE] omission: finger (affirmed)
  [FALSE] omission: hydrate (negated)
  [FALSE] omission: thought (affirmed)
  [FALSE] omission: either (affirmed)
  [FALSE] omission: history (affirmed)
  [FALSE] omission: eczema (negated)
  [FALSE] omission: contact dermatitis (negated)
  [FALSE] omission: skin (affirmed)
  [FALSE] omission: probably (affirmed)
  [FALSE] omission: coat (affirmed)
  [FALSE] omission: dermatitis (negated)
  [FALSE] omission: usually (affirmed)
  [FALSE] omission: diabetes (affirmed)
  [FALSE] omission: itchiness (affirmed)
  [FALSE] omission: maybe (affirmed)
  [FALSE] omission: steroid (affirmed)
  [FALSE] omission: medications (affirmed)
  [FALSE] omission: asthma (affirmed)
  [FALSE] omission: all clear (affirmed)
  [FALSE] omission: back (negated)
  [FALSE] omission: very much (negated)
  [FALSE] omission: past medical history (affirmed)
  [FALSE] hallucination: duration 120 day(s)
  [FALSE] hallucination: antihistamines: duration 120 day(s) (not found near this drug in transcript)
  [FALSE] hallucination: metformin: duration 120 day(s) (not found near this drug in transcript)
  [FALSE] hallucination: etoh: duration 120 day(s) (not found near this drug in transcript)
  [FN] omission: Steroid cream BD
2.
  [FN] omission: Review in 10-14d INB, or earlier if worsening sx
  [FN] hallucination: inserted sentence from note 8: "Emollients - regular use QDS
3."

prim16.txt
  [FALSE] hallucination: pain (negated)
  [FALSE] hallucination: note (negated)
  [FALSE] hallucination: cotton (negated)
  [FALSE] hallucination: resolved (affirmed)
  [FALSE] omission: medicine (affirmed)
  [FALSE] omission: sick (negated)
  [FALSE] omission: understand (negated)
  [FALSE] omission: deteriorating (negated)
  [FALSE] omission: speak (affirmed)
  [FALSE] omission: feeling (affirmed)
  [FALSE] omission: balance (affirmed)
  [FALSE] omission: confirm (affirmed)
  [FALSE] omission: heart (affirmed)
  [FALSE] omission: eardrum (affirmed)
  [FALSE] omission: ear drum (affirmed)
  [FALSE] omission: hearing (negated)
  [FALSE] omission: impacted wax (affirmed)
  [FALSE] omission: ear symptoms (negated)
  [FALSE] omission: dizzy (negated)
  [FALSE] omission: read (affirmed)
  [FALSE] omission: left ear (negated)
  [FALSE] omission: feel (affirmed)
  [FALSE] omission: hearing problem (affirmed)
  [FALSE] omission: emergency (negated)
  [FALSE] omission: sick (affirmed)
  [FALSE] omission: fever (negated)
  [FALSE] omission: double check (affirmed)
  [FALSE] omission: link (affirmed)
  [FALSE] omission: chest pain (negated)
  [FALSE] omission: hearing (affirmed)
  [FALSE] omission: trigger (affirmed)
  [FALSE] omission: dizziness (negated)
  [FALSE] omission: itchy (affirmed)
  [FALSE] omission: palpitations (affirmed)
  [FALSE] omission: right ear (affirmed)
  [FALSE] omission: cotton (affirmed)
  [FALSE] omission: fast (affirmed)
  [FALSE] omission: sort (affirmed)
  [FALSE] omission: ears (affirmed)
  [FALSE] omission: left ear (affirmed)
  [FALSE] omission: room spinning (negated)
  [FALSE] omission: support (affirmed)
  [FALSE] omission: blocking (affirmed)
  [FALSE] omission: severe (affirmed)
  [FALSE] omission: maybe (affirmed)
  [FALSE] omission: difficulty hearing (affirmed)
  [FALSE] omission: nausea (negated)
  [FALSE] omission: dizziness (affirmed)
  [FALSE] omission: tinnitus (affirmed)
  [FALSE] omission: lead (affirmed)
  [FALSE] omission: difficulty (affirmed)
  [FALSE] omission: date (affirmed)
  [FALSE] omission: find (affirmed)
  [FALSE] omission: used (negated)
  [FN] omission: Imp: need to exclude impacted wax in ear canal first
Pln: for face to face GP appointment in 5 days to examine ear
Pt to read about tinnitus in the meantime via following link: www.patient.co.uk/tinnitus
If any problems in interim to ring us back
Pt happy with and understands plan
  [FN] omission: History: 
Hx of difficulty hearing left ear for 6 weeks with tinnitus and slight nausea/ dizziness.

prim17.txt
  [FALSE] hallucination: pain (negated)
  [FALSE] hallucination: history (affirmed)
  [FALSE] hallucination: confirm (negated)
  [FALSE] hallucination: note (affirmed)
  [FALSE] hallucination: exercises regularly (affirmed)
  [FALSE] hallucination: medication (negated)
  [FALSE] hallucination: urate (affirmed)
  [FALSE] hallucination: erythema (affirmed)
  [FALSE] hallucination: trauma (negated)
  [FALSE] hallucination: painful (negated)
  [FALSE] omission: tests (affirmed)
  [FALSE] omission: call (affirmed)
  [FALSE] omission: speak (affirmed)
  [FALSE] omission: sacs (affirmed)
  [FALSE] omission: injury (negated)
  [FALSE] omission: anti-inflammatory (affirmed)
  [FALSE] omission: worsen (affirmed)
  [FALSE] omission: lupus (affirmed)
  [FALSE] omission: stomach (negated)
  [FALSE] omission: instructions (affirmed)
  [FALSE] omission: inflammation (affirmed)
  [FALSE] omission: warm (affirmed)
  [FALSE] omission: basis (affirmed)
  [FALSE] omission: diseases (affirmed)
  [FALSE] omission: feel (affirmed)
  [FALSE] omission: ibuprofen (affirmed)
  [FALSE] omission: infected joint (affirmed)
  [FALSE] omission: rheumatoid arthritis (affirmed)
  [FALSE] omission: osteoarthritis (affirmed)
  [FALSE] omission: joint swelling (affirmed)
  [FALSE] omission: dry skin (affirmed)
  [FALSE] omission: born (affirmed)
  [FALSE] omission: blood test (affirmed)
  [FALSE] omission: gout (affirmed)
  [FALSE] omission: treatment (affirmed)
  [FALSE] omission: not sure (affirmed)
  [FALSE] omission: sort (affirmed)
  [FALSE] omission: right elbow (negated)
  [FALSE] omission: mobile (affirmed)
  [FALSE] omission: skin (affirmed)
  [FALSE] omission: medication (affirmed)
  [FALSE] omission: infection (affirmed)
  [FALSE] omission: worried (affirmed)
  [FALSE] omission: left elbow (negated)
  [FALSE] omission: antibodies (affirmed)
  [FALSE] omission: confirmed (affirmed)
  [FALSE] omission: maybe (affirmed)
  [FALSE] omission: face (negated)
  [FALSE] omission: emergency (affirmed)
  [FALSE] omission: blood tests (affirmed)
  [FALSE] omission: septic arthritis (negated)
  [FALSE] omission: no, not really (negated)
  [FALSE] omission: suffer (affirmed)
  [FALSE] omission: screen (affirmed)
  [FALSE] omission: date (affirmed)
  [FALSE] omission: form (affirmed)
  [FALSE] omission: eczema (affirmed)
  [FALSE] omission: feel (negated)
  [FALSE] omission: illnesses (negated)
  [FALSE] omission: food (affirmed)
  [FALSE] hallucination: duration 7 day(s)
  [FN] hallucination: inserted sentence from note 24: "Imp: ?"

prim18.txt
  [FALSE] hallucination: visual disturbances (negated)
  [FALSE] hallucination: ear examination (affirmed)
  [FALSE] hallucination: rule (affirmed)
  [FALSE] hallucination: understands (affirmed)
  [FALSE] hallucination: dysarthria (negated)
  [FALSE] hallucination: ear discharge (negated)
  [FALSE] hallucination: history (affirmed)
  [FALSE] hallucination: facial numbness (affirmed)
  [FALSE] hallucination: difficulty hearing (affirmed)
  [FALSE] hallucination: happy (affirmed)
  [FALSE] omission: call (affirmed)
  [FALSE] omission: rennie (negated)
  [FALSE] omission: speak (affirmed)
  [FALSE] omission: feeling (affirmed)
  [FALSE] omission: confirm (affirmed)
  [FALSE] omission: allergies (affirmed)
  [FALSE] omission: other medication (negated)
  [FALSE] omission: alone (affirmed)
  [FALSE] omission: other symptoms (affirmed)
  [FALSE] omission: very much (affirmed)
  [FALSE] omission: very well (negated)
  [FALSE] omission: nose (affirmed)
  [FALSE] omission: serious (affirmed)
  [FALSE] omission: feel (affirmed)
  [FALSE] omission: ears (negated)
  [FALSE] omission: physical (affirmed)
  [FALSE] omission: touch (negated)
  [FALSE] omission: illnesses (affirmed)
  [FALSE] omission: one thing (affirmed)
  [FALSE] omission: usually (negated)
  [FALSE] omission: portal (affirmed)
  [FALSE] omission: diagnosis (affirmed)
  [FALSE] omission: difficulty speaking (negated)
  [FALSE] omission: hearing (affirmed)
  [FALSE] omission: finger (affirmed)
  [FALSE] omission: discharge (negated)
  [FALSE] omission: dizzy (affirmed)
  [FALSE] omission: panic (affirmed)
  [FALSE] omission: left ear (affirmed)
  [FALSE] omission: medication (affirmed)
  [FALSE] omission: face (negated)
  [FALSE] omission: sorted (affirmed)
  [FALSE] omission: present (affirmed)
  [FALSE] omission: labyrinthitis (affirmed)
  [FALSE] omission: feeling (negated)
  [FALSE] omission: bell's palsy (affirmed)
  [FALSE] omission: other (affirmed)
  [FALSE] omission: back (negated)
  [FALSE] omission: nose (negated)
  [FALSE] omission: date (affirmed)
  [FALSE] omission: vision (negated)
  [FALSE] omission: illnesses (negated)
  [FALSE] hallucination: duration 7 day(s)
  [FN] omission: Slight tinnitus at times in this period- not continuous
Numbness and difficulty hearing present now 
Pmhx: labyrinthitis, heart burn, nasal polyps
DH: Rennies PRN OTC, nasal spray PRN (pt not sure of name)
Allergies: latex allergy
No FH of note
Ex: no facial asymmetry, looks well, normal facial expressions and movements
Imp: ?

=== Evaluation Results ===
prim1.txt: precision=0.00 recall=0.00 f1=0.00 accuracy=0.00 (TP=0 FP=39 FN=1)
prim10.txt: precision=0.00 recall=0.00 f1=0.00 accuracy=0.00 (TP=0 FP=76 FN=1)
prim11.txt: precision=0.00 recall=0.00 f1=0.00 accuracy=0.00 (TP=0 FP=60 FN=3)
prim12.txt: precision=0.00 recall=0.00 f1=0.00 accuracy=0.00 (TP=0 FP=53 FN=3)
prim13.txt: precision=0.00 recall=0.00 f1=0.00 accuracy=0.00 (TP=0 FP=84 FN=2)
prim14.txt: precision=0.00 recall=0.00 f1=0.00 accuracy=0.00 (TP=0 FP=96 FN=0)
prim15.txt: precision=0.00 recall=0.00 f1=0.00 accuracy=0.00 (TP=0 FP=57 FN=3)
prim16.txt: precision=0.00 recall=0.00 f1=0.00 accuracy=0.00 (TP=0 FP=54 FN=2)
prim17.txt: precision=0.00 recall=0.00 f1=0.00 accuracy=0.00 (TP=0 FP=61 FN=1)
prim18.txt: precision=0.00 recall=0.00 f1=0.00 accuracy=0.00 (TP=0 FP=53 FN=1)

Overall (all types): precision=0.00 recall=0.00 f1=0.00 accuracy=0.00 (TP=0 FP=633 FN=17)

By type:
  hallucination: precision=0.00 recall=0.00 f1=0.00 accuracy=0.00 (TP=0 FP=118 FN=8)
  omission: precision=0.00 recall=0.00 f1=0.00 accuracy=0.00 (TP=0 FP=515 FN=9)

Average elapsed time: 2.09s
