
prim1.txt
  [FALSE] hallucination [high/diagnosis mismatch/subjective]: No blood in stool.
  [FALSE] hallucination [high/diagnosis mismatch/subjective]: Associated LLQ pain - crampy, intermittent, nil radiation.
  [FALSE] hallucination [high/diagnosis mismatch/subjective]: Associated LLQ pain - crampy, intermittent, nil radiation.
  [FALSE] hallucination [critical/drug switch/plan]: Conservative management - rest, push fluids, paracetamol if feverish.
  [FALSE] hallucination [critical/negation flip/subjective]: etoh: Nil smoking/etOH hx
  [FN] omission [low/omitted detail]: Takeaway 4/7 ago - Chinese restaurant.
  [FN] omission [low/omitted detail]: 3/7 hx of diarrhea, mainly watery.
  [FN] hallucination [critical/negation flip]: blood in vomit.
  [FN] hallucination [high/number edit]: Opening bowels x60/day.
  [FN] omission [low/omitted detail]: Wife and children also unwell with vomiting, but no diarrhea.

prim10.txt
  [FALSE] hallucination [high/diagnosis mismatch/subjective]: 1/52 hx of dysuria, frequency and suprapubic pain.
  [FALSE] hallucination [high/diagnosis mismatch/subjective]: 1/52 hx of dysuria, frequency and suprapubic pain.
  [FALSE] hallucination [high/diagnosis mismatch/subjective]: Noticed urine today was pink, nil frank haematuria.
  [TRUE] hallucination [high/diagnosis mismatch/subjective]: Suprapubic pain on PU - aching pain, radiating Nil nausea/vomiting Nil fevers Nil new bowel sx Currently sexually active - long-term partner.
  [FALSE] hallucination [high/diagnosis mismatch/subjective]: Suprapubic pain on PU - aching pain, radiating Nil nausea/vomiting Nil fevers Nil new bowel sx Currently sexually active - long-term partner.
  [FALSE] hallucination [critical/drug switch/subjective]: DH: COCP, mebeverine
  [TRUE] hallucination [critical/drug switch/plan]: Regular paracetamol for pain
  [TRUE] hallucination [high/diagnosis mismatch/plan]: Nil neck stiffness.
  [FALSE] hallucination [critical/negation flip/subjective]: today: Noticed urine today was pink, nil frank haematuria.
  [FALSE] hallucination [critical/negation flip/subjective]: aching: Suprapubic pain on PU - aching pain, radiating Nil nausea/vomiting Nil fevers Nil new bowel sx Currently sexually active - long-term partner.
  [FALSE] hallucination [critical/negation flip/subjective]: active: Suprapubic pain on PU - aching pain, radiating Nil nausea/vomiting Nil fevers Nil new bowel sx Currently sexually active - long-term partner.
  [FALSE] hallucination [critical/negation flip/plan]: pain: Regular paracetamol for pain
  [FALSE] hallucination [critical/allergy mismatch/subjective]: Allergic to clindamycin
  FN - none

prim11.txt
  [FALSE] hallucination [high/diagnosis mismatch/subjective]: Feeling feverish, hot/cold
  [FALSE] hallucination [high/diagnosis mismatch/subjective]: Feeling feverish, hot/cold
  [FALSE] hallucination [critical/negation flip/assessment]: gastroenteritis: Imp: gastroenteritis
  [FN] omission [low/omitted detail]: Feels nauseous, has vomited occasionally.

prim12.txt
  [FALSE] hallucination [critical/drug switch/subjective]: DH: salbutamol PRN
  [FALSE] hallucination [high/diagnosis mismatch/subjective]: mother - diabetes Type 2
  [FALSE] hallucination [critical/negation flip/subjective]: fever: No fever/temp
  [FALSE] hallucination [critical/negation flip/subjective]: headaches: No headaches/muscle pain.
  [FALSE] hallucination [critical/negation flip/subjective]: etoh: Nil smoking, social EtOH
  [FALSE] hallucination [critical/negation flip/assessment]: gastroenteritis: Imp: gastroenteritis
  [FN] omission [low/omitted detail]: Has now developed diarrhea - 5-6x/day.

prim13.txt
  [FALSE] hallucination [high/diagnosis mismatch/subjective]: Constant, severity 8/10, dull ache with associated sharp pain, gradual onset.
  [FALSE] hallucination [high/diagnosis mismatch/subjective]: Constant, severity 8/10, dull ache with associated sharp pain, gradual onset.
  [FALSE] hallucination [critical/drug switch/subjective]: Has tried ibuprofen with limited relief.
  [FALSE] hallucination [high/diagnosis mismatch/subjective]: Visual aura prior to headaches.
  [FALSE] hallucination [high/diagnosis mismatch/subjective]: Some photophobia.
  [FALSE] hallucination [high/diagnosis mismatch/subjective]: No neck pain/stiffness
  [FALSE] hallucination [high/diagnosis mismatch/subjective]: No neck pain/stiffness
  [FALSE] hallucination [high/diagnosis mismatch/subjective]: ICE: ?related to stress/dehydration.
  [FALSE] hallucination [critical/drug switch/plan]: Paracetamol/NSAIDs regular
  [FALSE] hallucination [critical/negation flip/subjective]: rashes: No rashes
  [FALSE] hallucination [critical/negation flip/subjective]: migraines: Imp: migraines
  [FALSE] hallucination [critical/allergy mismatch/subjective]: NKDA
  [FN] hallucination [moderate/inserted sentence]: Feeling stressed ++.
  [FN] hallucination [moderate/inserted sentence]: No mood sx.

prim14.txt
  [FALSE] hallucination [high/diagnosis mismatch/subjective]: Runny nose, no ear pain, no sore throat.
  [FALSE] hallucination [high/diagnosis mismatch/subjective]: No SOB/chest pain
  [FALSE] hallucination [high/diagnosis mismatch/subjective]: Feeling tired, weak and myalgia.
  [FALSE] hallucination [high/diagnosis mismatch/subjective]: No nausea/vomiting
  [TRUE] hallucination [high/diagnosis mismatch/subjective]: now resolved Nil urinary symptoms
  [FALSE] hallucination [high/diagnosis mismatch/subjective]: No rashes PMH: Type 2 diabetes, HTN
  [FALSE] hallucination [critical/negation flip/subjective]: sore throat: Runny nose, no ear pain, no sore throat.
  [FALSE] hallucination [critical/negation flip/subjective]: diarrhea: Initial diarrhea
  [FALSE] hallucination [critical/negation flip/subjective]: rashes: No rashes PMH: Type 2 diabetes, HTN
  [FALSE] hallucination [critical/negation flip/subjective]: stress: FH: Father - type 2 diabetes SH: lives with partner, works IT, reports stress.
  [FN] hallucination [critical/number edit]: Social EtOH <140 units/week

Imp: viral URTI 

Plan:
1.

prim15.txt
  [TRUE] hallucination [high/diagnosis mismatch/subjective]: Dry cough, keeps pt up at night.
  [TRUE] hallucination [high/diagnosis mismatch/subjective]: No pain Works as a cleaner and does always wear gloves - possible trigger
  [FALSE] hallucination [high/diagnosis mismatch/subjective]: No fever
  [FALSE] hallucination [high/diagnosis mismatch/subjective]: Appetite maintained PMH: Type 2 diabetes
  [TRUE] hallucination [critical/drug switch/subjective]: Has tried E85 cream and antihistamines with minimal relief
  [FALSE] hallucination [critical/drug switch/subjective]: Has tried E85 cream and antihistamines with minimal relief
  [FALSE] hallucination [critical/negation flip/subjective]: metformin: DH: metformin NKDA
  FN - none

prim16.txt
  [TRUE] hallucination [critical/drug switch/subjective]: discharge/ fever/ itchiness/ pain Doesn't use cotton wool buds No Pmhx of note Ex: Looks well, in pain.
  [TRUE] hallucination [high/diagnosis mismatch/subjective]: Pln: for face to face Bell appointment in 50 days to examine ear
  [FALSE] hallucination [critical/negation flip/subjective]: dizziness: Hx of difficulty hearing left ear for 60 weeks with tinnitus and slight nausea/ dizziness.
  [FALSE] hallucination [critical/negation flip/subjective]: impacted: Imp: need to exclude impacted wax in ear canal first
  [FN] hallucination [high/number edit]: Imp: need to exclude impacted wax in ear canal first
Pln: for face to face GP appointment in 50 days to examine ear
Pt to read about tinnitus in the meantime via following link: www.patient.co.uk/tinnitus
If any problems in interim to ring us back
Pt happy with and understands plan
  [FN] hallucination [critical/negation flip]: discharge/ fever/ itchiness/ pain Doesn't use cotton wool buds No Pmhx of note Ex: Looks well, in pain.
  [FN] hallucination [high/number edit]: History: 
 Hx of difficulty hearing left ear for 60 weeks with tinnitus and slight nausea/ dizziness.

prim17.txt
  [FALSE] hallucination [high/diagnosis mismatch/subjective]: Hx: 1 week history of spontaneous elbow swelling left.
  [FALSE] hallucination [high/diagnosis mismatch/subjective]: Mild erythema and minimal swelling (if any) around olecranon process left elbow
  [FALSE] hallucination [critical/negation flip/assessment]: bursitis: Imp: possible bursitis
  [FALSE] hallucination [critical/allergy mismatch/subjective]: DH: not on any medication, allergic to peanuts
  [FN] hallucination [critical/negation flip]: painful.

prim18.txt
  [TRUE] hallucination [high/diagnosis mismatch/subjective]: Hx: 1 week history of left side difficulty hearing and facial numbness dysphagia, dysarthria, no unilateral weakness / numbness in the rest of the body, no visual disturbances No ear pain, ear discharge, fever, itchiness or cotton bud use.
  [TRUE] hallucination [high/diagnosis mismatch/subjective]: Slight tinnitus at times in this period- continuous HTN
  [FALSE] hallucination [critical/negation flip/subjective]: dysphagia: Hx: 1 week history of left side difficulty hearing and facial numbness dysphagia, dysarthria, no unilateral weakness / numbness in the rest of the body, no visual disturbances No ear pain, ear discharge, fever, itchiness or cotton bud use.
  [FALSE] hallucination [critical/negation flip/subjective]: cotton: Hx: 1 week history of left side difficulty hearing and facial numbness dysphagia, dysarthria, no unilateral weakness / numbness in the rest of the body, no visual disturbances No ear pain, ear discharge, fever, itchiness or cotton bud use.
  [FN] hallucination [low/entity swap]: GP's Palsy- need to rule out any other focal neurology 
 Plan: for face to face review today for neurological examination and ear examination 
 Pt to ring support line for GP F2f slot 
 Pt understands and is happy with plan
  [FN] hallucination [critical/negation flip]: Slight tinnitus at times in this period- continuous Numbness and difficulty hearing present now Pmhx: labyrinthitis, heart burn, nasal polyps DH: Rennies PRN OTC, nasal spray PRN (pt not sure of name) Allergies: latex allergy No FH of note Ex: no facial asymmetry, looks well, normal facial expressions and movements Imp: ?

=== Evaluation Results ===
prim1.txt: precision=0.00 recall=0.00 f1=0.00 accuracy=0.00 (TP=0 FP=5 FN=5)
prim10.txt: precision=0.23 recall=1.00 f1=0.38 accuracy=0.23 (TP=3 FP=10 FN=0)
prim11.txt: precision=0.00 recall=0.00 f1=0.00 accuracy=0.00 (TP=0 FP=3 FN=1)
prim12.txt: precision=0.00 recall=0.00 f1=0.00 accuracy=0.00 (TP=0 FP=6 FN=1)
prim13.txt: precision=0.00 recall=0.00 f1=0.00 accuracy=0.00 (TP=0 FP=12 FN=2)
prim14.txt: precision=0.10 recall=0.50 f1=0.17 accuracy=0.09 (TP=1 FP=9 FN=1)
prim15.txt: precision=0.43 recall=1.00 f1=0.60 accuracy=0.43 (TP=3 FP=4 FN=0)
prim16.txt: precision=0.50 recall=0.40 f1=0.44 accuracy=0.29 (TP=2 FP=2 FN=3)
prim17.txt: precision=0.00 recall=0.00 f1=0.00 accuracy=0.00 (TP=0 FP=4 FN=1)
prim18.txt: precision=0.50 recall=0.50 f1=0.50 accuracy=0.33 (TP=2 FP=2 FN=2)

Overall (all types): precision=0.16 recall=0.41 f1=0.23 accuracy=0.13 (TP=11 FP=57 FN=16)

Average flags per round: 6.8 (68 flags / 10 files)

By type:
  hallucination: precision=0.16 recall=0.50 f1=0.24 accuracy=0.14 (TP=11 FP=57 FN=11)
  omission: precision=0.00 recall=0.00 f1=0.00 accuracy=0.00 (TP=0 FP=0 FN=5)

Average elapsed time: 2.70s

By severity (recall -- are we catching the risky ones?):
  critical: 5/10 caught (recall=0.50)
  high: 2/5 caught (recall=0.40)
  low: 2/8 caught (recall=0.25)
  moderate: 2/4 caught (recall=0.50)
  accuracy on matched errors (predicted value == label value): 0.09 (1/11)
  mean absolute error (severity rank): 1.09

By detail type (recall -- are we catching this corruption category?):
  entity swap: 2/3 caught (recall=0.67)
  inserted sentence: 3/5 caught (recall=0.60)
  negation flip: 5/9 caught (recall=0.56)
  number edit: 1/5 caught (recall=0.20)
  omitted detail: 0/5 caught (recall=0.00)
  accuracy on matched errors (predicted value == label value): 0.00 (0/11)

By severity, split by label type:
  hallucination:
    critical: 5/10 caught (recall=0.50)
    high: 2/5 caught (recall=0.40)
    low: 2/3 caught (recall=0.67)
    moderate: 2/4 caught (recall=0.50)
  omission:
    low: 0/5 caught (recall=0.00)

By SOAP section (predictions -- omissions have no section, they
describe content missing FROM the note, always bucketed under "n/a"):
  hallucination:
    assessment: TP=0 FP=3
    plan: TP=2 FP=3
    subjective: TP=9 FP=51

Critical-severity labels caught (TP), by section:
  subjective: 5
