
prim1.txt
  [FALSE] omission: Oh hey, um, I've just had some diarrhea for the last three days, um, and it's been affecting me I need to stay close to the toilet.
  [FALSE] omission: watery stool
  [FALSE] omission: like some pain in my
  [FALSE] omission: like a cramp
  [FALSE] omission: just maybe my stomach.
  [FALSE] omission: Uh
  [TRUE] omission: no.
  [FALSE] omission: just normal vomit
  [FALSE] omission: I had a loss of appetite
  [FALSE] omission: Uh
  [FALSE] omission: Um, it seems like you may have something, uh, called gastroenteritis, which essentially just a tummy bug or infection of your uh of your tummy.
  [FALSE] omission: It's really just, um, making sure you're well hydrated, so drinking fluids.
  [FALSE] omission: Um, there are things like Dioralyte you can get from the pharmacy, which uh it's um it helps helps replenish your minerals and vitamins.
  [FALSE] omission: Um, there are things like Dioralyte you can get from the pharmacy, which uh it's um it helps helps replenish your minerals and vitamins.
  [FALSE] hallucination: No blood in stool.
  [FALSE] hallucination: Associated LLQ pain - crampy, intermittent, nil radiation.
  [FALSE] hallucination: Associated LLQ pain - crampy, intermittent, nil radiation.
  [FALSE] hallucination: Conservative management - rest, push fluids, paracetamol if feverish.
  [FN] omission: Takeaway 4/7 ago - Chinese restaurant.
  [FN] omission: 3/7 hx of diarrhea, mainly watery.
  [FN] hallucination: blood in vomit.
  [FN] hallucination: Opening bowels x60/day.

prim10.txt
  [FALSE] omission: Uh
  [FALSE] omission: Um, and yeah I notice a sort of burning, stinging, when I when I go to the toilet, yeah.
  [FALSE] omission: Um, and yeah I notice a sort of burning, stinging, when I when I go to the toilet, yeah.
  [FALSE] omission: Um
  [FALSE] omission: I wouldn't describe it as crampy I don't think it's like a period pain
  [FALSE] omission: No
  [FALSE] omission: no nausea vomiting.
  [FALSE] omission: Uh yeah, uh I'm um on the pill.
  [FALSE] omission: Yeah
  [FALSE] omission: the fact that I, I I think it's, um, probably just a simple what we'd say a UTI or a cystitis, bladder infection.
  [FALSE] omission: the fact that I, I I think it's, um, probably just a simple what we'd say a UTI or a cystitis, bladder infection.
  [FALSE] omission: Uh, you know you haven't got any other symptoms that, suggest to me that there's anything to worry about, so things like fevers and back pain.
  [FALSE] omission: Um, so we've got a choice of two antibiotics something called Trimethoprim or, Nitrofurantoin which is a three day course.
  [FALSE] omission: Um, start the antibiotics, make sure you're well hydrated, drink plenty of fluids.
  [FALSE] omission: vomiting
  [FALSE] hallucination: 1/52 hx of dysuria, frequency and suprapubic pain.
  [FALSE] hallucination: 1/52 hx of dysuria, frequency and suprapubic pain.
  [FALSE] hallucination: Noticed urine today was pink, nil frank haematuria.
  [TRUE] hallucination: Suprapubic pain on PU - aching pain, radiating Nil nausea/vomiting Nil fevers Nil new bowel sx Currently sexually active - long-term partner.
  [FALSE] hallucination: Suprapubic pain on PU - aching pain, radiating Nil nausea/vomiting Nil fevers Nil new bowel sx Currently sexually active - long-term partner.
  [FALSE] hallucination: DH: COCP, mebeverine
  [TRUE] hallucination: Regular paracetamol for pain
  [TRUE] hallucination: Nil neck stiffness.
  [FALSE] status_flip: aching: Suprapubic pain on PU - aching pain, radiating Nil nausea/vomiting Nil fevers Nil new bowel sx Currently sexually active - long-term partner.
  [FALSE] status_flip: active: Suprapubic pain on PU - aching pain, radiating Nil nausea/vomiting Nil fevers Nil new bowel sx Currently sexually active - long-term partner.
  [FALSE] hallucination: Allergic to clindamycin
  FN - none

prim11.txt
  [FALSE] omission: Yeah, so I mean I'm , I'm trying to drink a lot of water.
  [FALSE] omission: I feel a cramp.
  [FALSE] omission: Um, yeah I definitely, I definitely feel kind of nauseous. Um
  [FALSE] omission: Like I and, like I've have vomited.
  [FALSE] omission: And when I like, I think it's maybe something to do with like, whenever I have like milk or something like that, I just feel like I want to vomit.
  [FALSE] omission: Um so I
  [FALSE] omission: yeah I think I am pretty
  [FALSE] omission: uh I'm pretty sure I'm burning up
  [FALSE] omission: Um yeah a bit
  [FALSE] omission: Um so I
  [FALSE] omission: Um so, I had some, I mean I had some lunch today. Um
  [FALSE] omission: Um bowel, so would, would bowel like, is is the colon like something that
  [FALSE] omission: So it could be anything from the mouth anus.
  [FALSE] omission: And I, I don't exactly know the full things of like the steps of cancer, and all that kind of thing.
  [FALSE] omission: bit of a basic infection of your tummy. .
  [FALSE] omission: I am obviously worried about the fact that you are losing minerals and vitamins.
  [FALSE] omission: OK
  [FALSE] omission: buy this Dioralyte
  [FALSE] omission: You can use soft diet, things like soup, mash.
  [FALSE] omission: OK
  [FALSE] hallucination: Feeling feverish, hot/cold
  [FALSE] hallucination: Feeling feverish, hot/cold
  [FALSE] status_flip: gastroenteritis: Imp: gastroenteritis
  [FALSE] omission: Um, so I don't have any allergies that I know of.
  [FALSE] hallucination: NKDA
  [FN] omission: Feels nauseous, has vomited occasionally.

prim12.txt
  [FALSE] omission: Right, so, uh, I've been having, uh, diarrhoea, for like, let's say past three days, more or less.
  [FALSE] omission: not
  [FALSE] omission: Yeah, just felt, like some nausea and I had to, to vomit, and then I had some diarrhoea, straight after that.
  [FALSE] omission: Uh
  [FALSE] omission: Yes it is
  [FALSE] omission: Um, so, my father has, high uh, well used to have high blood pressure.
  [FALSE] omission: He actually, so he actually died, of, bowel cancer, like ten years ago.
  [FALSE] omission: Ohh yes, so uh, probably is worth mentioning uh, she has diabetes.
  [FALSE] omission: It's an infection of your, your tummy.
  [FALSE] omission: Uh you can get things from the pharmacy, which is called Dioralyte, which can help replenish any uh minerals and vitamins you may have lost.
  [FALSE] omission: Uh you can get things from the pharmacy, which is called Dioralyte, which can help replenish any uh minerals and vitamins you may have lost.
  [FALSE] hallucination: DH: salbutamol PRN
  [FALSE] hallucination: mother - diabetes Type 2
  [FALSE] status_flip: fever: No fever/temp,
  [FALSE] status_flip: headaches: No headaches/muscle pain.
  [FALSE] status_flip: gastroenteritis: Imp: gastroenteritis
  [FALSE] hallucination: NKDA
  [FN] omission: Has now developed diarrhea - 5-6x/day.

prim13.txt
  [FALSE] omission: Um
  [FALSE] omission: So basically it like
  [FALSE] omission: Not loss of vision
  [FALSE] omission: I I'm sick with the headache
  [FALSE] omission: Mm not that I know of.
  [FALSE] omission: Um at first I thought it's stress, or maybe I didn't drink enough water.
  [FALSE] omission: Yeah maybe just kinda
  [FALSE] omission: it's certainly worth treating it today stronger analgesia or painkillers.
  [FALSE] omission: Or, I can prescribe you something stronger, like Naproxen, which is another anti-inflammatory, which can be helpful.
  [FALSE] omission: Or, I can prescribe you something stronger, like Naproxen, which is another anti-inflammatory, which can be helpful.
  [FALSE] omission: Um, we can also add in other, painkillers like, Paracetamol, or Codeine.
  [FALSE] hallucination: Constant, severity 8/10, dull ache with associated sharp pain, gradual onset.
  [FALSE] hallucination: Constant, severity 8/10, dull ache with associated sharp pain, gradual onset.
  [FALSE] hallucination: Has tried ibuprofen with limited relief.
  [FALSE] hallucination: Visual aura prior to headaches.
  [FALSE] hallucination: Some photophobia.
  [FALSE] hallucination: No neck pain/stiffness
  [FALSE] hallucination: No neck pain/stiffness
  [FALSE] hallucination: ICE: ?related to stress/dehydration.
  [FALSE] hallucination: Paracetamol/NSAIDs regular
  [FALSE] status_flip: rashes: No rashes
  [FALSE] hallucination: NKDA
  [FN] hallucination: Feeling stressed ++.
  [FN] hallucination: No mood sx.

prim14.txt
  [FALSE] omission: Uh
  [FALSE] omission: And my nose is running.
  [FALSE] omission: I mean
  [FALSE] omission: just my throat is irritated from coughing
  [FALSE] omission: No pain, no discharge coming from your ears.
  [FALSE] omission: No pain, no discharge coming from your ears.
  [FALSE] omission: I don't feel restless
  [FALSE] omission: I don't feel restless
  [FALSE] omission: No
  [FALSE] omission: No
  [FALSE] omission: no nausea
  [FALSE] omission: I just like, my stomach wasn't feeling great.
  [FALSE] omission: I, I drank loads of water, when I started having the diarrhea.
  [FALSE] omission: I had chills
  [FALSE] omission: Especially like in my arms, my legs, like just everywhere basically.
  [FALSE] omission: Yeah
  [FALSE] omission: Uh, well I have type two diabetes.
  [FALSE] omission: And I have quite high blood pressure.
  [FALSE] omission: not too active a job.
  [FALSE] omission: Um, right so uh just as we wrap up really, um April I think based on your story, I think uh essentially I think you're, you're going through a bit of a bit of a viral illness.
  [FALSE] omission: Keep yourself well-hydrated.
  [FALSE] omission: And if you are still feeling feverish, um and your cough isn't getting any better, then we may look to give you some antibiotics for your chest.
  [FALSE] omission: some of the uh uh common source of infection. Um
  [FALSE] hallucination: Runny nose, no ear pain, no sore throat.
  [FALSE] hallucination: No SOB/chest pain
  [FALSE] hallucination: Feeling tired, weak and myalgia.
  [FALSE] hallucination: No nausea/vomiting
  [TRUE] hallucination: now resolved Nil urinary symptoms
  [FALSE] hallucination: No rashes PMH: Type 2 diabetes, HTN
  [FALSE] status_flip: rashes: No rashes PMH: Type 2 diabetes, HTN
  [FN] hallucination: Social EtOH <140 units/week

Imp: viral URTI 

Plan:
1.

prim15.txt
  [FALSE] omission: It's just you know, I've always, you know, I don't hydrate very much. So
  [FALSE] omission: Yeah I mean
  [FALSE] omission: No.
  [FALSE] omission: No.
  [FALSE] omission: I have diabetes.
  [FALSE] omission: Not that I know of
  [FALSE] omission: No
  [FALSE] omission: Uh
  [FALSE] omission: Uh yeah
  [TRUE] hallucination: Dry cough, keeps pt up at night. 3-4/12 hx of sore and cracked skin on my hands - mainly palms. Occasionally itchy and bleeding on scratching.
  [TRUE] hallucination: No pain Works as a cleaner and does always wear gloves - possible trigger
  [FALSE] hallucination: No fever
  [FALSE] hallucination: Appetite maintained PMH: Type 2 diabetes
  [TRUE] hallucination: Has tried E85 cream and antihistamines with minimal relief
  [FALSE] hallucination: Has tried E85 cream and antihistamines with minimal relief
  [FALSE] status_flip: metformin: DH: metformin NKDA
  FN - none

prim16.txt
  [FALSE] omission: Uh yeah
  [FALSE] omission: Um I had something maybe
  [FALSE] omission: Um
  [FALSE] omission: um there's actually been a few times when I felt kind of a bit sick or a bit dizzy as well.
  [FALSE] omission: Uh
  [FALSE] omission: not specifically apart from the dizziness so much.
  [FALSE] omission: Uh nah I'll do it.
  [FALSE] omission: lead to muffled hearing.
  [FALSE] omission: OK.
  [FALSE] omission: Uh nothing major it's just kind of uh it's, it's not the kind of dizziness you get with nausea, like uh not, not proper room spinning or anything like that
  [FALSE] omission: Uh nothing major it's just kind of uh it's, it's not the kind of dizziness you get with nausea, like uh not, not proper room spinning or anything like that
  [FALSE] omission: just, just a little bit kind of off balance.
  [FALSE] omission: No.
  [FALSE] omission: and Tinnitus is something actually that medicine doctors, we don't really understand it fully.
  [FALSE] omission: OK brilliant.
  [TRUE] hallucination: discharge/ fever/ itchiness/ pain Doesn't use cotton wool buds No Pmhx of note Ex: Looks well, in pain.
  [TRUE] hallucination: Pln: for face to face Bell appointment in 50 days to examine ear
  [FALSE] status_flip: impacted: Imp: need to exclude impacted wax in ear canal first
  [FN] hallucination: Imp: need to exclude impacted wax in ear canal first
Pln: for face to face GP appointment in 50 days to examine ear
Pt to read about tinnitus in the meantime via following link: www.patient.co.uk/tinnitus
If any problems in interim to ring us back
Pt happy with and understands plan
  [FN] hallucination: discharge/ fever/ itchiness/ pain Doesn't use cotton wool buds No Pmhx of note Ex: Looks well, in pain.
  [FN] hallucination: History: 
 Hx of difficulty hearing left ear for 60 weeks with tinnitus and slight nausea/ dizziness.

prim17.txt
  [FALSE] omission: Before we start your appointment, could you please tell me your first name and your date of birth.
  [FALSE] omission: Um
  [FALSE] omission: no
  [FALSE] omission: well I
  [FALSE] omission: osteoarthritis
  [FALSE] omission: Um,
  [FALSE] omission: Uh
  [FALSE] omission: No.
  [FALSE] omission: So, that's an inflammation of one of the fluid sacs around the joint.
  [FALSE] omission: Um, what I think we should do is, I think you should be on some anti-inflammatory medication, in the, in the first instance.
  [FALSE] omission: And, that will involve you, um, having some tests done to check for inflammatory markers, infection, rheumatological antibodies.
  [FALSE] omission: And, that will involve you, um, having some tests done to check for inflammatory markers, infection, rheumatological antibodies.
  [FALSE] omission: So we'll do a full screen, and also check for things like Gout as well, OK. Um.
  [FALSE] omission: It doesn't look like, to me that's something called, excuse me, septic arthritis.
  [FALSE] omission: So, we're worried sometimes that someone might have an acutely infected joint.
  [FALSE] omission: OK. So, I, I would take Ibuprofen regularly, OK. You can get that , over the counter.
  [FALSE] omission: And you should take, take that after food, not on an empty stomach.
  [FALSE] omission: And you should take, take that after food, not on an empty stomach.
  [FALSE] omission: Maybe within a um, actually you know, the follow-up appointment doesn't have to be face-to-face, if it's more convenient for you do, to do it over the phone, we can do that over the phone, uh, over video.
  [FALSE] hallucination: Hx: 1 week history of spontaneous elbow swelling left.
  [FALSE] hallucination: Mild erythema and minimal swelling (if any) around olecranon process left elbow
  [FALSE] status_flip: bursitis: Imp: possible bursitis
  [FALSE] hallucination: DH: not on any medication, allergic to peanuts
  [FN] hallucination: painful.

prim18.txt
  [FALSE] omission: Uh
  [FALSE] omission: Not that I
  [FALSE] omission: Um
  [FALSE] omission: been told I have polyps in my nose in the past
  [FALSE] omission: Um, that, that's all fine and, you know I take a Rennie's if I need to, and if my nose polyps are playing up I've got a spray. Um.
  [FALSE] omission: No.
  [FALSE] omission: Neurofibromatosis
  [FALSE] omission: , because of all the kind of, these symptoms I've been getting, especially sometimes when I get a ringing, I can feel a bit dizzy.
  [FALSE] omission: what you're, what you're describing might be something called Bell's Palsy.
  [TRUE] hallucination: Hx: 1 week history of left side difficulty hearing and facial numbness dysphagia, dysarthria, no unilateral weakness / numbness in the rest of the body, no visual disturbances No ear pain, ear discharge, fever, itchiness or cotton bud use.
  [TRUE] hallucination: Slight tinnitus at times in this period- continuous HTN
  [FALSE] hallucination: DH and difficulty hearing present now Pmhx: labyrinthitis, heart burn, nasal polyps DH: Rennies PRN OTC, nasal spray PRN (pt not sure of name) Allergies: latex allergy No FH of note Ex: no facial asymmetry, looks well, normal facial expressions and movements Imp: ? GP's Palsy- need to rule out any other focal neurology
  [FALSE] status_flip: dysphagia: Hx: 1 week history of left side difficulty hearing and facial numbness dysphagia, dysarthria, no unilateral weakness / numbness in the rest of the body, no visual disturbances No ear pain, ear discharge, fever, itchiness or cotton bud use.
  [FALSE] status_flip: ear pain: Hx: 1 week history of left side difficulty hearing and facial numbness dysphagia, dysarthria, no unilateral weakness / numbness in the rest of the body, no visual disturbances No ear pain, ear discharge, fever, itchiness or cotton bud use.
  [FALSE] status_flip: cotton: Hx: 1 week history of left side difficulty hearing and facial numbness dysphagia, dysarthria, no unilateral weakness / numbness in the rest of the body, no visual disturbances No ear pain, ear discharge, fever, itchiness or cotton bud use.
  [FN] hallucination: GP's Palsy- need to rule out any other focal neurology 
 Plan: for face to face review today for neurological examination and ear examination 
 Pt to ring support line for GP F2f slot 
 Pt understands and is happy with plan
  [FN] hallucination: Slight tinnitus at times in this period- continuous Numbness and difficulty hearing present now Pmhx: labyrinthitis, heart burn, nasal polyps DH: Rennies PRN OTC, nasal spray PRN (pt not sure of name) Allergies: latex allergy No FH of note Ex: no facial asymmetry, looks well, normal facial expressions and movements Imp: ?

=== Evaluation Results ===
prim1.txt: precision=0.06 recall=0.20 f1=0.09 accuracy=0.05 (TP=1 FP=17 FN=4)
prim10.txt: precision=0.12 recall=1.00 f1=0.21 accuracy=0.12 (TP=3 FP=23 FN=0)
prim11.txt: precision=0.00 recall=0.00 f1=0.00 accuracy=0.00 (TP=0 FP=25 FN=1)
prim12.txt: precision=0.00 recall=0.00 f1=0.00 accuracy=0.00 (TP=0 FP=17 FN=1)
prim13.txt: precision=0.00 recall=0.00 f1=0.00 accuracy=0.00 (TP=0 FP=22 FN=2)
prim14.txt: precision=0.03 recall=0.50 f1=0.06 accuracy=0.03 (TP=1 FP=29 FN=1)
prim15.txt: precision=0.19 recall=1.00 f1=0.32 accuracy=0.19 (TP=3 FP=13 FN=0)
prim16.txt: precision=0.11 recall=0.40 f1=0.17 accuracy=0.10 (TP=2 FP=16 FN=3)
prim17.txt: precision=0.00 recall=0.00 f1=0.00 accuracy=0.00 (TP=0 FP=23 FN=1)
prim18.txt: precision=0.13 recall=0.50 f1=0.21 accuracy=0.12 (TP=2 FP=13 FN=2)

Overall (all types): precision=0.06 recall=0.44 f1=0.10 accuracy=0.05 (TP=12 FP=198 FN=15)

By type:
  hallucination: precision=0.22 recall=0.50 f1=0.31 accuracy=0.18 (TP=11 FP=38 FN=11)
  omission: precision=0.01 recall=0.20 f1=0.01 accuracy=0.01 (TP=1 FP=146 FN=4)
  status_flip: precision=0.00 recall=0.00 f1=0.00 accuracy=0.00 (TP=0 FP=14 FN=0)

Average elapsed time: 2.67s

By severity (recall -- are we catching the risky ones?):
  critical: 5/10 caught (recall=0.50)
  high: 2/5 caught (recall=0.40)
  low: 3/8 caught (recall=0.38)
  moderate: 2/4 caught (recall=0.50)
  accuracy on matched errors (predicted value == label value): 0.08 (1/12)
  mean absolute error (severity rank): 1.17

By detail type (recall -- are we catching this corruption category?):
  entity swap: 2/3 caught (recall=0.67)
  inserted sentence: 3/5 caught (recall=0.60)
  negation flip: 5/9 caught (recall=0.56)
  number edit: 1/5 caught (recall=0.20)
  omitted detail: 1/5 caught (recall=0.20)
  accuracy on matched errors (predicted value == label value): 0.00 (0/12)
