
prim1.txt
  [FALSE] omission: probably (affirmed)
  [FALSE] omission: loose stool (negated)
  [FALSE] omission: pain (affirmed)
  [FALSE] omission: lower abdomen (affirmed)
  [FALSE] omission: cramp (affirmed)
  [FALSE] omission: shaky (affirmed)
  [FALSE] omission: come and go (affirmed)
  [FALSE] omission: maybe (negated)
  [FALSE] omission: stomach (negated)
  [FALSE] omission: three or four days (affirmed)
  [FALSE] omission: food (affirmed)
  [FALSE] omission: no blood (negated)
  [FALSE] omission: loss of appetite (affirmed)
  [FALSE] omission: eating (negated)
  [FALSE] omission: drinking (affirmed)
  [FALSE] omission: light (affirmed)
  [FALSE] omission: liquid (affirmed)
  [FALSE] omission: triggers (affirmed)
  [FALSE] omission: other medications (negated)
  [FALSE] omission: infection (affirmed)
  [FALSE] omission: antibiotics (negated)
  [FALSE] omission: hydrated (affirmed)
  [FALSE] omission: dioralyte (affirmed)
  [FALSE] omission: vitamins (affirmed)
  [FALSE] omission: tests (affirmed)
  [FALSE] omission: sample (affirmed)
  [FALSE] hallucination: bowels (affirmed)
  [FALSE] hallucination: asthma (affirmed)
  [FALSE] hallucination: lives (affirmed)
  [FALSE] hallucination: paracetamol (affirmed)
  [FALSE] status_flip: vomit: affirmed in transcript vs negated in SOAP note
  [FALSE] status_flip: stools: affirmed in transcript vs negated in SOAP note
  [FALSE] status_flip: etoh: negated in transcript vs affirmed in SOAP note
  [FN] hallucination: inserted sentence from note 11: "No blood in stools."
  [FN] omission: Associated LLQ pain - crampy, intermittent, nil radiation.
  [FN] omission: No other unwell contacts.

prim10.txt
  [FALSE] omission: worried (negated)
  [FALSE] omission: burning pain (affirmed)
  [FALSE] omission: pass urine (affirmed)
  [FALSE] omission: maybe (affirmed)
  [FALSE] omission: sort (affirmed)
  [FALSE] omission: burning (affirmed)
  [FALSE] omission: stinging (affirmed)
  [FALSE] omission: probably (affirmed)
  [FALSE] omission: definitely (affirmed)
  [FALSE] omission: worse (affirmed)
  [FALSE] omission: period pain (negated)
  [FALSE] omission: vomiting (negated)
  [FALSE] omission: usually (affirmed)
  [FALSE] omission: pass (affirmed)
  [FALSE] omission: pill (affirmed)
  [FALSE] omission: pregnant (affirmed)
  [FALSE] omission: eating (affirmed)
  [FALSE] omission: drinking (affirmed)
  [FALSE] omission: weed (affirmed)
  [FALSE] omission: thought (affirmed)
  [FALSE] omission: antibiotic (affirmed)
  [FALSE] omission: note (affirmed)
  [FALSE] omission: living (affirmed)
  [FALSE] omission: completely agree (affirmed)
  [FALSE] omission: basis (negated)
  [FALSE] omission: cystitis (uncertain)
  [FALSE] omission: bladder infection (uncertain)
  [FALSE] omission: other symptoms (affirmed)
  [FALSE] omission: and back pain (negated)
  [FALSE] omission: trimethoprim (affirmed)
  [FALSE] omission: hydrated (affirmed)
  [FALSE] omission: back (negated)
  [FALSE] omission: either (affirmed)
  [FALSE] hallucination: dysuria (affirmed)
  [FALSE] hallucination: suprapubic pain (affirmed)
  [FALSE] hallucination: frank haematuria (affirmed)
  [FALSE] hallucination: aching pain (affirmed)
  [FALSE] hallucination: sexually active (affirmed)
  [FALSE] hallucination: discharge (affirmed)
  [FALSE] hallucination: mebeverine (affirmed)
  [FALSE] hallucination: lives (affirmed)
  [FALSE] hallucination: etoh (affirmed)
  [FALSE] hallucination: analgesia (affirmed)
  [FALSE] hallucination: haematuria (negated)
  [FALSE] hallucination: resolved (affirmed)
  [FALSE] status_flip: pain: negated in transcript vs affirmed in SOAP note
  [FN] hallucination: inserted sentence from note 9: "Nil bowel sx
Currently sexually active - with regular partner for 2/12."
  [FN] hallucination: inserted sentence from note 9: "Brief episode of haematuria, now resolved."
  [FN] hallucination: inserted sentence from note 9: "Abdo pain - cramping, nil radiating 
Nil nausea/vomiting."

prim11.txt
  [FALSE] omission: screen (affirmed)
  [FALSE] omission: diarrhoea (affirmed)
  [FALSE] omission: pleasant (negated)
  [FALSE] omission: awake (affirmed)
  [FALSE] omission: water (affirmed)
  [FALSE] omission: sign (affirmed)
  [FALSE] omission: maybe (affirmed)
  [FALSE] omission: definitely (affirmed)
  [FALSE] omission: milk (affirmed)
  [FALSE] omission: sleeping (negated)
  [FALSE] omission: burning (affirmed)
  [FALSE] omission: reading (negated)
  [FALSE] omission: normal temperature (negated)
  [FALSE] omission: hoarse (affirmed)
  [FALSE] omission: trigger (negated)
  [FALSE] omission: today (affirmed)
  [FALSE] omission: fit and well (affirmed)
  [FALSE] omission: medications (negated)
  [FALSE] omission: medication (negated)
  [FALSE] omission: allergies (negated)
  [FALSE] omission: bowel (affirmed)
  [FALSE] omission: mouth (affirmed)
  [FALSE] omission: anus (affirmed)
  [FALSE] omission: speak (negated)
  [FALSE] omission: cancer (negated)
  [FALSE] omission: sort (affirmed)
  [FALSE] omission: not sure (affirmed)
  [FALSE] omission: dislike (affirmed)
  [FALSE] omission: rather (affirmed)
  [FALSE] omission: infection (affirmed)
  [FALSE] omission: worry (affirmed)
  [FALSE] omission: settle (affirmed)
  [FALSE] omission: probably (affirmed)
  [FALSE] omission: vitamins (uncertain)
  [FALSE] omission: mash (affirmed)
  [FALSE] omission: very much (affirmed)
  [FALSE] hallucination: blood (negated)
  [FALSE] hallucination: stools (negated)
  [FALSE] hallucination: assoc (affirmed)
  [FALSE] hallucination: pain (affirmed)
  [FALSE] hallucination: cold (affirmed)
  [FALSE] hallucination: urine (affirmed)
  [FALSE] hallucination: lives (affirmed)
  [FALSE] status_flip: gastroenteritis: uncertain in transcript vs affirmed in SOAP note
  [FN] hallucination: inserted sentence from note 1: "Lives with wife and children."
  [FN] omission: 3/7 hx of diarrhea - watery stools, opening bowels every hour.

prim12.txt
  [FALSE] omission: very bad (affirmed)
  [FALSE] omission: back (affirmed)
  [FALSE] omission: very often (affirmed)
  [FALSE] omission: definitely (affirmed)
  [FALSE] omission: feel (affirmed)
  [FALSE] omission: not much (affirmed)
  [FALSE] omission: probably (negated)
  [FALSE] omission: nausea (affirmed)
  [FALSE] omission: suffer (affirmed)
  [FALSE] omission: blue (affirmed)
  [FALSE] omission: high (family history)
  [FALSE] omission: used (family history)
  [FALSE] omission: high blood pressure (family history)
  [FALSE] omission: call (uncertain)
  [FALSE] omission: infection (affirmed)
  [FALSE] omission: flush (affirmed)
  [FALSE] omission: dioralyte (affirmed)
  [FALSE] omission: vitamins (affirmed)
  [FALSE] omission: hope (affirmed)
  [FALSE] hallucination: blood (negated)
  [FALSE] hallucination: stools (negated)
  [FALSE] hallucination: pain (negated)
  [FALSE] hallucination: reduced (affirmed)
  [FALSE] hallucination: fever (negated)
  [FALSE] hallucination: temp (negated)
  [FALSE] hallucination: triggers (affirmed)
  [FALSE] hallucination: salbutamol (affirmed)
  [FALSE] hallucination: finding (affirmed)
  [FALSE] status_flip: appetite: negated in transcript vs affirmed in SOAP note
  [FALSE] status_flip: feels warm: negated in transcript vs affirmed in SOAP note
  [FALSE] status_flip: gastroenteritis: uncertain in transcript vs affirmed in SOAP note
  [FN] omission: No headaches/muscle pain.
  [FN] hallucination: inserted sentence from note 4: "Finding work slightly stressful."

prim13.txt
  [FALSE] omission: maybe (affirmed)
  [FALSE] omission: probably (affirmed)
  [FALSE] omission: thinking (affirmed)
  [FALSE] omission: sleep (affirmed)
  [FALSE] omission: worse (affirmed)
  [FALSE] omission: light (affirmed)
  [FALSE] omission: eyes (affirmed)
  [FALSE] omission: loss of vision (negated)
  [FALSE] omission: sick (affirmed)
  [FALSE] omission: feel sick (affirmed)
  [FALSE] omission: usually (affirmed)
  [FALSE] omission: moving (affirmed)
  [FALSE] omission: very rare (affirmed)
  [FALSE] omission: screen (affirmed)
  [FALSE] omission: i didn't drink (negated)
  [FALSE] omission: water (negated)
  [FALSE] omission: worried (affirmed)
  [FALSE] omission: resolved (affirmed)
  [FALSE] omission: didn't help (negated)
  [FALSE] omission: history (affirmed)
  [FALSE] omission: today (affirmed)
  [FALSE] omission: analgesia (affirmed)
  [FALSE] omission: painkillers (affirmed)
  [FALSE] omission: not sure (affirmed)
  [FALSE] omission: definitely (affirmed)
  [FALSE] omission: naproxen (affirmed)
  [FALSE] omission: anti-inflammatory (affirmed)
  [FALSE] omission: codeine (affirmed)
  [FALSE] omission: back (affirmed)
  [FALSE] omission: medications (affirmed)
  [FALSE] omission: basis (affirmed)
  [FALSE] omission: discussion (affirmed)
  [FALSE] omission: call (affirmed)
  [FALSE] hallucination: ache (affirmed)
  [FALSE] hallucination: sharp pain (affirmed)
  [FALSE] hallucination: relief (affirmed)
  [FALSE] hallucination: visual aura (affirmed)
  [FALSE] hallucination: photophobia (affirmed)
  [FALSE] hallucination: nauseous (affirmed)
  [FALSE] hallucination: neck pain (negated)
  [FALSE] hallucination: stiffness (negated)
  [FALSE] hallucination: speech disturbances (negated)
  [FALSE] hallucination: leg weakness (negated)
  [FALSE] hallucination: head injury (negated)
  [FALSE] hallucination: fevers (negated)
  [FALSE] hallucination: rashes (negated)
  [FALSE] hallucination: lives (affirmed)
  [FALSE] hallucination: wears glasses (affirmed)
  [FALSE] hallucination: dehydration (affirmed)
  [FALSE] hallucination: field of vision (affirmed)
  [FALSE] hallucination: nsaids (affirmed)
  [FALSE] hallucination: patient (affirmed)
  [FALSE] hallucination: flag (affirmed)
  [FALSE] hallucination: attention (affirmed)
  [FALSE] hallucination: present (affirmed)
  [FN] hallucination: inserted sentence from note 5: "Rx empirically with Abx for UTI
4."
  [FN] hallucination: inserted sentence from note 3: "Had visual aura before onset of headaches - zigzag lines in field of vision."

prim14.txt
  [FALSE] omission: nose (affirmed)
  [FALSE] omission: maybe (affirmed)
  [FALSE] omission: phlegm (negated)
  [FALSE] omission: cold symptoms (negated)
  [FALSE] omission: sore throat (affirmed)
  [FALSE] omission: throat (affirmed)
  [FALSE] omission: ears (affirmed)
  [FALSE] omission: pain (negated)
  [FALSE] omission: discharge (negated)
  [FALSE] omission: feel restless (affirmed)
  [FALSE] omission: either (negated)
  [FALSE] omission: shivers (affirmed)
  [FALSE] omission: sleep (affirmed)
  [FALSE] omission: warm (affirmed)
  [FALSE] omission: probably (affirmed)
  [FALSE] omission: totally (affirmed)
  [FALSE] omission: stomach (affirmed)
  [FALSE] omission: thought (affirmed)
  [FALSE] omission: urine (affirmed)
  [FALSE] omission: passing urine (affirmed)
  [FALSE] omission: drinking (affirmed)
  [FALSE] omission: water (affirmed)
  [FALSE] omission: back (affirmed)
  [FALSE] omission: chills (affirmed)
  [FALSE] omission: muscle (affirmed)
  [FALSE] omission: very difficult (affirmed)
  [FALSE] omission: arms (affirmed)
  [FALSE] omission: legs (affirmed)
  [FALSE] omission: lethargic (affirmed)
  [FALSE] omission: fit and well (affirmed)
  [FALSE] omission: diabetes (affirmed)
  [FALSE] omission: high blood pressure (affirmed)
  [FALSE] omission: allergies (negated)
  [FALSE] omission: same (affirmed)
  [FALSE] omission: medication (affirmed)
  [FALSE] omission: none (affirmed)
  [FALSE] omission: worried (affirmed)
  [FALSE] omission: pass (affirmed)
  [FALSE] omission: skipped (affirmed)
  [FALSE] omission: active (negated)
  [FALSE] omission: affect (affirmed)
  [FALSE] omission: immune (affirmed)
  [FALSE] omission: used (affirmed)
  [FALSE] omission: drunk (affirmed)
  [FALSE] omission: blood pressure (affirmed)
  [FALSE] omission: practice (affirmed)
  [FALSE] omission: illness (affirmed)
  [FALSE] omission: hoping (affirmed)
  [FALSE] omission: well-hydrated (affirmed)
  [FALSE] omission: antibiotics (negated)
  [FALSE] omission: source of infection (affirmed)
  [FALSE] omission: very much (affirmed)
  [FALSE] hallucination: myalgia (affirmed)
  [FALSE] hallucination: fever (affirmed)
  [FALSE] hallucination: resolved (affirmed)
  [FALSE] hallucination: urinary symptoms (affirmed)
  [FALSE] hallucination: rashes (negated)
  [FALSE] hallucination: type 2 diabetes (affirmed)
  [FALSE] hallucination: etoh (affirmed)
  [FALSE] status_flip: feeling tired: negated in transcript vs affirmed in SOAP note
  [FALSE] status_flip: appetite: negated in transcript vs affirmed in SOAP note
  [FALSE] status_flip: stress: negated in transcript vs negated & family history in SOAP note
  [FN] omission: Runny nose, no ear pain, no sore throat.
  [FN] omission: Ex-smoker-stopped 6/12 ago.

prim15.txt
  [FALSE] omission: fingers (affirmed)
  [FALSE] omission: skin (affirmed)
  [FALSE] omission: legs (affirmed)
  [FALSE] omission: severe (negated)
  [FALSE] omission: hydrate (negated)
  [FALSE] omission: very much (negated)
  [FALSE] omission: very bad (affirmed)
  [FALSE] omission: thought (affirmed)
  [FALSE] omission: probably (affirmed)
  [FALSE] omission: palm (affirmed)
  [FALSE] omission: writing (affirmed)
  [FALSE] omission: definitely (affirmed)
  [FALSE] omission: maybe (affirmed)
  [FALSE] omission: grinding (affirmed)
  [FALSE] omission: diabetes (affirmed)
  [FALSE] omission: diagnosed (negated)
  [FALSE] omission: metformin (affirmed)
  [FALSE] omission: social history (affirmed)
  [FALSE] omission: changed jobs (affirmed)
  [FALSE] omission: usually (affirmed)
  [FALSE] omission: dermatitis (affirmed)
  [FALSE] omission: moving (affirmed)
  [FALSE] omission: inflammation (affirmed)
  [FALSE] omission: coat (affirmed)
  [FALSE] omission: back (negated)
  [FALSE] hallucination: bleeding (affirmed)
  [FALSE] hallucination: cream (affirmed)
  [FALSE] hallucination: relief (affirmed)
  [FALSE] hallucination: betnovate (affirmed)
  [FN] omission: No pain 
Works as a cleaner and does not always wear gloves - possible trigger
No fever
No bowel/urinary sx
Appetite maintained 

PMH: Type 2 diabetes
DH: metformin 
NKDA
FH: Type 2 diabetes, 
SH: works as a housekeeper, recently changed jobs 4/12 ago, works in a hotel.
  [FN] hallucination: inserted sentence from note 2: "Steroid cream - Betnovate BD
2."

prim16.txt
  [FALSE] omission: find (affirmed)
  [FALSE] omission: hearing (affirmed)
  [FALSE] omission: feel (affirmed)
  [FALSE] omission: used (negated)
  [FALSE] omission: deteriorating (negated)
  [FALSE] omission: maybe (affirmed)
  [FALSE] omission: left ear (affirmed)
  [FALSE] omission: sick (affirmed)
  [FALSE] omission: dizzy (affirmed)
  [FALSE] omission: right ear (affirmed)
  [FALSE] omission: difficulty hearing (affirmed)
  [FALSE] omission: trigger (affirmed)
  [FALSE] omission: discharge (affirmed)
  [FALSE] omission: pushes (negated)
  [FALSE] omission: back (negated)
  [FALSE] omission: blocking (affirmed)
  [FALSE] omission: eardrum (affirmed)
  [FALSE] omission: lead (affirmed)
  [FALSE] omission: emergency (negated)
  [FALSE] omission: nausea (negated)
  [FALSE] omission: room spinning (negated)
  [FALSE] omission: balance (affirmed)
  [FALSE] omission: sort (affirmed)
  [FALSE] omission: medicine (affirmed)
  [FALSE] omission: awareness (affirmed)
  [FALSE] omission: treatment options (affirmed)
  [FALSE] omission: ears (affirmed)
  [FALSE] omission: support (affirmed)
  [FALSE] hallucination: wax in ear canal (negated)
  [FALSE] hallucination: face (affirmed)
  [FALSE] hallucination: happy (affirmed)
  [FALSE] status_flip: understands: negated in transcript vs affirmed in SOAP note
  [FN] omission: One previous similar episode in the past- resolved spontaneously.
  [FN] omission: History: 
Hx of difficulty hearing left ear for 6 weeks with tinnitus and slight nausea/ dizziness.
  [FN] omission: No discharge/ fever/ itchiness/ pain
Doesn't use cotton wool buds
No Pmhx of note
Ex: Looks well, not in pain.

prim17.txt
  [FALSE] omission: date (affirmed)
  [FALSE] omission: born (affirmed)
  [FALSE] omission: feel (negated)
  [FALSE] omission: warm (affirmed)
  [FALSE] omission: left elbow (affirmed)
  [FALSE] omission: no, not really (negated)
  [FALSE] omission: seeing (negated)
  [FALSE] omission: osteoarthritis (negated)
  [FALSE] omission: not sure (family history)
  [FALSE] omission: basis (affirmed)
  [FALSE] omission: skin (affirmed)
  [FALSE] omission: call (affirmed)
  [FALSE] omission: inflammation (affirmed)
  [FALSE] omission: sacs (affirmed)
  [FALSE] omission: anti-inflammatory (affirmed)
  [FALSE] omission: blood test (affirmed)
  [FALSE] omission: instructions (affirmed)
  [FALSE] omission: tests (affirmed)
  [FALSE] omission: infection (affirmed)
  [FALSE] omission: antibodies (affirmed)
  [FALSE] omission: screen (affirmed)
  [FALSE] omission: gout (affirmed)
  [FALSE] omission: form (affirmed)
  [FALSE] omission: septic arthritis (negated)
  [FALSE] omission: worried (affirmed)
  [FALSE] omission: infected joint (affirmed)
  [FALSE] omission: emergency (affirmed)
  [FALSE] omission: worsen (affirmed)
  [FALSE] omission: ibuprofen (affirmed)
  [FALSE] omission: food (affirmed)
  [FALSE] omission: stomach (negated)
  [FALSE] omission: maybe (affirmed)
  [FALSE] omission: face (negated)
  [FALSE] omission: sort (affirmed)
  [FALSE] hallucination: trauma (negated)
  [FALSE] hallucination: confirm (affirmed)
  [FALSE] hallucination: note (affirmed)
  [FALSE] hallucination: exercises regularly (affirmed)
  [FALSE] hallucination: active (affirmed)
  [FALSE] hallucination: erythema (affirmed)
  [FALSE] hallucination: urate (affirmed)
  [FALSE] status_flip: history: negated in transcript vs affirmed in SOAP note
  [FALSE] status_flip: medication: affirmed in transcript vs negated in SOAP note
  [FALSE] status_flip: bursitis: affirmed in transcript vs uncertain in SOAP note
  [FN] omission: Not painful.

prim18.txt
  [FALSE] omission: very well (negated)
  [FALSE] omission: left ear (affirmed)
  [FALSE] omission: touch (negated)
  [FALSE] omission: rennie (affirmed)
  [FALSE] omission: other (affirmed)
  [FALSE] omission: one thing (affirmed)
  [FALSE] omission: panic (affirmed)
  [FALSE] omission: serious (affirmed)
  [FALSE] omission: sorted (affirmed)
  [FALSE] omission: portal (affirmed)
  [FALSE] omission: bell's palsy (uncertain)
  [FALSE] omission: usually (negated)
  [FALSE] omission: call (affirmed)
  [FALSE] omission: confirm (affirmed)
  [FALSE] omission: diagnosis (uncertain)
  [FALSE] omission: worry (negated)
  [FALSE] omission: physical (affirmed)
  [FALSE] omission: very much (affirmed)
  [FALSE] hallucination: history (affirmed)
  [FALSE] hallucination: difficulty hearing (affirmed)
  [FALSE] hallucination: facial numbness (affirmed)
  [FALSE] hallucination: dysphagia (negated)
  [FALSE] hallucination: dysarthria (negated)
  [FALSE] hallucination: weakness (negated)
  [FALSE] hallucination: visual disturbances (negated)
  [FALSE] hallucination: ear pain (negated)
  [FALSE] hallucination: ear discharge (negated)
  [FALSE] hallucination: fever (negated)
  [FALSE] hallucination: itchiness (negated)
  [FALSE] hallucination: cotton (negated)
  [FALSE] hallucination: slight (affirmed)
  [FALSE] hallucination: tinnitus (affirmed)
  [FALSE] hallucination: present (affirmed)
  [FALSE] hallucination: heart burn (affirmed)
  [FALSE] hallucination: not sure (affirmed)
  [FALSE] hallucination: allergies (affirmed)
  [FALSE] hallucination: latex allergy (affirmed)
  [FALSE] hallucination: note (negated)
  [FALSE] hallucination: facial asymmetry (affirmed)
  [FALSE] hallucination: facial expressions (affirmed)
  [FALSE] hallucination: movements (affirmed)
  [FALSE] hallucination: rule (affirmed)
  [FALSE] hallucination: ear examination (affirmed)
  [FALSE] hallucination: understands (affirmed)
  [FALSE] hallucination: happy (affirmed)
  [FALSE] hallucination: recent viral illness (negated)
  [FALSE] hallucination: ears (affirmed)
  [FALSE] hallucination: nauseous (affirmed)
  [FALSE] hallucination: sick (negated)
  [FALSE] hallucination: weakness of arms (negated)
  [FALSE] hallucination: legs (negated)
  [FALSE] hallucination: past medical history (affirmed)
  [FALSE] hallucination: premature ovarian failure (affirmed)
  [FALSE] hallucination: relief (affirmed)
  [FN] hallucination: inserted sentence from note 30: "History : having dizziness for the past few hours 
You had sometime similar a month ago but only lasted 10 minutes 
You feel as though you are in a boat 
There is no recent viral illness 
There is a buzzing noise in your ears 
There is no hearing problems 
No ear discharge or ear pain 
You feel nauseous but not been sick 
There is no weakness of the arms and legs 
Past medical history #
You have premature ovarian failure and take HRT
There is no allergies 
Plan we will prescribe some stemitil for symptom relief ."
  [FN] hallucination: inserted sentence from note 30: "Please go to A & E"

=== Evaluation Results ===
prim1.txt: precision=0.00 recall=0.00 f1=0.00 accuracy=0.00 (TP=0 FP=33 FN=3)
prim10.txt: precision=0.00 recall=0.00 f1=0.00 accuracy=0.00 (TP=0 FP=46 FN=3)
prim11.txt: precision=0.00 recall=0.00 f1=0.00 accuracy=0.00 (TP=0 FP=44 FN=2)
prim12.txt: precision=0.00 recall=0.00 f1=0.00 accuracy=0.00 (TP=0 FP=31 FN=2)
prim13.txt: precision=0.00 recall=0.00 f1=0.00 accuracy=0.00 (TP=0 FP=55 FN=2)
prim14.txt: precision=0.00 recall=0.00 f1=0.00 accuracy=0.00 (TP=0 FP=62 FN=2)
prim15.txt: precision=0.00 recall=0.00 f1=0.00 accuracy=0.00 (TP=0 FP=29 FN=2)
prim16.txt: precision=0.00 recall=0.00 f1=0.00 accuracy=0.00 (TP=0 FP=32 FN=3)
prim17.txt: precision=0.00 recall=0.00 f1=0.00 accuracy=0.00 (TP=0 FP=44 FN=1)
prim18.txt: precision=0.00 recall=0.00 f1=0.00 accuracy=0.00 (TP=0 FP=54 FN=2)

Overall (all types): precision=0.00 recall=0.00 f1=0.00 accuracy=0.00 (TP=0 FP=430 FN=22)

By type:
  hallucination: precision=0.00 recall=0.00 f1=0.00 accuracy=0.00 (TP=0 FP=111 FN=11)
  omission: precision=0.00 recall=0.00 f1=0.00 accuracy=0.00 (TP=0 FP=304 FN=11)
  status_flip: precision=0.00 recall=0.00 f1=0.00 accuracy=0.00 (TP=0 FP=15 FN=0)

Average elapsed time: 3.07s
