
label.md
  [FALSE] hallucination [high/diagnosis mismatch/subjective]: No blood in stool.
  [FALSE] hallucination [high/diagnosis mismatch/subjective]: Associated LLQ pain - crampy, intermittent, nil radiation.
  [FALSE] hallucination [high/diagnosis mismatch/subjective]: Associated LLQ pain - crampy, intermittent, nil radiation.
  [FALSE] hallucination [critical/drug switch/plan]: Conservative management - rest, push fluids, paracetamol if feverish.
  [FALSE] hallucination [critical/negation flip/subjective]: etoh: Nil smoking/etOH hx
  [FN] omission [low/omitted detail]: Takeaway 4/7 ago - Chinese restaurant.
  [FN] omission [low/omitted detail]: 3/7 hx of diarrhea, mainly watery.
  [FN] hallucination [critical/negation flip]: blood in vomit.
  [FN] hallucination [high/number edit]: Opening bowels x60/day.
  [FN] omission [low/omitted detail]: Wife and children also unwell with vomiting, but no diarrhea.

=== Evaluation Results ===
label.md: precision=0.00 recall=0.00 f1=0.00 accuracy=0.00 (TP=0 FP=5 FN=5)

Overall (all types): precision=0.00 recall=0.00 f1=0.00 accuracy=0.00 (TP=0 FP=5 FN=5)

Average flags per round: 5.0 (5 flags / 1 files)

By type:
  hallucination: precision=0.00 recall=0.00 f1=0.00 accuracy=0.00 (TP=0 FP=5 FN=2)
  omission: precision=0.00 recall=0.00 f1=0.00 accuracy=0.00 (TP=0 FP=0 FN=3)

Average elapsed time: 5.84s

By severity (recall -- are we catching the risky ones?):
  critical: 0/1 caught (recall=0.00)
  high: 0/1 caught (recall=0.00)
  low: 0/3 caught (recall=0.00)

By detail type (recall -- are we catching this corruption category?):
  negation flip: 0/1 caught (recall=0.00)
  number edit: 0/1 caught (recall=0.00)
  omitted detail: 0/3 caught (recall=0.00)

By severity, split by label type:
  hallucination:
    critical: 0/1 caught (recall=0.00)
    high: 0/1 caught (recall=0.00)
  omission:
    low: 0/3 caught (recall=0.00)

By SOAP section (predictions -- omissions have no section, they
describe content missing FROM the note, always bucketed under "n/a"):
  hallucination:
    plan: TP=0 FP=1
    subjective: TP=0 FP=4
