
prim1.txt
  [FALSE] omission: Um, probably like six or seven times a day? Yeah. (probably: affirmed)
  [FALSE] omission: No, no blood, yeah, just watery and loose stool. (loose stool: negated)
  [FALSE] omission: And you mentioned you've had some pain in your tummy as well. (pain: affirmed)
  [FALSE] omission: So in my lower abdomen, so, uh, like, um...yeah, just to one side. (lower abdomen: affirmed)
  [FALSE] omission: Yeah, it feels, um, like a cramp, like a muscular cramp, and, um, yeah i feel a bit uh weak and shaky. (cramp: affirmed)
  [FALSE] omission: Yeah, it feels, um, like a cramp, like a muscular cramp, and, um, yeah i feel a bit uh weak and shaky. (shaky: affirmed)
  [FALSE] omission: Come and go. (come and go: affirmed)
  [FALSE] omission: Uh...no, just maybe my stomach. (maybe: negated)
  [FALSE] omission: Uh...no, just maybe my stomach. (stomach: negated)
  [FALSE] omission: I haven't had a fever, um, at the moment, but I did notice um a temperature when the symptoms started, so, um, yeah around about three or four days ago. (three or four days: affirmed)
  [FALSE] omission: And was your vomit, I know it's not a nice thing to talk about, but was it just normal food colour Yeah. (food: affirmed)
  [FALSE] omission: No no blood, no. Yeah. (no blood: negated)
  [FALSE] omission: Um, I had a loss of appetite, um, so I haven't been eating as much, but I've been able to hold down fluids. (loss of appetite: affirmed)
  [FALSE] omission: Um, I had a loss of appetite, um, so I haven't been eating as much, but I've been able to hold down fluids. (eating: negated)
  [FALSE] omission: Okay, so you're drinking fluids. (drinking: affirmed)
  [FALSE] omission: Um, just soups, and, uh, yeah, light foods. (light: affirmed)
  [FALSE] omission: Like smoothies and, yeah, liquid foods mainly. (liquid: affirmed)
  [FALSE] omission: Are you aware of any triggers which may have caused the symptoms uh to kick on. (triggers: affirmed)
  [FALSE] omission: Uh, no, no other medications. (other medications: negated)
  [FALSE] omission: Um, it seems like you may have something, uh, called gastroenteritis, which essentially just a tummy bug or infection of your uh of your tummy. (infection: affirmed)
  [FALSE] omission: So, um, I don't think you need anything like antibiotics. (antibiotics: negated)
  [FALSE] omission: It's really just, um, making sure you're well hydrated, so drinking fluids. (hydrated: affirmed)
  [FALSE] omission: Um, there are things like Dioralyte you can get from the pharmacy, which uh it's um it helps helps replenish your minerals and vitamins. (dioralyte: affirmed)
  [FALSE] omission: Um, there are things like Dioralyte you can get from the pharmacy, which uh it's um it helps helps replenish your minerals and vitamins. (vitamins: affirmed)
  [FALSE] omission: Uh, and we may need to do further tests like um taking a sample of your stool so we can test that. (tests: affirmed)
  [FALSE] omission: Uh, and we may need to do further tests like um taking a sample of your stool so we can test that. (sample: affirmed)
  [FALSE] hallucination: Opening bowels x6/day. (bowels: affirmed)
  [FALSE] hallucination: PMH: Asthma (asthma: affirmed)
  [FALSE] hallucination: Lives with wife and children. (lives: affirmed)
  [FALSE] hallucination: Conservative management - rest, push fluids, paracetamol if feverish. (paracetamol: affirmed)
  [FALSE] status_flip: And was your vomit, I know it's not a nice thing to talk about, but was it just normal food colour Yeah. No blood in vomit. (vomit: affirmed in transcript vs negated in SOAP note)
  [FALSE] status_flip: Uh, and we may need to do further tests like um taking a sample of your stool so we can test that. No blood in stools. (stools: affirmed in transcript vs negated in SOAP note)
  [FALSE] status_flip: Uh, no, I I don't drink alcohol, no. Nil smoking/etOH hx (etoh: negated in transcript vs affirmed in SOAP note)
  [FN] hallucination: inserted sentence from note 11: "No blood in stools."
  [FN] omission: Associated LLQ pain - crampy, intermittent, nil radiation.
  [FN] omission: No other unwell contacts.

prim10.txt
  [FALSE] omission: Um, it's not happened before and I'm bit worried. (worried: negated)
  [FALSE] omission: Right OK. I'm sorry to hear there's a lot going on there and I can, see why it's affecting you. Um, so you mentioned it's been going on for last three days, mainly the burning pain when you pass urine. (burning pain: affirmed)
  [FALSE] omission: Right OK. I'm sorry to hear there's a lot going on there and I can, see why it's affecting you. Um, so you mentioned it's been going on for last three days, mainly the burning pain when you pass urine. (pass urine: affirmed)
  [FALSE] omission: Uh, yeah it's been going on for a little bit longer than three days I think actually, maybe just under a week. Um. (maybe: affirmed)
  [FALSE] omission: Um, and yeah I notice a sort of burning, stinging, when I when I go to the toilet, yeah. (sort: affirmed)
  [FALSE] omission: Um, and yeah I notice a sort of burning, stinging, when I when I go to the toilet, yeah. (burning: affirmed)
  [FALSE] omission: Um, and yeah I notice a sort of burning, stinging, when I when I go to the toilet, yeah. (stinging: affirmed)
  [FALSE] omission: Um, I think it was probably but I don't know it was pink so. (probably: affirmed)
  [FALSE] omission: OK. Um, fine we'll we'll have to definitely explore that in a little bit or detail later on. (definitely: affirmed)
  [FALSE] omission: Yeah it's kind of at the bottom of my tummy, um, uh mainly when I go to the loo, I think that's when it's worse. (worse: affirmed)
  [FALSE] omission: Um, I wouldn't describe it as crampy I don't think it's like a period pain, it's a bit different, it's, it's hard to say, an achey pain I suppose. (period pain: negated)
  [FALSE] omission: No, no nausea vomiting. (vomiting: negated)
  [FALSE] omission: Uh I, I usually have a bit of problems with my bowels anyway, so I don't think it's any, different, from what it usually is. (usually: affirmed)
  [FALSE] omission: Um, I think I have, um, IBS, um, so I just kinda pass, uh, my bowels like quite, quite a lot. (pass: affirmed)
  [FALSE] omission: Uh yeah, uh I'm um on the pill. (pill: affirmed)
  [FALSE] omission: What I'm trying get at is whether um, uh there's any chance you could be pregnant at all. (pregnant: affirmed)
  [FALSE] omission: Uh, yeah, yeah eating drinking OK. (eating: affirmed)
  [FALSE] omission: Uh, yeah, yeah eating drinking OK. (drinking: affirmed)
  [FALSE] omission: So I I smoked, uh this is quite bad, but I smoked weed for the first time. (weed: affirmed)
  [FALSE] omission: Uh, like a week and a half ago, I I just wondered whether it's related at all, probably not but I just thought I'd get some advice from you. (thought: affirmed)
  [FALSE] omission: Um, yeah I think there was an antibiotic, um, called Clindamycin mycin . (antibiotic: affirmed)
  [FALSE] omission: Ritib, OK sure, I'll make a note of that. (note: affirmed)
  [FALSE] omission: Um, so I am living in halls at the moment, uh at uni um, so uh, uh, I'm just living with a flatmate I suppose, um. (living: affirmed)
  [FALSE] omission: Um, but yeah I, I completely agree it's not something I wanna get into on a regular basis. (completely agree: affirmed)
  [FALSE] omission: Um, but yeah I, I completely agree it's not something I wanna get into on a regular basis. (basis: negated)
  [FALSE] omission: But the fact that I, I I think it's, um, probably just a simple what we'd say a UTI or a cystitis, bladder infection. (cystitis: uncertain)
  [FALSE] omission: But the fact that I, I I think it's, um, probably just a simple what we'd say a UTI or a cystitis, bladder infection. (bladder infection: uncertain)
  [FALSE] omission: Uh, you know you haven't got any other symptoms that, suggest to me that there's anything to worry about, so things like fevers and back pain. (other symptoms: affirmed)
  [FALSE] omission: Uh, you know you haven't got any other symptoms that, suggest to me that there's anything to worry about, so things like fevers and back pain. (and back pain: negated)
  [FALSE] omission: Um, so we've got a choice of two antibiotics something called Trimethoprim or, Nitrofurantoin which is a three day course. (trimethoprim: affirmed)
  [FALSE] omission: Um, start the antibiotics, make sure you're well hydrated, drink plenty of fluids. (hydrated: affirmed)
  [FALSE] omission: Um, but if things still are still not getting any better next week come back and see me, and we can have another look again. (back: negated)
  [FALSE] omission: Either back pain, vomiting, great OK. (either: affirmed)
  [FALSE] hallucination: 1/52 hx of dysuria, frequency and suprapubic pain. (dysuria: affirmed)
  [FALSE] hallucination: 1/52 hx of dysuria, frequency and suprapubic pain. (suprapubic pain: affirmed)
  [FALSE] hallucination: Noticed urine today was pink, nil frank haematuria. (frank haematuria: affirmed)
  [FALSE] hallucination: Suprapubic pain on PU - aching pain, nil radiating (aching pain: affirmed)
  [FALSE] hallucination: Currently sexually active - long-term partner. (sexually active: affirmed)
  [FALSE] hallucination: Nil PV discharge. (discharge: affirmed)
  [FALSE] hallucination: DH: COCP, mebeverine (mebeverine: affirmed)
  [FALSE] hallucination: SH: lives in student halls, nil smoking, social EtOH (lives: affirmed)
  [FALSE] hallucination: SH: lives in student halls, nil smoking, social EtOH (etoh: affirmed)
  [FALSE] hallucination: Simple analgesia (analgesia: affirmed)
  [TRUE] hallucination: Brief episode of haematuria, now resolved. (haematuria: negated)
  [FALSE] hallucination: Brief episode of haematuria, now resolved. (resolved: affirmed)
  [FALSE] status_flip: Um, I wouldn't describe it as crampy I don't think it's like a period pain, it's a bit different, it's, it's hard to say, an achey pain I suppose. Abdo pain - cramping, nil radiating (pain: negated in transcript vs affirmed in SOAP note)
  [FN] hallucination: inserted sentence from note 9: "Nil bowel sx
Currently sexually active - with regular partner for 2/12."
  [FN] hallucination: inserted sentence from note 9: "Abdo pain - cramping, nil radiating 
Nil nausea/vomiting."

prim11.txt
  [FALSE] omission: Just connection on the screen. (screen: affirmed)
  [FALSE] omission: It's all come from like, uh it's like basically I think it's diarrhoea. (diarrhoea: affirmed)
  [FALSE] omission: Yeah it's just uh not, not been very pleasant. (pleasant: negated)
  [FALSE] omission: Um so I , I feel like it's like almost every hour, when I'm awake. (awake: affirmed)
  [FALSE] omission: Yeah, so I mean I'm , I'm trying to drink a lot of water. (water: affirmed)
  [FALSE] omission: So, yeah I mean that's, that's the , kind of the first sign. (sign: affirmed)
  [FALSE] omission: So I, I think it's maybe a (maybe: affirmed)
  [FALSE] omission: Um, yeah I definitely, I definitely feel kind of nauseous. Um (definitely: affirmed)
  [FALSE] omission: And when I like, I think it's maybe something to do with like, whenever I have like milk or something like that, I just feel like I want to vomit. (milk: affirmed)
  [FALSE] omission: Not sleeping. (sleeping: negated)
  [FALSE] omission: And uh I'm pretty sure I'm burning up. (burning: affirmed)
  [FALSE] omission: I haven't actually done any temperature reading, or anything like that. (reading: negated)
  [FALSE] omission: But it's, I, yeah I've, I've sure I'm, I'm not a, like not a normal temperature. (normal temperature: negated)
  [FALSE] omission: OK, so you're feeling hoarse. (hoarse: affirmed)
  [FALSE] omission: Um and I I've, I'm not, yeah I I can't think of what, what the trigger is for me. (trigger: negated)
  [FALSE] omission: Um so, I had some, I mean I had some lunch today. Um (today: affirmed)
  [FALSE] omission: Um, so I um, yeah I think, I think otherwise I'm fit and well. I um (fit and well: affirmed)
  [FALSE] omission: I'll take it you don't take any regular medications, then. (medications: negated)
  [FALSE] omission: But uh, I haven't been, I'm not on any regular medication or anything like that. (medication: negated)
  [FALSE] omission: Um, so I don't have any allergies that I know of. (allergies: negated)
  [FALSE] omission: Um bowel, so would, would bowel like, is is the colon like something that (bowel: affirmed)
  [FALSE] omission: So it could be anything from the mouth anus. (mouth: affirmed)
  [FALSE] omission: So it could be anything from the mouth anus. (anus: affirmed)
  [FALSE] omission: So um, from what I heard he's kind of, So I don't I don't speak to him that often. (speak: negated)
  [FALSE] omission: And I, I don't exactly know the full things of like the steps of cancer, and all that kind of thing. (cancer: negated)
  [FALSE] omission: But um, he's sort of in his third stage. (sort: affirmed)
  [FALSE] omission: Uh, I'm not sure what that means exactly. (not sure: affirmed)
  [FALSE] omission: Um I dislike um, taking time off work. (dislike: affirmed)
  [FALSE] omission: I'd, I'd just rather deal with these things. Um so (rather: affirmed)
  [FALSE] omission: bit of a basic infection of your tummy. . (infection: affirmed)
  [FALSE] omission: There's nothing to worry about. (worry: affirmed)
  [FALSE] omission: Uh um uh uh I suspect this will just settle down in the next few days. (settle: affirmed)
  [FALSE] omission: fluid is probably best. (probably: affirmed)
  [FALSE] omission: But I am obviously worried about the fact that you are losing minerals and vitamins. (vitamins: uncertain)
  [FALSE] omission: You can use soft diet, things like soup, mash. (mash: affirmed)
  [FALSE] omission: Thank you very much. (very much: affirmed)
  [FALSE] hallucination: No blood in stools. (blood: negated)
  [FALSE] hallucination: No blood in stools. (stools: negated)
  [FALSE] hallucination: Assoc crampy abdo pain - central, intermittent, severity 6/10. (assoc: affirmed)
  [FALSE] hallucination: Assoc crampy abdo pain - central, intermittent, severity 6/10. (pain: affirmed)
  [FALSE] hallucination: Feeling feverish, hot/cold (cold: affirmed)
  [FALSE] hallucination: Nil urinary sx - passing less urine . (urine: affirmed)
  [TRUE] hallucination: Lives with wife and children. (lives: affirmed)
  [FALSE] status_flip: So um, Dan, just as a a conclusion, uh um, just to wrap it all up, I think your symptoms are suggestive of something called gastroenteritis. Imp: gastroenteritis (gastroenteritis: uncertain in transcript vs affirmed in SOAP note)
  [FN] omission: 3/7 hx of diarrhea - watery stools, opening bowels every hour.

prim12.txt
  [FALSE] omission: Yeah, so it's been a, very bad diarrhoea, so it keeps me like, I keep going back and forth, to, to the toilet very often. (very bad: affirmed)
  [FALSE] omission: Yeah, so it's been a, very bad diarrhoea, so it keeps me like, I keep going back and forth, to, to the toilet very often. (back: affirmed)
  [FALSE] omission: Yeah, so it's been a, very bad diarrhoea, so it keeps me like, I keep going back and forth, to, to the toilet very often. (very often: affirmed)
  [FALSE] omission: Yes, it's definitely, definitely watery, uh, loose stools, yeah. (definitely: affirmed)
  [FALSE] omission: Uh, but I, I, I feel like, um, I can't, really drink too much, so I feel very dehydrated. (feel: affirmed)
  [FALSE] omission: Uh, not much, not much. (not much: affirmed)
  [FALSE] omission: Uh, so, not, really I , I feel a little bit warm, um, probably at, at the beginning I was feeling I had a bit of temperature, but now I feel, I feel kind of fine. (probably: negated)
  [FALSE] omission: Yeah, just felt, like some nausea and I had to, to vomit, and then I had some diarrhoea, straight after that. (nausea: affirmed)
  [FALSE] omission: Um, so I, I do suffer of asthma. (suffer: affirmed)
  [FALSE] omission: Blue inhaler. (blue: affirmed)
  [FALSE] omission: Um, so, my father has, high uh, well used to have high blood pressure. (high: family history)
  [FALSE] omission: Um, so, my father has, high uh, well used to have high blood pressure. (used: family history)
  [FALSE] omission: Um, so, my father has, high uh, well used to have high blood pressure. (high blood pressure: family history)
  [FALSE] omission: having listened to your story, I think you're probably suffering from what we call gastroenteritis, uh which essentially is just a, a tummy bug. (call: uncertain)
  [FALSE] omission: It's an infection of your, your tummy. (infection: affirmed)
  [FALSE] omission: Really try and flush the toxins out of your body. (flush: affirmed)
  [FALSE] omission: Uh you can get things from the pharmacy, which is called Dioralyte, which can help replenish any uh minerals and vitamins you may have lost. (dioralyte: affirmed)
  [FALSE] omission: Uh you can get things from the pharmacy, which is called Dioralyte, which can help replenish any uh minerals and vitamins you may have lost. (vitamins: affirmed)
  [FALSE] omission: Uh, yeah I'll, I'll try to , and drink , drink plenty of fluid and I hope it go away. (hope: affirmed)
  [FALSE] hallucination: No blood in stools. (blood: negated)
  [FALSE] hallucination: No blood in stools. (stools: negated)
  [FALSE] hallucination: No abdo pain. (pain: negated)
  [FALSE] hallucination: Reduced oral intake. (reduced: affirmed)
  [FALSE] hallucination: No fever/temp, but feels warm. (fever: negated)
  [FALSE] hallucination: No fever/temp, but feels warm. (temp: negated)
  [FALSE] hallucination: Unaware of triggers. (triggers: affirmed)
  [FALSE] hallucination: DH: salbutamol PRN (salbutamol: affirmed)
  [TRUE] hallucination: Finding work slightly stressful. (finding: affirmed)
  [FALSE] status_flip: So just a little bit, but I don't feel, um, I don't really feel like, uh, I have appetite. Appetite reduced. (appetite: negated in transcript vs affirmed in SOAP note)
  [FALSE] status_flip: Uh, so, not, really I , I feel a little bit warm, um, probably at, at the beginning I was feeling I had a bit of temperature, but now I feel, I feel kind of fine. No fever/temp, but feels warm. (feels warm: negated in transcript vs affirmed in SOAP note)
  [FALSE] status_flip: having listened to your story, I think you're probably suffering from what we call gastroenteritis, uh which essentially is just a, a tummy bug. Imp: gastroenteritis (gastroenteritis: uncertain in transcript vs affirmed in SOAP note)
  [FN] omission: No headaches/muscle pain.

prim13.txt
  [FALSE] omission: Eh, around three days ago, maybe. (maybe: affirmed)
  [FALSE] omission: Ohh it's probably a eight. (probably: affirmed)
  [FALSE] omission: And then I was thinking OK, maybe I'll just go to sleep. (thinking: affirmed)
  [FALSE] omission: And then I was thinking OK, maybe I'll just go to sleep. (sleep: affirmed)
  [FALSE] omission: And when I woke up the next morning like, it was even, even worse basically. So (worse: affirmed)
  [FALSE] omission: And like now like light is quite annoying, my eyes. (light: affirmed)
  [FALSE] omission: And like now like light is quite annoying, my eyes. (eyes: affirmed)
  [FALSE] omission: Not loss of vision, I wouldn't say. (loss of vision: negated)
  [FALSE] omission: Um, well I'm like basically, I I'm sick with the headache. (sick: affirmed)
  [FALSE] omission: When you say sick, you mean you feel sick? OK. Yeah, no vomiting, OK. (feel sick: affirmed)
  [FALSE] omission: But, usually after I I take uh Ibuprofen it kind of goes away. (usually: affirmed)
  [FALSE] omission: OK. And just moving forwards. (moving: affirmed)
  [FALSE] omission: Like it's kind of, it's very rare. (very rare: affirmed)
  [FALSE] omission: Um I had to like reduce the uh, brightness of my screen. (screen: affirmed)
  [FALSE] omission: Um at first I thought it's stress, or maybe I didn't drink enough water. (i didn't drink: negated)
  [FALSE] omission: Um at first I thought it's stress, or maybe I didn't drink enough water. (water: negated)
  [FALSE] omission: And I'm like worried, it's, I don't want it to be a migraine. (worried: affirmed)
  [FALSE] omission: Usually it gets resolved if I have headache in like, after like one or two days. (resolved: affirmed)
  [FALSE] omission: But currently it, it didn't help me. (didn't help: negated)
  [FALSE] omission: Um, the reason I say that is because the history is very suggestive of it, given your mum and your sister also migraines. (history: affirmed)
  [FALSE] omission: But it's certainly worth treating it today stronger analgesia or painkillers. (today: affirmed)
  [FALSE] omission: But it's certainly worth treating it today stronger analgesia or painkillers. (analgesia: affirmed)
  [FALSE] omission: But it's certainly worth treating it today stronger analgesia or painkillers. (painkillers: affirmed)
  [FALSE] omission: Now, my only worry is, I'm not sure whether you're taking, the correct dose. (not sure: affirmed)
  [FALSE] omission: So, so , there's definitely room for, improvement there. (definitely: affirmed)
  [FALSE] omission: Or, I can prescribe you something stronger, like Naproxen, which is another anti-inflammatory, which can be helpful. (naproxen: affirmed)
  [FALSE] omission: Or, I can prescribe you something stronger, like Naproxen, which is another anti-inflammatory, which can be helpful. (anti-inflammatory: affirmed)
  [FALSE] omission: Um, we can also add in other, painkillers like, Paracetamol, or Codeine. (codeine: affirmed)
  [FALSE] omission: And, and, you know I'd like you to come back and see me, in about uh, a week's time, week to two weeks' time. (back: affirmed)
  [FALSE] omission: We can think about giving you medications as, prophylactic. (medications: affirmed)
  [FALSE] omission: Which basically means, medications to stop you from having these headaches on a regular basis. (basis: affirmed)
  [FALSE] omission: But we can have that discussion next time. (discussion: affirmed)
  [FALSE] omission: Just give me a call, and come back and see me. (call: affirmed)
  [FALSE] hallucination: Constant, severity 8/10, dull ache with associated sharp pain, gradual onset. (ache: affirmed)
  [FALSE] hallucination: Constant, severity 8/10, dull ache with associated sharp pain, gradual onset. (sharp pain: affirmed)
  [FALSE] hallucination: Has tried ibuprofen with limited relief. (relief: affirmed)
  [FALSE] hallucination: Visual aura prior to headaches. (visual aura: affirmed)
  [FALSE] hallucination: Some photophobia. (photophobia: affirmed)
  [FALSE] hallucination: Feels nauseous, no vomiting (nauseous: affirmed)
  [FALSE] hallucination: No neck pain/stiffness (neck pain: negated)
  [FALSE] hallucination: No neck pain/stiffness (stiffness: negated)
  [FALSE] hallucination: No speech disturbances (speech disturbances: negated)
  [FALSE] hallucination: No arm or leg weakness (leg weakness: negated)
  [FALSE] hallucination: No head injury (head injury: negated)
  [FALSE] hallucination: No fevers (fevers: negated)
  [FALSE] hallucination: No rashes (rashes: negated)
  [FALSE] hallucination: SH: lives with housemates, works in IT, wears glasses, denies stress. (lives: affirmed)
  [FALSE] hallucination: SH: lives with housemates, works in IT, wears glasses, denies stress. (wears glasses: affirmed)
  [FALSE] hallucination: ICE: ?related to stress/dehydration. (dehydration: affirmed)
  [TRUE] hallucination: Had visual aura before onset of headaches - zigzag lines in field of vision. (field of vision: affirmed)
  [FALSE] hallucination: Paracetamol/NSAIDs regular (nsaids: affirmed)
  [FALSE] hallucination: Patient aware of red flag sx - knows to seek urgent medical attention if present (patient: affirmed)
  [FALSE] hallucination: Patient aware of red flag sx - knows to seek urgent medical attention if present (flag: affirmed)
  [FALSE] hallucination: Patient aware of red flag sx - knows to seek urgent medical attention if present (attention: affirmed)
  [FALSE] hallucination: Patient aware of red flag sx - knows to seek urgent medical attention if present (present: affirmed)
  [FN] hallucination: inserted sentence from note 5: "Rx empirically with Abx for UTI
4."

prim14.txt
  [FALSE] omission: And my nose is running. (nose: affirmed)
  [FALSE] omission: Uh I think it started like maybe, a bit less than a week ago. (maybe: affirmed)
  [FALSE] omission: Um you're not bringing up any uh, mucky phlegm or anything like that. (phlegm: negated)
  [FALSE] omission: No, OK. So it keeps you up at night. Um you mentioned uh the cold symptoms as well, the runny nose. (cold symptoms: negated)
  [FALSE] omission: I mean, apart from, I mean the coughing is giving me a sore throat. (sore throat: affirmed)
  [FALSE] omission: You know just, just my throat is irritated from coughing. (throat: affirmed)
  [FALSE] omission: . Nothing, nothing on the ears. (ears: affirmed)
  [FALSE] omission: No pain, no discharge coming from your ears. (pain: negated)
  [FALSE] omission: No pain, no discharge coming from your ears. (discharge: negated)
  [FALSE] omission: I don't feel restless. (feel restless: affirmed)
  [FALSE] omission: No not, not that either. (either: negated)
  [FALSE] omission: Um I've been having like, like shivers, even when I'm in, when I'm in bed. (shivers: affirmed)
  [FALSE] omission: You know like, when you, when you go to sleep and, and you feel like I I should be warm. (sleep: affirmed)
  [FALSE] omission: You know like, when you, when you go to sleep and, and you feel like I I should be warm. (warm: affirmed)
  [FALSE] omission: But it feels like I probably did. 'Cause I was just, I was next to my boyfriend. (probably: affirmed)
  [FALSE] omission: And he was completely warm and totally fine. (totally: affirmed)
  [FALSE] omission: I just like, my stomach wasn't feeling great. (stomach: affirmed)
  [FALSE] omission: So I thought everything would be fine. (thought: affirmed)
  [FALSE] omission: Uh your your waterworks, your urine. (urine: affirmed)
  [FALSE] omission: you're passing urine OK. You're drinking plenty of fluids, and passing urine OK. (passing urine: affirmed)
  [FALSE] omission: you're passing urine OK. You're drinking plenty of fluids, and passing urine OK. (drinking: affirmed)
  [FALSE] omission: I, I drank loads of water, when I started having the diarrhea. (water: affirmed)
  [FALSE] omission: Now that it stopped, I just went back to normal. (back: affirmed)
  [FALSE] omission: Uh like my, you know when I had the, when I was telling you I had like the, I had chills, and I was really cold. (chills: affirmed)
  [FALSE] omission: My muscle was really hurting. (muscle: affirmed)
  [FALSE] omission: That must be very difficult for you. (very difficult: affirmed)
  [FALSE] omission: Especially like in my arms, my legs, like just everywhere basically. (arms: affirmed)
  [FALSE] omission: Especially like in my arms, my legs, like just everywhere basically. (legs: affirmed)
  [FALSE] omission: quite lethargic and weak, you mentioned. (lethargic: affirmed)
  [FALSE] omission: Uh fit and well. (fit and well: affirmed)
  [FALSE] omission: Uh, well I have type two diabetes. (diabetes: affirmed)
  [FALSE] omission: And I have quite high blood pressure. (high blood pressure: affirmed)
  [FALSE] omission: No allergies. (allergies: negated)
  [FALSE] omission: Same with the high blood pressure. (same: affirmed)
  [FALSE] omission: And since I've started taking this medication, I've just been like regularly checking that it, it's under control. (medication: affirmed)
  [FALSE] omission: Yeah he has none of this. (none: affirmed)
  [FALSE] omission: Like I was a bit worried that I would pass it to him but, not uh, diarrhea, nothing, fine. (worried: affirmed)
  [FALSE] omission: Like I was a bit worried that I would pass it to him but, not uh, diarrhea, nothing, fine. (pass: affirmed)
  [FALSE] omission: But the, the first day I skipped. (skipped: affirmed)
  [FALSE] omission: not too active a job. (active: negated)
  [FALSE] omission: reason I ask is because sometimes stress can really affect your immune system. (affect: affirmed)
  [FALSE] omission: reason I ask is because sometimes stress can really affect your immune system. (immune: affirmed)
  [FALSE] omission: I used to, but I've stopped for about six months now. (used: affirmed)
  [FALSE] omission: And I rarely get like properly drunk, or anything. (drunk: affirmed)
  [FALSE] omission: Something think about, just in terms of your blood pressure and diabetes, maybe something that you can maybe cut down on if you can. (blood pressure: affirmed)
  [FALSE] omission: But so in practice I know that's not realistic. (practice: affirmed)
  [FALSE] omission: Um, right so uh just as we wrap up really, um April I think based on your story, I think uh essentially I think you're, you're going through a bit of a bit of a viral illness. (illness: affirmed)
  [FALSE] omission: I'm hoping that, you know, you're probably over the worst of it now. (hoping: affirmed)
  [FALSE] omission: Keep yourself well-hydrated. (well-hydrated: affirmed)
  [FALSE] omission: And if you are still feeling feverish, um and your cough isn't getting any better, then we may look to give you some antibiotics for your chest. (antibiotics: negated)
  [FALSE] omission: some of the uh uh common source of infection. Um (source of infection: affirmed)
  [FALSE] omission: Thank you very much. (very much: affirmed)
  [FALSE] hallucination: Feeling tired, weak and myalgia. (myalgia: affirmed)
  [FALSE] hallucination: Feeling shivery, hot / cold, ? fever (fever: affirmed)
  [FALSE] hallucination: Initial diarrhea-but now resolved (resolved: affirmed)
  [FALSE] hallucination: Nil urinary symptoms (urinary symptoms: affirmed)
  [FALSE] hallucination: No rashes (rashes: negated)
  [FALSE] hallucination: PMH: Type 2 diabetes, URTI: metformin, lisinopril (type 2 diabetes: affirmed)
  [FALSE] hallucination: Social EtOH < 14 units / week (etoh: affirmed)
  [FALSE] status_flip: No, I feel you know, generally tired. Feeling tired, weak and myalgia. (feeling tired: negated in transcript vs affirmed in SOAP note)
  [FALSE] status_flip: Um but, but it didn't, it didn't cut my appetite or anything. Appetite maintained. (appetite: negated in transcript vs affirmed in SOAP note)
  [FALSE] status_flip: I don't think it's related to stress. SH: lives with partner, works IT, denies stress. (stress: negated in transcript vs negated & family history in SOAP note)
  [FN] omission: Runny nose, no ear pain, no sore throat.
  [FN] omission: Ex-smoker-stopped 6/12 ago.

prim15.txt
  [FALSE] omission: So I have uh soreness in my fingers, my finger, like, the skin on my hands is kind of cracked. (fingers: affirmed)
  [FALSE] omission: So I have uh soreness in my fingers, my finger, like, the skin on my hands is kind of cracked. (skin: affirmed)
  [FALSE] omission: I mean, I have dryness, like you know, in other parts, like my legs. (legs: affirmed)
  [FALSE] omission: But it's not, it's not very, it's not severe. (severe: negated)
  [FALSE] omission: It's just you know, I've always, you know, I don't hydrate very much. So (hydrate: negated)
  [FALSE] omission: It's just you know, I've always, you know, I don't hydrate very much. So (very much: negated)
  [FALSE] omission: Like it's very, it's very bad in my hands. (very bad: affirmed)
  [FALSE] omission: So, I thought I should probably get it checked out. (thought: affirmed)
  [FALSE] omission: So, I thought I should probably get it checked out. (probably: affirmed)
  [FALSE] omission: Uh the palm. (palm: affirmed)
  [FALSE] omission: OK. Sorry, I'm writing notes as we go along. Um, and you mentioned that skin is quite cracked as well. (writing: affirmed)
  [FALSE] omission: I think there's definitely, maybe a correlation between the two. (definitely: affirmed)
  [FALSE] omission: I think there's definitely, maybe a correlation between the two. (maybe: affirmed)
  [FALSE] omission: Uh yeah it's just like literally grinding my legs. (grinding: affirmed)
  [FALSE] omission: I have diabetes. (diabetes: affirmed)
  [FALSE] omission: No, I haven't been diagnosed. (diagnosed: negated)
  [FALSE] omission: Metformin, OK. (metformin: affirmed)
  [FALSE] omission: In terms of social history, you mentioned that you work as a housekeeper. (social history: affirmed)
  [FALSE] omission: Um, you've recently changed jobs. (changed jobs: affirmed)
  [FALSE] omission: Yeah, I usually use those for bathrooms. (usually: affirmed)
  [FALSE] omission: Um, Mrs. Parkinson, so I think um, based on your story, I I think you might have something called dermatitis or contact dermatitis. (dermatitis: affirmed)
  [FALSE] omission: Um, so moving forward there's a couple of options. (moving: affirmed)
  [FALSE] omission: And in terms of helping your dryness and the cracking of your skin, um we can try some steroid creams to help with the inflammation. (inflammation: affirmed)
  [FALSE] omission: As well as some stronger emollients, um which you really need to kind of coat on, three four times a day, for the next couple of weeks, just to help with the moisturizing of your skin. (coat: affirmed)
  [FALSE] omission: Um if it still hasn't got better in about a week, two weeks time, I really need you to come back and see me again. (back: negated)
  [FALSE] hallucination: Occasionally itchy and bleeding on scratching. (bleeding: affirmed)
  [FALSE] hallucination: Has tried E45 cream and antihistamines with minimal relief (cream: affirmed)
  [FALSE] hallucination: Has tried E45 cream and antihistamines with minimal relief (relief: affirmed)
  [FALSE] hallucination: - Betnovate BD (betnovate: affirmed)
  [FN] omission: No pain 
Works as a cleaner and does not always wear gloves - possible trigger
No fever
No bowel/urinary sx
Appetite maintained 

PMH: Type 2 diabetes
DH: metformin 
NKDA
FH: Type 2 diabetes, 
SH: works as a housekeeper, recently changed jobs 4/12 ago, works in a hotel.
  [FN] hallucination: inserted sentence from note 2: "Steroid cream - Betnovate BD
2."

prim16.txt
  [FALSE] omission: Can you find (find: affirmed)
  [FALSE] omission: You've been saying there's a problem with your hearing. (hearing: affirmed)
  [FALSE] omission: Yeah, so I just feel I can't really hear as well as I used to, like my hearing is kind of deteriorating in some way. (feel: affirmed)
  [FALSE] omission: Yeah, so I just feel I can't really hear as well as I used to, like my hearing is kind of deteriorating in some way. (used: negated)
  [FALSE] omission: Yeah, so I just feel I can't really hear as well as I used to, like my hearing is kind of deteriorating in some way. (deteriorating: negated)
  [FALSE] omission: Um I had something maybe, about a year ago, but it only lasted a couple of days, it wasn't anything as long as this. (maybe: affirmed)
  [FALSE] omission: Um, I occasionally get like a ringing in my left ear, uh just on the one side and um there's actually been a few times when I felt kind of a bit sick or a bit dizzy as well. (left ear: affirmed)
  [FALSE] omission: Um, I occasionally get like a ringing in my left ear, uh just on the one side and um there's actually been a few times when I felt kind of a bit sick or a bit dizzy as well. (sick: affirmed)
  [FALSE] omission: Um, I occasionally get like a ringing in my left ear, uh just on the one side and um there's actually been a few times when I felt kind of a bit sick or a bit dizzy as well. (dizzy: affirmed)
  [FALSE] omission: Alright, so your right ear is fine. (right ear: affirmed)
  [FALSE] omission: So you've had ringing, difficulty hearing in your left ear, and feeling slightly sick. (difficulty hearing: affirmed)
  [FALSE] omission: Like some things trigger it as well. (trigger: affirmed)
  [FALSE] omission: OK. Any discharge coming out of the ear? No, OK. (discharge: affirmed)
  [FALSE] omission: No, OK. Well, you're right, you should, you shouldn't be doing that. Doesn't clean up wax, it pushes it back in. (pushes: negated)
  [FALSE] omission: No, OK. Well, you're right, you should, you shouldn't be doing that. Doesn't clean up wax, it pushes it back in. (back: negated)
  [FALSE] omission: Someone might have impacted wax, blocking the tube going into the eardrum, which can (blocking: affirmed)
  [FALSE] omission: Someone might have impacted wax, blocking the tube going into the eardrum, which can (eardrum: affirmed)
  [FALSE] omission: lead to muffled hearing. (lead: affirmed)
  [FALSE] omission: It's not an emergency. (emergency: negated)
  [FALSE] omission: Uh nothing major it's just kind of uh it's, it's not the kind of dizziness you get with nausea, like uh not, not proper room spinning or anything like that but just, just a little bit kind of off balance. (nausea: negated)
  [FALSE] omission: Uh nothing major it's just kind of uh it's, it's not the kind of dizziness you get with nausea, like uh not, not proper room spinning or anything like that but just, just a little bit kind of off balance. (room spinning: negated)
  [FALSE] omission: Uh nothing major it's just kind of uh it's, it's not the kind of dizziness you get with nausea, like uh not, not proper room spinning or anything like that but just, just a little bit kind of off balance. (balance: affirmed)
  [FALSE] omission: is that the sort of thing that can cause uh like this uh ringing I've got in my ear, 'cause it seems . (sort: affirmed)
  [FALSE] omission: and Tinnitus is something actually that medicine doctors, we don't really understand it fully. (medicine: affirmed)
  [FALSE] omission: And often that, that, uh, awareness of what it is and what the treatment options are, and there are limited options (awareness: affirmed)
  [FALSE] omission: And often that, that, uh, awareness of what it is and what the treatment options are, and there are limited options (treatment options: affirmed)
  [FALSE] omission: but they'll have my notes and they'll know exactly what, what my question is, which is just to check your ears. (ears: affirmed)
  [FALSE] omission: So, um, bear with me five minutes and then you can ring the support team, I'll leave the number in the notes for this appointment. (support: affirmed)
  [FALSE] hallucination: Imp: need to exclude impacted wax in ear canal first (wax in ear canal: negated)
  [FALSE] hallucination: Pln: for face to face GP appointment in 5 days to examine ear (face: affirmed)
  [FALSE] hallucination: Pt happy with and understands plan (happy: affirmed)
  [FALSE] status_flip: and Tinnitus is something actually that medicine doctors, we don't really understand it fully. Pt happy with and understands plan (understands: negated in transcript vs affirmed in SOAP note)
  [FN] omission: One previous similar episode in the past- resolved spontaneously.
  [FN] omission: History: 
Hx of difficulty hearing left ear for 6 weeks with tinnitus and slight nausea/ dizziness.
  [FN] omission: No discharge/ fever/ itchiness/ pain
Doesn't use cotton wool buds
No Pmhx of note
Ex: Looks well, not in pain.

prim17.txt
  [FALSE] omission: Before we start your appointment, could you please tell me your first name and your date of birth. (date: affirmed)
  [FALSE] omission: And I was born on the fifth of April, uh, nineteen seventy three. (born: affirmed)
  [TRUE] omission: It's not painful at all, or like, I I feel fine. (feel: negated)
  [FALSE] omission: Um, it's, it's slightly warm. (warm: affirmed)
  [FALSE] omission: Um, it's the, the left elbow. (left elbow: affirmed)
  [FALSE] omission: No, not really. (no, not really: negated)
  [FALSE] omission: Um, I don't have any like history of, of seeing this. (seeing: negated)
  [FALSE] omission: Um, no, well I, I do, well I think, I think I have something like uh, osteoarthritis. Um (osteoarthritis: negated)
  [FALSE] omission: But uh, in my family, I'm not sure. (not sure: family history)
  [FALSE] omission: Well done that's , it's good that you're doing that on a regular basis. (basis: affirmed)
  [FALSE] omission: OK. All right. Um, well, um, I noticed the skin was a bit dry, , on the tip of the elbow. (skin: affirmed)
  [FALSE] omission: OK. Is um, I think, it would be worthwhile. , this seems like uh, what we call the Bursitis. OK. (call: affirmed)
  [FALSE] omission: So, that's an inflammation of one of the fluid sacs around the joint. (inflammation: affirmed)
  [FALSE] omission: So, that's an inflammation of one of the fluid sacs around the joint. (sacs: affirmed)
  [FALSE] omission: Um, what I think we should do is, I think you should be on some anti-inflammatory medication, in the, in the first instance. (anti-inflammatory: affirmed)
  [FALSE] omission: So, um, what we're going to do is, we're going to arrange some, um, blood test forms to be sent out to your house. (blood test: affirmed)
  [FALSE] omission: And, there'll be instructions within that pack, about where to go to get those blood tests done. (instructions: affirmed)
  [FALSE] omission: And, that will involve you, um, having some tests done to check for inflammatory markers, infection, rheumatological antibodies. (tests: affirmed)
  [FALSE] omission: And, that will involve you, um, having some tests done to check for inflammatory markers, infection, rheumatological antibodies. (infection: affirmed)
  [FALSE] omission: And, that will involve you, um, having some tests done to check for inflammatory markers, infection, rheumatological antibodies. (antibodies: affirmed)
  [FALSE] omission: So we'll do a full screen, and also check for things like Gout as well, OK. Um. (screen: affirmed)
  [FALSE] omission: So we'll do a full screen, and also check for things like Gout as well, OK. Um. (gout: affirmed)
  [FALSE] omission: From now, but it may take time for the form to come out to you. (form: affirmed)
  [FALSE] omission: It doesn't look like, to me that's something called, excuse me, septic arthritis. (septic arthritis: negated)
  [FALSE] omission: So, we're worried sometimes that someone might have an acutely infected joint. (worried: affirmed)
  [FALSE] omission: So, we're worried sometimes that someone might have an acutely infected joint. (infected joint: affirmed)
  [FALSE] omission: 'Cause that would be an emergency. (emergency: affirmed)
  [FALSE] omission: Um, what I'm doing is I'm just saying, in case things worsen, these are the things that we'd be looking out for, and this is what we have to do. (worsen: affirmed)
  [FALSE] omission: OK. So, I, I would take Ibuprofen regularly, OK. You can get that , over the counter. (ibuprofen: affirmed)
  [FALSE] omission: And you should take, take that after food, not on an empty stomach. (food: affirmed)
  [FALSE] omission: And you should take, take that after food, not on an empty stomach. (stomach: negated)
  [FALSE] omission: Maybe within a um, actually you know, the follow-up appointment doesn't have to be face-to-face, if it's more convenient for you do, to do it over the phone, we can do that over the phone, uh, over video. (maybe: affirmed)
  [FALSE] omission: Maybe within a um, actually you know, the follow-up appointment doesn't have to be face-to-face, if it's more convenient for you do, to do it over the phone, we can do that over the phone, uh, over video. (face: negated)
  [FALSE] omission: So , look just leave that with me, I'll sort all those bits and pieces out, and then we'll get them sent out to you, and then we'll, we'll um, review you after the tests, things goes well, OK. (sort: affirmed)
  [FALSE] hallucination: No trauma. (trauma: negated)
  [FALSE] hallucination: DH previously by doctors-? need to confirm this (confirm: affirmed)
  [FALSE] hallucination: PMHx: nil of note (note: affirmed)
  [FALSE] hallucination: SH: exercises regularly, active (exercises regularly: affirmed)
  [FALSE] hallucination: SH: exercises regularly, active (active: affirmed)
  [FALSE] hallucination: Mild erythema and minimal swelling (if any) around olecranon process left elbow (erythema: affirmed)
  [FALSE] hallucination: For rheum bloods: esr, crp, fbc, rheum factor and urate (urate: affirmed)
  [FALSE] status_flip: Um, I don't have any like history of, of seeing this. Hx: 1 week history of spontaneous elbow swelling left. (history: negated in transcript vs affirmed in SOAP note)
  [FALSE] status_flip: Um, what I think we should do is, I think you should be on some anti-inflammatory medication, in the, in the first instance. DH: not on any medication, allergic to peanuts (medication: affirmed in transcript vs negated in SOAP note)
  [FALSE] status_flip: OK. Is um, I think, it would be worthwhile. , this seems like uh, what we call the Bursitis. OK. Imp: possible bursitis (bursitis: affirmed in transcript vs uncertain in SOAP note)
  FN - none

prim18.txt
  [FALSE] omission: Um, so, just been having some, um, problems with my hearing, I can't really hear very well, and my , noticed that my face has been feeling a bit numb recently. (very well: negated)
  [FALSE] omission: Yeah, so again it's the left side, it's kind of like around my left ear, and kind of, along here. (left ear: affirmed)
  [FALSE] omission: So yeah, right now it feels very, doesn't feel like when I touch this side of my face. (touch: negated)
  [FALSE] omission: Um, that, that's all fine and, you know I take a Rennie's if I need to, and if my nose polyps are playing up I've got a spray. Um. (rennie: affirmed)
  [FALSE] omission: Other than that I think they said, ages ago, I had something called, can't quite remember but, labyrinthitis, something like that, but again, nothing, nothing ongoing. (other: affirmed)
  [FALSE] omission: I mean, there was just like, there was one thing I think just, 'cause I can panic and you can look online, get a bit, frantic. (one thing: affirmed)
  [FALSE] omission: I mean, there was just like, there was one thing I think just, 'cause I can panic and you can look online, get a bit, frantic. (panic: affirmed)
  [FALSE] omission: , I guess what I'm trying to think is, you know, is there something particularly serious that, you know, will need to be sorted and. (serious: affirmed)
  [FALSE] omission: , I guess what I'm trying to think is, you know, is there something particularly serious that, you know, will need to be sorted and. (sorted: affirmed)
  [FALSE] omission: so um, uh, obviously we're limited in terms of assessment via the video, uh, portal. (portal: affirmed)
  [FALSE] omission: what you're, what you're describing might be something called Bell's Palsy. (bell's palsy: uncertain)
  [FALSE] omission: But um, that's not usually a life-threatening problem. (usually: negated)
  [FALSE] omission: But, um, part of the reason why I'd like you to come in, it's just that we can do a, a what we call a, a neurological examination just to make sure there's nothing else going on, and confirm that might be the diagnosis. (call: affirmed)
  [FALSE] omission: But, um, part of the reason why I'd like you to come in, it's just that we can do a, a what we call a, a neurological examination just to make sure there's nothing else going on, and confirm that might be the diagnosis. (confirm: affirmed)
  [FALSE] omission: But, um, part of the reason why I'd like you to come in, it's just that we can do a, a what we call a, a neurological examination just to make sure there's nothing else going on, and confirm that might be the diagnosis. (diagnosis: uncertain)
  [FALSE] omission: No, I don't think that you need to worry about that, I , think you know , preliminarily I can, I can reassure you. (worry: negated)
  [FALSE] omission: However, , in order to definitively reassure you, I, I think you need a physical examination today, OK. (physical: affirmed)
  [FALSE] omission: Thank you very much. (very much: affirmed)
  [TRUE] hallucination: Please go to A & E Hx: 1 week history of left side difficulty hearing and facial numbness (history: affirmed)
  [FALSE] hallucination: Please go to A & E Hx: 1 week history of left side difficulty hearing and facial numbness (difficulty hearing: affirmed)
  [FALSE] hallucination: Please go to A & E Hx: 1 week history of left side difficulty hearing and facial numbness (facial numbness: affirmed)
  [FALSE] hallucination: No dysphagia, dysarthria, no unilateral weakness/numbness in the rest of the body, no visual disturbances (dysphagia: negated)
  [FALSE] hallucination: No dysphagia, dysarthria, no unilateral weakness/numbness in the rest of the body, no visual disturbances (dysarthria: negated)
  [FALSE] hallucination: No dysphagia, dysarthria, no unilateral weakness/numbness in the rest of the body, no visual disturbances (weakness: negated)
  [FALSE] hallucination: No dysphagia, dysarthria, no unilateral weakness/numbness in the rest of the body, no visual disturbances (visual disturbances: negated)
  [FALSE] hallucination: No ear pain, ear discharge, fever, itchiness or cotton bud use. (ear pain: negated)
  [FALSE] hallucination: No ear pain, ear discharge, fever, itchiness or cotton bud use. (ear discharge: negated)
  [FALSE] hallucination: No ear pain, ear discharge, fever, itchiness or cotton bud use. (fever: negated)
  [FALSE] hallucination: No ear pain, ear discharge, fever, itchiness or cotton bud use. (itchiness: negated)
  [FALSE] hallucination: No ear pain, ear discharge, fever, itchiness or cotton bud use. (cotton: negated)
  [FALSE] hallucination: Slight tinnitus at times in this period- not continuous (slight: affirmed)
  [FALSE] hallucination: Slight tinnitus at times in this period- not continuous (tinnitus: affirmed)
  [FALSE] hallucination: Numbness and difficulty hearing present now (present: affirmed)
  [FALSE] hallucination: Pmhx: labyrinthitis, heart burn, nasal polyps (heart burn: affirmed)
  [FALSE] hallucination: DH: Rennies PRN OTC, nasal spray PRN (pt not sure of name) (not sure: affirmed)
  [FALSE] hallucination: Allergies: latex allergy (allergies: affirmed)
  [FALSE] hallucination: Allergies: latex allergy (latex allergy: affirmed)
  [FALSE] hallucination: No FH of note (note: negated)
  [FALSE] hallucination: Ex: no facial asymmetry, looks well, normal facial expressions and movements (facial asymmetry: affirmed)
  [FALSE] hallucination: Ex: no facial asymmetry, looks well, normal facial expressions and movements (facial expressions: affirmed)
  [FALSE] hallucination: Ex: no facial asymmetry, looks well, normal facial expressions and movements (movements: affirmed)
  [FALSE] hallucination: Imp: ? Bell's Palsy- need to rule out any other focal neurology (rule: affirmed)
  [FALSE] hallucination: Plan: for face to face review today for neurological examination and ear examination (ear examination: affirmed)
  [FALSE] hallucination: Pt understands and is happy with plan History : having dizziness for the past few hours (understands: affirmed)
  [FALSE] hallucination: Pt understands and is happy with plan History : having dizziness for the past few hours (happy: affirmed)
  [FALSE] hallucination: There is no recent viral illness (recent viral illness: negated)
  [FALSE] hallucination: There is a buzzing noise in your ears (ears: affirmed)
  [FALSE] hallucination: You feel nauseous but not been sick (nauseous: affirmed)
  [FALSE] hallucination: You feel nauseous but not been sick (sick: negated)
  [FALSE] hallucination: There is no weakness of the arms and legs (weakness of arms: negated)
  [FALSE] hallucination: There is no weakness of the arms and legs (legs: negated)
  [FALSE] hallucination: Past medical history (past medical history: affirmed)
  [FALSE] hallucination: You have premature ovarian failure and take HRT (premature ovarian failure: affirmed)
  [FALSE] hallucination: Plan we will prescribe some stemitil for symptom relief . (relief: affirmed)
  [FN] hallucination: inserted sentence from note 30: "History : having dizziness for the past few hours 
You had sometime similar a month ago but only lasted 10 minutes 
You feel as though you are in a boat 
There is no recent viral illness 
There is a buzzing noise in your ears 
There is no hearing problems 
No ear discharge or ear pain 
You feel nauseous but not been sick 
There is no weakness of the arms and legs 
Past medical history #
You have premature ovarian failure and take HRT
There is no allergies 
Plan we will prescribe some stemitil for symptom relief ."

=== Evaluation Results ===
prim1.txt: precision=0.00 recall=0.00 f1=0.00 accuracy=0.00 (TP=0 FP=33 FN=3)
prim10.txt: precision=0.02 recall=0.33 f1=0.04 accuracy=0.02 (TP=1 FP=45 FN=2)
prim11.txt: precision=0.02 recall=0.50 f1=0.04 accuracy=0.02 (TP=1 FP=43 FN=1)
prim12.txt: precision=0.03 recall=0.50 f1=0.06 accuracy=0.03 (TP=1 FP=30 FN=1)
prim13.txt: precision=0.02 recall=0.50 f1=0.04 accuracy=0.02 (TP=1 FP=54 FN=1)
prim14.txt: precision=0.00 recall=0.00 f1=0.00 accuracy=0.00 (TP=0 FP=62 FN=2)
prim15.txt: precision=0.00 recall=0.00 f1=0.00 accuracy=0.00 (TP=0 FP=29 FN=2)
prim16.txt: precision=0.00 recall=0.00 f1=0.00 accuracy=0.00 (TP=0 FP=32 FN=3)
prim17.txt: precision=0.02 recall=1.00 f1=0.04 accuracy=0.02 (TP=1 FP=43 FN=0)
prim18.txt: precision=0.02 recall=0.50 f1=0.04 accuracy=0.02 (TP=1 FP=53 FN=1)

Overall (all types): precision=0.01 recall=0.27 f1=0.03 accuracy=0.01 (TP=6 FP=424 FN=16)

By type:
  hallucination: precision=0.05 recall=0.45 f1=0.08 accuracy=0.04 (TP=5 FP=106 FN=6)
  omission: precision=0.00 recall=0.09 f1=0.01 accuracy=0.00 (TP=1 FP=303 FN=10)
  status_flip: precision=0.00 recall=0.00 f1=0.00 accuracy=0.00 (TP=0 FP=15 FN=0)

Average elapsed time: 3.05s
