
prim1.txt
  [FALSE] omission: Yeah, so it's like loose and watery stool, going to the toilet quite often, uh and like some pain in my, like, lower stomach? (stools: affirmed)
  [FALSE] omission: Yeah, so it's like loose and watery stool, going to the toilet quite often, uh and like some pain in my, like, lower stomach? (stools: affirmed)
  [FALSE] omission: Um, probably like six or seven times a day? Yeah. (probably: affirmed)
  [FALSE] omission: No, no blood, yeah, just watery and loose stool. (loose stool: negated)
  [FALSE] omission: Yep. (pain: affirmed)
  [FALSE] omission: Yep. (pain: affirmed)
  [FALSE] omission: So in my lower abdomen, so, uh, like, um...yeah, just to one side. (lower abdomen: affirmed)
  [FALSE] omission: Yeah, it feels, um, like a cramp, like a muscular cramp, and, um, yeah i feel a bit uh weak and shaky. (cramp: affirmed)
  [FALSE] omission: Yeah, it feels, um, like a cramp, like a muscular cramp, and, um, yeah i feel a bit uh weak and shaky. (shaky: affirmed)
  [FALSE] omission: Uh...no, just maybe my stomach. (come and go: negated)
  [FALSE] omission: Uh...no, just maybe my stomach. (back: negated)
  [FALSE] omission: Uh...no, just maybe my stomach. (back: negated)
  [FALSE] omission: Uh...no, just maybe my stomach. (maybe: negated)
  [FALSE] omission: Uh...no, just maybe my stomach. (stomach: negated)
  [FALSE] omission: I haven't had a fever, um, at the moment, but I did notice um a temperature when the symptoms started, so, um, yeah around about three or four days ago. (three or four days: affirmed)
  [FALSE] omission: Uh, no. (other symptoms: negated)
  [FALSE] omission: Uh, no. (night sweats: negated)
  [FALSE] omission: Uh, no. (sweating: negated)
  [FALSE] omission: No no blood, no. Yeah. (no blood: negated)
  [FALSE] omission: Um, I had a loss of appetite, um, so I haven't been eating as much, but I've been able to hold down fluids. (loss of appetite: affirmed)
  [FALSE] omission: Um, I had a loss of appetite, um, so I haven't been eating as much, but I've been able to hold down fluids. (eating: negated)
  [FALSE] omission: Yep. (drinking: affirmed)
  [FALSE] omission: Um, just soups, and, uh, yeah, light foods. (light: affirmed)
  [FALSE] omission: Like smoothies and, yeah, liquid foods mainly. (liquid: affirmed)
  [FALSE] omission: Are you aware of any triggers which may have caused the symptoms uh to kick on. (triggers: affirmed)
  [FALSE] omission: Uh, yeah, that's fine. I just, yeah, use an inhaler, and uh that's under control. (controlled: affirmed)
  [FALSE] omission: Uh, no, no other medications. (other medications: negated)
  [FALSE] omission: Uh, no, no other medications. (other medications: negated)
  [FALSE] omission: Uh, no, I I don't drink alcohol, no. (alcohol: negated)
  [FALSE] omission: Um, it seems like you may have something, uh, called gastroenteritis, which essentially just a tummy bug or infection of your uh of your tummy. (infection: affirmed)
  [FALSE] omission: So, um, I don't think you need anything like antibiotics. (antibiotics: negated)
  [FALSE] omission: It's really just, um, making sure you're well hydrated, so drinking fluids. (hydrated: affirmed)
  [FALSE] omission: Um, there are things like Dioralyte you can get from the pharmacy, which uh it's um it helps helps replenish your minerals and vitamins. (dioralyte: affirmed)
  [FALSE] omission: Um, there are things like Dioralyte you can get from the pharmacy, which uh it's um it helps helps replenish your minerals and vitamins. (vitamins: affirmed)
  [FALSE] omission: Uh, and we may need to do further tests like um taking a sample of your stool so we can test that. (tests: affirmed)
  [FALSE] omission: Uh, and we may need to do further tests like um taking a sample of your stool so we can test that. (sample: affirmed)
  [FALSE] omission: Uh, yes, yeah, that's that's very clear. Thank you. (treatment: affirmed)
  [FALSE] omission: Uh, yes, yeah, that's that's very clear. Thank you. (treatment: affirmed)
  [FALSE] hallucination: Lives with wife and children. (lives: affirmed)
  [FALSE] hallucination: Conservative management - rest, push fluids, paracetamol if feverish. (paracetamol: affirmed)
  [FALSE] status_flip: Yeah, yeah, just normal vomit, yeah. No blood in vomit. (vomit: affirmed in transcript vs negated in SOAP note)
  [FALSE] status_flip: Uh, no, I I don't drink alcohol, no. Nil smoking/etOH hx (etoh: negated in transcript vs affirmed in SOAP note)
  [FN] omission: Associated LLQ pain - crampy, intermittent, nil radiation.

prim10.txt
  [FALSE] omission: Yeah I can hear you, hi. (your age: affirmed)
  [FALSE] omission: Yeah I can hear you, hi. (confirm: affirmed)
  [FALSE] omission: Um, it's not happened before and I'm bit worried. (worried: negated)
  [FALSE] omission: Uh, yeah it's been going on for a little bit longer than three days I think actually, maybe just under a week. Um. (burning pain: affirmed)
  [FALSE] omission: Uh, yeah it's been going on for a little bit longer than three days I think actually, maybe just under a week. Um. (pass urine: affirmed)
  [FALSE] omission: Uh, yeah it's been going on for a little bit longer than three days I think actually, maybe just under a week. Um. (maybe: affirmed)
  [FALSE] omission: Um, and yeah I notice a sort of burning, stinging, when I when I go to the toilet, yeah. (sort: affirmed)
  [FALSE] omission: Um, and yeah I notice a sort of burning, stinging, when I when I go to the toilet, yeah. (burning: affirmed)
  [FALSE] omission: Um, and yeah I notice a sort of burning, stinging, when I when I go to the toilet, yeah. (stinging: affirmed)
  [FALSE] omission: Yeah, I think just today . (blood: affirmed)
  [FALSE] omission: Yeah, I think just today . (blood: affirmed)
  [FALSE] omission: Yeah, I think just today . (blood: affirmed)
  [FALSE] omission: Um, I think it was probably but I don't know it was pink so. (probably: affirmed)
  [FALSE] omission: Yeah it's kind of at the bottom of my tummy, um, uh mainly when I go to the loo, I think that's when it's worse. (definitely: affirmed)
  [FALSE] omission: Yeah it's kind of at the bottom of my tummy, um, uh mainly when I go to the loo, I think that's when it's worse. (pain: affirmed)
  [FALSE] omission: Yeah it's kind of at the bottom of my tummy, um, uh mainly when I go to the loo, I think that's when it's worse. (pain: affirmed)
  [FALSE] omission: Yeah it's kind of at the bottom of my tummy, um, uh mainly when I go to the loo, I think that's when it's worse. (worse: affirmed)
  [FALSE] omission: Um, I wouldn't describe it as crampy I don't think it's like a period pain, it's a bit different, it's, it's hard to say, an achey pain I suppose. (crampy: negated)
  [FALSE] omission: Um, I wouldn't describe it as crampy I don't think it's like a period pain, it's a bit different, it's, it's hard to say, an achey pain I suppose. (period pain: negated)
  [FALSE] omission: No, no, no. (back: negated)
  [FALSE] omission: No, no, no. (back: negated)
  [FALSE] omission: No, no nausea vomiting. (other symptoms: negated)
  [FALSE] omission: No, no nausea vomiting. (vomiting: negated)
  [FALSE] omission: Uh I, I usually have a bit of problems with my bowels anyway, so I don't think it's any, different, from what it usually is. (usually: affirmed)
  [FALSE] omission: Um, I think I have, um, IBS, um, so I just kinda pass, uh, my bowels like quite, quite a lot. (pass: affirmed)
  [FALSE] omission: Hmm no I don't think so. Nothing unusual. (passage: negated)
  [FALSE] omission: Uh yeah, uh I'm um on the pill. (contraception: affirmed)
  [FALSE] omission: Uh yeah, uh I'm um on the pill. (form: affirmed)
  [FALSE] omission: Uh yeah, uh I'm um on the pill. (pill: affirmed)
  [FALSE] omission: Uh, yeah, yeah eating drinking OK. Um, I did have one kinda concern I dunno (general health: affirmed)
  [FALSE] omission: Uh, yeah, yeah eating drinking OK. Um, I did have one kinda concern I dunno (general health: affirmed)
  [FALSE] omission: Uh, yeah, yeah eating drinking OK. Um, I did have one kinda concern I dunno (drinking: affirmed)
  [FALSE] omission: Uh, yeah, yeah eating drinking OK. Um, I did have one kinda concern I dunno (eating: affirmed)
  [FALSE] omission: So I I smoked, uh this is quite bad, but I smoked weed for the first time. (weed: affirmed)
  [FALSE] omission: Uh, like a week and a half ago, I I just wondered whether it's related at all, probably not but I just thought I'd get some advice from you. (thought: affirmed)
  [FALSE] omission: Yeah, yeah. (cramps: affirmed)
  [FALSE] omission: Um, yeah I think there was an antibiotic, um, called Clindamycin mycin . (medications: affirmed)
  [FALSE] omission: Um, yeah I think there was an antibiotic, um, called Clindamycin mycin . (medications: affirmed)
  [FALSE] omission: Um, yeah I think there was an antibiotic, um, called Clindamycin mycin . (medications: affirmed)
  [FALSE] omission: Um, yeah I think there was an antibiotic, um, called Clindamycin mycin . (medications: affirmed)
  [FALSE] omission: Um, yeah I think there was an antibiotic, um, called Clindamycin mycin . (allergy: affirmed)
  [FALSE] omission: Um, yeah I think there was an antibiotic, um, called Clindamycin mycin . (allergy: affirmed)
  [FALSE] omission: Um, yeah I think there was an antibiotic, um, called Clindamycin mycin . (antibiotic: affirmed)
  [FALSE] omission: No, no. (family history: negated)
  [FALSE] omission: No, no. (history: negated)
  [FALSE] omission: No, no. (history: negated)
  [FALSE] omission: No, no. (history: negated)
  [FALSE] omission: No, no. (bladder: negated)
  [FALSE] omission: No, no. (kidneys: negated)
  [FALSE] omission: No, no. (kidneys: negated)
  [FALSE] omission: No, no. (note: negated)
  [FALSE] omission: Um, so I am living in halls at the moment, uh at uni um, so uh, uh, I'm just living with a flatmate I suppose, um. (living: affirmed)
  [FALSE] omission: Um, but yeah I, I completely agree it's not something I wanna get into on a regular basis. (completely agree: affirmed)
  [FALSE] omission: Um, but yeah I, I completely agree it's not something I wanna get into on a regular basis. (basis: negated)
  [FALSE] omission: But the fact that I, I I think it's, um, probably just a simple what we'd say a UTI or a cystitis, bladder infection. (cystitis: uncertain)
  [FALSE] omission: But the fact that I, I I think it's, um, probably just a simple what we'd say a UTI or a cystitis, bladder infection. (bladder infection: uncertain)
  [FALSE] omission: Uh, you know you haven't got any other symptoms that, suggest to me that there's anything to worry about, so things like fevers and back pain. (and back pain: negated)
  [FALSE] omission: Um, so we've got a choice of two antibiotics something called Trimethoprim or, Nitrofurantoin which is a three day course. (trimethoprim: affirmed)
  [FALSE] omission: Um, start the antibiotics, make sure you're well hydrated, drink plenty of fluids. (hydrated: affirmed)
  [FALSE] omission: Either back pain, vomiting, great OK. (either: affirmed)
  [FALSE] hallucination: 1/52 hx of dysuria, frequency and suprapubic pain. (dysuria: affirmed)
  [FALSE] hallucination: 1/52 hx of dysuria, frequency and suprapubic pain. (suprapubic pain: affirmed)
  [FALSE] hallucination: Noticed urine today was pink, nil frank haematuria. (frank haematuria: affirmed)
  [TRUE] hallucination: Brief episode of haematuria, now resolved. (haematuria: negated)
  [FALSE] hallucination: Brief episode of haematuria, now resolved. (resolved: affirmed)
  [FALSE] hallucination: DH: COCP, mebeverine (mebeverine: affirmed)
  [FALSE] hallucination: SH: lives in student halls, nil smoking, social EtOH (lives: affirmed)
  [FALSE] hallucination: SH: lives in student halls, nil smoking, social EtOH (etoh: affirmed)
  [FALSE] hallucination: Simple analgesia (analgesia: affirmed)
  [FALSE] status_flip: No, no, no. Suprapubic pain on PU - aching pain, nil radiating (aching pain: negated in transcript vs affirmed in SOAP note)
  [FALSE] status_flip: Um no, no not that I've noticed. Nil fevers (fevers: negated in transcript vs affirmed in SOAP note)
  [FALSE] status_flip: No, no, not Currently sexually active - long-term partner. (sexually active: negated in transcript vs affirmed in SOAP note)
  [FALSE] status_flip: Hmm no I don't think so. Nothing unusual. Nil PV discharge. (discharge: negated in transcript vs affirmed in SOAP note)
  FN - none

prim11.txt
  [FALSE] omission: Just connection on the screen. (screen: affirmed)
  [FALSE] omission: Yeah it's just uh not, not been very pleasant. (pleasant: negated)
  [FALSE] omission: Um so I , I feel like it's like almost every hour, when I'm awake. (awake: affirmed)
  [FALSE] omission: Yeah, so I mean I'm , I'm trying to drink a lot of water. (water: affirmed)
  [FALSE] omission: Yeah. I mean I, it, I feel, I feel a cramp. (pain: affirmed)
  [FALSE] omission: So, yeah I mean that's, that's the , kind of the first sign. (sign: affirmed)
  [FALSE] omission: So I, I think it's maybe a (maybe: affirmed)
  [FALSE] omission: Um, yeah I definitely, I definitely feel kind of nauseous. Um (definitely: affirmed)
  [FALSE] omission: And when I like, I think it's maybe something to do with like, whenever I have like milk or something like that, I just feel like I want to vomit. (milk: affirmed)
  [FALSE] omission: Not sleeping. (sleeping: negated)
  [FALSE] omission: Um so I, yeah I think I am pretty, I feel kind of really hot all the time. And uh I'm pretty sure I'm burning up. I haven't actually done any temperature reading, or anything like that. But it's, I, yeah I've, I've sure I'm, I'm not a, like not a normal temperature. (other symptoms: negated)
  [FALSE] omission: Um so I, yeah I think I am pretty, I feel kind of really hot all the time. And uh I'm pretty sure I'm burning up. I haven't actually done any temperature reading, or anything like that. But it's, I, yeah I've, I've sure I'm, I'm not a, like not a normal temperature. (fevers: negated)
  [FALSE] omission: And uh I'm pretty sure I'm burning up. (burning: affirmed)
  [FALSE] omission: I haven't actually done any temperature reading, or anything like that. (reading: negated)
  [FALSE] omission: But it's, I, yeah I've, I've sure I'm, I'm not a, like not a normal temperature. (normal temperature: negated)
  [FALSE] omission: Um yeah a bit, I guess less frequently maybe. Um but yeah, it seems to be OK. (passing urine: affirmed)
  [FALSE] omission: Um yeah a bit, I guess less frequently maybe. Um but yeah, it seems to be OK. (hoarse: affirmed)
  [FALSE] omission: Um so I , so my um my brother has had, actually had something like this for um he has it as well for five days, as well. Um and I I've, I'm not, yeah I I can't think of what, what the trigger is for me. I mean, my brother normally can deal, deals with this stuff a lot better than me. But , yeah I, that's why (triggers: negated)
  [FALSE] omission: Um so I , so my um my brother has had, actually had something like this for um he has it as well for five days, as well. Um and I I've, I'm not, yeah I I can't think of what, what the trigger is for me. I mean, my brother normally can deal, deals with this stuff a lot better than me. But , yeah I, that's why (food: negated)
  [FALSE] omission: Um so, I had some, I mean I had some lunch today. Um (today: affirmed)
  [FALSE] omission: Um, so I um, yeah I think, I think otherwise I'm fit and well. I um (fit and well: affirmed)
  [FALSE] omission: I'll take it you don't take any regular medications, then. (medications: negated)
  [FALSE] omission: But uh, I haven't been, I'm not on any regular medication or anything like that. (medication: negated)
  [FALSE] omission: Um, so I don't have any allergies that I know of. (allergies: negated)
  [FALSE] omission: So it could be anything from the mouth anus. (mouth: affirmed)
  [FALSE] omission: So it could be anything from the mouth anus. (anus: affirmed)
  [FALSE] omission: So um, from what I heard he's kind of, So I don't I don't speak to him that often. (speak: negated)
  [FALSE] omission: And I, I don't exactly know the full things of like the steps of cancer, and all that kind of thing. (cancer: negated)
  [FALSE] omission: But um, he's sort of in his third stage. (sort: affirmed)
  [FALSE] omission: Uh, I'm not sure what that means exactly. (not sure: affirmed)
  [FALSE] omission: Um I dislike um, taking time off work. (dislike: affirmed)
  [FALSE] omission: I'd, I'd just rather deal with these things. Um so (rather: affirmed)
  [FALSE] omission: Um so I I smoke um, I smoke uh, uh for like socially, but not like regularly. Um (alcohol: negated)
  [FALSE] omission: Um so I I smoke um, I smoke uh, uh for like socially, but not like regularly. Um (either: negated)
  [FALSE] omission: bit of a basic infection of your tummy. . (infection: affirmed)
  [FALSE] omission: There's nothing to worry about. (worry: affirmed)
  [FALSE] omission: Uh um uh uh I suspect this will just settle down in the next few days. (settle: affirmed)
  [FALSE] omission: fluid is probably best. (probably: affirmed)
  [FALSE] omission: But I am obviously worried about the fact that you are losing minerals and vitamins. (vitamins: uncertain)
  [FALSE] omission: You can use soft diet, things like soup, mash. (mash: affirmed)
  [FALSE] omission: Thank you very much. (very much: affirmed)
  [FALSE] hallucination: No blood in stools. (blood: negated)
  [FALSE] hallucination: No blood in stools. (stools: negated)
  [FALSE] hallucination: Assoc crampy abdo pain - central, intermittent, severity 6/10. (assoc: affirmed)
  [FALSE] hallucination: Feeling feverish, hot/cold (cold: affirmed)
  [FALSE] hallucination: Nil urinary sx - passing less urine . no weight loss. (urine: affirmed)
  [FALSE] hallucination: SH: lives with sister and mum. (lives: affirmed)
  [TRUE] hallucination: Urinary sx - noticed some pink coloured urine, no frank haematuria, nil dysuria. (frank haematuria: negated)
  [FALSE] hallucination: Urinary sx - noticed some pink coloured urine, no frank haematuria, nil dysuria. (dysuria: negated)
  [FALSE] status_flip: So um, Dan, just as a a conclusion, uh um, just to wrap it all up, I think your symptoms are suggestive of something called gastroenteritis. Imp: gastroenteritis (gastroenteritis: uncertain in transcript vs affirmed in SOAP note)
  [FN] hallucination: inserted sentence from note 12: "Nil smoking, social EtOH

Imp: gastroenteritis 

Plan:
1."
  [FN] omission: Review in 48 hours, or earlier if worsening sx

prim12.txt
  [FALSE] omission: Yes. So, my name is Robert. (your age: affirmed)
  [FALSE] omission: Yes. So, my name is Robert. (confirm: affirmed)
  [FALSE] omission: Yeah, so it's been a, very bad diarrhoea, so it keeps me like, I keep going back and forth, to, to the toilet very often. (very bad: affirmed)
  [FALSE] omission: Yeah, so it's been a, very bad diarrhoea, so it keeps me like, I keep going back and forth, to, to the toilet very often. (back: affirmed)
  [FALSE] omission: Yeah, so it's been a, very bad diarrhoea, so it keeps me like, I keep going back and forth, to, to the toilet very often. (very often: affirmed)
  [FALSE] omission: Yes, it's definitely, definitely watery, uh, loose stools, yeah. (definitely: affirmed)
  [FALSE] omission: Uh, not, not really, no. Uh, but I, I, I feel like, um, I can't, really drink too much, so I feel very dehydrated. (other symptoms: negated)
  [FALSE] omission: Uh, not, not really, no. Uh, but I, I, I feel like, um, I can't, really drink too much, so I feel very dehydrated. (pain: negated)
  [FALSE] omission: Uh, but I, I, I feel like, um, I can't, really drink too much, so I feel very dehydrated. (feel: affirmed)
  [FALSE] omission: Uh, not much, not much. (not much: affirmed)
  [FALSE] omission: So just a little bit, but I don't feel, um, I don't really feel like, uh, I have appetite. (appetite: negated)
  [FALSE] omission: Uh, so, not, really I , I feel a little bit warm, um, probably at, at the beginning I was feeling I had a bit of temperature, but now I feel, I feel kind of fine. (probably: negated)
  [FALSE] omission: Yeah, just felt, like some nausea and I had to, to vomit, and then I had some diarrhoea, straight after that. (nausea: affirmed)
  [FALSE] omission: Uh, not that I remember, no. (food: negated)
  [FALSE] omission: Yeah, yeah, . (fit and well: affirmed)
  [FALSE] omission: Yeah, yeah, . (moving: affirmed)
  [FALSE] omission: Um, so I, I do suffer of asthma. (suffer: affirmed)
  [FALSE] omission: Yes it is, yeah. (other medications: affirmed)
  [FALSE] omission: Yes it is, yeah. (other medications: affirmed)
  [FALSE] omission: Yes it is, yeah. (blue: affirmed)
  [FALSE] omission: Um, not that I know of. (medications: negated)
  [FALSE] omission: Um, not that I know of. (medications: negated)
  [FALSE] omission: Um, not that I know of. (medications: negated)
  [FALSE] omission: Um, not that I know of. (medications: negated)
  [FALSE] omission: Um, not that I know of. (allergies: negated)
  [FALSE] omission: Um, not that I know of. (allergies: negated)
  [FALSE] omission: Um, so, my father has, high uh, well used to have high blood pressure. (high: family history)
  [FALSE] omission: Um, so, my father has, high uh, well used to have high blood pressure. (used: family history)
  [FALSE] omission: Um, so, my father has, high uh, well used to have high blood pressure. (high blood pressure: family history)
  [FALSE] omission: Uh, not really, I drink infrequently, like socially let's say, and I don't smoke. (alcohol: negated)
  [FALSE] omission: Uh, not really, I drink infrequently, like socially let's say, and I don't smoke. (either: negated)
  [FALSE] omission: having listened to your story, I think you're probably suffering from what we call gastroenteritis, uh which essentially is just a, a tummy bug. (call: uncertain)
  [FALSE] omission: It's an infection of your, your tummy. (infection: affirmed)
  [FALSE] omission: Really try and flush the toxins out of your body. (flush: affirmed)
  [FALSE] omission: Uh you can get things from the pharmacy, which is called Dioralyte, which can help replenish any uh minerals and vitamins you may have lost. (dioralyte: affirmed)
  [FALSE] omission: Uh you can get things from the pharmacy, which is called Dioralyte, which can help replenish any uh minerals and vitamins you may have lost. (vitamins: affirmed)
  [FALSE] omission: Uh, yeah I'll, I'll try to , and drink , drink plenty of fluid and I hope it go away. (hope: affirmed)
  [FALSE] hallucination: Reduced oral intake. (reduced: affirmed)
  [FALSE] hallucination: No fever/temp, but feels warm. (temp: negated)
  [FALSE] hallucination: DH: salbutamol PRN (salbutamol: affirmed)
  [FALSE] status_flip: Uh, so, not, really I , I feel a little bit warm, um, probably at, at the beginning I was feeling I had a bit of temperature, but now I feel, I feel kind of fine. No fever/temp, but feels warm. (feels warm: negated in transcript vs affirmed in SOAP note)
  [FALSE] status_flip: , not that I, I remember, what was I doing, I, I was at home I was working, on my computer and. Unaware of triggers. (triggers: negated in transcript vs affirmed in SOAP note)
  [FALSE] status_flip: Uh, not really, I drink infrequently, like socially let's say, and I don't smoke. Nil smoking, social EtOH (etoh: negated in transcript vs affirmed in SOAP note)
  [FALSE] status_flip: having listened to your story, I think you're probably suffering from what we call gastroenteritis, uh which essentially is just a, a tummy bug. Imp: gastroenteritis (gastroenteritis: uncertain in transcript vs affirmed in SOAP note)
  [FN] hallucination: inserted sentence from note 4: "Now developed a cough -mainly dry, constant."
  [FN] hallucination: inserted sentence from note 11: "Works in office."
  [FN] omission: Appetite reduced.

prim13.txt
  [FALSE] omission: Yes, it's um Adriana Katherine . And I'm twenty six year old. (your age: affirmed)
  [FALSE] omission: Yes, it's um Adriana Katherine . And I'm twenty six year old. (confirm: affirmed)
  [FALSE] omission: Eh, around three days ago, maybe. (maybe: affirmed)
  [FALSE] omission: Ohh it's probably a eight. (probably: affirmed)
  [FALSE] omission: And then I was thinking OK, maybe I'll just go to sleep. (thinking: affirmed)
  [FALSE] omission: And then I was thinking OK, maybe I'll just go to sleep. (sleep: affirmed)
  [FALSE] omission: And when I woke up the next morning like, it was even, even worse basically. So (worse: affirmed)
  [FALSE] omission: Not really, but just when it started, I I got this like weird shooting lights. And like now like light is quite annoying, my eyes. (vision: negated)
  [FALSE] omission: Not really, but just when it started, I I got this like weird shooting lights. And like now like light is quite annoying, my eyes. (vision: negated)
  [FALSE] omission: And like now like light is quite annoying, my eyes. (light: affirmed)
  [FALSE] omission: And like now like light is quite annoying, my eyes. (eyes: affirmed)
  [FALSE] omission: Yeah, yeah. It hurts. So (bright: affirmed)
  [FALSE] omission: Not loss of vision, I wouldn't say. It's just like some lights from, shooting lights . (loss of vision: negated)
  [FALSE] omission: Not loss of vision, I wouldn't say. It's just like some lights from, shooting lights . (loss of vision: negated)
  [FALSE] omission: Not loss of vision, I wouldn't say. It's just like some lights from, shooting lights . (loss of vision: negated)
  [FALSE] omission: Not loss of vision, I wouldn't say. It's just like some lights from, shooting lights . (blurry vision: negated)
  [FALSE] omission: Um, well I'm like basically, I I'm sick with the headache. (sick: affirmed)
  [FALSE] omission: Yeah. (feel sick: affirmed)
  [FALSE] omission: No. (difficulty: negated)
  [FALSE] omission: No, it's hard to focus though. So, I I had to take a couple of days off work, actually. (arms and legs: negated)
  [FALSE] omission: No, it's hard to focus though. So, I I had to take a couple of days off work, actually. (weakness: negated)
  [FALSE] omission: No, it's hard to focus though. So, I I had to take a couple of days off work, actually. (weakness: negated)
  [FALSE] omission: But, usually after I I take uh Ibuprofen it kind of goes away. (usually: affirmed)
  [FALSE] omission: Mm, no not that I've noticed. (skin: negated)
  [FALSE] omission: Yeah, I think so. It's just the headache. (fit and well: affirmed)
  [FALSE] omission: Not myself, I've never had a migraine. But my sister and my mom have them quite frequently. (history: negated)
  [FALSE] omission: Not myself, I've never had a migraine. But my sister and my mom have them quite frequently. (history: negated)
  [FALSE] omission: Not myself, I've never had a migraine. But my sister and my mom have them quite frequently. (history: negated)
  [FALSE] omission: Uh, no no. (medication: negated)
  [FALSE] omission: Uh, no no. (medication: negated)
  [FALSE] omission: Mm not that I know of. (medications: negated)
  [FALSE] omission: Mm not that I know of. (medications: negated)
  [FALSE] omission: Mm not that I know of. (allergies: negated)
  [FALSE] omission: Mm not that I know of. (allergies: negated)
  [FALSE] omission: Like it's kind of, it's very rare. (very rare: affirmed)
  [FALSE] omission: Um I had to like reduce the uh, brightness of my screen. (screen: affirmed)
  [FALSE] omission: Um at first I thought it's stress, or maybe I didn't drink enough water. (i didn't drink: negated)
  [FALSE] omission: Um at first I thought it's stress, or maybe I didn't drink enough water. (water: negated)
  [FALSE] omission: And I'm like worried, it's, I don't want it to be a migraine. (worried: affirmed)
  [FALSE] omission: Yeah maybe just kinda, if you have any recommendations of that I can take something stronger. Because apparently, Ibuprofen doesn't help me. Uh (hoping: affirmed)
  [FALSE] omission: Yeah maybe just kinda, if you have any recommendations of that I can take something stronger. Because apparently, Ibuprofen doesn't help me. Uh (today: affirmed)
  [FALSE] omission: Usually it gets resolved if I have headache in like, after like one or two days. (resolved: affirmed)
  [FALSE] omission: But currently it, it didn't help me. (didn't help: negated)
  [FALSE] omission: But it's certainly worth treating it today stronger analgesia or painkillers. (analgesia: affirmed)
  [FALSE] omission: But it's certainly worth treating it today stronger analgesia or painkillers. (painkillers: affirmed)
  [FALSE] omission: Um, now moving forward, we have some options which we can discuss. (moving: affirmed)
  [FALSE] omission: Now, my only worry is, I'm not sure whether you're taking, the correct dose. (not sure: affirmed)
  [FALSE] omission: So, so , there's definitely room for, improvement there. (definitely: affirmed)
  [FALSE] omission: Or, I can prescribe you something stronger, like Naproxen, which is another anti-inflammatory, which can be helpful. (naproxen: affirmed)
  [FALSE] omission: Or, I can prescribe you something stronger, like Naproxen, which is another anti-inflammatory, which can be helpful. (anti-inflammatory: affirmed)
  [FALSE] omission: Um, we can also add in other, painkillers like, Paracetamol, or Codeine. (paracetamol: affirmed)
  [FALSE] omission: Um, we can also add in other, painkillers like, Paracetamol, or Codeine. (codeine: affirmed)
  [FALSE] omission: And, and, you know I'd like you to come back and see me, in about uh, a week's time, week to two weeks' time. (back: affirmed)
  [FALSE] omission: Which basically means, medications to stop you from having these headaches on a regular basis. (basis: affirmed)
  [FALSE] omission: But we can have that discussion next time. (discussion: affirmed)
  [FALSE] omission: OK. Yeah. (call: affirmed)
  [FALSE] omission: OK. Yeah. (back: affirmed)
  [FALSE] hallucination: Constant, severity 8/10, dull ache with associated sharp pain, gradual onset. (ache: affirmed)
  [FALSE] hallucination: Constant, severity 8/10, dull ache with associated sharp pain, gradual onset. (sharp pain: affirmed)
  [TRUE] hallucination: Occasional smoker/etOH. Progressively worsening. Has tried ibuprofen with limited relief. (occasional smoker: affirmed)
  [FALSE] hallucination: Occasional smoker/etOH. Progressively worsening. Has tried ibuprofen with limited relief. (etoh: affirmed)
  [FALSE] hallucination: Occasional smoker/etOH. Progressively worsening. Has tried ibuprofen with limited relief. (relief: affirmed)
  [FALSE] hallucination: Visual aura prior to headaches. (visual aura: affirmed)
  [FALSE] hallucination: Some photophobia. (photophobia: affirmed)
  [FALSE] hallucination: No neck pain / stiffness (stiffness: negated)
  [FALSE] hallucination: No arm or leg weakness (leg weakness: negated)
  [FALSE] hallucination: SH: lives with housemates, works in IT, wears glasses, denies stress. (lives: affirmed)
  [FALSE] hallucination: SH: lives with housemates, works in IT, wears glasses, denies stress. (wears glasses: affirmed)
  [FALSE] hallucination: ICE: ? related to stress / dehydration. (dehydration: affirmed)
  [FALSE] hallucination: Patient aware of red flag sx-knows to seek urgent medical attention if present (patient: affirmed)
  [FALSE] hallucination: Patient aware of red flag sx-knows to seek urgent medical attention if present (flag: affirmed)
  [FALSE] hallucination: Patient aware of red flag sx-knows to seek urgent medical attention if present (attention: affirmed)
  [FALSE] hallucination: Patient aware of red flag sx-knows to seek urgent medical attention if present (present: affirmed)
  [FALSE] status_flip: Yeah. No neck pain / stiffness (neck pain: affirmed in transcript vs negated in SOAP note)
  [FN] omission: Paracetamol/NSAIDs regular 
2.

prim14.txt
  [FALSE] omission: Uh, yeah. Uh my name is April, and I'm fifty. (confirm: affirmed)
  [FALSE] omission: Uh, yeah. Uh my name is April, and I'm fifty. (date: affirmed)
  [FALSE] omission: And my nose is running. (nose: affirmed)
  [FALSE] omission: Uh I think it started like maybe, a bit less than a week ago. (maybe: affirmed)
  [FALSE] omission: Um you're not bringing up any uh, mucky phlegm or anything like that. (phlegm: negated)
  [FALSE] omission: I mean, apart from, I mean the coughing is giving me a sore throat. But it's not like, you know not more than, than that. You know just, just my throat is irritated from coughing. But it's not like, it's not that bad when I swallow or anything. (cold symptoms: negated)
  [FALSE] omission: You know just, just my throat is irritated from coughing. (throat: affirmed)
  [FALSE] omission: No.They feel OK, actually. Yeah. . Nothing, nothing on the ears. (blocked: negated)
  [FALSE] omission: No.They feel OK, actually. Yeah. . Nothing, nothing on the ears. (ears: negated)
  [FALSE] omission: No pain, no discharge coming from your ears. (pain: negated)
  [FALSE] omission: No pain, no discharge coming from your ears. (discharge: negated)
  [FALSE] omission: Um, I don't think so. Like, I guess I get laboured when I'm coughing and I can't breathe. But I, not, yeah, not, I, I don't think so. Not really. (breathing: negated)
  [FALSE] omission: Um, I don't think so. Like, I guess I get laboured when I'm coughing and I can't breathe. But I, not, yeah, not, I, I don't think so. Not really. (breathing: negated)
  [FALSE] omission: Um, I don't think so. Like, I guess I get laboured when I'm coughing and I can't breathe. But I, not, yeah, not, I, I don't think so. Not really. (labored: negated)
  [FALSE] omission: I don't feel restless. No, I feel you know, generally tired. (breathless: negated)
  [FALSE] omission: I don't feel restless. (feel restless: affirmed)
  [FALSE] omission: No not, not that either. (pain: negated)
  [FALSE] omission: No not, not that either. (either: negated)
  [FALSE] omission: Um I've been having like, like shivers, even when I'm in, when I'm in bed. (shivers: affirmed)
  [FALSE] omission: You know like, when you, when you go to sleep and, and you feel like I I should be warm. (sleep: affirmed)
  [FALSE] omission: You know like, when you, when you go to sleep and, and you feel like I I should be warm. (warm: affirmed)
  [FALSE] omission: But it feels like I probably did. 'Cause I was just, I was next to my boyfriend. (probably: affirmed)
  [FALSE] omission: And he was completely warm and totally fine. (totally: affirmed)
  [FALSE] omission: No. No, no nausea. No vomiting. Like, um yeah, nothing like that. (other symptoms: negated)
  [FALSE] omission: I just like, my stomach wasn't feeling great. (stomach: affirmed)
  [FALSE] omission: So I thought everything would be fine. (thought: affirmed)
  [FALSE] omission: Uh your your waterworks, your urine. (urine: affirmed)
  [FALSE] omission: you're passing urine OK. You're drinking plenty of fluids, and passing urine OK. (passing urine: affirmed)
  [FALSE] omission: you're passing urine OK. You're drinking plenty of fluids, and passing urine OK. (drinking: affirmed)
  [FALSE] omission: I, I drank loads of water, when I started having the diarrhea. (water: affirmed)
  [FALSE] omission: Now that it stopped, I just went back to normal. (back: affirmed)
  [FALSE] omission: Uh like my, you know when I had the, when I was telling you I had like the, I had chills, and I was really cold. (chills: affirmed)
  [FALSE] omission: My muscle was really hurting. (muscle: affirmed)
  [FALSE] omission: That must be very difficult for you. (very difficult: affirmed)
  [FALSE] omission: Especially like in my arms, my legs, like just everywhere basically. (arms: affirmed)
  [FALSE] omission: Especially like in my arms, my legs, like just everywhere basically. (legs: affirmed)
  [FALSE] omission: Yeah, pretty much. (fit and well: affirmed)
  [FALSE] omission: Yeah, pretty much. (lethargic: affirmed)
  [FALSE] omission: Uh, well I have type two diabetes. (diabetes: affirmed)
  [FALSE] omission: And I have quite high blood pressure. (high blood pressure: affirmed)
  [FALSE] omission: No. No allergies. (medications: negated)
  [FALSE] omission: No. No allergies. (medications: negated)
  [FALSE] omission: No. No allergies. (medications: negated)
  [FALSE] omission: No. No allergies. (medications: negated)
  [FALSE] omission: No. No allergies. (allergies: negated)
  [FALSE] omission: No. No allergies. (allergies: negated)
  [FALSE] omission: Same with the high blood pressure. (same: affirmed)
  [FALSE] omission: Yeah he has none of this. (none: affirmed)
  [FALSE] omission: Like I was a bit worried that I would pass it to him but, not uh, diarrhea, nothing, fine. (worried: affirmed)
  [FALSE] omission: Like I was a bit worried that I would pass it to him but, not uh, diarrhea, nothing, fine. (pass: affirmed)
  [FALSE] omission: But the, the first day I skipped. (skipped: affirmed)
  [FALSE] omission: not too active a job. (active: negated)
  [FALSE] omission: reason I ask is because sometimes stress can really affect your immune system. (affect: affirmed)
  [FALSE] omission: reason I ask is because sometimes stress can really affect your immune system. (immune: affirmed)
  [FALSE] omission: I used to, but I've stopped for about six months now. (used: affirmed)
  [FALSE] omission: And I rarely get like properly drunk, or anything. (drunk: affirmed)
  [FALSE] omission: Something think about, just in terms of your blood pressure and diabetes, maybe something that you can maybe cut down on if you can. (blood pressure: affirmed)
  [FALSE] omission: But so in practice I know that's not realistic. (practice: affirmed)
  [FALSE] omission: Um, right so uh just as we wrap up really, um April I think based on your story, I think uh essentially I think you're, you're going through a bit of a bit of a viral illness. (illness: affirmed)
  [FALSE] omission: I'm hoping that, you know, you're probably over the worst of it now. (hoping: affirmed)
  [FALSE] omission: Keep yourself well-hydrated. (well-hydrated: affirmed)
  [FALSE] omission: And if you are still feeling feverish, um and your cough isn't getting any better, then we may look to give you some antibiotics for your chest. (antibiotics: negated)
  [FALSE] omission: some of the uh uh common source of infection. Um (source of infection: affirmed)
  [FALSE] omission: Thank you very much. (very much: affirmed)
  [FALSE] hallucination: Runny nose, no ear pain, no sore throat. (ear pain: negated)
  [FALSE] hallucination: Feeling tired, weak and myalgia. (myalgia: affirmed)
  [FALSE] hallucination: Feeling shivery, hot / cold, ? fever (fever: affirmed)
  [FALSE] hallucination: Initial diarrhea-but now resolved (resolved: affirmed)
  [FALSE] hallucination: Nil urinary symptoms (urinary symptoms: affirmed)
  [FALSE] hallucination: No rashes (rashes: negated)
  [FALSE] hallucination: PMH: Type 2 diabetes, HTN (type 2 diabetes: affirmed)
  [FALSE] hallucination: SH: lives with partner, works IT, denies stress. (lives: affirmed)
  [FALSE] hallucination: Ex-smoker-stopped 6/12 ago. (smoker: affirmed)
  [FALSE] hallucination: Social EtOH < 14 units / week (etoh: affirmed)
  [FALSE] status_flip: No, I feel you know, generally tired. Feeling tired, weak and myalgia. (feeling tired: negated in transcript vs affirmed in SOAP note)
  [FALSE] status_flip: Um but, but it didn't, it didn't cut my appetite or anything. Appetite maintained. (appetite: negated in transcript vs affirmed in SOAP note)
  [FALSE] status_flip: I don't think it's related to stress. SH: lives with partner, works IT, denies stress. (stress: negated in transcript vs negated & family history in SOAP note)
  FN - none

prim15.txt
  [FALSE] omission: Uh yes. Um Laura Parkinson. And uh I'm forty five. (confirm: affirmed)
  [FALSE] omission: So I have uh soreness in my fingers, my finger, like, the skin on my hands is kind of cracked. (fingers: affirmed)
  [FALSE] omission: So I have uh soreness in my fingers, my finger, like, the skin on my hands is kind of cracked. (skin: affirmed)
  [FALSE] omission: I mean, I have dryness, like you know, in other parts, like my legs. (legs: affirmed)
  [FALSE] omission: But it's not, it's not very, it's not severe. (severe: negated)
  [FALSE] omission: It's just you know, I've always, you know, I don't hydrate very much. So (hydrate: negated)
  [FALSE] omission: It's just you know, I've always, you know, I don't hydrate very much. So (very much: negated)
  [FALSE] omission: Like it's very, it's very bad in my hands. (very bad: affirmed)
  [FALSE] omission: Yeah I mean, it's gotten to a point where, where it hurts a lot. And I can't really do my job. So, I thought I should probably get it checked out. (today: affirmed)
  [FALSE] omission: Yeah I mean, it's gotten to a point where, where it hurts a lot. And I can't really do my job. So, I thought I should probably get it checked out. (worse: affirmed)
  [FALSE] omission: So, I thought I should probably get it checked out. (thought: affirmed)
  [FALSE] omission: So, I thought I should probably get it checked out. (probably: affirmed)
  [FALSE] omission: Uh the palm. (palm: affirmed)
  [FALSE] omission: Yes, that's right. (writing: affirmed)
  [FALSE] omission: Yes, that's right. (writing: affirmed)
  [FALSE] omission: I think there's definitely, maybe a correlation between the two. (definitely: affirmed)
  [FALSE] omission: I think there's definitely, maybe a correlation between the two. (maybe: affirmed)
  [FALSE] omission: Yeah. Yeah but isn't, sorry. (legs: affirmed)
  [FALSE] omission: Uh yeah it's just like literally grinding my legs. (grinding: affirmed)
  [FALSE] omission: No. (other symptoms: negated)
  [FALSE] omission: No. (vomiting: negated)
  [FALSE] omission: No. (nausea: negated)
  [FALSE] omission: No. (nausea: negated)
  [FALSE] omission: No. (nausea: negated)
  [FALSE] omission: No. (urine: negated)
  [FALSE] omission: No. (urine: negated)
  [FALSE] omission: No. (urine: negated)
  [FALSE] omission: Yeah. (drinking: affirmed)
  [FALSE] omission: Yeah. (eating: affirmed)
  [FALSE] omission: Yeah. (feel: affirmed)
  [FALSE] omission: I have diabetes. (diabetes: affirmed)
  [FALSE] omission: Um no. (diabetes: negated)
  [FALSE] omission: Not that I know of. No, I haven't been diagnosed. (dermatitis: negated)
  [FALSE] omission: Not that I know of. No, I haven't been diagnosed. (eczema: negated)
  [FALSE] omission: No, I haven't been diagnosed. (diagnosed: negated)
  [FALSE] omission: No. (medications: negated)
  [FALSE] omission: No. (medications: negated)
  [FALSE] omission: No. (medications: negated)
  [FALSE] omission: No. (medications: negated)
  [FALSE] omission: No. (allergies: negated)
  [FALSE] omission: No. (allergies: negated)
  [FALSE] omission: No. (either: negated)
  [FALSE] omission: Uh, no. (history: negated)
  [FALSE] omission: Uh, no. (history: negated)
  [FALSE] omission: Uh, no. (history: negated)
  [FALSE] omission: Uh, no. (asthma: negated)
  [FALSE] omission: In terms of social history, you mentioned that you work as a housekeeper. (social history: affirmed)
  [FALSE] omission: Yeah, I usually use those for bathrooms. (usually: affirmed)
  [FALSE] omission: Um, so moving forward there's a couple of options. (moving: affirmed)
  [FALSE] omission: And in terms of helping your dryness and the cracking of your skin, um we can try some steroid creams to help with the inflammation. (steroid: affirmed)
  [FALSE] omission: And in terms of helping your dryness and the cracking of your skin, um we can try some steroid creams to help with the inflammation. (inflammation: affirmed)
  [FALSE] omission: As well as some stronger emollients, um which you really need to kind of coat on, three four times a day, for the next couple of weeks, just to help with the moisturizing of your skin. (coat: affirmed)
  [FALSE] omission: Um if it still hasn't got better in about a week, two weeks time, I really need you to come back and see me again. (back: negated)
  [FALSE] omission: Uh yeah, that sounds good. (all clear: affirmed)
  [FALSE] hallucination: No pain (pain: negated)
  [FALSE] hallucination: Works as a cleaner and does not always wear gloves - possible trigger (possible: negated)
  [FALSE] hallucination: PMH: Type 2 diabetes (type 2 diabetes: affirmed)
  [FALSE] hallucination: Has tried E45 cream and antihistamines with minimal relief (cream: affirmed)
  [FALSE] hallucination: Has tried E45 cream and antihistamines with minimal relief (relief: affirmed)
  [FALSE] status_flip: No. DH: metformin (metformin: negated in transcript vs affirmed in SOAP note)
  [FN] omission: Steroid cream BD
2.
  [FN] omission: Review in 10-14d INB, or earlier if worsening sx
  [FN] hallucination: inserted sentence from note 8: "Emollients - regular use QDS
3."

prim16.txt
  [FALSE] omission: Can you find (find: affirmed)
  [FALSE] omission: Uh yeah, uh Jack Smith, uh thirty first October nineteen ninety. (confirm: affirmed)
  [FALSE] omission: Uh yeah, uh Jack Smith, uh thirty first October nineteen ninety. (date: affirmed)
  [FALSE] omission: Yeah, so I just feel I can't really hear as well as I used to, like my hearing is kind of deteriorating in some way. (hearing: affirmed)
  [FALSE] omission: Yeah, so I just feel I can't really hear as well as I used to, like my hearing is kind of deteriorating in some way. (feel: affirmed)
  [FALSE] omission: Yeah, so I just feel I can't really hear as well as I used to, like my hearing is kind of deteriorating in some way. (used: negated)
  [FALSE] omission: Yeah, so I just feel I can't really hear as well as I used to, like my hearing is kind of deteriorating in some way. (deteriorating: negated)
  [FALSE] omission: Um I had something maybe, about a year ago, but it only lasted a couple of days, it wasn't anything as long as this. (maybe: affirmed)
  [FALSE] omission: Um, I occasionally get like a ringing in my left ear, uh just on the one side and um there's actually been a few times when I felt kind of a bit sick or a bit dizzy as well. (left ear: affirmed)
  [FALSE] omission: Um, I occasionally get like a ringing in my left ear, uh just on the one side and um there's actually been a few times when I felt kind of a bit sick or a bit dizzy as well. (sick: affirmed)
  [FALSE] omission: Um, I occasionally get like a ringing in my left ear, uh just on the one side and um there's actually been a few times when I felt kind of a bit sick or a bit dizzy as well. (dizzy: affirmed)
  [FALSE] omission: Alright, so your right ear is fine. (right ear: affirmed)
  [FALSE] omission: So you've had ringing, difficulty hearing in your left ear, and feeling slightly sick. (difficulty hearing: affirmed)
  [FALSE] omission: Like some things trigger it as well. (trigger: affirmed)
  [FALSE] omission: Uh no my left ear. (pain: negated)
  [FALSE] omission: Uh, not specifically apart from the dizziness so much. (discharge: negated)
  [FALSE] omission: Uh, not specifically apart from the dizziness so much. (discharge: negated)
  [FALSE] omission: Uh, not specifically apart from the dizziness so much. (discharge: negated)
  [FALSE] omission: Uh, not specifically apart from the dizziness so much. (fever: negated)
  [FALSE] omission: Uh, not specifically apart from the dizziness so much. (fever: negated)
  [FALSE] omission: Uh nah I'll do it. (ears: negated)
  [FALSE] omission: No, OK. Well, you're right, you should, you shouldn't be doing that. Doesn't clean up wax, it pushes it back in. (pushes: negated)
  [FALSE] omission: No, OK. Well, you're right, you should, you shouldn't be doing that. Doesn't clean up wax, it pushes it back in. (back: negated)
  [FALSE] omission: Someone might have impacted wax, blocking the tube going into the eardrum, which can (impacted wax: affirmed)
  [FALSE] omission: Someone might have impacted wax, blocking the tube going into the eardrum, which can (blocking: affirmed)
  [FALSE] omission: Someone might have impacted wax, blocking the tube going into the eardrum, which can (eardrum: affirmed)
  [FALSE] omission: lead to muffled hearing. (lead: affirmed)
  [FALSE] omission: It's not an emergency. (emergency: negated)
  [FALSE] omission: Uh nothing major it's just kind of uh it's, it's not the kind of dizziness you get with nausea, like uh not, not proper room spinning or anything like that but just, just a little bit kind of off balance. (nausea: negated)
  [FALSE] omission: Uh nothing major it's just kind of uh it's, it's not the kind of dizziness you get with nausea, like uh not, not proper room spinning or anything like that but just, just a little bit kind of off balance. (room spinning: negated)
  [FALSE] omission: Uh nothing major it's just kind of uh it's, it's not the kind of dizziness you get with nausea, like uh not, not proper room spinning or anything like that but just, just a little bit kind of off balance. (balance: affirmed)
  [FALSE] omission: No. (chest pain: negated)
  [FALSE] omission: No. (chest pain: negated)
  [FALSE] omission: is that the sort of thing that can cause uh like this uh ringing I've got in my ear, 'cause it seems . (sort: affirmed)
  [FALSE] omission: The ringing that you got, that you've got, it's something called Tinnitus. (tinnitus: affirmed)
  [FALSE] omission: and Tinnitus is something actually that medicine doctors, we don't really understand it fully. (medicine: affirmed)
  [FALSE] omission: and Tinnitus is something actually that medicine doctors, we don't really understand it fully. (understand: negated)
  [FALSE] omission: paste the link for a leaflet about Tinnitus, um, in the notes for this appointment. (link: affirmed)
  [FALSE] omission: And often that, that, uh, awareness of what it is and what the treatment options are, and there are limited options (awareness: affirmed)
  [FALSE] omission: And often that, that, uh, awareness of what it is and what the treatment options are, and there are limited options (treatment options: affirmed)
  [FALSE] omission: So, um, I'm going to paste a link to that, um, and you can read about that and (read: affirmed)
  [FALSE] hallucination: One previous similar episode in the past- resolved spontaneously. (resolved: affirmed)
  [FALSE] hallucination: No Pmhx of note (note: negated)
  [FN] omission: Imp: need to exclude impacted wax in ear canal first
Pln: for face to face GP appointment in 5 days to examine ear
Pt to read about tinnitus in the meantime via following link: www.patient.co.uk/tinnitus
If any problems in interim to ring us back
Pt happy with and understands plan
  [FN] omission: History: 
Hx of difficulty hearing left ear for 6 weeks with tinnitus and slight nausea/ dizziness.

prim17.txt
  [FALSE] omission: Before we start your appointment, could you please tell me your first name and your date of birth. (date: affirmed)
  [FALSE] omission: And I was born on the fifth of April, uh, nineteen seventy three. (born: affirmed)
  [FALSE] omission: Yes. . (speak: affirmed)
  [FALSE] omission: It's not painful at all, or like, I I feel fine. (feel: negated)
  [FALSE] omission: Um, it's, it's slightly warm. (warm: affirmed)
  [FALSE] omission: Um, it's the, the left elbow. (left elbow: affirmed)
  [FALSE] omission: No, not really. Um, not that I know of. I haven't noticed anything. I can actually like move it normally. Um, it's just, I , I can just see that. It feels a bit strange, a bit (injury: negated)
  [FALSE] omission: No, not really. (no, not really: negated)
  [FALSE] omission: Not really. No, I just, you know sit at a desk. Um, yeah. (physical: negated)
  [FALSE] omission: Um, I don't have any like history of, of seeing this. (seeing: negated)
  [FALSE] omission: Um, no, well I, I do, well I think, I think I have something like uh, osteoarthritis. Um, (rheumatoid arthritis: negated)
  [FALSE] omission: Um, no, well I, I do, well I think, I think I have something like uh, osteoarthritis. Um, (diseases: negated)
  [FALSE] omission: Um, no, well I, I do, well I think, I think I have something like uh, osteoarthritis. Um, (lupus: negated)
  [FALSE] omission: Um, no, well I, I do, well I think, I think I have something like uh, osteoarthritis. Um, (lupus: negated)
  [FALSE] omission: Um, no, well I, I do, well I think, I think I have something like uh, osteoarthritis. Um, (lupus: negated)
  [FALSE] omission: Um, no, well I, I do, well I think, I think I have something like uh, osteoarthritis. Um, (lupus: negated)
  [FALSE] omission: Um, no, well I, I do, well I think, I think I have something like uh, osteoarthritis. Um, (lupus: negated)
  [FALSE] omission: Um, no, well I, I do, well I think, I think I have something like uh, osteoarthritis. Um (osteoarthritis: negated)
  [FALSE] omission: But uh, in my family, I'm not sure. (not sure: family history)
  [FALSE] omission: Uh, no. (basis: negated)
  [FALSE] omission: Yeah. (skin: affirmed)
  [FALSE] omission: Uh, no not really. I have skin really dry now. (dry skin: negated)
  [FALSE] omission: Uh, no not really. I have skin really dry now. (dry skin: negated)
  [FALSE] omission: No. (suffer: negated)
  [FALSE] omission: No. (eczema: negated)
  [FALSE] omission: OK. Is um, I think, it would be worthwhile. , this seems like uh, what we call the Bursitis. OK. (call: affirmed)
  [FALSE] omission: So, that's an inflammation of one of the fluid sacs around the joint. (inflammation: affirmed)
  [FALSE] omission: So, that's an inflammation of one of the fluid sacs around the joint. (sacs: affirmed)
  [FALSE] omission: Um, what I think we should do is, I think you should be on some anti-inflammatory medication, in the, in the first instance. (anti-inflammatory: affirmed)
  [FALSE] omission: So, um, what we're going to do is, we're going to arrange some, um, blood test forms to be sent out to your house. (blood test: affirmed)
  [FALSE] omission: And, there'll be instructions within that pack, about where to go to get those blood tests done. (instructions: affirmed)
  [FALSE] omission: And, that will involve you, um, having some tests done to check for inflammatory markers, infection, rheumatological antibodies. (tests: affirmed)
  [FALSE] omission: And, that will involve you, um, having some tests done to check for inflammatory markers, infection, rheumatological antibodies. (infection: affirmed)
  [FALSE] omission: And, that will involve you, um, having some tests done to check for inflammatory markers, infection, rheumatological antibodies. (antibodies: affirmed)
  [FALSE] omission: So we'll do a full screen, and also check for things like Gout as well, OK. Um. (screen: affirmed)
  [FALSE] omission: So we'll do a full screen, and also check for things like Gout as well, OK. Um. (gout: affirmed)
  [FALSE] omission: From now, but it may take time for the form to come out to you. (form: affirmed)
  [FALSE] omission: It doesn't look like, to me that's something called, excuse me, septic arthritis. (septic arthritis: negated)
  [FALSE] omission: So, we're worried sometimes that someone might have an acutely infected joint. (worried: affirmed)
  [FALSE] omission: So, we're worried sometimes that someone might have an acutely infected joint. (infected joint: affirmed)
  [FALSE] omission: Um, what I'm doing is I'm just saying, in case things worsen, these are the things that we'd be looking out for, and this is what we have to do. (worsen: affirmed)
  [FALSE] omission: OK. So, I, I would take Ibuprofen regularly, OK. You can get that , over the counter. (ibuprofen: affirmed)
  [FALSE] omission: And you should take, take that after food, not on an empty stomach. (food: affirmed)
  [FALSE] omission: And you should take, take that after food, not on an empty stomach. (stomach: negated)
  [FALSE] omission: Maybe within a um, actually you know, the follow-up appointment doesn't have to be face-to-face, if it's more convenient for you do, to do it over the phone, we can do that over the phone, uh, over video. (maybe: affirmed)
  [FALSE] omission: Maybe within a um, actually you know, the follow-up appointment doesn't have to be face-to-face, if it's more convenient for you do, to do it over the phone, we can do that over the phone, uh, over video. (face: negated)
  [FALSE] omission: So , look just leave that with me, I'll sort all those bits and pieces out, and then we'll get them sent out to you, and then we'll, we'll um, review you after the tests, things goes well, OK. (sort: affirmed)
  [FALSE] hallucination: No trauma. (trauma: negated)
  [FALSE] hallucination: PMHx: nil of note (note: affirmed)
  [FALSE] hallucination: SH: exercises regularly, active (exercises regularly: affirmed)
  [FALSE] hallucination: SH: exercises regularly, active (active: affirmed)
  [TRUE] hallucination: Imp: ? Mild erythema and minimal swelling (if any) around olecranon process left elbow (erythema: affirmed)
  [FALSE] hallucination: For rheum bloods: esr, crp, fbc, rheum factor and urate (urate: affirmed)
  [FALSE] status_flip: Um, I don't have any like history of, of seeing this. Hx: 1 week history of spontaneous elbow swelling left. (history: negated in transcript vs affirmed in SOAP note)
  [FALSE] status_flip: Um, yes. Yes, a few years ago. No FH of rheumatological disease- NB pt says he has been old he has OA previously by doctors- ? need to confirm this (confirm: affirmed in transcript vs negated in SOAP note)
  [FALSE] status_flip: OK. Is um, I think, it would be worthwhile. , this seems like uh, what we call the Bursitis. OK. Imp: possible bursitis (bursitis: affirmed in transcript vs uncertain in SOAP note)
  FN - none

prim18.txt
  [FALSE] omission: Uh, yeah. Uh, Mary Richards. Uh, and my, I'm forty years old. So. (confirm: affirmed)
  [FALSE] omission: Uh, yeah. Uh, Mary Richards. Uh, and my, I'm forty years old. So. (date: affirmed)
  [FALSE] omission: Yep. (speak: affirmed)
  [FALSE] omission: Um, so, just been having some, um, problems with my hearing, I can't really hear very well, and my , noticed that my face has been feeling a bit numb recently. (hearing: affirmed)
  [FALSE] omission: Um, so, just been having some, um, problems with my hearing, I can't really hear very well, and my , noticed that my face has been feeling a bit numb recently. (very well: negated)
  [FALSE] omission: Um, so, just been having some, um, problems with my hearing, I can't really hear very well, and my , noticed that my face has been feeling a bit numb recently. (feeling: negated)
  [FALSE] omission: Yeah, so again it's the left side, it's kind of like around my left ear, and kind of, along here. So like, my jawline's just all feeling a bit numb round here. (finger: affirmed)
  [FALSE] omission: Yeah, so again it's the left side, it's kind of like around my left ear, and kind of, along here. So like, my jawline's just all feeling a bit numb round here. (finger: affirmed)
  [FALSE] omission: Yeah, so again it's the left side, it's kind of like around my left ear, and kind of, along here. So like, my jawline's just all feeling a bit numb round here. (face: affirmed)
  [FALSE] omission: Yeah, so again it's the left side, it's kind of like around my left ear, and kind of, along here. So like, my jawline's just all feeling a bit numb round here. (face: affirmed)
  [FALSE] omission: Yeah, so again it's the left side, it's kind of like around my left ear, and kind of, along here. (left ear: affirmed)
  [FALSE] omission: Not that I, not that I've noticed, . (other symptoms: negated)
  [FALSE] omission: No, that's all good. (vision: negated)
  [FALSE] omission: No, that's all good. (vision: negated)
  [FALSE] omission: Uh, yeah. It kind of, kind of, there quite often, so, all the time. So yeah, right now it feels very, doesn't feel like when I touch this side of my face. (present: affirmed)
  [FALSE] omission: So yeah, right now it feels very, doesn't feel like when I touch this side of my face. (touch: negated)
  [FALSE] omission: No, nothing, nothing coming out. (discharge: negated)
  [FALSE] omission: No, nothing, nothing coming out. (discharge: negated)
  [FALSE] omission: No, nothing, nothing coming out. (discharge: negated)
  [FALSE] omission: No, nothing, nothing coming out. (back: negated)
  [FALSE] omission: No, nothing, nothing coming out. (back: negated)
  [FALSE] omission: Pardon? Ohh, no, no, no, don't use cottons buds, like that. (ears: negated)
  [FALSE] omission: Um, I've, well I've got kind of, been told I have polyps in my nose in the past and, occasionally get them kind of . (nose: affirmed)
  [FALSE] omission: Um, that, that's all fine and, you know I take a Rennie's if I need to, and if my nose polyps are playing up I've got a spray. Um. (rennie: affirmed)
  [FALSE] omission: Other than that I think they said, ages ago, I had something called, can't quite remember but, labyrinthitis, something like that, but again, nothing, nothing ongoing. (other: affirmed)
  [FALSE] omission: Other than that I think they said, ages ago, I had something called, can't quite remember but, labyrinthitis, something like that, but again, nothing, nothing ongoing. (labyrinthitis: affirmed)
  [FALSE] omission: Uh, yeah, they gave me a prescription ages ago. (nose: affirmed)
  [FALSE] omission: No. (other medication: negated)
  [FALSE] omission: Uh, no just Latex. (medication: negated)
  [FALSE] omission: Uh, no just Latex. (medication: negated)
  [FALSE] omission: Uh, no just Latex. (allergies: negated)
  [FALSE] omission: Uh, no just Latex. (allergies: negated)
  [FALSE] omission: Yeah, so I'm a, I'm a jockey, um, but, because of all the kind of, these symptoms I've been getting, especially sometimes when I get a ringing, I can feel a bit dizzy. (dizzy: affirmed)
  [FALSE] omission: Yeah, yeah. (talking: affirmed)
  [FALSE] omission: Yeah, yeah. (alone: affirmed)
  [FALSE] omission: I mean, there was just like, there was one thing I think just, 'cause I can panic and you can look online, get a bit, frantic. (one thing: affirmed)
  [FALSE] omission: I mean, there was just like, there was one thing I think just, 'cause I can panic and you can look online, get a bit, frantic. (panic: affirmed)
  [FALSE] omission: , I guess what I'm trying to think is, you know, is there something particularly serious that, you know, will need to be sorted and. (serious: affirmed)
  [FALSE] omission: , I guess what I'm trying to think is, you know, is there something particularly serious that, you know, will need to be sorted and. (sorted: affirmed)
  [FALSE] omission: so um, uh, obviously we're limited in terms of assessment via the video, uh, portal. (portal: affirmed)
  [FALSE] omission: what you're, what you're describing might be something called Bell's Palsy. (bell's palsy: uncertain)
  [FALSE] omission: But um, that's not usually a life-threatening problem. (usually: negated)
  [FALSE] omission: But, um, part of the reason why I'd like you to come in, it's just that we can do a, a what we call a, a neurological examination just to make sure there's nothing else going on, and confirm that might be the diagnosis. (call: affirmed)
  [FALSE] omission: But, um, part of the reason why I'd like you to come in, it's just that we can do a, a what we call a, a neurological examination just to make sure there's nothing else going on, and confirm that might be the diagnosis. (diagnosis: uncertain)
  [FALSE] omission: No, I don't think that you need to worry about that, I , think you know , preliminarily I can, I can reassure you. (worry: negated)
  [FALSE] omission: However, , in order to definitively reassure you, I, I think you need a physical examination today, OK. (physical: affirmed)
  [FALSE] omission: Thank you very much. (very much: affirmed)
  [FALSE] hallucination: Hx: 1 week history of left side difficulty hearing and facial numbness (history: affirmed)
  [FALSE] hallucination: Hx: 1 week history of left side difficulty hearing and facial numbness (facial numbness: affirmed)
  [FALSE] hallucination: No dysphagia, dysarthria, no unilateral weakness/numbness in the rest of the body, no visual disturbances (dysarthria: negated)
  [FALSE] hallucination: No dysphagia, dysarthria, no unilateral weakness/numbness in the rest of the body, no visual disturbances (visual disturbances: negated)
  [FALSE] hallucination: No ear pain, ear discharge, fever, itchiness or cotton bud use. (ear discharge: negated)
  [FALSE] hallucination: No ear pain, ear discharge, fever, itchiness or cotton bud use. (itchiness: negated)
  [FALSE] hallucination: Bell's Palsy- need to rule out any other focal neurology (rule: affirmed)
  [FALSE] hallucination: Plan: for face to face review today for neurological examination and ear examination (ear examination: affirmed)
  [FALSE] hallucination: Pt understands and is happy with plan (understands: affirmed)
  [FALSE] hallucination: Pt understands and is happy with plan (happy: affirmed)
  [FN] omission: Slight tinnitus at times in this period- not continuous
Numbness and difficulty hearing present now 
Pmhx: labyrinthitis, heart burn, nasal polyps
DH: Rennies PRN OTC, nasal spray PRN (pt not sure of name)
Allergies: latex allergy
No FH of note
Ex: no facial asymmetry, looks well, normal facial expressions and movements
Imp: ?

prim19.txt
  [FALSE] omission: Uh my name is, Tracy Chapman, and, um, my date of birth is. (date: affirmed)
  [FALSE] omission: Yes. (speak: affirmed)
  [FALSE] omission: Yeah, yeah, feeling very sort of breathless recently. (breath: affirmed)
  [FALSE] omission: Yeah, yeah, feeling very sort of breathless recently. (sort: affirmed)
  [FALSE] omission: Yeah, yeah, feeling very sort of breathless recently. (breathless: affirmed)
  [FALSE] omission: Um, like, I don't know, whenever I like breathe deeply, I, it sort of catches in, in the, right-hand side of my back. (deeply: negated)
  [FALSE] omission: Um, like, I don't know, whenever I like breathe deeply, I, it sort of catches in, in the, right-hand side of my back. (catches: negated)
  [FALSE] omission: Um, like, I don't know, whenever I like breathe deeply, I, it sort of catches in, in the, right-hand side of my back. (back: negated)
  [FALSE] omission: Um, yeah, yeah, kind of, I , I, I can sort of feel my heart beating, but , other than that, no, sort of fine. (heart: affirmed)
  [FALSE] omission: Um, but I've, I've also, I've been feeling a bit, like a bit tired at work. (tired: affirmed)
  [FALSE] omission: The tiredness and, you know, , not wanting to exercise and. (exercise: negated)
  [FALSE] omission: Yep. (cough: affirmed)
  [FALSE] omission: Yep. (pain: affirmed)
  [FALSE] omission: Yep. (pain: affirmed)
  [FALSE] omission: Uh, yeah, um, , Methotrexate, Methotrexate, that's. (medication: affirmed)
  [FALSE] omission: Uh, yeah, um, , Methotrexate, Methotrexate, that's. (medication: affirmed)
  [FALSE] omission: No. (diagnoses: negated)
  [FALSE] omission: No. (illnesses: negated)
  [FALSE] omission: . Not everyone can do this, so don't worry if you can't. (worry: negated)
  [FALSE] omission: It's just under the thumb. (thumb: affirmed)
  [FALSE] omission: Um, so that would make your heart rate about, sixty six to seventy four, that's, that's OK, good. (heart rate: affirmed)
  [FALSE] omission: Um, it depends on the lighting, so it may not be possible. (possible: negated)
  [FALSE] omission: But the next thing I'd like you to try and do is just, to get you to squeeze the tip of your finger. (squeeze: affirmed)
  [FALSE] omission: But the next thing I'd like you to try and do is just, to get you to squeeze the tip of your finger. (finger: affirmed)
  [FALSE] omission: And then let me see how quickly the redness come back. (redness: affirmed)
  [FALSE] omission: My finger's come, right behind the screen, I'm squeezing it, OK. , just watch me first, it's all right, just watch me first. (screen: affirmed)
  [FALSE] omission: And then you can see, that, it goes, pale and then it goes back to the normal red colour, OK. (pale: affirmed)
  [FALSE] omission: You look like you've got very good circulation. (circulation: affirmed)
  [FALSE] omission: Tell me whether you can feel any enlarged glands or not. (enlarged glands: affirmed)
  [FALSE] omission: And, um, maybe check your blood pressure as well, check that, you're stable. (maybe: affirmed)
  [FALSE] omission: I have to say examining you now, from what limited, examination I could do online. (examining: affirmed)
  [FALSE] omission: You're, everything does seem to be OK, in terms of, you, you don't seem acutely unstable. (unstable: negated)
  [FALSE] omission: We do, do, we do need to assess you to figure out whether you have a Pneumonia or chest infection. (pneumonia: affirmed)
  [FALSE] omission: No, no. (antibiotic: negated)
  [FALSE] omission: No, no. (one thing: negated)
  [FALSE] omission: Not that I know of, no. (legs: negated)
  [FALSE] omission: Not that I know of, no. (legs: negated)
  [FALSE] omission: Not that I know of, no. (lung: negated)
  [FALSE] omission: Not that I know of, no. (lung: negated)
  [FALSE] omission: Not that I know of, no. (lung: negated)
  [FALSE] omission: No. (antibiotics: negated)
  [FALSE] omission: No. (antibiotics: negated)
  [FALSE] omission: No. (antibiotics: negated)
  [FALSE] omission: No. (antibiotics: negated)
  [FALSE] omission: No. (antibiotics: negated)
  [FALSE] omission: No. (antibiotics: negated)
  [FALSE] omission: No. (antibiotics: negated)
  [FALSE] omission: No. (antibiotics: negated)
  [FALSE] omission: Um, I'm going to leave the number in the notes for this appointment, for you to ring our support team. (support: affirmed)
  [FALSE] omission: And then, they will, book you in for a face-to-face appointment with one of our GPs today. (face: affirmed)
  [FALSE] omission: But we don't think I'm dying of lung cancer. (dying: negated)
  [FALSE] omission: But we don't think I'm dying of lung cancer. (lung cancer: negated)
  [FALSE] omission: Just one day, with a fever and, this slight pain, , concurrent with the, the blood in the, the, the flem. (fever: affirmed)
  [FALSE] omission: That's not usually how lung cancer is presented. (usually: negated)
  [FALSE] omission: It's more insidious, over a longer period of time, with other symptoms. (period: affirmed)
  [FALSE] omission: It's more insidious, over a longer period of time, with other symptoms. (other symptoms: affirmed)
  [FALSE] omission: It depends on the examination finding, when we see you. (finding: affirmed)
  [FALSE] omission: So, just remind me how old you are again. (remind: affirmed)
  [FALSE] omission: But at the moment, it, it seems more like a chest infection, rather than a lung cancer. (rather: affirmed)
  [FALSE] omission: It can lead to infection inside the body, , we want to avoid that as well. (lead: affirmed)
  [FALSE] omission: It can lead to infection inside the body, , we want to avoid that as well. (infection: affirmed)
  [FALSE] omission: So, let's get you checked out today, and hopefully we can put your mind to rest, and get you on the right course of treatment. (treatment: affirmed)
  [FALSE] omission: Thank you very much. (very much: affirmed)
  [FALSE] hallucination: 1 day hx of SOB, slight pleuritic pain (right side), feeling warm (not measured temperature), 2 episodes haemoptysis and palpitations. (pleuritic pain: affirmed)
  [FALSE] hallucination: 1 day hx of SOB, slight pleuritic pain (right side), feeling warm (not measured temperature), 2 episodes haemoptysis and palpitations. (not measured: affirmed)
  [FALSE] hallucination: 1 day hx of SOB, slight pleuritic pain (right side), feeling warm (not measured temperature), 2 episodes haemoptysis and palpitations. (palpitations: negated)
  [FALSE] hallucination: Ex: pulse around 66, normal CRT, throat inspection normal, pt ca nt feel any LNs in neck, not SOB, looks well (neck: affirmed)
  [FALSE] hallucination: Imp: probable LRTI, possibly secondary to immunosuppression (probable: affirmed)
  [FALSE] hallucination: Imp: probable LRTI, possibly secondary to immunosuppression (lrti: affirmed)
  [FALSE] hallucination: Imp: probable LRTI, possibly secondary to immunosuppression (secondary: affirmed)
  [FALSE] hallucination: Imp: probable LRTI, possibly secondary to immunosuppression (immunosuppression: affirmed)
  [FALSE] hallucination: Plan: needs F2f gp assessment today to listen to chest and check BP / pulse/ temp (temp: affirmed)
  [FALSE] hallucination: May also need blood tests to check immune status in view of methotrexate (immune status: affirmed)
  [FALSE] status_flip: Well you know, you start coughing up blood and you think you're, gonna, die of lung cancer, so. 1 day hx of SOB, slight pleuritic pain (right side), feeling warm (not measured temperature), 2 episodes haemoptysis and palpitations. (haemoptysis: affirmed in transcript vs negated in SOAP note)
  [FN] hallucination: inserted sentence from note 23: "No diarrhea, no neck stiffness, no headache (no more than usual- normal headache on top of head through looking at screen)."
  [FN] omission: No diarrhea, no neck stiffness, no headache (no more than usual- normal headache on top of head through looking at screen).

prim2.txt
  [FALSE] omission: So I'd like to find something quick to solve it. (find: affirmed)
  [FALSE] omission: Uh, mostly like my chest, my, my hands, my arms. (hands: affirmed)
  [FALSE] omission: Uh, mostly like my chest, my, my hands, my arms. (arms: affirmed)
  [FALSE] omission: I can't even sleep at night. (sleep: negated)
  [FALSE] omission: I'm always like, uh, disturbed by this disease. (disease: affirmed)
  [FALSE] omission: Um so yes. Uh earlier I was like prescribed for my eczema. (sorted: affirmed)
  [FALSE] omission: But it apparently didn't help, because it's still itching a lot today. (didn't help: negated)
  [FALSE] omission: But it apparently didn't help, because it's still itching a lot today. (today: affirmed)
  [FALSE] omission: And because super painful, and I I have to take like showers every day to be able to, cannot uh ease this itching part, which is very very annoying. (painful: affirmed)
  [FALSE] omission: And because super painful, and I I have to take like showers every day to be able to, cannot uh ease this itching part, which is very very annoying. (ease: negated)
  [FALSE] omission: Well OK. That's so you mentioned the itchiness. (itchiness: affirmed)
  [FALSE] omission: You've not, haven't uh seen any other uh pus or blood, coming out of your skin. (blood: negated)
  [FALSE] omission: No I . It's actually like, it's really annoying, because I'm thinking about, maybe I should change something. (maybe: affirmed)
  [FALSE] omission: No I . It's actually like, it's really annoying, because I'm thinking about, maybe I should change something. (change: affirmed)
  [FALSE] omission: Because I I haven't, and I don't understand I cannot, um afraid of asking people around me because it's cannot you know um, I don't feel really comfortable asking about these questions. (understand: negated)
  [FALSE] omission: Because I I haven't, and I don't understand I cannot, um afraid of asking people around me because it's cannot you know um, I don't feel really comfortable asking about these questions. (afraid: negated)
  [FALSE] omission: Because I I haven't, and I don't understand I cannot, um afraid of asking people around me because it's cannot you know um, I don't feel really comfortable asking about these questions. (feel: affirmed)
  [FALSE] omission: Yeah. (arms and legs: affirmed)
  [FALSE] omission: Yeah. (sore skin: affirmed)
  [FALSE] omission: On my face? No. (face: negated)
  [FALSE] omission: On my face? No. (face: negated)
  [FALSE] omission: On my face? No. (face: negated)
  [FALSE] omission: No. just very itchy. Nothing else. (other symptoms: negated)
  [FALSE] omission: No. (breathing difficulties: negated)
  [FALSE] omission: No. (breathing difficulties: negated)
  [FALSE] omission: You're passing urine OK. (passing urine: affirmed)
  [FALSE] omission: Um so I had eczema before. So maybe it's disease, but it seems like more uh, like uh my eczema was only on the arms. So, I'm I'm not sure. I I really have no idea. (ideas: negated)
  [FALSE] omission: So, I'm I'm not sure. (not sure: affirmed)
  [FALSE] omission: To see the rash itself, to see exactly what type of rash it is. (rash: affirmed)
  [FALSE] omission: But from what you've told me, you mentioned it's, you've got some dry skin and some, uh cracked skin as well. (dry skin: affirmed)
  [FALSE] omission: Uh, no. I just had asthma in the past. But not anymore. (other medical: negated)
  [FALSE] omission: Uh no. (medications: negated)
  [FALSE] omission: Uh no. (medications: negated)
  [FALSE] omission: Uh no. (medications: negated)
  [FALSE] omission: Ohh, allergies. Uh, no. (allergies: negated)
  [FALSE] omission: Ohh, allergies. Uh, no. (allergies: negated)
  [FALSE] omission: And so I'm living with a few people to save money. (living: affirmed)
  [FALSE] omission: Uh it's uh, it's kind of interesting. (interesting: affirmed)
  [FALSE] omission: No. (affect: negated)
  [FALSE] omission: Uh you know, once in a while I can, I like hanging out with people once in a while. (hanging: affirmed)
  [FALSE] omission: I used to drink a lot more when I was younger. (used: affirmed)
  [FALSE] omission: So um, based on everything you mentioned Sarah , I do wonder whether this is a flare-up of your eczema. Um (flare: affirmed)
  [FALSE] omission: Uh, which I'm happy to prescribe to you today. (happy: affirmed)
  [FALSE] omission: And it's definitely worth um using that for the first seven to ten days. (definitely: affirmed)
  [FALSE] omission: Uh before we make the decision on whether it's working or not. (decision: affirmed)
  [FALSE] omission: Things like Loratadine or Piriton, which can help the itchiness of your skin. (loratadine: affirmed)
  [FALSE] omission: Things like Loratadine or Piriton, which can help the itchiness of your skin. (piriton: affirmed)
  [FALSE] omission: Um, something like Fexofenadine, which I can give to you today. (fexofenadine: affirmed)
  [FALSE] omission: Um but I think using the steroids and the emollients, um on a regular basis (basis: affirmed)
  [FALSE] omission: Thank you very much. (very much: affirmed)
  [FALSE] hallucination: No bleeding or discharge. (bleeding: negated)
  [FALSE] hallucination: No bleeding or discharge. (discharge: negated)
  [FALSE] hallucination: Systemically well otherwise - no fevers, no vomiting, no SOB/cough. (vomiting: negated)
  [FALSE] hallucination: No bowel sx. (bowel: negated)
  [FALSE] hallucination: SH: lives with flatmates, works as a pharmaceutical manager. (lives: affirmed)
  [FALSE] hallucination: Appetite maintained, nil nausea/vomiting (appetite: affirmed)
  [FALSE] hallucination: Appetite maintained, nil nausea/vomiting (nausea/vomiting: affirmed)
  [FALSE] hallucination: PMH: Lactose intolerance (lactose intolerance: affirmed)
  [FALSE] hallucination: DH: microgynon (microgynon: affirmed)
  [FALSE] hallucination: FH:  Father - asthma, Mother - hayfever (hayfever: family history)
  [FALSE] hallucination: SH: - lives alone, nil smoker/etOH/recreational drugs , works as primary school teacher. (lives alone: affirmed)
  [FALSE] hallucination: SH: - lives alone, nil smoker/etOH/recreational drugs , works as primary school teacher. (smoker: affirmed)
  [FALSE] hallucination: SH: - lives alone, nil smoker/etOH/recreational drugs , works as primary school teacher. (etoh: affirmed)
  [FALSE] hallucination: SH: - lives alone, nil smoker/etOH/recreational drugs , works as primary school teacher. (teacher: affirmed)
  [FALSE] hallucination: Non-smoker, social EtOH. ICE: pt thinks might be related to eczema. Steroid cream (non-smoker: affirmed)
  [FALSE] hallucination: - Betnovate BD (betnovate: affirmed)
  [FALSE] status_flip: Uh no. SH: - lives alone, nil smoker/etOH/recreational drugs , works as primary school teacher. (drugs: negated in transcript vs affirmed in SOAP note)
  [FALSE] status_flip: Like I bought a, a steroid cream at the pharmacy last night. Non-smoker, social EtOH. ICE: pt thinks might be related to eczema. Steroid cream (steroid: affirmed in transcript vs uncertain in SOAP note)
  [FALSE] status_flip: And they gave me like some cream, and something to, uh when I like shower, when I was in the shower, had to put something. Non-smoker, social EtOH. ICE: pt thinks might be related to eczema. Steroid cream (cream: affirmed in transcript vs uncertain in SOAP note)
  [FN] omission: Used steroid cream OTC last night with minimal effect.
  [FN] hallucination: inserted sentence from note 32: "If your symptoms are getting worse or there is an allergic reaction please speak with doctor urgently."
  [FN] hallucination: inserted sentence from note 8: "Appetite maintained, nil nausea/vomiting 
Nil bowel/urinary sx 

PMH: Lactose intolerance
DH: microgynon
NKDA
FH:  Father - asthma, Mother - hayfever 
SH: - lives alone, nil smoker/etOH/recreational drugs , works as primary school teacher."
  [FN] omission: No concerns

Imp: flare up of eczema

Plan:
1.

=== Evaluation Results ===
prim1.txt: precision=0.00 recall=0.00 f1=0.00 accuracy=0.00 (TP=0 FP=42 FN=1)
prim10.txt: precision=0.01 recall=1.00 f1=0.03 accuracy=0.01 (TP=1 FP=72 FN=0)
prim11.txt: precision=0.02 recall=0.33 f1=0.04 accuracy=0.02 (TP=1 FP=49 FN=2)
prim12.txt: precision=0.00 recall=0.00 f1=0.00 accuracy=0.00 (TP=0 FP=44 FN=3)
prim13.txt: precision=0.01 recall=0.50 f1=0.03 accuracy=0.01 (TP=1 FP=73 FN=1)
prim14.txt: precision=0.00 recall=0.00 f1=0.00 accuracy=0.00 (TP=0 FP=77 FN=0)
prim15.txt: precision=0.00 recall=0.00 f1=0.00 accuracy=0.00 (TP=0 FP=60 FN=3)
prim16.txt: precision=0.00 recall=0.00 f1=0.00 accuracy=0.00 (TP=0 FP=43 FN=2)
prim17.txt: precision=0.02 recall=1.00 f1=0.04 accuracy=0.02 (TP=1 FP=55 FN=0)
prim18.txt: precision=0.00 recall=0.00 f1=0.00 accuracy=0.00 (TP=0 FP=57 FN=1)
prim19.txt: precision=0.00 recall=0.00 f1=0.00 accuracy=0.00 (TP=0 FP=74 FN=2)
prim2.txt: precision=0.00 recall=0.00 f1=0.00 accuracy=0.00 (TP=0 FP=69 FN=4)

Overall (all types): precision=0.01 recall=0.17 f1=0.01 accuracy=0.01 (TP=4 FP=715 FN=19)

By type:
  hallucination: precision=0.04 recall=0.36 f1=0.07 accuracy=0.04 (TP=4 FP=93 FN=7)
  omission: precision=0.00 recall=0.00 f1=0.00 accuracy=0.00 (TP=0 FP=599 FN=12)
  status_flip: precision=0.00 recall=0.00 f1=0.00 accuracy=0.00 (TP=0 FP=23 FN=0)

Average elapsed time: 3.08s
