prim1.txt: run=1 elapsed=1.59s
  original  -- omission(transcript->soap)=3.00 groundedness(soap->transcript)=53.00
  condensed -- omission(transcript->soap)=3.00 groundedness(soap->transcript)=50.00
  diff (condensed - original, positive = improved) -- omission(transcript->soap)=0.00 groundedness(soap->transcript)=-3.00 cosine_coverage=-0.01
  words: 1523 -> 1286 (reduced by 237, 15.6%)
prim10.txt: run=1 elapsed=2.05s
  original  -- omission(transcript->soap)=4.00 groundedness(soap->transcript)=43.00
  condensed -- omission(transcript->soap)=4.00 groundedness(soap->transcript)=37.00
  diff (condensed - original, positive = improved) -- omission(transcript->soap)=0.00 groundedness(soap->transcript)=-6.00 cosine_coverage=-0.02
  words: 2031 -> 1730 (reduced by 301, 14.8%)
prim11.txt: run=1 elapsed=2.39s
  original  -- omission(transcript->soap)=2.00 groundedness(soap->transcript)=71.00
  condensed -- omission(transcript->soap)=2.00 groundedness(soap->transcript)=62.00
  diff (condensed - original, positive = improved) -- omission(transcript->soap)=-0.00 groundedness(soap->transcript)=-9.00 cosine_coverage=-0.03
  words: 2507 -> 2079 (reduced by 428, 17.1%)
prim12.txt: run=1 elapsed=1.41s
  original  -- omission(transcript->soap)=3.00 groundedness(soap->transcript)=16.43
  condensed -- omission(transcript->soap)=3.00 groundedness(soap->transcript)=10.14
  diff (condensed - original, positive = improved) -- omission(transcript->soap)=0.00 groundedness(soap->transcript)=-6.29 cosine_coverage=-0.01
  words: 1291 -> 1119 (reduced by 172, 13.3%)
prim13.txt: run=1 elapsed=1.87s
  original  -- omission(transcript->soap)=3.01 groundedness(soap->transcript)=42.04
  condensed -- omission(transcript->soap)=3.00 groundedness(soap->transcript)=38.01
  diff (condensed - original, positive = improved) -- omission(transcript->soap)=-0.01 groundedness(soap->transcript)=-4.02 cosine_coverage=-0.01
  words: 1843 -> 1617 (reduced by 226, 12.3%)
prim14.txt: run=1 elapsed=1.98s
  original  -- omission(transcript->soap)=3.00 groundedness(soap->transcript)=46.00
  condensed -- omission(transcript->soap)=3.00 groundedness(soap->transcript)=42.00
  diff (condensed - original, positive = improved) -- omission(transcript->soap)=0.00 groundedness(soap->transcript)=-4.00 cosine_coverage=0.00
  words: 2067 -> 1860 (reduced by 207, 10.0%)
prim15.txt: run=1 elapsed=1.60s
  original  -- omission(transcript->soap)=4.01 groundedness(soap->transcript)=22.04
  condensed -- omission(transcript->soap)=4.01 groundedness(soap->transcript)=21.03
  diff (condensed - original, positive = improved) -- omission(transcript->soap)=-0.00 groundedness(soap->transcript)=-1.01 cosine_coverage=-0.02
  words: 1404 -> 1155 (reduced by 249, 17.7%)
prim16.txt: run=1 elapsed=1.21s
  original  -- omission(transcript->soap)=3.00 groundedness(soap->transcript)=40.01
  condensed -- omission(transcript->soap)=3.00 groundedness(soap->transcript)=35.01
  diff (condensed - original, positive = improved) -- omission(transcript->soap)=-0.00 groundedness(soap->transcript)=-5.00 cosine_coverage=0.00
  words: 1239 -> 1035 (reduced by 204, 16.5%)
prim17.txt: run=1 elapsed=1.71s
  original  -- omission(transcript->soap)=4.00 groundedness(soap->transcript)=37.00
  condensed -- omission(transcript->soap)=4.00 groundedness(soap->transcript)=35.00
  diff (condensed - original, positive = improved) -- omission(transcript->soap)=-0.00 groundedness(soap->transcript)=-2.00 cosine_coverage=-0.01
  words: 1829 -> 1647 (reduced by 182, 10.0%)
prim18.txt: run=1 elapsed=1.53s
  original  -- omission(transcript->soap)=5.00 groundedness(soap->transcript)=34.00
  condensed -- omission(transcript->soap)=5.00 groundedness(soap->transcript)=33.00
  diff (condensed - original, positive = improved) -- omission(transcript->soap)=-0.00 groundedness(soap->transcript)=-1.00 cosine_coverage=-0.00
  words: 1539 -> 1363 (reduced by 176, 11.4%)
prim19.txt: run=1 elapsed=1.98s
  original  -- omission(transcript->soap)=2.01 groundedness(soap->transcript)=52.00
  condensed -- omission(transcript->soap)=2.01 groundedness(soap->transcript)=51.00
  diff (condensed - original, positive = improved) -- omission(transcript->soap)=-0.00 groundedness(soap->transcript)=-1.00 cosine_coverage=-0.00
  words: 2011 -> 1746 (reduced by 265, 13.2%)
prim2.txt: run=1 elapsed=1.87s
  original  -- omission(transcript->soap)=3.13 groundedness(soap->transcript)=35.00
  condensed -- omission(transcript->soap)=3.00 groundedness(soap->transcript)=32.00
  diff (condensed - original, positive = improved) -- omission(transcript->soap)=-0.12 groundedness(soap->transcript)=-3.00 cosine_coverage=0.00
  words: 1806 -> 1608 (reduced by 198, 11.0%)
prim20.txt: run=1 elapsed=2.12s
  original  -- omission(transcript->soap)=4.00 groundedness(soap->transcript)=59.48
  condensed -- omission(transcript->soap)=4.00 groundedness(soap->transcript)=54.07
  diff (condensed - original, positive = improved) -- omission(transcript->soap)=-0.00 groundedness(soap->transcript)=-5.42 cosine_coverage=-0.00
  words: 2044 -> 1829 (reduced by 215, 10.5%)
prim21.txt: run=1 elapsed=2.02s
  original  -- omission(transcript->soap)=5.00 groundedness(soap->transcript)=42.00
  condensed -- omission(transcript->soap)=5.00 groundedness(soap->transcript)=38.00
  diff (condensed - original, positive = improved) -- omission(transcript->soap)=0.00 groundedness(soap->transcript)=-4.00 cosine_coverage=-0.01
  words: 2100 -> 1801 (reduced by 299, 14.2%)
prim22.txt: run=1 elapsed=1.64s
  original  -- omission(transcript->soap)=2.01 groundedness(soap->transcript)=25.00
  condensed -- omission(transcript->soap)=2.05 groundedness(soap->transcript)=21.00
  diff (condensed - original, positive = improved) -- omission(transcript->soap)=0.04 groundedness(soap->transcript)=-4.00 cosine_coverage=-0.00
  words: 1469 -> 1204 (reduced by 265, 18.0%)
prim23.txt: run=1 elapsed=1.97s
  original  -- omission(transcript->soap)=4.00 groundedness(soap->transcript)=58.00
  condensed -- omission(transcript->soap)=4.00 groundedness(soap->transcript)=51.00
  diff (condensed - original, positive = improved) -- omission(transcript->soap)=0.00 groundedness(soap->transcript)=-7.00 cosine_coverage=-0.01
  words: 1933 -> 1541 (reduced by 392, 20.3%)
prim24.txt: run=1 elapsed=1.25s
  original  -- omission(transcript->soap)=4.04 groundedness(soap->transcript)=36.00
  condensed -- omission(transcript->soap)=4.00 groundedness(soap->transcript)=34.00
  diff (condensed - original, positive = improved) -- omission(transcript->soap)=-0.04 groundedness(soap->transcript)=-2.00 cosine_coverage=-0.00
  words: 1139 -> 955 (reduced by 184, 16.2%)
prim25.txt: run=1 elapsed=1.94s
  original  -- omission(transcript->soap)=5.00 groundedness(soap->transcript)=51.00
  condensed -- omission(transcript->soap)=5.00 groundedness(soap->transcript)=50.00
  diff (condensed - original, positive = improved) -- omission(transcript->soap)=-0.00 groundedness(soap->transcript)=-1.00 cosine_coverage=-0.02
  words: 1959 -> 1750 (reduced by 209, 10.7%)
prim26.txt: run=1 elapsed=1.44s
  original  -- omission(transcript->soap)=8.00 groundedness(soap->transcript)=46.00
  condensed -- omission(transcript->soap)=8.00 groundedness(soap->transcript)=44.00
  diff (condensed - original, positive = improved) -- omission(transcript->soap)=-0.00 groundedness(soap->transcript)=-2.00 cosine_coverage=-0.00
  words: 1362 -> 1172 (reduced by 190, 14.0%)
prim27.txt: run=1 elapsed=1.24s
  original  -- omission(transcript->soap)=10.00 groundedness(soap->transcript)=51.00
  condensed -- omission(transcript->soap)=10.00 groundedness(soap->transcript)=46.00
  diff (condensed - original, positive = improved) -- omission(transcript->soap)=-0.00 groundedness(soap->transcript)=-5.00 cosine_coverage=-0.00
  words: 1241 -> 1084 (reduced by 157, 12.7%)
prim28.txt: run=1 elapsed=2.06s
  original  -- omission(transcript->soap)=17.00 groundedness(soap->transcript)=103.00
  condensed -- omission(transcript->soap)=17.00 groundedness(soap->transcript)=92.00
  diff (condensed - original, positive = improved) -- omission(transcript->soap)=0.00 groundedness(soap->transcript)=-11.00 cosine_coverage=-0.01
  words: 1980 -> 1670 (reduced by 310, 15.7%)
prim29.txt: run=1 elapsed=1.31s
  original  -- omission(transcript->soap)=13.00 groundedness(soap->transcript)=67.00
  condensed -- omission(transcript->soap)=13.00 groundedness(soap->transcript)=58.00
  diff (condensed - original, positive = improved) -- omission(transcript->soap)=0.00 groundedness(soap->transcript)=-9.00 cosine_coverage=-0.01
  words: 1195 -> 961 (reduced by 234, 19.6%)
prim3.txt: run=1 elapsed=1.92s
  original  -- omission(transcript->soap)=3.00 groundedness(soap->transcript)=40.03
  condensed -- omission(transcript->soap)=3.00 groundedness(soap->transcript)=36.03
  diff (condensed - original, positive = improved) -- omission(transcript->soap)=0.00 groundedness(soap->transcript)=-4.00 cosine_coverage=-0.00
  words: 1706 -> 1431 (reduced by 275, 16.1%)
prim30.txt: run=1 elapsed=1.27s
  original  -- omission(transcript->soap)=7.00 groundedness(soap->transcript)=64.00
  condensed -- omission(transcript->soap)=7.00 groundedness(soap->transcript)=60.00
  diff (condensed - original, positive = improved) -- omission(transcript->soap)=0.00 groundedness(soap->transcript)=-4.00 cosine_coverage=-0.00
  words: 1184 -> 981 (reduced by 203, 17.1%)
prim31.txt: run=1 elapsed=0.74s
  original  -- omission(transcript->soap)=3.02 groundedness(soap->transcript)=14.24
  condensed -- omission(transcript->soap)=3.03 groundedness(soap->transcript)=12.20
  diff (condensed - original, positive = improved) -- omission(transcript->soap)=0.00 groundedness(soap->transcript)=-2.04 cosine_coverage=-0.00
  words: 644 -> 530 (reduced by 114, 17.7%)
prim32.txt: run=1 elapsed=1.36s
  original  -- omission(transcript->soap)=7.00 groundedness(soap->transcript)=42.00
  condensed -- omission(transcript->soap)=7.00 groundedness(soap->transcript)=32.01
  diff (condensed - original, positive = improved) -- omission(transcript->soap)=0.00 groundedness(soap->transcript)=-9.99 cosine_coverage=-0.01
  words: 1252 -> 1050 (reduced by 202, 16.1%)
prim33.txt: run=1 elapsed=1.06s
  original  -- omission(transcript->soap)=4.00 groundedness(soap->transcript)=26.06
  condensed -- omission(transcript->soap)=4.00 groundedness(soap->transcript)=24.04
  diff (condensed - original, positive = improved) -- omission(transcript->soap)=-0.00 groundedness(soap->transcript)=-2.02 cosine_coverage=0.00
  words: 986 -> 833 (reduced by 153, 15.5%)
prim34.txt: run=1 elapsed=2.18s
  original  -- omission(transcript->soap)=5.00 groundedness(soap->transcript)=80.00
  condensed -- omission(transcript->soap)=5.01 groundedness(soap->transcript)=76.00
  diff (condensed - original, positive = improved) -- omission(transcript->soap)=0.00 groundedness(soap->transcript)=-4.00 cosine_coverage=0.00
  words: 2209 -> 2034 (reduced by 175, 7.9%)
prim35.txt: run=1 elapsed=1.54s
  original  -- omission(transcript->soap)=4.00 groundedness(soap->transcript)=78.00
  condensed -- omission(transcript->soap)=4.00 groundedness(soap->transcript)=78.00
  diff (condensed - original, positive = improved) -- omission(transcript->soap)=-0.00 groundedness(soap->transcript)=0.00 cosine_coverage=-0.00
  words: 1454 -> 1296 (reduced by 158, 10.9%)
prim36.txt: run=1 elapsed=1.66s
  original  -- omission(transcript->soap)=3.00 groundedness(soap->transcript)=53.00
  condensed -- omission(transcript->soap)=3.00 groundedness(soap->transcript)=46.00
  diff (condensed - original, positive = improved) -- omission(transcript->soap)=0.00 groundedness(soap->transcript)=-7.00 cosine_coverage=-0.01
  words: 1403 -> 1082 (reduced by 321, 22.9%)
prim37.txt: run=1 elapsed=1.79s
  original  -- omission(transcript->soap)=4.01 groundedness(soap->transcript)=48.00
  condensed -- omission(transcript->soap)=4.00 groundedness(soap->transcript)=36.00
  diff (condensed - original, positive = improved) -- omission(transcript->soap)=-0.01 groundedness(soap->transcript)=-12.00 cosine_coverage=-0.01
  words: 1407 -> 1000 (reduced by 407, 28.9%)
prim38.txt: run=1 elapsed=1.37s
  original  -- omission(transcript->soap)=2.00 groundedness(soap->transcript)=36.05
  condensed -- omission(transcript->soap)=2.00 groundedness(soap->transcript)=27.00
  diff (condensed - original, positive = improved) -- omission(transcript->soap)=0.00 groundedness(soap->transcript)=-9.05 cosine_coverage=-0.01
  words: 1137 -> 820 (reduced by 317, 27.9%)
prim39.txt: run=1 elapsed=1.40s
  original  -- omission(transcript->soap)=4.00 groundedness(soap->transcript)=33.00
  condensed -- omission(transcript->soap)=4.00 groundedness(soap->transcript)=29.00
  diff (condensed - original, positive = improved) -- omission(transcript->soap)=0.00 groundedness(soap->transcript)=-4.00 cosine_coverage=-0.00
  words: 1106 -> 899 (reduced by 207, 18.7%)
prim4.txt: run=1 elapsed=1.83s
  original  -- omission(transcript->soap)=3.00 groundedness(soap->transcript)=42.00
  condensed -- omission(transcript->soap)=3.00 groundedness(soap->transcript)=39.00
  diff (condensed - original, positive = improved) -- omission(transcript->soap)=-0.00 groundedness(soap->transcript)=-3.00 cosine_coverage=-0.01
  words: 1820 -> 1563 (reduced by 257, 14.1%)
prim40.txt: run=1 elapsed=1.62s
  original  -- omission(transcript->soap)=4.00 groundedness(soap->transcript)=58.00
  condensed -- omission(transcript->soap)=4.00 groundedness(soap->transcript)=56.00
  diff (condensed - original, positive = improved) -- omission(transcript->soap)=-0.00 groundedness(soap->transcript)=-2.00 cosine_coverage=-0.00
  words: 1697 -> 1426 (reduced by 271, 16.0%)
prim41.txt: run=1 elapsed=1.95s
  original  -- omission(transcript->soap)=5.00 groundedness(soap->transcript)=43.00
  condensed -- omission(transcript->soap)=5.00 groundedness(soap->transcript)=43.00
  diff (condensed - original, positive = improved) -- omission(transcript->soap)=-0.00 groundedness(soap->transcript)=-0.00 cosine_coverage=-0.00
  words: 1807 -> 1626 (reduced by 181, 10.0%)
prim42.txt: run=1 elapsed=1.86s
  original  -- omission(transcript->soap)=2.00 groundedness(soap->transcript)=66.00
  condensed -- omission(transcript->soap)=2.01 groundedness(soap->transcript)=60.00
  diff (condensed - original, positive = improved) -- omission(transcript->soap)=0.01 groundedness(soap->transcript)=-6.00 cosine_coverage=-0.00
  words: 1930 -> 1684 (reduced by 246, 12.7%)
prim43.txt: run=1 elapsed=2.13s
  original  -- omission(transcript->soap)=2.00 groundedness(soap->transcript)=33.00
  condensed -- omission(transcript->soap)=2.00 groundedness(soap->transcript)=30.00
  diff (condensed - original, positive = improved) -- omission(transcript->soap)=-0.00 groundedness(soap->transcript)=-3.00 cosine_coverage=-0.00
  words: 1934 -> 1629 (reduced by 305, 15.8%)
prim44.txt: run=1 elapsed=1.86s
  original  -- omission(transcript->soap)=4.00 groundedness(soap->transcript)=44.00
  condensed -- omission(transcript->soap)=4.00 groundedness(soap->transcript)=40.00
  diff (condensed - original, positive = improved) -- omission(transcript->soap)=0.00 groundedness(soap->transcript)=-4.00 cosine_coverage=-0.00
  words: 1883 -> 1626 (reduced by 257, 13.6%)
prim45.txt: run=1 elapsed=1.99s
  original  -- omission(transcript->soap)=2.01 groundedness(soap->transcript)=54.00
  condensed -- omission(transcript->soap)=2.00 groundedness(soap->transcript)=49.00
  diff (condensed - original, positive = improved) -- omission(transcript->soap)=-0.00 groundedness(soap->transcript)=-5.00 cosine_coverage=-0.00
  words: 1864 -> 1534 (reduced by 330, 17.7%)
prim46.txt: run=1 elapsed=1.50s
  original  -- omission(transcript->soap)=4.00 groundedness(soap->transcript)=36.00
  condensed -- omission(transcript->soap)=4.00 groundedness(soap->transcript)=31.01
  diff (condensed - original, positive = improved) -- omission(transcript->soap)=0.00 groundedness(soap->transcript)=-4.99 cosine_coverage=-0.01
  words: 1369 -> 1105 (reduced by 264, 19.3%)
prim47.txt: run=1 elapsed=1.51s
  original  -- omission(transcript->soap)=2.00 groundedness(soap->transcript)=10.00
  condensed -- omission(transcript->soap)=2.02 groundedness(soap->transcript)=9.05
  diff (condensed - original, positive = improved) -- omission(transcript->soap)=0.02 groundedness(soap->transcript)=-0.95 cosine_coverage=-0.02
  words: 1228 -> 892 (reduced by 336, 27.4%)
prim48.txt: run=1 elapsed=2.23s
  original  -- omission(transcript->soap)=6.00 groundedness(soap->transcript)=62.04
  condensed -- omission(transcript->soap)=6.00 groundedness(soap->transcript)=59.00
  diff (condensed - original, positive = improved) -- omission(transcript->soap)=-0.00 groundedness(soap->transcript)=-3.04 cosine_coverage=-0.00
  words: 2512 -> 2312 (reduced by 200, 8.0%)
prim49.txt: run=1 elapsed=1.62s
  original  -- omission(transcript->soap)=5.00 groundedness(soap->transcript)=44.00
  condensed -- omission(transcript->soap)=5.00 groundedness(soap->transcript)=37.00
  diff (condensed - original, positive = improved) -- omission(transcript->soap)=0.00 groundedness(soap->transcript)=-7.00 cosine_coverage=-0.00
  words: 1410 -> 1082 (reduced by 328, 23.3%)
prim5.txt: run=1 elapsed=1.81s
  original  -- omission(transcript->soap)=6.00 groundedness(soap->transcript)=40.00
  condensed -- omission(transcript->soap)=6.00 groundedness(soap->transcript)=39.02
  diff (condensed - original, positive = improved) -- omission(transcript->soap)=0.00 groundedness(soap->transcript)=-0.98 cosine_coverage=-0.01
  words: 1763 -> 1606 (reduced by 157, 8.9%)
prim50.txt: run=1 elapsed=1.27s
  original  -- omission(transcript->soap)=4.00 groundedness(soap->transcript)=22.02
  condensed -- omission(transcript->soap)=4.00 groundedness(soap->transcript)=18.01
  diff (condensed - original, positive = improved) -- omission(transcript->soap)=0.00 groundedness(soap->transcript)=-4.01 cosine_coverage=-0.01
  words: 1044 -> 751 (reduced by 293, 28.1%)
prim51.txt: run=1 elapsed=1.84s
  original  -- omission(transcript->soap)=3.08 groundedness(soap->transcript)=51.00
  condensed -- omission(transcript->soap)=3.10 groundedness(soap->transcript)=47.00
  diff (condensed - original, positive = improved) -- omission(transcript->soap)=0.02 groundedness(soap->transcript)=-4.00 cosine_coverage=-0.02
  words: 1665 -> 1411 (reduced by 254, 15.3%)
prim52.txt: run=1 elapsed=1.66s
  original  -- omission(transcript->soap)=4.01 groundedness(soap->transcript)=37.00
  condensed -- omission(transcript->soap)=4.02 groundedness(soap->transcript)=35.00
  diff (condensed - original, positive = improved) -- omission(transcript->soap)=0.01 groundedness(soap->transcript)=-2.00 cosine_coverage=-0.02
  words: 1367 -> 1100 (reduced by 267, 19.5%)
prim53.txt: run=1 elapsed=1.70s
  original  -- omission(transcript->soap)=5.00 groundedness(soap->transcript)=34.00
  condensed -- omission(transcript->soap)=5.00 groundedness(soap->transcript)=28.00
  diff (condensed - original, positive = improved) -- omission(transcript->soap)=0.00 groundedness(soap->transcript)=-6.00 cosine_coverage=-0.02
  words: 1436 -> 973 (reduced by 463, 32.2%)
prim54.txt: run=1 elapsed=1.69s
  original  -- omission(transcript->soap)=7.00 groundedness(soap->transcript)=38.01
  condensed -- omission(transcript->soap)=7.00 groundedness(soap->transcript)=34.01
  diff (condensed - original, positive = improved) -- omission(transcript->soap)=-0.00 groundedness(soap->transcript)=-4.00 cosine_coverage=-0.00
  words: 1502 -> 1274 (reduced by 228, 15.2%)
prim55.txt: run=1 elapsed=1.78s
  original  -- omission(transcript->soap)=5.00 groundedness(soap->transcript)=44.00
  condensed -- omission(transcript->soap)=5.00 groundedness(soap->transcript)=38.00
  diff (condensed - original, positive = improved) -- omission(transcript->soap)=0.00 groundedness(soap->transcript)=-6.00 cosine_coverage=-0.00
  words: 1715 -> 1451 (reduced by 264, 15.4%)
prim56.txt: run=1 elapsed=2.07s
  original  -- omission(transcript->soap)=7.00 groundedness(soap->transcript)=67.00
  condensed -- omission(transcript->soap)=7.00 groundedness(soap->transcript)=63.00
  diff (condensed - original, positive = improved) -- omission(transcript->soap)=0.00 groundedness(soap->transcript)=-4.00 cosine_coverage=-0.01
  words: 2122 -> 1922 (reduced by 200, 9.4%)
prim57.txt: run=1 elapsed=1.13s
  original  -- omission(transcript->soap)=3.01 groundedness(soap->transcript)=21.18
  condensed -- omission(transcript->soap)=3.03 groundedness(soap->transcript)=20.22
  diff (condensed - original, positive = improved) -- omission(transcript->soap)=0.03 groundedness(soap->transcript)=-0.96 cosine_coverage=-0.02
  words: 906 -> 659 (reduced by 247, 27.3%)
prim6.txt: run=1 elapsed=2.37s
  original  -- omission(transcript->soap)=3.00 groundedness(soap->transcript)=60.00
  condensed -- omission(transcript->soap)=3.00 groundedness(soap->transcript)=44.00
  diff (condensed - original, positive = improved) -- omission(transcript->soap)=-0.00 groundedness(soap->transcript)=-16.00 cosine_coverage=-0.01
  words: 2028 -> 1571 (reduced by 457, 22.5%)
prim7.txt: run=1 elapsed=2.83s
  original  -- omission(transcript->soap)=4.00 groundedness(soap->transcript)=56.00
  condensed -- omission(transcript->soap)=4.00 groundedness(soap->transcript)=49.00
  diff (condensed - original, positive = improved) -- omission(transcript->soap)=-0.00 groundedness(soap->transcript)=-7.00 cosine_coverage=-0.00
  words: 2974 -> 2556 (reduced by 418, 14.1%)
prim8.txt: run=1 elapsed=1.69s
  original  -- omission(transcript->soap)=3.00 groundedness(soap->transcript)=34.00
  condensed -- omission(transcript->soap)=3.00 groundedness(soap->transcript)=28.02
  diff (condensed - original, positive = improved) -- omission(transcript->soap)=-0.00 groundedness(soap->transcript)=-5.98 cosine_coverage=0.00
  words: 1324 -> 1065 (reduced by 259, 19.6%)
prim9.txt: run=1 elapsed=1.82s
  original  -- omission(transcript->soap)=3.00 groundedness(soap->transcript)=34.02
  condensed -- omission(transcript->soap)=3.00 groundedness(soap->transcript)=26.03
  diff (condensed - original, positive = improved) -- omission(transcript->soap)=0.00 groundedness(soap->transcript)=-7.99 cosine_coverage=-0.02
  words: 1722 -> 1539 (reduced by 183, 10.6%)
[run 1] avg_elapsed=1.72s avg_diff_transcript_to_soap=-0.00 avg_diff_groundedness_soap_in_transcript=-4.59 avg_diff_cosine_coverage=-0.01 avg_percent_reduced=16.32

=== QuickUMLSCondenser Results ===
Files processed: 57
Average elapsed time: 1.72s
Note: diff_* is (condensed - original); positive means condensing IMPROVED that direction, negative means it got worse. For the KDE metrics, lower raw scores are the stronger signal; for cosine_coverage, higher raw scores are better (a genuine coverage score, not an inverted omission signal) -- but the diff sign convention (positive=improved) is the same for all three.
Average Original omission (transcript->soap): 4.44
Average Original groundedness (soap->transcript): 45.17
Average Condensed omission (transcript->soap): 4.44
Average Condensed groundedness (soap->transcript): 40.58
Average Diff omission (transcript->soap): -0.00
Average Diff groundedness (soap->transcript): -4.59
Average Original cosine coverage: 0.86
Average Condensed cosine coverage: 0.85
Average Diff cosine coverage: -0.01
Average Original word count: 1631.96
Average Condensed word count: 1377.63
Average Words reduced: 254.33
Average Percent reduced: 16.32
