prim1.txt: run=1 elapsed=3.87s
  original  -- omission(transcript->soap)=3.00 groundedness(soap->transcript)=53.00
  condensed -- omission(transcript->soap)=3.01 groundedness(soap->transcript)=43.01
  diff (condensed - original, positive = improved) -- omission(transcript->soap)=0.01 groundedness(soap->transcript)=-9.99 cosine_coverage=-0.04 cosine_precision=0.02 cosine_f1=-0.01 rouge1_f1=0.02
  words: 1523 -> 1016 (reduced by 507, 33.3%)
prim10.txt: run=1 elapsed=4.74s
  original  -- omission(transcript->soap)=4.00 groundedness(soap->transcript)=43.00
  condensed -- omission(transcript->soap)=4.00 groundedness(soap->transcript)=25.05
  diff (condensed - original, positive = improved) -- omission(transcript->soap)=0.00 groundedness(soap->transcript)=-17.95 cosine_coverage=-0.02 cosine_precision=0.01 cosine_f1=-0.01 rouge1_f1=0.03
  words: 2031 -> 1251 (reduced by 780, 38.4%)
prim11.txt: run=1 elapsed=5.10s
  original  -- omission(transcript->soap)=2.00 groundedness(soap->transcript)=71.00
  condensed -- omission(transcript->soap)=2.00 groundedness(soap->transcript)=43.00
  diff (condensed - original, positive = improved) -- omission(transcript->soap)=0.00 groundedness(soap->transcript)=-28.00 cosine_coverage=-0.04 cosine_precision=0.00 cosine_f1=-0.01 rouge1_f1=0.02
  words: 2507 -> 1318 (reduced by 1189, 47.4%)
prim12.txt: run=1 elapsed=3.19s
  original  -- omission(transcript->soap)=3.00 groundedness(soap->transcript)=16.43
  condensed -- omission(transcript->soap)=3.00 groundedness(soap->transcript)=6.05
  diff (condensed - original, positive = improved) -- omission(transcript->soap)=0.00 groundedness(soap->transcript)=-10.37 cosine_coverage=-0.02 cosine_precision=0.00 cosine_f1=-0.01 rouge1_f1=0.02
  words: 1291 -> 856 (reduced by 435, 33.7%)
prim13.txt: run=1 elapsed=4.09s
  original  -- omission(transcript->soap)=3.01 groundedness(soap->transcript)=42.04
  condensed -- omission(transcript->soap)=3.00 groundedness(soap->transcript)=30.01
  diff (condensed - original, positive = improved) -- omission(transcript->soap)=-0.01 groundedness(soap->transcript)=-12.03 cosine_coverage=-0.03 cosine_precision=0.01 cosine_f1=-0.01 rouge1_f1=0.01
  words: 1843 -> 1369 (reduced by 474, 25.7%)
prim14.txt: run=1 elapsed=4.34s
  original  -- omission(transcript->soap)=3.00 groundedness(soap->transcript)=46.00
  condensed -- omission(transcript->soap)=3.00 groundedness(soap->transcript)=37.00
  diff (condensed - original, positive = improved) -- omission(transcript->soap)=-0.00 groundedness(soap->transcript)=-9.00 cosine_coverage=-0.01 cosine_precision=0.01 cosine_f1=-0.00 rouge1_f1=0.02
  words: 2067 -> 1394 (reduced by 673, 32.6%)
prim15.txt: run=1 elapsed=3.51s
  original  -- omission(transcript->soap)=4.01 groundedness(soap->transcript)=22.04
  condensed -- omission(transcript->soap)=4.00 groundedness(soap->transcript)=17.02
  diff (condensed - original, positive = improved) -- omission(transcript->soap)=-0.00 groundedness(soap->transcript)=-5.02 cosine_coverage=-0.02 cosine_precision=0.01 cosine_f1=-0.00 rouge1_f1=0.03
  words: 1404 -> 877 (reduced by 527, 37.5%)
prim16.txt: run=1 elapsed=2.71s
  original  -- omission(transcript->soap)=3.00 groundedness(soap->transcript)=40.01
  condensed -- omission(transcript->soap)=3.00 groundedness(soap->transcript)=27.00
  diff (condensed - original, positive = improved) -- omission(transcript->soap)=0.00 groundedness(soap->transcript)=-13.01 cosine_coverage=-0.01 cosine_precision=0.01 cosine_f1=0.00 rouge1_f1=0.04
  words: 1239 -> 726 (reduced by 513, 41.4%)
prim17.txt: run=1 elapsed=4.05s
  original  -- omission(transcript->soap)=4.00 groundedness(soap->transcript)=37.00
  condensed -- omission(transcript->soap)=4.00 groundedness(soap->transcript)=34.01
  diff (condensed - original, positive = improved) -- omission(transcript->soap)=0.00 groundedness(soap->transcript)=-3.00 cosine_coverage=-0.02 cosine_precision=0.01 cosine_f1=-0.01 rouge1_f1=0.01
  words: 1829 -> 1268 (reduced by 561, 30.7%)
prim18.txt: run=1 elapsed=3.38s
  original  -- omission(transcript->soap)=5.00 groundedness(soap->transcript)=34.00
  condensed -- omission(transcript->soap)=5.00 groundedness(soap->transcript)=28.00
  diff (condensed - original, positive = improved) -- omission(transcript->soap)=0.00 groundedness(soap->transcript)=-6.00 cosine_coverage=-0.02 cosine_precision=0.01 cosine_f1=-0.00 rouge1_f1=0.04
  words: 1539 -> 978 (reduced by 561, 36.5%)
prim19.txt: run=1 elapsed=4.43s
  original  -- omission(transcript->soap)=2.01 groundedness(soap->transcript)=52.00
  condensed -- omission(transcript->soap)=2.01 groundedness(soap->transcript)=42.00
  diff (condensed - original, positive = improved) -- omission(transcript->soap)=0.00 groundedness(soap->transcript)=-10.00 cosine_coverage=-0.01 cosine_precision=0.01 cosine_f1=-0.00 rouge1_f1=0.02
  words: 2011 -> 1372 (reduced by 639, 31.8%)
prim2.txt: run=1 elapsed=3.97s
  original  -- omission(transcript->soap)=3.13 groundedness(soap->transcript)=35.00
  condensed -- omission(transcript->soap)=3.00 groundedness(soap->transcript)=22.01
  diff (condensed - original, positive = improved) -- omission(transcript->soap)=-0.13 groundedness(soap->transcript)=-12.99 cosine_coverage=-0.00 cosine_precision=0.01 cosine_f1=0.00 rouge1_f1=0.04
  words: 1806 -> 1117 (reduced by 689, 38.2%)
prim20.txt: run=1 elapsed=4.53s
  original  -- omission(transcript->soap)=4.00 groundedness(soap->transcript)=59.48
  condensed -- omission(transcript->soap)=4.00 groundedness(soap->transcript)=42.06
  diff (condensed - original, positive = improved) -- omission(transcript->soap)=0.00 groundedness(soap->transcript)=-17.43 cosine_coverage=-0.02 cosine_precision=0.00 cosine_f1=-0.01 rouge1_f1=0.04
  words: 2044 -> 1237 (reduced by 807, 39.5%)
prim21.txt: run=1 elapsed=4.52s
  original  -- omission(transcript->soap)=5.00 groundedness(soap->transcript)=42.00
  condensed -- omission(transcript->soap)=5.00 groundedness(soap->transcript)=31.00
  diff (condensed - original, positive = improved) -- omission(transcript->soap)=0.00 groundedness(soap->transcript)=-11.00 cosine_coverage=-0.02 cosine_precision=0.01 cosine_f1=-0.00 rouge1_f1=0.02
  words: 2100 -> 1420 (reduced by 680, 32.4%)
prim22.txt: run=1 elapsed=3.87s
  original  -- omission(transcript->soap)=2.01 groundedness(soap->transcript)=25.00
  condensed -- omission(transcript->soap)=2.32 groundedness(soap->transcript)=20.01
  diff (condensed - original, positive = improved) -- omission(transcript->soap)=0.31 groundedness(soap->transcript)=-4.99 cosine_coverage=-0.02 cosine_precision=0.01 cosine_f1=-0.00 rouge1_f1=0.03
  words: 1469 -> 927 (reduced by 542, 36.9%)
prim23.txt: run=1 elapsed=4.26s
  original  -- omission(transcript->soap)=4.00 groundedness(soap->transcript)=58.00
  condensed -- omission(transcript->soap)=4.00 groundedness(soap->transcript)=44.00
  diff (condensed - original, positive = improved) -- omission(transcript->soap)=0.00 groundedness(soap->transcript)=-14.00 cosine_coverage=-0.02 cosine_precision=0.01 cosine_f1=-0.01 rouge1_f1=0.03
  words: 1933 -> 1235 (reduced by 698, 36.1%)
prim24.txt: run=1 elapsed=2.74s
  original  -- omission(transcript->soap)=4.04 groundedness(soap->transcript)=36.00
  condensed -- omission(transcript->soap)=4.00 groundedness(soap->transcript)=20.00
  diff (condensed - original, positive = improved) -- omission(transcript->soap)=-0.04 groundedness(soap->transcript)=-16.00 cosine_coverage=-0.01 cosine_precision=0.02 cosine_f1=0.01 rouge1_f1=0.05
  words: 1139 -> 703 (reduced by 436, 38.3%)
prim25.txt: run=1 elapsed=4.15s
  original  -- omission(transcript->soap)=5.00 groundedness(soap->transcript)=51.00
  condensed -- omission(transcript->soap)=5.02 groundedness(soap->transcript)=39.00
  diff (condensed - original, positive = improved) -- omission(transcript->soap)=0.02 groundedness(soap->transcript)=-12.00 cosine_coverage=-0.03 cosine_precision=0.01 cosine_f1=-0.01 rouge1_f1=0.03
  words: 1959 -> 1280 (reduced by 679, 34.7%)
prim26.txt: run=1 elapsed=3.12s
  original  -- omission(transcript->soap)=8.00 groundedness(soap->transcript)=46.00
  condensed -- omission(transcript->soap)=8.00 groundedness(soap->transcript)=33.00
  diff (condensed - original, positive = improved) -- omission(transcript->soap)=0.00 groundedness(soap->transcript)=-13.00 cosine_coverage=-0.02 cosine_precision=0.03 cosine_f1=0.01 rouge1_f1=0.05
  words: 1362 -> 863 (reduced by 499, 36.6%)
prim27.txt: run=1 elapsed=2.69s
  original  -- omission(transcript->soap)=10.00 groundedness(soap->transcript)=51.00
  condensed -- omission(transcript->soap)=10.00 groundedness(soap->transcript)=34.00
  diff (condensed - original, positive = improved) -- omission(transcript->soap)=-0.00 groundedness(soap->transcript)=-17.00 cosine_coverage=-0.01 cosine_precision=0.03 cosine_f1=0.01 rouge1_f1=0.07
  words: 1241 -> 778 (reduced by 463, 37.3%)
prim28.txt: run=1 elapsed=4.32s
  original  -- omission(transcript->soap)=17.00 groundedness(soap->transcript)=103.00
  condensed -- omission(transcript->soap)=17.00 groundedness(soap->transcript)=79.00
  diff (condensed - original, positive = improved) -- omission(transcript->soap)=0.00 groundedness(soap->transcript)=-24.00 cosine_coverage=-0.01 cosine_precision=0.02 cosine_f1=0.01 rouge1_f1=0.05
  words: 1980 -> 1279 (reduced by 701, 35.4%)
prim29.txt: run=1 elapsed=2.96s
  original  -- omission(transcript->soap)=13.00 groundedness(soap->transcript)=67.00
  condensed -- omission(transcript->soap)=13.00 groundedness(soap->transcript)=52.00
  diff (condensed - original, positive = improved) -- omission(transcript->soap)=0.00 groundedness(soap->transcript)=-15.00 cosine_coverage=-0.01 cosine_precision=0.01 cosine_f1=-0.00 rouge1_f1=0.04
  words: 1195 -> 813 (reduced by 382, 32.0%)
prim3.txt: run=1 elapsed=4.28s
  original  -- omission(transcript->soap)=3.00 groundedness(soap->transcript)=40.03
  condensed -- omission(transcript->soap)=3.00 groundedness(soap->transcript)=30.25
  diff (condensed - original, positive = improved) -- omission(transcript->soap)=0.00 groundedness(soap->transcript)=-9.78 cosine_coverage=-0.01 cosine_precision=0.01 cosine_f1=0.00 rouge1_f1=0.02
  words: 1706 -> 1230 (reduced by 476, 27.9%)
prim30.txt: run=1 elapsed=2.79s
  original  -- omission(transcript->soap)=7.00 groundedness(soap->transcript)=64.00
  condensed -- omission(transcript->soap)=7.00 groundedness(soap->transcript)=42.00
  diff (condensed - original, positive = improved) -- omission(transcript->soap)=0.00 groundedness(soap->transcript)=-22.00 cosine_coverage=-0.01 cosine_precision=0.01 cosine_f1=0.00 rouge1_f1=0.06
  words: 1184 -> 754 (reduced by 430, 36.3%)
prim31.txt: run=1 elapsed=1.66s
  original  -- omission(transcript->soap)=3.02 groundedness(soap->transcript)=14.24
  condensed -- omission(transcript->soap)=3.10 groundedness(soap->transcript)=11.00
  diff (condensed - original, positive = improved) -- omission(transcript->soap)=0.07 groundedness(soap->transcript)=-3.24 cosine_coverage=-0.04 cosine_precision=0.03 cosine_f1=0.00 rouge1_f1=0.03
  words: 644 -> 453 (reduced by 191, 29.7%)
prim32.txt: run=1 elapsed=2.85s
  original  -- omission(transcript->soap)=7.00 groundedness(soap->transcript)=42.00
  condensed -- omission(transcript->soap)=7.00 groundedness(soap->transcript)=30.01
  diff (condensed - original, positive = improved) -- omission(transcript->soap)=0.00 groundedness(soap->transcript)=-11.99 cosine_coverage=-0.01 cosine_precision=0.01 cosine_f1=0.00 rouge1_f1=0.04
  words: 1252 -> 898 (reduced by 354, 28.3%)
prim33.txt: run=1 elapsed=2.31s
  original  -- omission(transcript->soap)=4.00 groundedness(soap->transcript)=26.06
  condensed -- omission(transcript->soap)=4.00 groundedness(soap->transcript)=23.00
  diff (condensed - original, positive = improved) -- omission(transcript->soap)=-0.00 groundedness(soap->transcript)=-3.06 cosine_coverage=-0.01 cosine_precision=0.02 cosine_f1=0.01 rouge1_f1=0.03
  words: 986 -> 639 (reduced by 347, 35.2%)
prim34.txt: run=1 elapsed=4.82s
  original  -- omission(transcript->soap)=5.00 groundedness(soap->transcript)=80.00
  condensed -- omission(transcript->soap)=5.04 groundedness(soap->transcript)=72.00
  diff (condensed - original, positive = improved) -- omission(transcript->soap)=0.04 groundedness(soap->transcript)=-8.00 cosine_coverage=-0.02 cosine_precision=0.02 cosine_f1=0.00 rouge1_f1=0.01
  words: 2209 -> 1741 (reduced by 468, 21.2%)
prim35.txt: run=1 elapsed=3.36s
  original  -- omission(transcript->soap)=4.00 groundedness(soap->transcript)=78.00
  condensed -- omission(transcript->soap)=4.00 groundedness(soap->transcript)=59.00
  diff (condensed - original, positive = improved) -- omission(transcript->soap)=0.00 groundedness(soap->transcript)=-19.00 cosine_coverage=-0.03 cosine_precision=0.02 cosine_f1=-0.01 rouge1_f1=0.04
  words: 1454 -> 941 (reduced by 513, 35.3%)
prim36.txt: run=1 elapsed=3.58s
  original  -- omission(transcript->soap)=3.00 groundedness(soap->transcript)=53.00
  condensed -- omission(transcript->soap)=3.00 groundedness(soap->transcript)=38.00
  diff (condensed - original, positive = improved) -- omission(transcript->soap)=0.00 groundedness(soap->transcript)=-15.00 cosine_coverage=-0.01 cosine_precision=0.02 cosine_f1=0.00 rouge1_f1=0.03
  words: 1403 -> 869 (reduced by 534, 38.1%)
prim37.txt: run=1 elapsed=3.63s
  original  -- omission(transcript->soap)=4.01 groundedness(soap->transcript)=48.00
  condensed -- omission(transcript->soap)=4.00 groundedness(soap->transcript)=26.00
  diff (condensed - original, positive = improved) -- omission(transcript->soap)=-0.01 groundedness(soap->transcript)=-22.00 cosine_coverage=-0.03 cosine_precision=0.01 cosine_f1=-0.01 rouge1_f1=0.05
  words: 1407 -> 643 (reduced by 764, 54.3%)
prim38.txt: run=1 elapsed=3.03s
  original  -- omission(transcript->soap)=2.00 groundedness(soap->transcript)=36.05
  condensed -- omission(transcript->soap)=2.00 groundedness(soap->transcript)=21.00
  diff (condensed - original, positive = improved) -- omission(transcript->soap)=0.00 groundedness(soap->transcript)=-15.05 cosine_coverage=-0.03 cosine_precision=0.02 cosine_f1=-0.01 rouge1_f1=0.02
  words: 1137 -> 589 (reduced by 548, 48.2%)
prim39.txt: run=1 elapsed=2.80s
  original  -- omission(transcript->soap)=4.00 groundedness(soap->transcript)=33.00
  condensed -- omission(transcript->soap)=4.00 groundedness(soap->transcript)=26.00
  diff (condensed - original, positive = improved) -- omission(transcript->soap)=0.00 groundedness(soap->transcript)=-7.00 cosine_coverage=-0.02 cosine_precision=0.01 cosine_f1=-0.01 rouge1_f1=0.01
  words: 1106 -> 672 (reduced by 434, 39.2%)
prim4.txt: run=1 elapsed=4.03s
  original  -- omission(transcript->soap)=3.00 groundedness(soap->transcript)=42.00
  condensed -- omission(transcript->soap)=3.00 groundedness(soap->transcript)=31.06
  diff (condensed - original, positive = improved) -- omission(transcript->soap)=0.00 groundedness(soap->transcript)=-10.95 cosine_coverage=-0.02 cosine_precision=0.01 cosine_f1=-0.01 rouge1_f1=0.03
  words: 1820 -> 1180 (reduced by 640, 35.2%)
prim40.txt: run=1 elapsed=3.93s
  original  -- omission(transcript->soap)=4.00 groundedness(soap->transcript)=58.00
  condensed -- omission(transcript->soap)=4.00 groundedness(soap->transcript)=32.00
  diff (condensed - original, positive = improved) -- omission(transcript->soap)=0.00 groundedness(soap->transcript)=-26.00 cosine_coverage=-0.03 cosine_precision=0.02 cosine_f1=-0.01 rouge1_f1=0.03
  words: 1697 -> 816 (reduced by 881, 51.9%)
prim41.txt: run=1 elapsed=4.20s
  original  -- omission(transcript->soap)=5.00 groundedness(soap->transcript)=43.00
  condensed -- omission(transcript->soap)=5.00 groundedness(soap->transcript)=31.00
  diff (condensed - original, positive = improved) -- omission(transcript->soap)=-0.00 groundedness(soap->transcript)=-12.00 cosine_coverage=-0.02 cosine_precision=0.01 cosine_f1=-0.00 rouge1_f1=0.02
  words: 1807 -> 1280 (reduced by 527, 29.2%)
prim42.txt: run=1 elapsed=4.21s
  original  -- omission(transcript->soap)=2.00 groundedness(soap->transcript)=66.00
  condensed -- omission(transcript->soap)=2.01 groundedness(soap->transcript)=52.00
  diff (condensed - original, positive = improved) -- omission(transcript->soap)=0.01 groundedness(soap->transcript)=-14.00 cosine_coverage=-0.01 cosine_precision=0.00 cosine_f1=-0.00 rouge1_f1=0.02
  words: 1930 -> 1407 (reduced by 523, 27.1%)
prim43.txt: run=1 elapsed=4.56s
  original  -- omission(transcript->soap)=2.00 groundedness(soap->transcript)=33.00
  condensed -- omission(transcript->soap)=2.05 groundedness(soap->transcript)=24.13
  diff (condensed - original, positive = improved) -- omission(transcript->soap)=0.05 groundedness(soap->transcript)=-8.87 cosine_coverage=-0.01 cosine_precision=0.01 cosine_f1=0.00 rouge1_f1=0.04
  words: 1934 -> 1038 (reduced by 896, 46.3%)
prim44.txt: run=1 elapsed=4.51s
  original  -- omission(transcript->soap)=4.00 groundedness(soap->transcript)=44.00
  condensed -- omission(transcript->soap)=4.00 groundedness(soap->transcript)=33.00
  diff (condensed - original, positive = improved) -- omission(transcript->soap)=0.00 groundedness(soap->transcript)=-11.00 cosine_coverage=-0.00 cosine_precision=0.01 cosine_f1=0.01 rouge1_f1=0.03
  words: 1883 -> 1316 (reduced by 567, 30.1%)
prim45.txt: run=1 elapsed=4.49s
  original  -- omission(transcript->soap)=2.01 groundedness(soap->transcript)=54.00
  condensed -- omission(transcript->soap)=2.01 groundedness(soap->transcript)=40.00
  diff (condensed - original, positive = improved) -- omission(transcript->soap)=-0.00 groundedness(soap->transcript)=-14.00 cosine_coverage=-0.01 cosine_precision=0.01 cosine_f1=0.00 rouge1_f1=0.02
  words: 1864 -> 1147 (reduced by 717, 38.5%)
prim46.txt: run=1 elapsed=3.15s
  original  -- omission(transcript->soap)=4.00 groundedness(soap->transcript)=36.00
  condensed -- omission(transcript->soap)=4.01 groundedness(soap->transcript)=22.03
  diff (condensed - original, positive = improved) -- omission(transcript->soap)=0.01 groundedness(soap->transcript)=-13.97 cosine_coverage=-0.02 cosine_precision=-0.00 cosine_f1=-0.01 rouge1_f1=0.05
  words: 1369 -> 774 (reduced by 595, 43.5%)
prim47.txt: run=1 elapsed=3.16s
  original  -- omission(transcript->soap)=2.00 groundedness(soap->transcript)=10.00
  condensed -- omission(transcript->soap)=2.00 groundedness(soap->transcript)=7.00
  diff (condensed - original, positive = improved) -- omission(transcript->soap)=0.00 groundedness(soap->transcript)=-3.00 cosine_coverage=-0.05 cosine_precision=0.01 cosine_f1=-0.02 rouge1_f1=0.02
  words: 1228 -> 698 (reduced by 530, 43.2%)
prim48.txt: run=1 elapsed=5.28s
  original  -- omission(transcript->soap)=6.00 groundedness(soap->transcript)=62.04
  condensed -- omission(transcript->soap)=6.00 groundedness(soap->transcript)=43.00
  diff (condensed - original, positive = improved) -- omission(transcript->soap)=-0.00 groundedness(soap->transcript)=-19.04 cosine_coverage=-0.03 cosine_precision=0.01 cosine_f1=-0.01 rouge1_f1=0.05
  words: 2512 -> 1467 (reduced by 1045, 41.6%)
prim49.txt: run=1 elapsed=3.30s
  original  -- omission(transcript->soap)=5.00 groundedness(soap->transcript)=44.00
  condensed -- omission(transcript->soap)=5.00 groundedness(soap->transcript)=27.00
  diff (condensed - original, positive = improved) -- omission(transcript->soap)=0.00 groundedness(soap->transcript)=-17.00 cosine_coverage=-0.01 cosine_precision=0.00 cosine_f1=-0.00 rouge1_f1=0.04
  words: 1410 -> 793 (reduced by 617, 43.8%)
prim5.txt: run=1 elapsed=3.99s
  original  -- omission(transcript->soap)=6.00 groundedness(soap->transcript)=40.00
  condensed -- omission(transcript->soap)=6.00 groundedness(soap->transcript)=31.01
  diff (condensed - original, positive = improved) -- omission(transcript->soap)=0.00 groundedness(soap->transcript)=-8.99 cosine_coverage=-0.01 cosine_precision=0.00 cosine_f1=-0.01 rouge1_f1=0.02
  words: 1763 -> 1311 (reduced by 452, 25.6%)
prim50.txt: run=1 elapsed=2.77s
  original  -- omission(transcript->soap)=4.00 groundedness(soap->transcript)=22.02
  condensed -- omission(transcript->soap)=4.00 groundedness(soap->transcript)=18.04
  diff (condensed - original, positive = improved) -- omission(transcript->soap)=0.00 groundedness(soap->transcript)=-3.98 cosine_coverage=-0.02 cosine_precision=0.02 cosine_f1=0.00 rouge1_f1=0.03
  words: 1044 -> 590 (reduced by 454, 43.5%)
prim51.txt: run=1 elapsed=3.87s
  original  -- omission(transcript->soap)=3.08 groundedness(soap->transcript)=51.00
  condensed -- omission(transcript->soap)=3.09 groundedness(soap->transcript)=40.00
  diff (condensed - original, positive = improved) -- omission(transcript->soap)=0.01 groundedness(soap->transcript)=-11.00 cosine_coverage=-0.04 cosine_precision=-0.00 cosine_f1=-0.02 rouge1_f1=0.01
  words: 1665 -> 1094 (reduced by 571, 34.3%)
prim52.txt: run=1 elapsed=3.40s
  original  -- omission(transcript->soap)=4.01 groundedness(soap->transcript)=37.00
  condensed -- omission(transcript->soap)=4.08 groundedness(soap->transcript)=25.00
  diff (condensed - original, positive = improved) -- omission(transcript->soap)=0.07 groundedness(soap->transcript)=-12.00 cosine_coverage=-0.02 cosine_precision=0.01 cosine_f1=-0.01 rouge1_f1=0.03
  words: 1367 -> 827 (reduced by 540, 39.5%)
prim53.txt: run=1 elapsed=3.64s
  original  -- omission(transcript->soap)=5.00 groundedness(soap->transcript)=34.00
  condensed -- omission(transcript->soap)=5.00 groundedness(soap->transcript)=26.00
  diff (condensed - original, positive = improved) -- omission(transcript->soap)=0.00 groundedness(soap->transcript)=-8.00 cosine_coverage=-0.02 cosine_precision=0.02 cosine_f1=-0.00 rouge1_f1=0.04
  words: 1436 -> 811 (reduced by 625, 43.5%)
prim54.txt: run=1 elapsed=3.69s
  original  -- omission(transcript->soap)=7.00 groundedness(soap->transcript)=38.01
  condensed -- omission(transcript->soap)=7.00 groundedness(soap->transcript)=29.08
  diff (condensed - original, positive = improved) -- omission(transcript->soap)=0.00 groundedness(soap->transcript)=-8.93 cosine_coverage=-0.01 cosine_precision=0.01 cosine_f1=-0.00 rouge1_f1=0.04
  words: 1502 -> 911 (reduced by 591, 39.3%)
prim55.txt: run=1 elapsed=3.80s
  original  -- omission(transcript->soap)=5.00 groundedness(soap->transcript)=44.00
  condensed -- omission(transcript->soap)=5.00 groundedness(soap->transcript)=34.00
  diff (condensed - original, positive = improved) -- omission(transcript->soap)=0.00 groundedness(soap->transcript)=-10.00 cosine_coverage=-0.00 cosine_precision=0.00 cosine_f1=0.00 rouge1_f1=0.04
  words: 1715 -> 1216 (reduced by 499, 29.1%)
prim56.txt: run=1 elapsed=4.52s
  original  -- omission(transcript->soap)=7.00 groundedness(soap->transcript)=67.00
  condensed -- omission(transcript->soap)=7.00 groundedness(soap->transcript)=50.00
  diff (condensed - original, positive = improved) -- omission(transcript->soap)=0.00 groundedness(soap->transcript)=-17.00 cosine_coverage=-0.01 cosine_precision=0.01 cosine_f1=-0.00 rouge1_f1=0.04
  words: 2122 -> 1436 (reduced by 686, 32.3%)
prim57.txt: run=1 elapsed=2.35s
  original  -- omission(transcript->soap)=3.01 groundedness(soap->transcript)=21.18
  condensed -- omission(transcript->soap)=3.05 groundedness(soap->transcript)=16.04
  diff (condensed - original, positive = improved) -- omission(transcript->soap)=0.04 groundedness(soap->transcript)=-5.14 cosine_coverage=-0.03 cosine_precision=0.01 cosine_f1=-0.01 rouge1_f1=0.04
  words: 906 -> 505 (reduced by 401, 44.3%)
prim6.txt: run=1 elapsed=4.99s
  original  -- omission(transcript->soap)=3.00 groundedness(soap->transcript)=60.00
  condensed -- omission(transcript->soap)=3.04 groundedness(soap->transcript)=42.03
  diff (condensed - original, positive = improved) -- omission(transcript->soap)=0.03 groundedness(soap->transcript)=-17.97 cosine_coverage=-0.03 cosine_precision=0.00 cosine_f1=-0.02 rouge1_f1=0.01
  words: 2028 -> 1316 (reduced by 712, 35.1%)
prim7.txt: run=1 elapsed=6.32s
  original  -- omission(transcript->soap)=4.00 groundedness(soap->transcript)=56.00
  condensed -- omission(transcript->soap)=4.00 groundedness(soap->transcript)=35.00
  diff (condensed - original, positive = improved) -- omission(transcript->soap)=0.00 groundedness(soap->transcript)=-21.00 cosine_coverage=-0.01 cosine_precision=0.01 cosine_f1=0.00 rouge1_f1=0.03
  words: 2974 -> 1598 (reduced by 1376, 46.3%)
prim8.txt: run=1 elapsed=3.31s
  original  -- omission(transcript->soap)=3.00 groundedness(soap->transcript)=34.00
  condensed -- omission(transcript->soap)=3.00 groundedness(soap->transcript)=21.05
  diff (condensed - original, positive = improved) -- omission(transcript->soap)=-0.00 groundedness(soap->transcript)=-12.95 cosine_coverage=-0.03 cosine_precision=0.01 cosine_f1=-0.01 rouge1_f1=0.03
  words: 1324 -> 822 (reduced by 502, 37.9%)
prim9.txt: run=1 elapsed=3.90s
  original  -- omission(transcript->soap)=3.00 groundedness(soap->transcript)=34.02
  condensed -- omission(transcript->soap)=3.00 groundedness(soap->transcript)=21.20
  diff (condensed - original, positive = improved) -- omission(transcript->soap)=0.00 groundedness(soap->transcript)=-12.82 cosine_coverage=-0.03 cosine_precision=0.00 cosine_f1=-0.01 rouge1_f1=0.02
  words: 1722 -> 1065 (reduced by 657, 38.2%)
[run 1] avg_elapsed=3.77s avg_diff_transcript_to_soap=0.01 avg_diff_groundedness_soap_in_transcript=-12.59 avg_diff_cosine_coverage=-0.02 avg_diff_cosine_f1=-0.00 avg_diff_rouge1_f1=0.03 avg_percent_reduced=36.82

=== NegspacyCondenser Results ===
Files processed: 57
Average elapsed time: 3.77s
Note: diff_* is (condensed - original); positive means condensing IMPROVED that direction, negative means it got worse. For the KDE metrics, lower raw scores are the stronger signal; for every cosine_*/rouge1_* metric, higher raw scores are better (genuine coverage/precision/F1 scores, not inverted omission signals), and 0 is the realistic ceiling for their diffs, not a positive number -- removing words can only hold a score steady or reduce it. The diff sign convention (positive=improved) is the same for all of them.
Average Original omission (transcript->soap): 4.44
Average Original groundedness (soap->transcript): 45.17
Average Condensed omission (transcript->soap): 4.45
Average Condensed groundedness (soap->transcript): 32.58
Average Diff omission (transcript->soap): 0.01
Average Diff groundedness (soap->transcript): -12.59
Average Original cosine coverage/recall: 0.86
Average Condensed cosine coverage/recall: 0.84
Average Diff cosine coverage/recall: -0.02
Average Original cosine precision: 0.79
Average Condensed cosine precision: 0.80
Average Diff cosine precision: 0.01
Average Original cosine F1: 0.82
Average Condensed cosine F1: 0.82
Average Diff cosine F1: -0.00
Average Original ROUGE-1 recall: 0.60
Average Condensed ROUGE-1 recall: 0.54
Average Diff ROUGE-1 recall: -0.06
Average Original ROUGE-1 precision: 0.06
Average Condensed ROUGE-1 precision: 0.09
Average Diff ROUGE-1 precision: 0.02
Average Original ROUGE-1 F1: 0.11
Average Condensed ROUGE-1 F1: 0.14
Average Diff ROUGE-1 F1: 0.03
Average Original word count: 1631.96
Average Condensed word count: 1033.75
Average Words reduced: 598.21
Average Percent reduced: 36.82
