prim1.txt: run=1 elapsed=2.49s
  original  -- omission(transcript->soap)=3.00 groundedness(soap->transcript)=53.00
  condensed -- omission(transcript->soap)=3.00 groundedness(soap->transcript)=45.00
  diff (condensed - original, positive = improved) -- omission(transcript->soap)=-0.00 groundedness(soap->transcript)=-8.00
  words: 1523 -> 1110 (reduced by 413, 27.1%)
prim10.txt: run=1 elapsed=2.91s
  original  -- omission(transcript->soap)=4.00 groundedness(soap->transcript)=43.00
  condensed -- omission(transcript->soap)=4.00 groundedness(soap->transcript)=26.03
  diff (condensed - original, positive = improved) -- omission(transcript->soap)=0.00 groundedness(soap->transcript)=-16.97
  words: 2031 -> 1385 (reduced by 646, 31.8%)
prim11.txt: run=1 elapsed=3.23s
  original  -- omission(transcript->soap)=2.00 groundedness(soap->transcript)=71.00
  condensed -- omission(transcript->soap)=2.00 groundedness(soap->transcript)=57.00
  diff (condensed - original, positive = improved) -- omission(transcript->soap)=-0.00 groundedness(soap->transcript)=-14.00
  words: 2507 -> 1780 (reduced by 727, 29.0%)
prim12.txt: run=1 elapsed=1.97s
  original  -- omission(transcript->soap)=3.00 groundedness(soap->transcript)=16.43
  condensed -- omission(transcript->soap)=3.00 groundedness(soap->transcript)=6.14
  diff (condensed - original, positive = improved) -- omission(transcript->soap)=0.00 groundedness(soap->transcript)=-10.29
  words: 1291 -> 979 (reduced by 312, 24.2%)
prim13.txt: run=1 elapsed=2.65s
  original  -- omission(transcript->soap)=3.01 groundedness(soap->transcript)=42.04
  condensed -- omission(transcript->soap)=3.01 groundedness(soap->transcript)=34.03
  diff (condensed - original, positive = improved) -- omission(transcript->soap)=-0.00 groundedness(soap->transcript)=-8.01
  words: 1843 -> 1481 (reduced by 362, 19.6%)
prim14.txt: run=1 elapsed=2.83s
  original  -- omission(transcript->soap)=3.00 groundedness(soap->transcript)=46.00
  condensed -- omission(transcript->soap)=3.00 groundedness(soap->transcript)=39.00
  diff (condensed - original, positive = improved) -- omission(transcript->soap)=-0.00 groundedness(soap->transcript)=-7.00
  words: 2067 -> 1690 (reduced by 377, 18.2%)
prim15.txt: run=1 elapsed=2.12s
  original  -- omission(transcript->soap)=4.01 groundedness(soap->transcript)=22.04
  condensed -- omission(transcript->soap)=4.00 groundedness(soap->transcript)=21.02
  diff (condensed - original, positive = improved) -- omission(transcript->soap)=-0.00 groundedness(soap->transcript)=-1.02
  words: 1404 -> 1085 (reduced by 319, 22.7%)
prim16.txt: run=1 elapsed=1.71s
  original  -- omission(transcript->soap)=3.00 groundedness(soap->transcript)=40.01
  condensed -- omission(transcript->soap)=3.00 groundedness(soap->transcript)=33.01
  diff (condensed - original, positive = improved) -- omission(transcript->soap)=-0.00 groundedness(soap->transcript)=-7.00
  words: 1239 -> 940 (reduced by 299, 24.1%)
prim17.txt: run=1 elapsed=2.42s
  original  -- omission(transcript->soap)=4.00 groundedness(soap->transcript)=37.00
  condensed -- omission(transcript->soap)=4.00 groundedness(soap->transcript)=29.00
  diff (condensed - original, positive = improved) -- omission(transcript->soap)=-0.00 groundedness(soap->transcript)=-8.00
  words: 1829 -> 1390 (reduced by 439, 24.0%)
prim18.txt: run=1 elapsed=2.09s
  original  -- omission(transcript->soap)=5.00 groundedness(soap->transcript)=34.00
  condensed -- omission(transcript->soap)=5.00 groundedness(soap->transcript)=27.00
  diff (condensed - original, positive = improved) -- omission(transcript->soap)=0.00 groundedness(soap->transcript)=-7.00
  words: 1539 -> 1073 (reduced by 466, 30.3%)
prim19.txt: run=1 elapsed=2.72s
  original  -- omission(transcript->soap)=2.01 groundedness(soap->transcript)=52.00
  condensed -- omission(transcript->soap)=2.01 groundedness(soap->transcript)=44.00
  diff (condensed - original, positive = improved) -- omission(transcript->soap)=-0.00 groundedness(soap->transcript)=-8.00
  words: 2011 -> 1466 (reduced by 545, 27.1%)
prim2.txt: run=1 elapsed=2.59s
  original  -- omission(transcript->soap)=3.13 groundedness(soap->transcript)=35.00
  condensed -- omission(transcript->soap)=3.00 groundedness(soap->transcript)=31.00
  diff (condensed - original, positive = improved) -- omission(transcript->soap)=-0.13 groundedness(soap->transcript)=-4.00
  words: 1806 -> 1493 (reduced by 313, 17.3%)
prim20.txt: run=1 elapsed=2.81s
  original  -- omission(transcript->soap)=4.00 groundedness(soap->transcript)=59.48
  condensed -- omission(transcript->soap)=4.00 groundedness(soap->transcript)=47.00
  diff (condensed - original, positive = improved) -- omission(transcript->soap)=-0.00 groundedness(soap->transcript)=-12.48
  words: 2044 -> 1414 (reduced by 630, 30.8%)
prim21.txt: run=1 elapsed=2.87s
  original  -- omission(transcript->soap)=5.00 groundedness(soap->transcript)=42.00
  condensed -- omission(transcript->soap)=5.00 groundedness(soap->transcript)=34.00
  diff (condensed - original, positive = improved) -- omission(transcript->soap)=0.00 groundedness(soap->transcript)=-8.00
  words: 2100 -> 1601 (reduced by 499, 23.8%)
prim22.txt: run=1 elapsed=2.19s
  original  -- omission(transcript->soap)=2.01 groundedness(soap->transcript)=25.00
  condensed -- omission(transcript->soap)=2.03 groundedness(soap->transcript)=19.00
  diff (condensed - original, positive = improved) -- omission(transcript->soap)=0.02 groundedness(soap->transcript)=-6.00
  words: 1469 -> 1074 (reduced by 395, 26.9%)
prim23.txt: run=1 elapsed=2.77s
  original  -- omission(transcript->soap)=4.00 groundedness(soap->transcript)=58.00
  condensed -- omission(transcript->soap)=4.00 groundedness(soap->transcript)=45.00
  diff (condensed - original, positive = improved) -- omission(transcript->soap)=0.00 groundedness(soap->transcript)=-13.00
  words: 1933 -> 1309 (reduced by 624, 32.3%)
prim24.txt: run=1 elapsed=1.65s
  original  -- omission(transcript->soap)=4.04 groundedness(soap->transcript)=36.00
  condensed -- omission(transcript->soap)=4.00 groundedness(soap->transcript)=27.00
  diff (condensed - original, positive = improved) -- omission(transcript->soap)=-0.04 groundedness(soap->transcript)=-9.00
  words: 1139 -> 846 (reduced by 293, 25.7%)
prim25.txt: run=1 elapsed=2.75s
  original  -- omission(transcript->soap)=5.00 groundedness(soap->transcript)=51.00
  condensed -- omission(transcript->soap)=5.02 groundedness(soap->transcript)=47.00
  diff (condensed - original, positive = improved) -- omission(transcript->soap)=0.02 groundedness(soap->transcript)=-4.00
  words: 1959 -> 1607 (reduced by 352, 18.0%)
prim26.txt: run=1 elapsed=1.94s
  original  -- omission(transcript->soap)=8.00 groundedness(soap->transcript)=46.00
  condensed -- omission(transcript->soap)=8.00 groundedness(soap->transcript)=38.00
  diff (condensed - original, positive = improved) -- omission(transcript->soap)=-0.00 groundedness(soap->transcript)=-8.00
  words: 1362 -> 934 (reduced by 428, 31.4%)
prim27.txt: run=1 elapsed=1.76s
  original  -- omission(transcript->soap)=10.00 groundedness(soap->transcript)=51.00
  condensed -- omission(transcript->soap)=10.00 groundedness(soap->transcript)=40.00
  diff (condensed - original, positive = improved) -- omission(transcript->soap)=0.00 groundedness(soap->transcript)=-11.00
  words: 1241 -> 925 (reduced by 316, 25.5%)
prim28.txt: run=1 elapsed=2.85s
  original  -- omission(transcript->soap)=17.00 groundedness(soap->transcript)=103.00
  condensed -- omission(transcript->soap)=17.00 groundedness(soap->transcript)=90.00
  diff (condensed - original, positive = improved) -- omission(transcript->soap)=-0.00 groundedness(soap->transcript)=-13.00
  words: 1980 -> 1512 (reduced by 468, 23.6%)
prim29.txt: run=1 elapsed=1.83s
  original  -- omission(transcript->soap)=13.00 groundedness(soap->transcript)=67.00
  condensed -- omission(transcript->soap)=13.00 groundedness(soap->transcript)=41.00
  diff (condensed - original, positive = improved) -- omission(transcript->soap)=0.00 groundedness(soap->transcript)=-26.00
  words: 1195 -> 704 (reduced by 491, 41.1%)
prim3.txt: run=1 elapsed=2.68s
  original  -- omission(transcript->soap)=3.00 groundedness(soap->transcript)=40.03
  condensed -- omission(transcript->soap)=3.00 groundedness(soap->transcript)=35.04
  diff (condensed - original, positive = improved) -- omission(transcript->soap)=0.00 groundedness(soap->transcript)=-4.99
  words: 1706 -> 1314 (reduced by 392, 23.0%)
prim30.txt: run=1 elapsed=1.76s
  original  -- omission(transcript->soap)=7.00 groundedness(soap->transcript)=64.00
  condensed -- omission(transcript->soap)=7.00 groundedness(soap->transcript)=51.00
  diff (condensed - original, positive = improved) -- omission(transcript->soap)=-0.00 groundedness(soap->transcript)=-13.00
  words: 1184 -> 802 (reduced by 382, 32.3%)
prim31.txt: run=1 elapsed=0.99s
  original  -- omission(transcript->soap)=3.02 groundedness(soap->transcript)=14.24
  condensed -- omission(transcript->soap)=3.11 groundedness(soap->transcript)=11.56
  diff (condensed - original, positive = improved) -- omission(transcript->soap)=0.08 groundedness(soap->transcript)=-2.68
  words: 644 -> 470 (reduced by 174, 27.0%)
prim32.txt: run=1 elapsed=1.87s
  original  -- omission(transcript->soap)=7.00 groundedness(soap->transcript)=42.00
  condensed -- omission(transcript->soap)=7.00 groundedness(soap->transcript)=31.03
  diff (condensed - original, positive = improved) -- omission(transcript->soap)=0.00 groundedness(soap->transcript)=-10.97
  words: 1252 -> 948 (reduced by 304, 24.3%)
prim33.txt: run=1 elapsed=1.45s
  original  -- omission(transcript->soap)=4.00 groundedness(soap->transcript)=26.06
  condensed -- omission(transcript->soap)=4.00 groundedness(soap->transcript)=21.02
  diff (condensed - original, positive = improved) -- omission(transcript->soap)=-0.00 groundedness(soap->transcript)=-5.04
  words: 986 -> 613 (reduced by 373, 37.8%)
prim34.txt: run=1 elapsed=3.07s
  original  -- omission(transcript->soap)=5.00 groundedness(soap->transcript)=80.00
  condensed -- omission(transcript->soap)=5.01 groundedness(soap->transcript)=69.00
  diff (condensed - original, positive = improved) -- omission(transcript->soap)=0.01 groundedness(soap->transcript)=-11.00
  words: 2209 -> 1850 (reduced by 359, 16.3%)
prim35.txt: run=1 elapsed=2.22s
  original  -- omission(transcript->soap)=4.00 groundedness(soap->transcript)=78.00
  condensed -- omission(transcript->soap)=4.00 groundedness(soap->transcript)=63.00
  diff (condensed - original, positive = improved) -- omission(transcript->soap)=-0.00 groundedness(soap->transcript)=-15.00
  words: 1454 -> 1033 (reduced by 421, 29.0%)
prim36.txt: run=1 elapsed=2.33s
  original  -- omission(transcript->soap)=3.00 groundedness(soap->transcript)=53.00
  condensed -- omission(transcript->soap)=3.00 groundedness(soap->transcript)=43.00
  diff (condensed - original, positive = improved) -- omission(transcript->soap)=0.00 groundedness(soap->transcript)=-10.00
  words: 1403 -> 942 (reduced by 461, 32.9%)
prim37.txt: run=1 elapsed=2.26s
  original  -- omission(transcript->soap)=4.01 groundedness(soap->transcript)=48.00
  condensed -- omission(transcript->soap)=4.00 groundedness(soap->transcript)=35.00
  diff (condensed - original, positive = improved) -- omission(transcript->soap)=-0.01 groundedness(soap->transcript)=-13.00
  words: 1407 -> 937 (reduced by 470, 33.4%)
prim38.txt: run=1 elapsed=1.74s
  original  -- omission(transcript->soap)=2.00 groundedness(soap->transcript)=36.05
  condensed -- omission(transcript->soap)=2.00 groundedness(soap->transcript)=21.01
  diff (condensed - original, positive = improved) -- omission(transcript->soap)=0.00 groundedness(soap->transcript)=-15.05
  words: 1137 -> 701 (reduced by 436, 38.3%)
prim39.txt: run=1 elapsed=1.73s
  original  -- omission(transcript->soap)=4.00 groundedness(soap->transcript)=33.00
  condensed -- omission(transcript->soap)=4.00 groundedness(soap->transcript)=27.00
  diff (condensed - original, positive = improved) -- omission(transcript->soap)=0.00 groundedness(soap->transcript)=-6.00
  words: 1106 -> 783 (reduced by 323, 29.2%)
prim4.txt: run=1 elapsed=2.54s
  original  -- omission(transcript->soap)=3.00 groundedness(soap->transcript)=42.00
  condensed -- omission(transcript->soap)=3.00 groundedness(soap->transcript)=36.06
  diff (condensed - original, positive = improved) -- omission(transcript->soap)=0.00 groundedness(soap->transcript)=-5.94
  words: 1820 -> 1394 (reduced by 426, 23.4%)
prim40.txt: run=1 elapsed=2.30s
  original  -- omission(transcript->soap)=4.00 groundedness(soap->transcript)=58.00
  condensed -- omission(transcript->soap)=4.00 groundedness(soap->transcript)=51.00
  diff (condensed - original, positive = improved) -- omission(transcript->soap)=-0.00 groundedness(soap->transcript)=-7.00
  words: 1697 -> 1133 (reduced by 564, 33.2%)
prim41.txt: run=1 elapsed=2.78s
  original  -- omission(transcript->soap)=5.00 groundedness(soap->transcript)=43.00
  condensed -- omission(transcript->soap)=5.03 groundedness(soap->transcript)=32.01
  diff (condensed - original, positive = improved) -- omission(transcript->soap)=0.02 groundedness(soap->transcript)=-10.99
  words: 1807 -> 1316 (reduced by 491, 27.2%)
prim42.txt: run=1 elapsed=2.66s
  original  -- omission(transcript->soap)=2.00 groundedness(soap->transcript)=66.00
  condensed -- omission(transcript->soap)=2.01 groundedness(soap->transcript)=59.00
  diff (condensed - original, positive = improved) -- omission(transcript->soap)=0.01 groundedness(soap->transcript)=-7.00
  words: 1930 -> 1618 (reduced by 312, 16.2%)
prim43.txt: run=1 elapsed=2.91s
  original  -- omission(transcript->soap)=2.00 groundedness(soap->transcript)=33.00
  condensed -- omission(transcript->soap)=2.01 groundedness(soap->transcript)=27.03
  diff (condensed - original, positive = improved) -- omission(transcript->soap)=0.01 groundedness(soap->transcript)=-5.97
  words: 1934 -> 1437 (reduced by 497, 25.7%)
prim44.txt: run=1 elapsed=2.60s
  original  -- omission(transcript->soap)=4.00 groundedness(soap->transcript)=44.00
  condensed -- omission(transcript->soap)=4.00 groundedness(soap->transcript)=39.00
  diff (condensed - original, positive = improved) -- omission(transcript->soap)=0.00 groundedness(soap->transcript)=-5.00
  words: 1883 -> 1479 (reduced by 404, 21.5%)
prim45.txt: run=1 elapsed=2.66s
  original  -- omission(transcript->soap)=2.01 groundedness(soap->transcript)=54.00
  condensed -- omission(transcript->soap)=2.00 groundedness(soap->transcript)=42.00
  diff (condensed - original, positive = improved) -- omission(transcript->soap)=-0.01 groundedness(soap->transcript)=-12.00
  words: 1864 -> 1328 (reduced by 536, 28.8%)
prim46.txt: run=1 elapsed=2.10s
  original  -- omission(transcript->soap)=4.00 groundedness(soap->transcript)=36.00
  condensed -- omission(transcript->soap)=4.00 groundedness(soap->transcript)=30.01
  diff (condensed - original, positive = improved) -- omission(transcript->soap)=0.00 groundedness(soap->transcript)=-5.99
  words: 1369 -> 967 (reduced by 402, 29.4%)
prim47.txt: run=1 elapsed=1.97s
  original  -- omission(transcript->soap)=2.00 groundedness(soap->transcript)=10.00
  condensed -- omission(transcript->soap)=2.01 groundedness(soap->transcript)=8.07
  diff (condensed - original, positive = improved) -- omission(transcript->soap)=0.01 groundedness(soap->transcript)=-1.93
  words: 1228 -> 788 (reduced by 440, 35.8%)
prim48.txt: run=1 elapsed=3.28s
  original  -- omission(transcript->soap)=6.00 groundedness(soap->transcript)=62.04
  condensed -- omission(transcript->soap)=6.00 groundedness(soap->transcript)=57.00
  diff (condensed - original, positive = improved) -- omission(transcript->soap)=-0.00 groundedness(soap->transcript)=-5.04
  words: 2512 -> 2072 (reduced by 440, 17.5%)
prim49.txt: run=1 elapsed=2.16s
  original  -- omission(transcript->soap)=5.00 groundedness(soap->transcript)=44.00
  condensed -- omission(transcript->soap)=5.00 groundedness(soap->transcript)=34.00
  diff (condensed - original, positive = improved) -- omission(transcript->soap)=0.00 groundedness(soap->transcript)=-10.00
  words: 1410 -> 949 (reduced by 461, 32.7%)
prim5.txt: run=1 elapsed=2.56s
  original  -- omission(transcript->soap)=6.00 groundedness(soap->transcript)=40.00
  condensed -- omission(transcript->soap)=6.00 groundedness(soap->transcript)=35.00
  diff (condensed - original, positive = improved) -- omission(transcript->soap)=0.00 groundedness(soap->transcript)=-5.00
  words: 1763 -> 1309 (reduced by 454, 25.8%)
prim50.txt: run=1 elapsed=1.66s
  original  -- omission(transcript->soap)=4.00 groundedness(soap->transcript)=22.02
  condensed -- omission(transcript->soap)=4.00 groundedness(soap->transcript)=17.01
  diff (condensed - original, positive = improved) -- omission(transcript->soap)=0.00 groundedness(soap->transcript)=-5.01
  words: 1044 -> 619 (reduced by 425, 40.7%)
prim51.txt: run=1 elapsed=2.51s
  original  -- omission(transcript->soap)=3.08 groundedness(soap->transcript)=51.00
  condensed -- omission(transcript->soap)=3.13 groundedness(soap->transcript)=40.00
  diff (condensed - original, positive = improved) -- omission(transcript->soap)=0.05 groundedness(soap->transcript)=-11.00
  words: 1665 -> 1093 (reduced by 572, 34.4%)
prim52.txt: run=1 elapsed=2.13s
  original  -- omission(transcript->soap)=4.01 groundedness(soap->transcript)=37.00
  condensed -- omission(transcript->soap)=4.11 groundedness(soap->transcript)=31.00
  diff (condensed - original, positive = improved) -- omission(transcript->soap)=0.10 groundedness(soap->transcript)=-6.00
  words: 1367 -> 928 (reduced by 439, 32.1%)
prim53.txt: run=1 elapsed=2.16s
  original  -- omission(transcript->soap)=5.00 groundedness(soap->transcript)=34.00
  condensed -- omission(transcript->soap)=5.00 groundedness(soap->transcript)=23.00
  diff (condensed - original, positive = improved) -- omission(transcript->soap)=0.00 groundedness(soap->transcript)=-11.00
  words: 1436 -> 775 (reduced by 661, 46.0%)
prim54.txt: run=1 elapsed=2.32s
  original  -- omission(transcript->soap)=7.00 groundedness(soap->transcript)=38.01
  condensed -- omission(transcript->soap)=7.00 groundedness(soap->transcript)=31.09
  diff (condensed - original, positive = improved) -- omission(transcript->soap)=0.00 groundedness(soap->transcript)=-6.92
  words: 1502 -> 1094 (reduced by 408, 27.2%)
prim55.txt: run=1 elapsed=2.47s
  original  -- omission(transcript->soap)=5.00 groundedness(soap->transcript)=44.00
  condensed -- omission(transcript->soap)=5.00 groundedness(soap->transcript)=32.00
  diff (condensed - original, positive = improved) -- omission(transcript->soap)=0.00 groundedness(soap->transcript)=-12.00
  words: 1715 -> 1235 (reduced by 480, 28.0%)
prim56.txt: run=1 elapsed=2.99s
  original  -- omission(transcript->soap)=7.00 groundedness(soap->transcript)=67.00
  condensed -- omission(transcript->soap)=7.00 groundedness(soap->transcript)=56.00
  diff (condensed - original, positive = improved) -- omission(transcript->soap)=0.00 groundedness(soap->transcript)=-11.00
  words: 2122 -> 1686 (reduced by 436, 20.5%)
prim57.txt: run=1 elapsed=1.52s
  original  -- omission(transcript->soap)=3.01 groundedness(soap->transcript)=21.18
  condensed -- omission(transcript->soap)=3.06 groundedness(soap->transcript)=16.34
  diff (condensed - original, positive = improved) -- omission(transcript->soap)=0.06 groundedness(soap->transcript)=-4.84
  words: 906 -> 573 (reduced by 333, 36.8%)
prim6.txt: run=1 elapsed=2.93s
  original  -- omission(transcript->soap)=3.00 groundedness(soap->transcript)=60.00
  condensed -- omission(transcript->soap)=3.02 groundedness(soap->transcript)=41.03
  diff (condensed - original, positive = improved) -- omission(transcript->soap)=0.02 groundedness(soap->transcript)=-18.97
  words: 2028 -> 1377 (reduced by 651, 32.1%)
prim7.txt: run=1 elapsed=3.72s
  original  -- omission(transcript->soap)=4.00 groundedness(soap->transcript)=56.00
  condensed -- omission(transcript->soap)=4.00 groundedness(soap->transcript)=43.00
  diff (condensed - original, positive = improved) -- omission(transcript->soap)=0.00 groundedness(soap->transcript)=-13.00
  words: 2974 -> 2106 (reduced by 868, 29.2%)
prim8.txt: run=1 elapsed=2.10s
  original  -- omission(transcript->soap)=3.00 groundedness(soap->transcript)=34.00
  condensed -- omission(transcript->soap)=3.00 groundedness(soap->transcript)=23.02
  diff (condensed - original, positive = improved) -- omission(transcript->soap)=-0.00 groundedness(soap->transcript)=-10.98
  words: 1324 -> 838 (reduced by 486, 36.7%)
prim9.txt: run=1 elapsed=2.39s
  original  -- omission(transcript->soap)=3.00 groundedness(soap->transcript)=34.02
  condensed -- omission(transcript->soap)=3.00 groundedness(soap->transcript)=24.15
  diff (condensed - original, positive = improved) -- omission(transcript->soap)=0.00 groundedness(soap->transcript)=-9.87
  words: 1722 -> 1216 (reduced by 506, 29.4%)
[run 1] avg_elapsed=2.36s avg_diff_transcript_to_soap=0.00 avg_diff_groundedness_soap_in_transcript=-9.10 avg_percent_reduced=28.21

=== MedspacyCondenser Results ===
Files processed: 57
Average elapsed time: 2.36s
Note: diff_* is (condensed - original); positive means condensing IMPROVED that direction (lower raw scores are the stronger signal), negative means it got worse.
Average Original omission (transcript->soap): 4.44
Average Original groundedness (soap->transcript): 45.17
Average Condensed omission (transcript->soap): 4.45
Average Condensed groundedness (soap->transcript): 36.07
Average Diff omission (transcript->soap): 0.00
Average Diff groundedness (soap->transcript): -9.10
Average Original word count: 1631.96
Average Condensed word count: 1184.58
Average Words reduced: 447.39
Average Percent reduced: 28.21
