prim1.txt: run=1 elapsed=4.16s
  original  -- omission(transcript->soap)=3.00 groundedness(soap->transcript)=53.00
  condensed -- omission(transcript->soap)=3.00 groundedness(soap->transcript)=53.00
  diff (condensed - original, positive = improved) -- omission(transcript->soap)=-0.00 groundedness(soap->transcript)=-0.00
  words: 1523 -> 1437 (reduced by 86, 5.6%)
prim10.txt: run=1 elapsed=5.04s
  original  -- omission(transcript->soap)=4.00 groundedness(soap->transcript)=43.00
  condensed -- omission(transcript->soap)=4.00 groundedness(soap->transcript)=41.00
  diff (condensed - original, positive = improved) -- omission(transcript->soap)=0.00 groundedness(soap->transcript)=-2.00
  words: 2031 -> 1971 (reduced by 60, 3.0%)
prim11.txt: run=1 elapsed=4.50s
  original  -- omission(transcript->soap)=2.00 groundedness(soap->transcript)=71.00
  condensed -- omission(transcript->soap)=2.00 groundedness(soap->transcript)=63.00
  diff (condensed - original, positive = improved) -- omission(transcript->soap)=-0.00 groundedness(soap->transcript)=-8.00
  words: 2507 -> 2257 (reduced by 250, 10.0%)
prim12.txt: run=1 elapsed=2.40s
  original  -- omission(transcript->soap)=3.00 groundedness(soap->transcript)=16.43
  condensed -- omission(transcript->soap)=3.00 groundedness(soap->transcript)=15.46
  diff (condensed - original, positive = improved) -- omission(transcript->soap)=0.00 groundedness(soap->transcript)=-0.97
  words: 1291 -> 1230 (reduced by 61, 4.7%)
prim13.txt: run=1 elapsed=3.51s
  original  -- omission(transcript->soap)=3.01 groundedness(soap->transcript)=42.04
  condensed -- omission(transcript->soap)=3.01 groundedness(soap->transcript)=40.03
  diff (condensed - original, positive = improved) -- omission(transcript->soap)=-0.00 groundedness(soap->transcript)=-2.01
  words: 1843 -> 1799 (reduced by 44, 2.4%)
prim14.txt: run=1 elapsed=3.81s
  original  -- omission(transcript->soap)=3.00 groundedness(soap->transcript)=46.00
  condensed -- omission(transcript->soap)=3.00 groundedness(soap->transcript)=46.00
  diff (condensed - original, positive = improved) -- omission(transcript->soap)=-0.00 groundedness(soap->transcript)=-0.00
  words: 2067 -> 2053 (reduced by 14, 0.7%)
prim15.txt: run=1 elapsed=3.03s
  original  -- omission(transcript->soap)=4.01 groundedness(soap->transcript)=22.04
  condensed -- omission(transcript->soap)=4.00 groundedness(soap->transcript)=22.00
  diff (condensed - original, positive = improved) -- omission(transcript->soap)=-0.01 groundedness(soap->transcript)=-0.04
  words: 1404 -> 1374 (reduced by 30, 2.1%)
prim16.txt: run=1 elapsed=2.65s
  original  -- omission(transcript->soap)=3.00 groundedness(soap->transcript)=40.01
  condensed -- omission(transcript->soap)=3.00 groundedness(soap->transcript)=35.06
  diff (condensed - original, positive = improved) -- omission(transcript->soap)=-0.00 groundedness(soap->transcript)=-4.95
  words: 1239 -> 1100 (reduced by 139, 11.2%)
prim17.txt: run=1 elapsed=3.61s
  original  -- omission(transcript->soap)=4.00 groundedness(soap->transcript)=37.00
  condensed -- omission(transcript->soap)=4.00 groundedness(soap->transcript)=35.00
  diff (condensed - original, positive = improved) -- omission(transcript->soap)=-0.00 groundedness(soap->transcript)=-2.00
  words: 1829 -> 1736 (reduced by 93, 5.1%)
prim18.txt: run=1 elapsed=2.97s
  original  -- omission(transcript->soap)=5.00 groundedness(soap->transcript)=34.00
  condensed -- omission(transcript->soap)=5.00 groundedness(soap->transcript)=32.00
  diff (condensed - original, positive = improved) -- omission(transcript->soap)=-0.00 groundedness(soap->transcript)=-2.00
  words: 1539 -> 1423 (reduced by 116, 7.5%)
prim19.txt: run=1 elapsed=3.74s
  original  -- omission(transcript->soap)=2.01 groundedness(soap->transcript)=52.00
  condensed -- omission(transcript->soap)=2.01 groundedness(soap->transcript)=52.00
  diff (condensed - original, positive = improved) -- omission(transcript->soap)=0.00 groundedness(soap->transcript)=-0.00
  words: 2011 -> 1858 (reduced by 153, 7.6%)
prim2.txt: run=1 elapsed=3.28s
  original  -- omission(transcript->soap)=3.13 groundedness(soap->transcript)=35.00
  condensed -- omission(transcript->soap)=3.05 groundedness(soap->transcript)=34.00
  diff (condensed - original, positive = improved) -- omission(transcript->soap)=-0.08 groundedness(soap->transcript)=-1.00
  words: 1806 -> 1708 (reduced by 98, 5.4%)
prim20.txt: run=1 elapsed=3.73s
  original  -- omission(transcript->soap)=4.00 groundedness(soap->transcript)=59.48
  condensed -- omission(transcript->soap)=4.00 groundedness(soap->transcript)=59.52
  diff (condensed - original, positive = improved) -- omission(transcript->soap)=0.00 groundedness(soap->transcript)=0.03
  words: 2044 -> 1996 (reduced by 48, 2.3%)
prim21.txt: run=1 elapsed=3.96s
  original  -- omission(transcript->soap)=5.00 groundedness(soap->transcript)=42.00
  condensed -- omission(transcript->soap)=5.00 groundedness(soap->transcript)=41.00
  diff (condensed - original, positive = improved) -- omission(transcript->soap)=0.00 groundedness(soap->transcript)=-1.00
  words: 2100 -> 2017 (reduced by 83, 4.0%)
prim22.txt: run=1 elapsed=2.76s
  original  -- omission(transcript->soap)=2.01 groundedness(soap->transcript)=25.00
  condensed -- omission(transcript->soap)=2.01 groundedness(soap->transcript)=24.00
  diff (condensed - original, positive = improved) -- omission(transcript->soap)=-0.00 groundedness(soap->transcript)=-1.00
  words: 1469 -> 1427 (reduced by 42, 2.9%)
prim23.txt: run=1 elapsed=3.63s
  original  -- omission(transcript->soap)=4.00 groundedness(soap->transcript)=58.00
  condensed -- omission(transcript->soap)=4.00 groundedness(soap->transcript)=58.00
  diff (condensed - original, positive = improved) -- omission(transcript->soap)=-0.00 groundedness(soap->transcript)=-0.00
  words: 1933 -> 1867 (reduced by 66, 3.4%)
prim24.txt: run=1 elapsed=2.10s
  original  -- omission(transcript->soap)=4.04 groundedness(soap->transcript)=36.00
  condensed -- omission(transcript->soap)=4.03 groundedness(soap->transcript)=32.00
  diff (condensed - original, positive = improved) -- omission(transcript->soap)=-0.01 groundedness(soap->transcript)=-4.00
  words: 1139 -> 1065 (reduced by 74, 6.5%)
prim25.txt: run=1 elapsed=3.46s
  original  -- omission(transcript->soap)=5.00 groundedness(soap->transcript)=51.00
  condensed -- omission(transcript->soap)=5.00 groundedness(soap->transcript)=51.00
  diff (condensed - original, positive = improved) -- omission(transcript->soap)=-0.00 groundedness(soap->transcript)=0.00
  words: 1959 -> 1907 (reduced by 52, 2.7%)
prim26.txt: run=1 elapsed=2.53s
  original  -- omission(transcript->soap)=8.00 groundedness(soap->transcript)=46.00
  condensed -- omission(transcript->soap)=8.00 groundedness(soap->transcript)=45.00
  diff (condensed - original, positive = improved) -- omission(transcript->soap)=-0.00 groundedness(soap->transcript)=-1.00
  words: 1362 -> 1261 (reduced by 101, 7.4%)
prim27.txt: run=1 elapsed=2.19s
  original  -- omission(transcript->soap)=10.00 groundedness(soap->transcript)=51.00
  condensed -- omission(transcript->soap)=10.00 groundedness(soap->transcript)=51.00
  diff (condensed - original, positive = improved) -- omission(transcript->soap)=-0.00 groundedness(soap->transcript)=0.00
  words: 1241 -> 1229 (reduced by 12, 1.0%)
prim28.txt: run=1 elapsed=3.58s
  original  -- omission(transcript->soap)=17.00 groundedness(soap->transcript)=103.00
  condensed -- omission(transcript->soap)=17.00 groundedness(soap->transcript)=102.00
  diff (condensed - original, positive = improved) -- omission(transcript->soap)=0.00 groundedness(soap->transcript)=-1.00
  words: 1980 -> 1965 (reduced by 15, 0.8%)
prim29.txt: run=1 elapsed=2.32s
  original  -- omission(transcript->soap)=13.00 groundedness(soap->transcript)=67.00
  condensed -- omission(transcript->soap)=13.00 groundedness(soap->transcript)=65.00
  diff (condensed - original, positive = improved) -- omission(transcript->soap)=0.00 groundedness(soap->transcript)=-2.00
  words: 1195 -> 1143 (reduced by 52, 4.4%)
prim3.txt: run=1 elapsed=3.32s
  original  -- omission(transcript->soap)=3.00 groundedness(soap->transcript)=40.03
  condensed -- omission(transcript->soap)=3.00 groundedness(soap->transcript)=39.03
  diff (condensed - original, positive = improved) -- omission(transcript->soap)=0.00 groundedness(soap->transcript)=-1.00
  words: 1706 -> 1656 (reduced by 50, 2.9%)
prim30.txt: run=1 elapsed=2.27s
  original  -- omission(transcript->soap)=7.00 groundedness(soap->transcript)=64.00
  condensed -- omission(transcript->soap)=7.00 groundedness(soap->transcript)=61.00
  diff (condensed - original, positive = improved) -- omission(transcript->soap)=-0.00 groundedness(soap->transcript)=-3.00
  words: 1184 -> 1069 (reduced by 115, 9.7%)
prim31.txt: run=1 elapsed=1.28s
  original  -- omission(transcript->soap)=3.02 groundedness(soap->transcript)=14.24
  condensed -- omission(transcript->soap)=3.01 groundedness(soap->transcript)=12.41
  diff (condensed - original, positive = improved) -- omission(transcript->soap)=-0.01 groundedness(soap->transcript)=-1.83
  words: 644 -> 597 (reduced by 47, 7.3%)
prim32.txt: run=1 elapsed=2.43s
  original  -- omission(transcript->soap)=7.00 groundedness(soap->transcript)=42.00
  condensed -- omission(transcript->soap)=7.00 groundedness(soap->transcript)=42.00
  diff (condensed - original, positive = improved) -- omission(transcript->soap)=0.00 groundedness(soap->transcript)=0.00
  words: 1252 -> 1223 (reduced by 29, 2.3%)
prim33.txt: run=1 elapsed=1.88s
  original  -- omission(transcript->soap)=4.00 groundedness(soap->transcript)=26.06
  condensed -- omission(transcript->soap)=4.00 groundedness(soap->transcript)=25.08
  diff (condensed - original, positive = improved) -- omission(transcript->soap)=0.00 groundedness(soap->transcript)=-0.98
  words: 986 -> 910 (reduced by 76, 7.7%)
prim34.txt: run=1 elapsed=4.02s
  original  -- omission(transcript->soap)=5.00 groundedness(soap->transcript)=80.00
  condensed -- omission(transcript->soap)=5.00 groundedness(soap->transcript)=79.00
  diff (condensed - original, positive = improved) -- omission(transcript->soap)=0.00 groundedness(soap->transcript)=-1.00
  words: 2209 -> 2159 (reduced by 50, 2.3%)
prim35.txt: run=1 elapsed=2.71s
  original  -- omission(transcript->soap)=4.00 groundedness(soap->transcript)=78.00
  condensed -- omission(transcript->soap)=4.00 groundedness(soap->transcript)=78.00
  diff (condensed - original, positive = improved) -- omission(transcript->soap)=-0.00 groundedness(soap->transcript)=0.00
  words: 1454 -> 1373 (reduced by 81, 5.6%)
prim36.txt: run=1 elapsed=2.65s
  original  -- omission(transcript->soap)=3.00 groundedness(soap->transcript)=53.00
  condensed -- omission(transcript->soap)=3.00 groundedness(soap->transcript)=52.00
  diff (condensed - original, positive = improved) -- omission(transcript->soap)=-0.00 groundedness(soap->transcript)=-1.00
  words: 1403 -> 1307 (reduced by 96, 6.8%)
prim37.txt: run=1 elapsed=2.74s
  original  -- omission(transcript->soap)=4.01 groundedness(soap->transcript)=48.00
  condensed -- omission(transcript->soap)=4.00 groundedness(soap->transcript)=44.00
  diff (condensed - original, positive = improved) -- omission(transcript->soap)=-0.01 groundedness(soap->transcript)=-4.00
  words: 1407 -> 1286 (reduced by 121, 8.6%)
prim38.txt: run=1 elapsed=2.18s
  original  -- omission(transcript->soap)=2.00 groundedness(soap->transcript)=36.05
  condensed -- omission(transcript->soap)=2.00 groundedness(soap->transcript)=33.03
  diff (condensed - original, positive = improved) -- omission(transcript->soap)=0.00 groundedness(soap->transcript)=-3.02
  words: 1137 -> 1031 (reduced by 106, 9.3%)
prim39.txt: run=1 elapsed=2.05s
  original  -- omission(transcript->soap)=4.00 groundedness(soap->transcript)=33.00
  condensed -- omission(transcript->soap)=4.00 groundedness(soap->transcript)=32.00
  diff (condensed - original, positive = improved) -- omission(transcript->soap)=0.00 groundedness(soap->transcript)=-1.00
  words: 1106 -> 1013 (reduced by 93, 8.4%)
prim4.txt: run=1 elapsed=3.30s
  original  -- omission(transcript->soap)=3.00 groundedness(soap->transcript)=42.00
  condensed -- omission(transcript->soap)=3.00 groundedness(soap->transcript)=41.00
  diff (condensed - original, positive = improved) -- omission(transcript->soap)=-0.00 groundedness(soap->transcript)=-1.00
  words: 1820 -> 1735 (reduced by 85, 4.7%)
prim40.txt: run=1 elapsed=2.86s
  original  -- omission(transcript->soap)=4.00 groundedness(soap->transcript)=58.00
  condensed -- omission(transcript->soap)=4.00 groundedness(soap->transcript)=57.00
  diff (condensed - original, positive = improved) -- omission(transcript->soap)=-0.00 groundedness(soap->transcript)=-1.00
  words: 1697 -> 1607 (reduced by 90, 5.3%)
prim41.txt: run=1 elapsed=3.54s
  original  -- omission(transcript->soap)=5.00 groundedness(soap->transcript)=43.00
  condensed -- omission(transcript->soap)=5.00 groundedness(soap->transcript)=43.00
  diff (condensed - original, positive = improved) -- omission(transcript->soap)=-0.00 groundedness(soap->transcript)=-0.00
  words: 1807 -> 1736 (reduced by 71, 3.9%)
prim42.txt: run=1 elapsed=3.26s
  original  -- omission(transcript->soap)=2.00 groundedness(soap->transcript)=66.00
  condensed -- omission(transcript->soap)=2.00 groundedness(soap->transcript)=66.00
  diff (condensed - original, positive = improved) -- omission(transcript->soap)=0.00 groundedness(soap->transcript)=-0.00
  words: 1930 -> 1896 (reduced by 34, 1.8%)
prim43.txt: run=1 elapsed=3.73s
  original  -- omission(transcript->soap)=2.00 groundedness(soap->transcript)=33.00
  condensed -- omission(transcript->soap)=2.00 groundedness(soap->transcript)=33.00
  diff (condensed - original, positive = improved) -- omission(transcript->soap)=0.00 groundedness(soap->transcript)=-0.00
  words: 1934 -> 1846 (reduced by 88, 4.6%)
prim44.txt: run=1 elapsed=3.35s
  original  -- omission(transcript->soap)=4.00 groundedness(soap->transcript)=44.00
  condensed -- omission(transcript->soap)=4.00 groundedness(soap->transcript)=44.00
  diff (condensed - original, positive = improved) -- omission(transcript->soap)=0.00 groundedness(soap->transcript)=0.00
  words: 1883 -> 1871 (reduced by 12, 0.6%)
prim45.txt: run=1 elapsed=3.52s
  original  -- omission(transcript->soap)=2.01 groundedness(soap->transcript)=54.00
  condensed -- omission(transcript->soap)=2.02 groundedness(soap->transcript)=54.00
  diff (condensed - original, positive = improved) -- omission(transcript->soap)=0.01 groundedness(soap->transcript)=-0.00
  words: 1864 -> 1801 (reduced by 63, 3.4%)
prim46.txt: run=1 elapsed=2.72s
  original  -- omission(transcript->soap)=4.00 groundedness(soap->transcript)=36.00
  condensed -- omission(transcript->soap)=4.00 groundedness(soap->transcript)=35.00
  diff (condensed - original, positive = improved) -- omission(transcript->soap)=0.00 groundedness(soap->transcript)=-1.00
  words: 1369 -> 1315 (reduced by 54, 3.9%)
prim47.txt: run=1 elapsed=2.41s
  original  -- omission(transcript->soap)=2.00 groundedness(soap->transcript)=10.00
  condensed -- omission(transcript->soap)=2.01 groundedness(soap->transcript)=10.13
  diff (condensed - original, positive = improved) -- omission(transcript->soap)=0.01 groundedness(soap->transcript)=0.13
  words: 1228 -> 1198 (reduced by 30, 2.4%)
prim48.txt: run=1 elapsed=4.30s
  original  -- omission(transcript->soap)=6.00 groundedness(soap->transcript)=62.04
  condensed -- omission(transcript->soap)=6.00 groundedness(soap->transcript)=62.00
  diff (condensed - original, positive = improved) -- omission(transcript->soap)=-0.00 groundedness(soap->transcript)=-0.04
  words: 2512 -> 2478 (reduced by 34, 1.4%)
prim49.txt: run=1 elapsed=2.64s
  original  -- omission(transcript->soap)=5.00 groundedness(soap->transcript)=44.00
  condensed -- omission(transcript->soap)=5.00 groundedness(soap->transcript)=44.00
  diff (condensed - original, positive = improved) -- omission(transcript->soap)=0.00 groundedness(soap->transcript)=-0.00
  words: 1410 -> 1371 (reduced by 39, 2.8%)
prim5.txt: run=1 elapsed=3.24s
  original  -- omission(transcript->soap)=6.00 groundedness(soap->transcript)=40.00
  condensed -- omission(transcript->soap)=6.00 groundedness(soap->transcript)=40.04
  diff (condensed - original, positive = improved) -- omission(transcript->soap)=0.00 groundedness(soap->transcript)=0.03
  words: 1763 -> 1729 (reduced by 34, 1.9%)
prim50.txt: run=1 elapsed=2.06s
  original  -- omission(transcript->soap)=4.00 groundedness(soap->transcript)=22.02
  condensed -- omission(transcript->soap)=4.00 groundedness(soap->transcript)=22.01
  diff (condensed - original, positive = improved) -- omission(transcript->soap)=0.00 groundedness(soap->transcript)=-0.01
  words: 1044 -> 989 (reduced by 55, 5.3%)
prim51.txt: run=1 elapsed=3.09s
  original  -- omission(transcript->soap)=3.08 groundedness(soap->transcript)=51.00
  condensed -- omission(transcript->soap)=3.09 groundedness(soap->transcript)=47.00
  diff (condensed - original, positive = improved) -- omission(transcript->soap)=0.01 groundedness(soap->transcript)=-4.00
  words: 1665 -> 1526 (reduced by 139, 8.3%)
prim52.txt: run=1 elapsed=2.67s
  original  -- omission(transcript->soap)=4.01 groundedness(soap->transcript)=37.00
  condensed -- omission(transcript->soap)=4.01 groundedness(soap->transcript)=37.00
  diff (condensed - original, positive = improved) -- omission(transcript->soap)=0.00 groundedness(soap->transcript)=-0.00
  words: 1367 -> 1357 (reduced by 10, 0.7%)
prim53.txt: run=1 elapsed=2.65s
  original  -- omission(transcript->soap)=5.00 groundedness(soap->transcript)=34.00
  condensed -- omission(transcript->soap)=5.00 groundedness(soap->transcript)=34.00
  diff (condensed - original, positive = improved) -- omission(transcript->soap)=0.00 groundedness(soap->transcript)=0.00
  words: 1436 -> 1366 (reduced by 70, 4.9%)
prim54.txt: run=1 elapsed=2.78s
  original  -- omission(transcript->soap)=7.00 groundedness(soap->transcript)=38.01
  condensed -- omission(transcript->soap)=7.00 groundedness(soap->transcript)=36.01
  diff (condensed - original, positive = improved) -- omission(transcript->soap)=0.00 groundedness(soap->transcript)=-2.00
  words: 1502 -> 1437 (reduced by 65, 4.3%)
prim55.txt: run=1 elapsed=3.06s
  original  -- omission(transcript->soap)=5.00 groundedness(soap->transcript)=44.00
  condensed -- omission(transcript->soap)=5.00 groundedness(soap->transcript)=44.00
  diff (condensed - original, positive = improved) -- omission(transcript->soap)=0.00 groundedness(soap->transcript)=-0.00
  words: 1715 -> 1696 (reduced by 19, 1.1%)
prim56.txt: run=1 elapsed=3.65s
  original  -- omission(transcript->soap)=7.00 groundedness(soap->transcript)=67.00
  condensed -- omission(transcript->soap)=7.00 groundedness(soap->transcript)=67.00
  diff (condensed - original, positive = improved) -- omission(transcript->soap)=0.00 groundedness(soap->transcript)=-0.00
  words: 2122 -> 2067 (reduced by 55, 2.6%)
prim57.txt: run=1 elapsed=1.73s
  original  -- omission(transcript->soap)=3.01 groundedness(soap->transcript)=21.18
  condensed -- omission(transcript->soap)=3.01 groundedness(soap->transcript)=21.16
  diff (condensed - original, positive = improved) -- omission(transcript->soap)=0.00 groundedness(soap->transcript)=-0.02
  words: 906 -> 877 (reduced by 29, 3.2%)
prim6.txt: run=1 elapsed=3.68s
  original  -- omission(transcript->soap)=3.00 groundedness(soap->transcript)=60.00
  condensed -- omission(transcript->soap)=3.00 groundedness(soap->transcript)=55.00
  diff (condensed - original, positive = improved) -- omission(transcript->soap)=0.00 groundedness(soap->transcript)=-5.00
  words: 2028 -> 1929 (reduced by 99, 4.9%)
prim7.txt: run=1 elapsed=4.76s
  original  -- omission(transcript->soap)=4.00 groundedness(soap->transcript)=56.00
  condensed -- omission(transcript->soap)=4.00 groundedness(soap->transcript)=54.00
  diff (condensed - original, positive = improved) -- omission(transcript->soap)=-0.00 groundedness(soap->transcript)=-2.00
  words: 2974 -> 2831 (reduced by 143, 4.8%)
prim8.txt: run=1 elapsed=2.52s
  original  -- omission(transcript->soap)=3.00 groundedness(soap->transcript)=34.00
  condensed -- omission(transcript->soap)=3.00 groundedness(soap->transcript)=31.00
  diff (condensed - original, positive = improved) -- omission(transcript->soap)=0.00 groundedness(soap->transcript)=-3.00
  words: 1324 -> 1280 (reduced by 44, 3.3%)
prim9.txt: run=1 elapsed=3.03s
  original  -- omission(transcript->soap)=3.00 groundedness(soap->transcript)=34.02
  condensed -- omission(transcript->soap)=3.00 groundedness(soap->transcript)=34.02
  diff (condensed - original, positive = improved) -- omission(transcript->soap)=-0.00 groundedness(soap->transcript)=0.00
  words: 1722 -> 1701 (reduced by 21, 1.2%)
[run 1] avg_elapsed=3.07s avg_diff_transcript_to_soap=-0.00 avg_diff_groundedness_soap_in_transcript=-1.20 avg_percent_reduced=4.44

=== MedspacyCondenser Results ===
Files processed: 57
Average elapsed time: 3.07s
Note: diff_* is (condensed - original); positive means condensing IMPROVED that direction (lower raw scores are the stronger signal), negative means it got worse.
Average Original omission (transcript->soap): 4.44
Average Original groundedness (soap->transcript): 45.17
Average Condensed omission (transcript->soap): 4.44
Average Condensed groundedness (soap->transcript): 43.96
Average Diff omission (transcript->soap): -0.00
Average Diff groundedness (soap->transcript): -1.20
Average Original word count: 1631.96
Average Condensed word count: 1562.91
Average Words reduced: 69.05
Average Percent reduced: 4.44
