prim1.txt: run=1 elapsed=4.73s
  original  -- omission(transcript->soap)=3.00 groundedness(soap->transcript)=53.00
  condensed -- omission(transcript->soap)=3.00 groundedness(soap->transcript)=53.00
  diff (condensed - original, positive = improved) -- omission(transcript->soap)=-0.00 groundedness(soap->transcript)=-0.00
  words: 1523 -> 1437 (reduced by 86, 5.6%)
prim10.txt: run=1 elapsed=5.49s
  original  -- omission(transcript->soap)=4.00 groundedness(soap->transcript)=43.00
  condensed -- omission(transcript->soap)=4.00 groundedness(soap->transcript)=40.00
  diff (condensed - original, positive = improved) -- omission(transcript->soap)=0.00 groundedness(soap->transcript)=-3.00
  words: 2031 -> 1918 (reduced by 113, 5.6%)
prim11.txt: run=1 elapsed=6.15s
  original  -- omission(transcript->soap)=2.00 groundedness(soap->transcript)=71.00
  condensed -- omission(transcript->soap)=2.00 groundedness(soap->transcript)=63.00
  diff (condensed - original, positive = improved) -- omission(transcript->soap)=-0.00 groundedness(soap->transcript)=-8.00
  words: 2507 -> 2219 (reduced by 288, 11.5%)
prim12.txt: run=1 elapsed=3.76s
  original  -- omission(transcript->soap)=3.00 groundedness(soap->transcript)=16.43
  condensed -- omission(transcript->soap)=3.00 groundedness(soap->transcript)=15.37
  diff (condensed - original, positive = improved) -- omission(transcript->soap)=0.00 groundedness(soap->transcript)=-1.06
  words: 1291 -> 1175 (reduced by 116, 9.0%)
prim13.txt: run=1 elapsed=4.74s
  original  -- omission(transcript->soap)=3.01 groundedness(soap->transcript)=42.04
  condensed -- omission(transcript->soap)=3.01 groundedness(soap->transcript)=40.03
  diff (condensed - original, positive = improved) -- omission(transcript->soap)=-0.00 groundedness(soap->transcript)=-2.01
  words: 1843 -> 1789 (reduced by 54, 2.9%)
prim14.txt: run=1 elapsed=5.24s
  original  -- omission(transcript->soap)=3.00 groundedness(soap->transcript)=46.00
  condensed -- omission(transcript->soap)=3.00 groundedness(soap->transcript)=45.00
  diff (condensed - original, positive = improved) -- omission(transcript->soap)=-0.00 groundedness(soap->transcript)=-1.00
  words: 2067 -> 1998 (reduced by 69, 3.3%)
prim15.txt: run=1 elapsed=4.19s
  original  -- omission(transcript->soap)=4.01 groundedness(soap->transcript)=22.04
  condensed -- omission(transcript->soap)=4.00 groundedness(soap->transcript)=22.00
  diff (condensed - original, positive = improved) -- omission(transcript->soap)=-0.01 groundedness(soap->transcript)=-0.04
  words: 1404 -> 1331 (reduced by 73, 5.2%)
prim16.txt: run=1 elapsed=3.12s
  original  -- omission(transcript->soap)=3.00 groundedness(soap->transcript)=40.01
  condensed -- omission(transcript->soap)=3.00 groundedness(soap->transcript)=33.03
  diff (condensed - original, positive = improved) -- omission(transcript->soap)=-0.00 groundedness(soap->transcript)=-6.99
  words: 1239 -> 1020 (reduced by 219, 17.7%)
prim17.txt: run=1 elapsed=4.67s
  original  -- omission(transcript->soap)=4.00 groundedness(soap->transcript)=37.00
  condensed -- omission(transcript->soap)=4.00 groundedness(soap->transcript)=36.00
  diff (condensed - original, positive = improved) -- omission(transcript->soap)=-0.00 groundedness(soap->transcript)=-1.00
  words: 1829 -> 1667 (reduced by 162, 8.9%)
prim18.txt: run=1 elapsed=4.05s
  original  -- omission(transcript->soap)=5.00 groundedness(soap->transcript)=34.00
  condensed -- omission(transcript->soap)=5.00 groundedness(soap->transcript)=30.00
  diff (condensed - original, positive = improved) -- omission(transcript->soap)=0.00 groundedness(soap->transcript)=-4.00
  words: 1539 -> 1336 (reduced by 203, 13.2%)
prim19.txt: run=1 elapsed=5.21s
  original  -- omission(transcript->soap)=2.01 groundedness(soap->transcript)=52.00
  condensed -- omission(transcript->soap)=2.01 groundedness(soap->transcript)=50.00
  diff (condensed - original, positive = improved) -- omission(transcript->soap)=0.00 groundedness(soap->transcript)=-2.00
  words: 2011 -> 1787 (reduced by 224, 11.1%)
prim2.txt: run=1 elapsed=4.73s
  original  -- omission(transcript->soap)=3.13 groundedness(soap->transcript)=35.00
  condensed -- omission(transcript->soap)=3.17 groundedness(soap->transcript)=30.00
  diff (condensed - original, positive = improved) -- omission(transcript->soap)=0.05 groundedness(soap->transcript)=-5.00
  words: 1806 -> 1582 (reduced by 224, 12.4%)
prim20.txt: run=1 elapsed=5.38s
  original  -- omission(transcript->soap)=4.00 groundedness(soap->transcript)=59.48
  condensed -- omission(transcript->soap)=4.00 groundedness(soap->transcript)=58.00
  diff (condensed - original, positive = improved) -- omission(transcript->soap)=0.00 groundedness(soap->transcript)=-1.48
  words: 2044 -> 1901 (reduced by 143, 7.0%)
prim21.txt: run=1 elapsed=5.39s
  original  -- omission(transcript->soap)=5.00 groundedness(soap->transcript)=42.00
  condensed -- omission(transcript->soap)=5.00 groundedness(soap->transcript)=38.00
  diff (condensed - original, positive = improved) -- omission(transcript->soap)=0.00 groundedness(soap->transcript)=-4.00
  words: 2100 -> 1860 (reduced by 240, 11.4%)
prim22.txt: run=1 elapsed=4.51s
  original  -- omission(transcript->soap)=2.01 groundedness(soap->transcript)=25.00
  condensed -- omission(transcript->soap)=2.03 groundedness(soap->transcript)=24.00
  diff (condensed - original, positive = improved) -- omission(transcript->soap)=0.02 groundedness(soap->transcript)=-1.00
  words: 1469 -> 1393 (reduced by 76, 5.2%)
prim23.txt: run=1 elapsed=4.97s
  original  -- omission(transcript->soap)=4.00 groundedness(soap->transcript)=58.00
  condensed -- omission(transcript->soap)=4.00 groundedness(soap->transcript)=53.00
  diff (condensed - original, positive = improved) -- omission(transcript->soap)=-0.00 groundedness(soap->transcript)=-5.00
  words: 1933 -> 1752 (reduced by 181, 9.4%)
prim24.txt: run=1 elapsed=3.25s
  original  -- omission(transcript->soap)=4.04 groundedness(soap->transcript)=36.00
  condensed -- omission(transcript->soap)=4.00 groundedness(soap->transcript)=28.00
  diff (condensed - original, positive = improved) -- omission(transcript->soap)=-0.04 groundedness(soap->transcript)=-8.00
  words: 1139 -> 1017 (reduced by 122, 10.7%)
prim25.txt: run=1 elapsed=4.90s
  original  -- omission(transcript->soap)=5.00 groundedness(soap->transcript)=51.00
  condensed -- omission(transcript->soap)=5.00 groundedness(soap->transcript)=49.00
  diff (condensed - original, positive = improved) -- omission(transcript->soap)=-0.00 groundedness(soap->transcript)=-2.00
  words: 1959 -> 1775 (reduced by 184, 9.4%)
prim26.txt: run=1 elapsed=3.60s
  original  -- omission(transcript->soap)=8.00 groundedness(soap->transcript)=46.00
  condensed -- omission(transcript->soap)=8.00 groundedness(soap->transcript)=45.00
  diff (condensed - original, positive = improved) -- omission(transcript->soap)=-0.00 groundedness(soap->transcript)=-1.00
  words: 1362 -> 1237 (reduced by 125, 9.2%)
prim27.txt: run=1 elapsed=3.05s
  original  -- omission(transcript->soap)=10.00 groundedness(soap->transcript)=51.00
  condensed -- omission(transcript->soap)=10.00 groundedness(soap->transcript)=51.00
  diff (condensed - original, positive = improved) -- omission(transcript->soap)=-0.00 groundedness(soap->transcript)=0.00
  words: 1241 -> 1229 (reduced by 12, 1.0%)
prim28.txt: run=1 elapsed=5.11s
  original  -- omission(transcript->soap)=17.00 groundedness(soap->transcript)=103.00
  condensed -- omission(transcript->soap)=17.00 groundedness(soap->transcript)=99.00
  diff (condensed - original, positive = improved) -- omission(transcript->soap)=0.00 groundedness(soap->transcript)=-4.00
  words: 1980 -> 1921 (reduced by 59, 3.0%)
prim29.txt: run=1 elapsed=3.52s
  original  -- omission(transcript->soap)=13.00 groundedness(soap->transcript)=67.00
  condensed -- omission(transcript->soap)=13.00 groundedness(soap->transcript)=65.00
  diff (condensed - original, positive = improved) -- omission(transcript->soap)=0.00 groundedness(soap->transcript)=-2.00
  words: 1195 -> 1143 (reduced by 52, 4.4%)
prim3.txt: run=1 elapsed=4.83s
  original  -- omission(transcript->soap)=3.00 groundedness(soap->transcript)=40.03
  condensed -- omission(transcript->soap)=3.00 groundedness(soap->transcript)=39.03
  diff (condensed - original, positive = improved) -- omission(transcript->soap)=0.00 groundedness(soap->transcript)=-1.00
  words: 1706 -> 1656 (reduced by 50, 2.9%)
prim30.txt: run=1 elapsed=3.43s
  original  -- omission(transcript->soap)=7.00 groundedness(soap->transcript)=64.00
  condensed -- omission(transcript->soap)=7.00 groundedness(soap->transcript)=58.00
  diff (condensed - original, positive = improved) -- omission(transcript->soap)=0.00 groundedness(soap->transcript)=-6.00
  words: 1184 -> 1035 (reduced by 149, 12.6%)
prim31.txt: run=1 elapsed=1.93s
  original  -- omission(transcript->soap)=3.02 groundedness(soap->transcript)=14.24
  condensed -- omission(transcript->soap)=3.01 groundedness(soap->transcript)=12.00
  diff (condensed - original, positive = improved) -- omission(transcript->soap)=-0.02 groundedness(soap->transcript)=-2.24
  words: 644 -> 574 (reduced by 70, 10.9%)
prim32.txt: run=1 elapsed=3.33s
  original  -- omission(transcript->soap)=7.00 groundedness(soap->transcript)=42.00
  condensed -- omission(transcript->soap)=7.00 groundedness(soap->transcript)=42.00
  diff (condensed - original, positive = improved) -- omission(transcript->soap)=0.00 groundedness(soap->transcript)=0.00
  words: 1252 -> 1210 (reduced by 42, 3.4%)
prim33.txt: run=1 elapsed=2.75s
  original  -- omission(transcript->soap)=4.00 groundedness(soap->transcript)=26.06
  condensed -- omission(transcript->soap)=4.00 groundedness(soap->transcript)=25.08
  diff (condensed - original, positive = improved) -- omission(transcript->soap)=-0.00 groundedness(soap->transcript)=-0.98
  words: 986 -> 904 (reduced by 82, 8.3%)
prim34.txt: run=1 elapsed=5.54s
  original  -- omission(transcript->soap)=5.00 groundedness(soap->transcript)=80.00
  condensed -- omission(transcript->soap)=5.00 groundedness(soap->transcript)=77.00
  diff (condensed - original, positive = improved) -- omission(transcript->soap)=0.00 groundedness(soap->transcript)=-3.00
  words: 2209 -> 2018 (reduced by 191, 8.6%)
prim35.txt: run=1 elapsed=3.94s
  original  -- omission(transcript->soap)=4.00 groundedness(soap->transcript)=78.00
  condensed -- omission(transcript->soap)=4.00 groundedness(soap->transcript)=77.00
  diff (condensed - original, positive = improved) -- omission(transcript->soap)=-0.00 groundedness(soap->transcript)=-1.00
  words: 1454 -> 1366 (reduced by 88, 6.1%)
prim36.txt: run=1 elapsed=4.39s
  original  -- omission(transcript->soap)=3.00 groundedness(soap->transcript)=53.00
  condensed -- omission(transcript->soap)=3.00 groundedness(soap->transcript)=50.00
  diff (condensed - original, positive = improved) -- omission(transcript->soap)=0.00 groundedness(soap->transcript)=-3.00
  words: 1403 -> 1230 (reduced by 173, 12.3%)
prim37.txt: run=1 elapsed=4.17s
  original  -- omission(transcript->soap)=4.01 groundedness(soap->transcript)=48.00
  condensed -- omission(transcript->soap)=4.00 groundedness(soap->transcript)=42.00
  diff (condensed - original, positive = improved) -- omission(transcript->soap)=-0.01 groundedness(soap->transcript)=-6.00
  words: 1407 -> 1214 (reduced by 193, 13.7%)
prim38.txt: run=1 elapsed=3.52s
  original  -- omission(transcript->soap)=2.00 groundedness(soap->transcript)=36.05
  condensed -- omission(transcript->soap)=2.00 groundedness(soap->transcript)=33.04
  diff (condensed - original, positive = improved) -- omission(transcript->soap)=0.00 groundedness(soap->transcript)=-3.01
  words: 1137 -> 994 (reduced by 143, 12.6%)
prim39.txt: run=1 elapsed=3.34s
  original  -- omission(transcript->soap)=4.00 groundedness(soap->transcript)=33.00
  condensed -- omission(transcript->soap)=4.00 groundedness(soap->transcript)=32.00
  diff (condensed - original, positive = improved) -- omission(transcript->soap)=0.00 groundedness(soap->transcript)=-1.00
  words: 1106 -> 956 (reduced by 150, 13.6%)
prim4.txt: run=1 elapsed=4.78s
  original  -- omission(transcript->soap)=3.00 groundedness(soap->transcript)=42.00
  condensed -- omission(transcript->soap)=3.00 groundedness(soap->transcript)=40.00
  diff (condensed - original, positive = improved) -- omission(transcript->soap)=-0.00 groundedness(soap->transcript)=-2.00
  words: 1820 -> 1688 (reduced by 132, 7.3%)
prim40.txt: run=1 elapsed=4.62s
  original  -- omission(transcript->soap)=4.00 groundedness(soap->transcript)=58.00
  condensed -- omission(transcript->soap)=4.00 groundedness(soap->transcript)=57.00
  diff (condensed - original, positive = improved) -- omission(transcript->soap)=-0.00 groundedness(soap->transcript)=-1.00
  words: 1697 -> 1489 (reduced by 208, 12.3%)
prim41.txt: run=1 elapsed=4.64s
  original  -- omission(transcript->soap)=5.00 groundedness(soap->transcript)=43.00
  condensed -- omission(transcript->soap)=5.00 groundedness(soap->transcript)=37.00
  diff (condensed - original, positive = improved) -- omission(transcript->soap)=-0.00 groundedness(soap->transcript)=-6.00
  words: 1807 -> 1654 (reduced by 153, 8.5%)
prim42.txt: run=1 elapsed=4.88s
  original  -- omission(transcript->soap)=2.00 groundedness(soap->transcript)=66.00
  condensed -- omission(transcript->soap)=2.00 groundedness(soap->transcript)=65.00
  diff (condensed - original, positive = improved) -- omission(transcript->soap)=0.00 groundedness(soap->transcript)=-1.00
  words: 1930 -> 1804 (reduced by 126, 6.5%)
prim43.txt: run=1 elapsed=5.23s
  original  -- omission(transcript->soap)=2.00 groundedness(soap->transcript)=33.00
  condensed -- omission(transcript->soap)=2.00 groundedness(soap->transcript)=32.00
  diff (condensed - original, positive = improved) -- omission(transcript->soap)=-0.00 groundedness(soap->transcript)=-1.00
  words: 1934 -> 1734 (reduced by 200, 10.3%)
prim44.txt: run=1 elapsed=5.33s
  original  -- omission(transcript->soap)=4.00 groundedness(soap->transcript)=44.00
  condensed -- omission(transcript->soap)=4.00 groundedness(soap->transcript)=44.00
  diff (condensed - original, positive = improved) -- omission(transcript->soap)=0.00 groundedness(soap->transcript)=0.00
  words: 1883 -> 1871 (reduced by 12, 0.6%)
prim45.txt: run=1 elapsed=5.27s
  original  -- omission(transcript->soap)=2.01 groundedness(soap->transcript)=54.00
  condensed -- omission(transcript->soap)=2.02 groundedness(soap->transcript)=54.00
  diff (condensed - original, positive = improved) -- omission(transcript->soap)=0.01 groundedness(soap->transcript)=-0.00
  words: 1864 -> 1788 (reduced by 76, 4.1%)
prim46.txt: run=1 elapsed=3.70s
  original  -- omission(transcript->soap)=4.00 groundedness(soap->transcript)=36.00
  condensed -- omission(transcript->soap)=4.00 groundedness(soap->transcript)=35.00
  diff (condensed - original, positive = improved) -- omission(transcript->soap)=-0.00 groundedness(soap->transcript)=-1.00
  words: 1369 -> 1292 (reduced by 77, 5.6%)
prim47.txt: run=1 elapsed=3.59s
  original  -- omission(transcript->soap)=2.00 groundedness(soap->transcript)=10.00
  condensed -- omission(transcript->soap)=2.01 groundedness(soap->transcript)=10.13
  diff (condensed - original, positive = improved) -- omission(transcript->soap)=0.01 groundedness(soap->transcript)=0.13
  words: 1228 -> 1198 (reduced by 30, 2.4%)
prim48.txt: run=1 elapsed=5.80s
  original  -- omission(transcript->soap)=6.00 groundedness(soap->transcript)=62.04
  condensed -- omission(transcript->soap)=6.00 groundedness(soap->transcript)=59.02
  diff (condensed - original, positive = improved) -- omission(transcript->soap)=-0.00 groundedness(soap->transcript)=-3.03
  words: 2512 -> 2401 (reduced by 111, 4.4%)
prim49.txt: run=1 elapsed=4.25s
  original  -- omission(transcript->soap)=5.00 groundedness(soap->transcript)=44.00
  condensed -- omission(transcript->soap)=5.00 groundedness(soap->transcript)=40.00
  diff (condensed - original, positive = improved) -- omission(transcript->soap)=-0.00 groundedness(soap->transcript)=-4.00
  words: 1410 -> 1298 (reduced by 112, 7.9%)
prim5.txt: run=1 elapsed=4.64s
  original  -- omission(transcript->soap)=6.00 groundedness(soap->transcript)=40.00
  condensed -- omission(transcript->soap)=6.00 groundedness(soap->transcript)=40.00
  diff (condensed - original, positive = improved) -- omission(transcript->soap)=0.00 groundedness(soap->transcript)=0.00
  words: 1763 -> 1697 (reduced by 66, 3.7%)
prim50.txt: run=1 elapsed=3.27s
  original  -- omission(transcript->soap)=4.00 groundedness(soap->transcript)=22.02
  condensed -- omission(transcript->soap)=4.00 groundedness(soap->transcript)=22.01
  diff (condensed - original, positive = improved) -- omission(transcript->soap)=0.00 groundedness(soap->transcript)=-0.01
  words: 1044 -> 989 (reduced by 55, 5.3%)
prim51.txt: run=1 elapsed=4.84s
  original  -- omission(transcript->soap)=3.08 groundedness(soap->transcript)=51.00
  condensed -- omission(transcript->soap)=3.06 groundedness(soap->transcript)=48.00
  diff (condensed - original, positive = improved) -- omission(transcript->soap)=-0.01 groundedness(soap->transcript)=-3.00
  words: 1665 -> 1519 (reduced by 146, 8.8%)
prim52.txt: run=1 elapsed=4.08s
  original  -- omission(transcript->soap)=4.01 groundedness(soap->transcript)=37.00
  condensed -- omission(transcript->soap)=4.01 groundedness(soap->transcript)=37.00
  diff (condensed - original, positive = improved) -- omission(transcript->soap)=0.00 groundedness(soap->transcript)=-0.00
  words: 1367 -> 1351 (reduced by 16, 1.2%)
prim53.txt: run=1 elapsed=4.29s
  original  -- omission(transcript->soap)=5.00 groundedness(soap->transcript)=34.00
  condensed -- omission(transcript->soap)=5.00 groundedness(soap->transcript)=34.00
  diff (condensed - original, positive = improved) -- omission(transcript->soap)=0.00 groundedness(soap->transcript)=0.00
  words: 1436 -> 1349 (reduced by 87, 6.1%)
prim54.txt: run=1 elapsed=4.38s
  original  -- omission(transcript->soap)=7.00 groundedness(soap->transcript)=38.01
  condensed -- omission(transcript->soap)=7.00 groundedness(soap->transcript)=34.01
  diff (condensed - original, positive = improved) -- omission(transcript->soap)=0.00 groundedness(soap->transcript)=-4.00
  words: 1502 -> 1424 (reduced by 78, 5.2%)
prim55.txt: run=1 elapsed=4.55s
  original  -- omission(transcript->soap)=5.00 groundedness(soap->transcript)=44.00
  condensed -- omission(transcript->soap)=5.00 groundedness(soap->transcript)=44.00
  diff (condensed - original, positive = improved) -- omission(transcript->soap)=0.00 groundedness(soap->transcript)=-0.00
  words: 1715 -> 1696 (reduced by 19, 1.1%)
prim56.txt: run=1 elapsed=5.46s
  original  -- omission(transcript->soap)=7.00 groundedness(soap->transcript)=67.00
  condensed -- omission(transcript->soap)=7.00 groundedness(soap->transcript)=67.00
  diff (condensed - original, positive = improved) -- omission(transcript->soap)=0.00 groundedness(soap->transcript)=-0.00
  words: 2122 -> 2036 (reduced by 86, 4.1%)
prim57.txt: run=1 elapsed=2.77s
  original  -- omission(transcript->soap)=3.01 groundedness(soap->transcript)=21.18
  condensed -- omission(transcript->soap)=3.01 groundedness(soap->transcript)=21.16
  diff (condensed - original, positive = improved) -- omission(transcript->soap)=0.00 groundedness(soap->transcript)=-0.02
  words: 906 -> 848 (reduced by 58, 6.4%)
prim6.txt: run=1 elapsed=5.89s
  original  -- omission(transcript->soap)=3.00 groundedness(soap->transcript)=60.00
  condensed -- omission(transcript->soap)=3.00 groundedness(soap->transcript)=54.00
  diff (condensed - original, positive = improved) -- omission(transcript->soap)=0.00 groundedness(soap->transcript)=-6.00
  words: 2028 -> 1826 (reduced by 202, 10.0%)
prim7.txt: run=1 elapsed=7.50s
  original  -- omission(transcript->soap)=4.00 groundedness(soap->transcript)=56.00
  condensed -- omission(transcript->soap)=4.00 groundedness(soap->transcript)=49.00
  diff (condensed - original, positive = improved) -- omission(transcript->soap)=0.00 groundedness(soap->transcript)=-7.00
  words: 2974 -> 2537 (reduced by 437, 14.7%)
prim8.txt: run=1 elapsed=3.87s
  original  -- omission(transcript->soap)=3.00 groundedness(soap->transcript)=34.00
  condensed -- omission(transcript->soap)=3.00 groundedness(soap->transcript)=30.00
  diff (condensed - original, positive = improved) -- omission(transcript->soap)=0.00 groundedness(soap->transcript)=-4.00
  words: 1324 -> 1249 (reduced by 75, 5.7%)
prim9.txt: run=1 elapsed=4.54s
  original  -- omission(transcript->soap)=3.00 groundedness(soap->transcript)=34.02
  condensed -- omission(transcript->soap)=3.00 groundedness(soap->transcript)=31.04
  diff (condensed - original, positive = improved) -- omission(transcript->soap)=-0.00 groundedness(soap->transcript)=-2.98
  words: 1722 -> 1663 (reduced by 59, 3.4%)
[run 1] avg_elapsed=4.44s avg_diff_transcript_to_soap=0.00 avg_diff_groundedness_soap_in_transcript=-2.38 avg_percent_reduced=7.50

=== NegspacyCondenser Results ===
Files processed: 57
Average elapsed time: 4.44s
Note: diff_* is (condensed - original); positive means condensing IMPROVED that direction (lower raw scores are the stronger signal), negative means it got worse.
Average Original omission (transcript->soap): 4.44
Average Original groundedness (soap->transcript): 45.17
Average Condensed omission (transcript->soap): 4.44
Average Condensed groundedness (soap->transcript): 42.79
Average Diff omission (transcript->soap): 0.00
Average Diff groundedness (soap->transcript): -2.38
Average Original word count: 1631.96
Average Condensed word count: 1509.56
Average Words reduced: 122.40
Average Percent reduced: 7.50
