prim1.txt: run=1 elapsed=3.73s
  original  -- omission(transcript->soap)=3.00 groundedness(soap->transcript)=53.00
  condensed -- omission(transcript->soap)=3.00 groundedness(soap->transcript)=44.00
  diff (condensed - original, positive = improved) -- omission(transcript->soap)=0.00 groundedness(soap->transcript)=-9.00
  words: 1523 -> 1131 (reduced by 392, 25.7%)
prim10.txt: run=1 elapsed=4.67s
  original  -- omission(transcript->soap)=4.00 groundedness(soap->transcript)=43.00
  condensed -- omission(transcript->soap)=4.00 groundedness(soap->transcript)=27.06
  diff (condensed - original, positive = improved) -- omission(transcript->soap)=0.00 groundedness(soap->transcript)=-15.94
  words: 2031 -> 1425 (reduced by 606, 29.8%)
prim11.txt: run=1 elapsed=5.08s
  original  -- omission(transcript->soap)=2.00 groundedness(soap->transcript)=71.00
  condensed -- omission(transcript->soap)=2.00 groundedness(soap->transcript)=45.00
  diff (condensed - original, positive = improved) -- omission(transcript->soap)=0.00 groundedness(soap->transcript)=-26.00
  words: 2507 -> 1456 (reduced by 1051, 41.9%)
prim12.txt: run=1 elapsed=3.15s
  original  -- omission(transcript->soap)=3.00 groundedness(soap->transcript)=16.43
  condensed -- omission(transcript->soap)=3.00 groundedness(soap->transcript)=6.03
  diff (condensed - original, positive = improved) -- omission(transcript->soap)=0.00 groundedness(soap->transcript)=-10.40
  words: 1291 -> 867 (reduced by 424, 32.8%)
prim13.txt: run=1 elapsed=4.13s
  original  -- omission(transcript->soap)=3.01 groundedness(soap->transcript)=42.04
  condensed -- omission(transcript->soap)=3.00 groundedness(soap->transcript)=31.01
  diff (condensed - original, positive = improved) -- omission(transcript->soap)=-0.01 groundedness(soap->transcript)=-11.03
  words: 1843 -> 1388 (reduced by 455, 24.7%)
prim14.txt: run=1 elapsed=4.31s
  original  -- omission(transcript->soap)=3.00 groundedness(soap->transcript)=46.00
  condensed -- omission(transcript->soap)=3.00 groundedness(soap->transcript)=39.00
  diff (condensed - original, positive = improved) -- omission(transcript->soap)=-0.00 groundedness(soap->transcript)=-7.00
  words: 2067 -> 1518 (reduced by 549, 26.6%)
prim15.txt: run=1 elapsed=3.49s
  original  -- omission(transcript->soap)=4.01 groundedness(soap->transcript)=22.04
  condensed -- omission(transcript->soap)=4.00 groundedness(soap->transcript)=18.02
  diff (condensed - original, positive = improved) -- omission(transcript->soap)=-0.00 groundedness(soap->transcript)=-4.02
  words: 1404 -> 963 (reduced by 441, 31.4%)
prim16.txt: run=1 elapsed=2.65s
  original  -- omission(transcript->soap)=3.00 groundedness(soap->transcript)=40.01
  condensed -- omission(transcript->soap)=3.00 groundedness(soap->transcript)=28.00
  diff (condensed - original, positive = improved) -- omission(transcript->soap)=0.00 groundedness(soap->transcript)=-12.01
  words: 1239 -> 778 (reduced by 461, 37.2%)
prim17.txt: run=1 elapsed=3.98s
  original  -- omission(transcript->soap)=4.00 groundedness(soap->transcript)=37.00
  condensed -- omission(transcript->soap)=4.00 groundedness(soap->transcript)=35.01
  diff (condensed - original, positive = improved) -- omission(transcript->soap)=0.00 groundedness(soap->transcript)=-2.00
  words: 1829 -> 1405 (reduced by 424, 23.2%)
prim18.txt: run=1 elapsed=3.38s
  original  -- omission(transcript->soap)=5.00 groundedness(soap->transcript)=34.00
  condensed -- omission(transcript->soap)=5.00 groundedness(soap->transcript)=28.00
  diff (condensed - original, positive = improved) -- omission(transcript->soap)=0.00 groundedness(soap->transcript)=-6.00
  words: 1539 -> 1103 (reduced by 436, 28.3%)
prim19.txt: run=1 elapsed=4.38s
  original  -- omission(transcript->soap)=2.01 groundedness(soap->transcript)=52.00
  condensed -- omission(transcript->soap)=2.01 groundedness(soap->transcript)=46.00
  diff (condensed - original, positive = improved) -- omission(transcript->soap)=-0.00 groundedness(soap->transcript)=-6.00
  words: 2011 -> 1508 (reduced by 503, 25.0%)
prim2.txt: run=1 elapsed=3.95s
  original  -- omission(transcript->soap)=3.13 groundedness(soap->transcript)=35.00
  condensed -- omission(transcript->soap)=3.00 groundedness(soap->transcript)=25.00
  diff (condensed - original, positive = improved) -- omission(transcript->soap)=-0.13 groundedness(soap->transcript)=-10.00
  words: 1806 -> 1311 (reduced by 495, 27.4%)
prim20.txt: run=1 elapsed=4.53s
  original  -- omission(transcript->soap)=4.00 groundedness(soap->transcript)=59.48
  condensed -- omission(transcript->soap)=4.00 groundedness(soap->transcript)=48.37
  diff (condensed - original, positive = improved) -- omission(transcript->soap)=0.00 groundedness(soap->transcript)=-11.12
  words: 2044 -> 1477 (reduced by 567, 27.7%)
prim21.txt: run=1 elapsed=4.54s
  original  -- omission(transcript->soap)=5.00 groundedness(soap->transcript)=42.00
  condensed -- omission(transcript->soap)=5.00 groundedness(soap->transcript)=34.00
  diff (condensed - original, positive = improved) -- omission(transcript->soap)=0.00 groundedness(soap->transcript)=-8.00
  words: 2100 -> 1502 (reduced by 598, 28.5%)
prim22.txt: run=1 elapsed=3.78s
  original  -- omission(transcript->soap)=2.01 groundedness(soap->transcript)=25.00
  condensed -- omission(transcript->soap)=2.09 groundedness(soap->transcript)=20.00
  diff (condensed - original, positive = improved) -- omission(transcript->soap)=0.08 groundedness(soap->transcript)=-5.00
  words: 1469 -> 1020 (reduced by 449, 30.6%)
prim23.txt: run=1 elapsed=4.29s
  original  -- omission(transcript->soap)=4.00 groundedness(soap->transcript)=58.00
  condensed -- omission(transcript->soap)=4.00 groundedness(soap->transcript)=44.01
  diff (condensed - original, positive = improved) -- omission(transcript->soap)=0.00 groundedness(soap->transcript)=-13.99
  words: 1933 -> 1264 (reduced by 669, 34.6%)
prim24.txt: run=1 elapsed=2.65s
  original  -- omission(transcript->soap)=4.04 groundedness(soap->transcript)=36.00
  condensed -- omission(transcript->soap)=4.03 groundedness(soap->transcript)=23.02
  diff (condensed - original, positive = improved) -- omission(transcript->soap)=-0.01 groundedness(soap->transcript)=-12.98
  words: 1139 -> 756 (reduced by 383, 33.6%)
prim25.txt: run=1 elapsed=4.11s
  original  -- omission(transcript->soap)=5.00 groundedness(soap->transcript)=51.00
  condensed -- omission(transcript->soap)=5.02 groundedness(soap->transcript)=42.00
  diff (condensed - original, positive = improved) -- omission(transcript->soap)=0.02 groundedness(soap->transcript)=-9.00
  words: 1959 -> 1365 (reduced by 594, 30.3%)
prim26.txt: run=1 elapsed=3.12s
  original  -- omission(transcript->soap)=8.00 groundedness(soap->transcript)=46.00
  condensed -- omission(transcript->soap)=8.00 groundedness(soap->transcript)=37.00
  diff (condensed - original, positive = improved) -- omission(transcript->soap)=0.00 groundedness(soap->transcript)=-9.00
  words: 1362 -> 908 (reduced by 454, 33.3%)
prim27.txt: run=1 elapsed=2.67s
  original  -- omission(transcript->soap)=10.00 groundedness(soap->transcript)=51.00
  condensed -- omission(transcript->soap)=10.00 groundedness(soap->transcript)=35.00
  diff (condensed - original, positive = improved) -- omission(transcript->soap)=-0.00 groundedness(soap->transcript)=-16.00
  words: 1241 -> 789 (reduced by 452, 36.4%)
prim28.txt: run=1 elapsed=4.29s
  original  -- omission(transcript->soap)=17.00 groundedness(soap->transcript)=103.00
  condensed -- omission(transcript->soap)=17.00 groundedness(soap->transcript)=83.00
  diff (condensed - original, positive = improved) -- omission(transcript->soap)=0.00 groundedness(soap->transcript)=-20.00
  words: 1980 -> 1363 (reduced by 617, 31.2%)
prim29.txt: run=1 elapsed=2.90s
  original  -- omission(transcript->soap)=13.00 groundedness(soap->transcript)=67.00
  condensed -- omission(transcript->soap)=13.00 groundedness(soap->transcript)=54.00
  diff (condensed - original, positive = improved) -- omission(transcript->soap)=0.00 groundedness(soap->transcript)=-13.00
  words: 1195 -> 854 (reduced by 341, 28.5%)
prim3.txt: run=1 elapsed=4.08s
  original  -- omission(transcript->soap)=3.00 groundedness(soap->transcript)=40.03
  condensed -- omission(transcript->soap)=3.00 groundedness(soap->transcript)=30.23
  diff (condensed - original, positive = improved) -- omission(transcript->soap)=0.00 groundedness(soap->transcript)=-9.80
  words: 1706 -> 1256 (reduced by 450, 26.4%)
prim30.txt: run=1 elapsed=2.83s
  original  -- omission(transcript->soap)=7.00 groundedness(soap->transcript)=64.00
  condensed -- omission(transcript->soap)=7.00 groundedness(soap->transcript)=47.00
  diff (condensed - original, positive = improved) -- omission(transcript->soap)=0.00 groundedness(soap->transcript)=-17.00
  words: 1184 -> 800 (reduced by 384, 32.4%)
prim31.txt: run=1 elapsed=1.61s
  original  -- omission(transcript->soap)=3.02 groundedness(soap->transcript)=14.24
  condensed -- omission(transcript->soap)=3.10 groundedness(soap->transcript)=11.00
  diff (condensed - original, positive = improved) -- omission(transcript->soap)=0.07 groundedness(soap->transcript)=-3.24
  words: 644 -> 453 (reduced by 191, 29.7%)
prim32.txt: run=1 elapsed=2.84s
  original  -- omission(transcript->soap)=7.00 groundedness(soap->transcript)=42.00
  condensed -- omission(transcript->soap)=7.00 groundedness(soap->transcript)=30.01
  diff (condensed - original, positive = improved) -- omission(transcript->soap)=0.00 groundedness(soap->transcript)=-11.99
  words: 1252 -> 903 (reduced by 349, 27.9%)
prim33.txt: run=1 elapsed=2.37s
  original  -- omission(transcript->soap)=4.00 groundedness(soap->transcript)=26.06
  condensed -- omission(transcript->soap)=4.00 groundedness(soap->transcript)=23.01
  diff (condensed - original, positive = improved) -- omission(transcript->soap)=-0.00 groundedness(soap->transcript)=-3.06
  words: 986 -> 657 (reduced by 329, 33.4%)
prim34.txt: run=1 elapsed=4.63s
  original  -- omission(transcript->soap)=5.00 groundedness(soap->transcript)=80.00
  condensed -- omission(transcript->soap)=5.03 groundedness(soap->transcript)=74.00
  diff (condensed - original, positive = improved) -- omission(transcript->soap)=0.03 groundedness(soap->transcript)=-6.00
  words: 2209 -> 1789 (reduced by 420, 19.0%)
prim35.txt: run=1 elapsed=3.25s
  original  -- omission(transcript->soap)=4.00 groundedness(soap->transcript)=78.00
  condensed -- omission(transcript->soap)=4.00 groundedness(soap->transcript)=66.00
  diff (condensed - original, positive = improved) -- omission(transcript->soap)=-0.00 groundedness(soap->transcript)=-12.00
  words: 1454 -> 1028 (reduced by 426, 29.3%)
prim36.txt: run=1 elapsed=3.50s
  original  -- omission(transcript->soap)=3.00 groundedness(soap->transcript)=53.00
  condensed -- omission(transcript->soap)=3.00 groundedness(soap->transcript)=40.00
  diff (condensed - original, positive = improved) -- omission(transcript->soap)=0.00 groundedness(soap->transcript)=-13.00
  words: 1403 -> 925 (reduced by 478, 34.1%)
prim37.txt: run=1 elapsed=3.56s
  original  -- omission(transcript->soap)=4.01 groundedness(soap->transcript)=48.00
  condensed -- omission(transcript->soap)=4.00 groundedness(soap->transcript)=27.00
  diff (condensed - original, positive = improved) -- omission(transcript->soap)=-0.01 groundedness(soap->transcript)=-21.00
  words: 1407 -> 692 (reduced by 715, 50.8%)
prim38.txt: run=1 elapsed=2.90s
  original  -- omission(transcript->soap)=2.00 groundedness(soap->transcript)=36.05
  condensed -- omission(transcript->soap)=2.00 groundedness(soap->transcript)=25.00
  diff (condensed - original, positive = improved) -- omission(transcript->soap)=0.00 groundedness(soap->transcript)=-11.05
  words: 1137 -> 661 (reduced by 476, 41.9%)
prim39.txt: run=1 elapsed=2.76s
  original  -- omission(transcript->soap)=4.00 groundedness(soap->transcript)=33.00
  condensed -- omission(transcript->soap)=4.00 groundedness(soap->transcript)=28.00
  diff (condensed - original, positive = improved) -- omission(transcript->soap)=0.00 groundedness(soap->transcript)=-5.00
  words: 1106 -> 729 (reduced by 377, 34.1%)
prim4.txt: run=1 elapsed=3.97s
  original  -- omission(transcript->soap)=3.00 groundedness(soap->transcript)=42.00
  condensed -- omission(transcript->soap)=3.00 groundedness(soap->transcript)=31.05
  diff (condensed - original, positive = improved) -- omission(transcript->soap)=0.00 groundedness(soap->transcript)=-10.95
  words: 1820 -> 1198 (reduced by 622, 34.2%)
prim40.txt: run=1 elapsed=3.94s
  original  -- omission(transcript->soap)=4.00 groundedness(soap->transcript)=58.00
  condensed -- omission(transcript->soap)=4.00 groundedness(soap->transcript)=35.00
  diff (condensed - original, positive = improved) -- omission(transcript->soap)=0.00 groundedness(soap->transcript)=-23.00
  words: 1697 -> 870 (reduced by 827, 48.7%)
prim41.txt: run=1 elapsed=4.09s
  original  -- omission(transcript->soap)=5.00 groundedness(soap->transcript)=43.00
  condensed -- omission(transcript->soap)=5.00 groundedness(soap->transcript)=32.00
  diff (condensed - original, positive = improved) -- omission(transcript->soap)=-0.00 groundedness(soap->transcript)=-11.00
  words: 1807 -> 1314 (reduced by 493, 27.3%)
prim42.txt: run=1 elapsed=4.07s
  original  -- omission(transcript->soap)=2.00 groundedness(soap->transcript)=66.00
  condensed -- omission(transcript->soap)=2.01 groundedness(soap->transcript)=53.00
  diff (condensed - original, positive = improved) -- omission(transcript->soap)=0.01 groundedness(soap->transcript)=-13.00
  words: 1930 -> 1452 (reduced by 478, 24.8%)
prim43.txt: run=1 elapsed=4.41s
  original  -- omission(transcript->soap)=2.00 groundedness(soap->transcript)=33.00
  condensed -- omission(transcript->soap)=2.01 groundedness(soap->transcript)=23.45
  diff (condensed - original, positive = improved) -- omission(transcript->soap)=0.00 groundedness(soap->transcript)=-9.55
  words: 1934 -> 1101 (reduced by 833, 43.1%)
prim44.txt: run=1 elapsed=4.41s
  original  -- omission(transcript->soap)=4.00 groundedness(soap->transcript)=44.00
  condensed -- omission(transcript->soap)=4.00 groundedness(soap->transcript)=35.00
  diff (condensed - original, positive = improved) -- omission(transcript->soap)=0.00 groundedness(soap->transcript)=-9.00
  words: 1883 -> 1394 (reduced by 489, 26.0%)
prim45.txt: run=1 elapsed=4.39s
  original  -- omission(transcript->soap)=2.01 groundedness(soap->transcript)=54.00
  condensed -- omission(transcript->soap)=2.03 groundedness(soap->transcript)=45.00
  diff (condensed - original, positive = improved) -- omission(transcript->soap)=0.02 groundedness(soap->transcript)=-9.00
  words: 1864 -> 1317 (reduced by 547, 29.3%)
prim46.txt: run=1 elapsed=3.11s
  original  -- omission(transcript->soap)=4.00 groundedness(soap->transcript)=36.00
  condensed -- omission(transcript->soap)=4.01 groundedness(soap->transcript)=22.03
  diff (condensed - original, positive = improved) -- omission(transcript->soap)=0.01 groundedness(soap->transcript)=-13.97
  words: 1369 -> 785 (reduced by 584, 42.7%)
prim47.txt: run=1 elapsed=3.11s
  original  -- omission(transcript->soap)=2.00 groundedness(soap->transcript)=10.00
  condensed -- omission(transcript->soap)=2.03 groundedness(soap->transcript)=7.07
  diff (condensed - original, positive = improved) -- omission(transcript->soap)=0.03 groundedness(soap->transcript)=-2.93
  words: 1228 -> 774 (reduced by 454, 37.0%)
prim48.txt: run=1 elapsed=4.97s
  original  -- omission(transcript->soap)=6.00 groundedness(soap->transcript)=62.04
  condensed -- omission(transcript->soap)=6.00 groundedness(soap->transcript)=44.00
  diff (condensed - original, positive = improved) -- omission(transcript->soap)=-0.00 groundedness(soap->transcript)=-18.04
  words: 2512 -> 1576 (reduced by 936, 37.3%)
prim49.txt: run=1 elapsed=3.46s
  original  -- omission(transcript->soap)=5.00 groundedness(soap->transcript)=44.00
  condensed -- omission(transcript->soap)=5.00 groundedness(soap->transcript)=29.00
  diff (condensed - original, positive = improved) -- omission(transcript->soap)=0.00 groundedness(soap->transcript)=-15.00
  words: 1410 -> 843 (reduced by 567, 40.2%)
prim5.txt: run=1 elapsed=3.94s
  original  -- omission(transcript->soap)=6.00 groundedness(soap->transcript)=40.00
  condensed -- omission(transcript->soap)=6.00 groundedness(soap->transcript)=35.01
  diff (condensed - original, positive = improved) -- omission(transcript->soap)=0.00 groundedness(soap->transcript)=-4.99
  words: 1763 -> 1399 (reduced by 364, 20.6%)
prim50.txt: run=1 elapsed=2.73s
  original  -- omission(transcript->soap)=4.00 groundedness(soap->transcript)=22.02
  condensed -- omission(transcript->soap)=4.00 groundedness(soap->transcript)=18.05
  diff (condensed - original, positive = improved) -- omission(transcript->soap)=0.00 groundedness(soap->transcript)=-3.97
  words: 1044 -> 599 (reduced by 445, 42.6%)
prim51.txt: run=1 elapsed=3.81s
  original  -- omission(transcript->soap)=3.08 groundedness(soap->transcript)=51.00
  condensed -- omission(transcript->soap)=3.10 groundedness(soap->transcript)=43.00
  diff (condensed - original, positive = improved) -- omission(transcript->soap)=0.02 groundedness(soap->transcript)=-8.00
  words: 1665 -> 1187 (reduced by 478, 28.7%)
prim52.txt: run=1 elapsed=3.36s
  original  -- omission(transcript->soap)=4.01 groundedness(soap->transcript)=37.00
  condensed -- omission(transcript->soap)=4.09 groundedness(soap->transcript)=26.01
  diff (condensed - original, positive = improved) -- omission(transcript->soap)=0.08 groundedness(soap->transcript)=-10.99
  words: 1367 -> 862 (reduced by 505, 36.9%)
prim53.txt: run=1 elapsed=3.55s
  original  -- omission(transcript->soap)=5.00 groundedness(soap->transcript)=34.00
  condensed -- omission(transcript->soap)=5.00 groundedness(soap->transcript)=28.00
  diff (condensed - original, positive = improved) -- omission(transcript->soap)=0.00 groundedness(soap->transcript)=-6.00
  words: 1436 -> 884 (reduced by 552, 38.4%)
prim54.txt: run=1 elapsed=3.72s
  original  -- omission(transcript->soap)=7.00 groundedness(soap->transcript)=38.01
  condensed -- omission(transcript->soap)=7.00 groundedness(soap->transcript)=29.00
  diff (condensed - original, positive = improved) -- omission(transcript->soap)=-0.00 groundedness(soap->transcript)=-9.01
  words: 1502 -> 976 (reduced by 526, 35.0%)
prim55.txt: run=1 elapsed=3.75s
  original  -- omission(transcript->soap)=5.00 groundedness(soap->transcript)=44.00
  condensed -- omission(transcript->soap)=5.00 groundedness(soap->transcript)=34.00
  diff (condensed - original, positive = improved) -- omission(transcript->soap)=0.00 groundedness(soap->transcript)=-10.00
  words: 1715 -> 1226 (reduced by 489, 28.5%)
prim56.txt: run=1 elapsed=4.49s
  original  -- omission(transcript->soap)=7.00 groundedness(soap->transcript)=67.00
  condensed -- omission(transcript->soap)=7.00 groundedness(soap->transcript)=51.00
  diff (condensed - original, positive = improved) -- omission(transcript->soap)=0.00 groundedness(soap->transcript)=-16.00
  words: 2122 -> 1492 (reduced by 630, 29.7%)
prim57.txt: run=1 elapsed=2.28s
  original  -- omission(transcript->soap)=3.01 groundedness(soap->transcript)=21.18
  condensed -- omission(transcript->soap)=3.05 groundedness(soap->transcript)=16.04
  diff (condensed - original, positive = improved) -- omission(transcript->soap)=0.04 groundedness(soap->transcript)=-5.14
  words: 906 -> 505 (reduced by 401, 44.3%)
prim6.txt: run=1 elapsed=4.94s
  original  -- omission(transcript->soap)=3.00 groundedness(soap->transcript)=60.00
  condensed -- omission(transcript->soap)=3.02 groundedness(soap->transcript)=42.04
  diff (condensed - original, positive = improved) -- omission(transcript->soap)=0.02 groundedness(soap->transcript)=-17.96
  words: 2028 -> 1350 (reduced by 678, 33.4%)
prim7.txt: run=1 elapsed=6.29s
  original  -- omission(transcript->soap)=4.00 groundedness(soap->transcript)=56.00
  condensed -- omission(transcript->soap)=4.00 groundedness(soap->transcript)=38.02
  diff (condensed - original, positive = improved) -- omission(transcript->soap)=0.00 groundedness(soap->transcript)=-17.98
  words: 2974 -> 1865 (reduced by 1109, 37.3%)
prim8.txt: run=1 elapsed=3.34s
  original  -- omission(transcript->soap)=3.00 groundedness(soap->transcript)=34.00
  condensed -- omission(transcript->soap)=3.00 groundedness(soap->transcript)=22.05
  diff (condensed - original, positive = improved) -- omission(transcript->soap)=-0.00 groundedness(soap->transcript)=-11.95
  words: 1324 -> 874 (reduced by 450, 34.0%)
prim9.txt: run=1 elapsed=3.86s
  original  -- omission(transcript->soap)=3.00 groundedness(soap->transcript)=34.02
  condensed -- omission(transcript->soap)=3.00 groundedness(soap->transcript)=21.20
  diff (condensed - original, positive = improved) -- omission(transcript->soap)=0.00 groundedness(soap->transcript)=-12.82
  words: 1722 -> 1104 (reduced by 618, 35.9%)
[run 1] avg_elapsed=3.72s avg_diff_transcript_to_soap=0.01 avg_diff_groundedness_soap_in_transcript=-10.89 avg_percent_reduced=32.70

=== NegspacyCondenser Results ===
Files processed: 57
Average elapsed time: 3.72s
Note: diff_* is (condensed - original); positive means condensing IMPROVED that direction (lower raw scores are the stronger signal), negative means it got worse.
Average Original omission (transcript->soap): 4.44
Average Original groundedness (soap->transcript): 45.17
Average Condensed omission (transcript->soap): 4.45
Average Condensed groundedness (soap->transcript): 34.28
Average Diff omission (transcript->soap): 0.01
Average Diff groundedness (soap->transcript): -10.89
Average Original word count: 1631.96
Average Condensed word count: 1105.11
Average Words reduced: 526.86
Average Percent reduced: 32.70
