prim1.txt: run=1 elapsed=1.85s
  original  -- omission(transcript->soap)=3.00 groundedness(soap->transcript)=53.00
  condensed -- omission(transcript->soap)=3.00 groundedness(soap->transcript)=53.00
  diff (condensed - original, positive = improved) -- omission(transcript->soap)=-0.00 groundedness(soap->transcript)=-0.00
  words: 1523 -> 1437 (reduced by 86, 5.6%)
prim10.txt: run=1 elapsed=2.69s
  original  -- omission(transcript->soap)=4.00 groundedness(soap->transcript)=43.00
  condensed -- omission(transcript->soap)=4.00 groundedness(soap->transcript)=43.00
  diff (condensed - original, positive = improved) -- omission(transcript->soap)=0.00 groundedness(soap->transcript)=-0.00
  words: 2031 -> 1997 (reduced by 34, 1.7%)
prim11.txt: run=1 elapsed=2.77s
  original  -- omission(transcript->soap)=2.00 groundedness(soap->transcript)=71.00
  condensed -- omission(transcript->soap)=2.00 groundedness(soap->transcript)=67.00
  diff (condensed - original, positive = improved) -- omission(transcript->soap)=-0.00 groundedness(soap->transcript)=-4.00
  words: 2507 -> 2335 (reduced by 172, 6.9%)
prim12.txt: run=1 elapsed=1.56s
  original  -- omission(transcript->soap)=3.00 groundedness(soap->transcript)=16.43
  condensed -- omission(transcript->soap)=3.00 groundedness(soap->transcript)=16.44
  diff (condensed - original, positive = improved) -- omission(transcript->soap)=0.00 groundedness(soap->transcript)=0.01
  words: 1291 -> 1257 (reduced by 34, 2.6%)
prim13.txt: run=1 elapsed=2.24s
  original  -- omission(transcript->soap)=3.01 groundedness(soap->transcript)=42.04
  condensed -- omission(transcript->soap)=3.01 groundedness(soap->transcript)=42.02
  diff (condensed - original, positive = improved) -- omission(transcript->soap)=-0.00 groundedness(soap->transcript)=-0.01
  words: 1843 -> 1834 (reduced by 9, 0.5%)
prim14.txt: run=1 elapsed=2.35s
  original  -- omission(transcript->soap)=3.00 groundedness(soap->transcript)=46.00
  condensed -- omission(transcript->soap)=3.00 groundedness(soap->transcript)=46.00
  diff (condensed - original, positive = improved) -- omission(transcript->soap)=-0.00 groundedness(soap->transcript)=-0.00
  words: 2067 -> 2053 (reduced by 14, 0.7%)
prim15.txt: run=1 elapsed=1.96s
  original  -- omission(transcript->soap)=4.01 groundedness(soap->transcript)=22.04
  condensed -- omission(transcript->soap)=4.00 groundedness(soap->transcript)=22.00
  diff (condensed - original, positive = improved) -- omission(transcript->soap)=-0.01 groundedness(soap->transcript)=-0.04
  words: 1404 -> 1374 (reduced by 30, 2.1%)
prim16.txt: run=1 elapsed=1.41s
  original  -- omission(transcript->soap)=3.00 groundedness(soap->transcript)=40.01
  condensed -- omission(transcript->soap)=3.00 groundedness(soap->transcript)=35.06
  diff (condensed - original, positive = improved) -- omission(transcript->soap)=-0.00 groundedness(soap->transcript)=-4.95
  words: 1239 -> 1100 (reduced by 139, 11.2%)
prim17.txt: run=1 elapsed=2.03s
  original  -- omission(transcript->soap)=4.00 groundedness(soap->transcript)=37.00
  condensed -- omission(transcript->soap)=4.00 groundedness(soap->transcript)=36.00
  diff (condensed - original, positive = improved) -- omission(transcript->soap)=-0.00 groundedness(soap->transcript)=-1.00
  words: 1829 -> 1761 (reduced by 68, 3.7%)
prim18.txt: run=1 elapsed=1.80s
  original  -- omission(transcript->soap)=5.00 groundedness(soap->transcript)=34.00
  condensed -- omission(transcript->soap)=5.00 groundedness(soap->transcript)=34.00
  diff (condensed - original, positive = improved) -- omission(transcript->soap)=-0.00 groundedness(soap->transcript)=-0.00
  words: 1539 -> 1489 (reduced by 50, 3.2%)
prim19.txt: run=1 elapsed=2.31s
  original  -- omission(transcript->soap)=2.01 groundedness(soap->transcript)=52.00
  condensed -- omission(transcript->soap)=2.01 groundedness(soap->transcript)=52.00
  diff (condensed - original, positive = improved) -- omission(transcript->soap)=0.00 groundedness(soap->transcript)=-0.00
  words: 2011 -> 1906 (reduced by 105, 5.2%)
prim2.txt: run=1 elapsed=2.21s
  original  -- omission(transcript->soap)=3.13 groundedness(soap->transcript)=35.00
  condensed -- omission(transcript->soap)=3.05 groundedness(soap->transcript)=34.00
  diff (condensed - original, positive = improved) -- omission(transcript->soap)=-0.08 groundedness(soap->transcript)=-1.00
  words: 1806 -> 1708 (reduced by 98, 5.4%)
prim20.txt: run=1 elapsed=2.38s
  original  -- omission(transcript->soap)=4.00 groundedness(soap->transcript)=59.48
  condensed -- omission(transcript->soap)=4.00 groundedness(soap->transcript)=59.46
  diff (condensed - original, positive = improved) -- omission(transcript->soap)=0.00 groundedness(soap->transcript)=-0.02
  words: 2044 -> 2031 (reduced by 13, 0.6%)
prim21.txt: run=1 elapsed=2.45s
  original  -- omission(transcript->soap)=5.00 groundedness(soap->transcript)=42.00
  condensed -- omission(transcript->soap)=5.00 groundedness(soap->transcript)=41.00
  diff (condensed - original, positive = improved) -- omission(transcript->soap)=0.00 groundedness(soap->transcript)=-1.00
  words: 2100 -> 2017 (reduced by 83, 4.0%)
prim22.txt: run=1 elapsed=1.97s
  original  -- omission(transcript->soap)=2.01 groundedness(soap->transcript)=25.00
  condensed -- omission(transcript->soap)=2.01 groundedness(soap->transcript)=24.00
  diff (condensed - original, positive = improved) -- omission(transcript->soap)=-0.00 groundedness(soap->transcript)=-1.00
  words: 1469 -> 1427 (reduced by 42, 2.9%)
prim23.txt: run=1 elapsed=2.29s
  original  -- omission(transcript->soap)=4.00 groundedness(soap->transcript)=58.00
  condensed -- omission(transcript->soap)=4.00 groundedness(soap->transcript)=58.00
  diff (condensed - original, positive = improved) -- omission(transcript->soap)=-0.00 groundedness(soap->transcript)=-0.00
  words: 1933 -> 1879 (reduced by 54, 2.8%)
prim24.txt: run=1 elapsed=1.53s
  original  -- omission(transcript->soap)=4.04 groundedness(soap->transcript)=36.00
  condensed -- omission(transcript->soap)=4.04 groundedness(soap->transcript)=35.00
  diff (condensed - original, positive = improved) -- omission(transcript->soap)=0.00 groundedness(soap->transcript)=-1.00
  words: 1139 -> 1084 (reduced by 55, 4.8%)
prim25.txt: run=1 elapsed=2.25s
  original  -- omission(transcript->soap)=5.00 groundedness(soap->transcript)=51.00
  condensed -- omission(transcript->soap)=5.00 groundedness(soap->transcript)=51.00
  diff (condensed - original, positive = improved) -- omission(transcript->soap)=-0.00 groundedness(soap->transcript)=0.00
  words: 1959 -> 1907 (reduced by 52, 2.7%)
prim26.txt: run=1 elapsed=1.69s
  original  -- omission(transcript->soap)=8.00 groundedness(soap->transcript)=46.00
  condensed -- omission(transcript->soap)=8.00 groundedness(soap->transcript)=45.00
  diff (condensed - original, positive = improved) -- omission(transcript->soap)=-0.00 groundedness(soap->transcript)=-1.00
  words: 1362 -> 1285 (reduced by 77, 5.7%)
prim27.txt: run=1 elapsed=1.46s
  original  -- omission(transcript->soap)=10.00 groundedness(soap->transcript)=51.00
  condensed -- omission(transcript->soap)=10.00 groundedness(soap->transcript)=51.00
  diff (condensed - original, positive = improved) -- omission(transcript->soap)=-0.00 groundedness(soap->transcript)=0.00
  words: 1241 -> 1229 (reduced by 12, 1.0%)
prim28.txt: run=1 elapsed=2.43s
  original  -- omission(transcript->soap)=17.00 groundedness(soap->transcript)=103.00
  condensed -- omission(transcript->soap)=17.00 groundedness(soap->transcript)=102.00
  diff (condensed - original, positive = improved) -- omission(transcript->soap)=0.00 groundedness(soap->transcript)=-1.00
  words: 1980 -> 1965 (reduced by 15, 0.8%)
prim29.txt: run=1 elapsed=1.53s
  original  -- omission(transcript->soap)=13.00 groundedness(soap->transcript)=67.00
  condensed -- omission(transcript->soap)=13.00 groundedness(soap->transcript)=65.00
  diff (condensed - original, positive = improved) -- omission(transcript->soap)=0.00 groundedness(soap->transcript)=-2.00
  words: 1195 -> 1143 (reduced by 52, 4.4%)
prim3.txt: run=1 elapsed=2.22s
  original  -- omission(transcript->soap)=3.00 groundedness(soap->transcript)=40.03
  condensed -- omission(transcript->soap)=3.00 groundedness(soap->transcript)=39.03
  diff (condensed - original, positive = improved) -- omission(transcript->soap)=-0.00 groundedness(soap->transcript)=-1.00
  words: 1706 -> 1672 (reduced by 34, 2.0%)
prim30.txt: run=1 elapsed=1.59s
  original  -- omission(transcript->soap)=7.00 groundedness(soap->transcript)=64.00
  condensed -- omission(transcript->soap)=7.00 groundedness(soap->transcript)=63.00
  diff (condensed - original, positive = improved) -- omission(transcript->soap)=0.00 groundedness(soap->transcript)=-1.00
  words: 1184 -> 1127 (reduced by 57, 4.8%)
prim31.txt: run=1 elapsed=1.00s
  original  -- omission(transcript->soap)=3.02 groundedness(soap->transcript)=14.24
  condensed -- omission(transcript->soap)=3.01 groundedness(soap->transcript)=12.41
  diff (condensed - original, positive = improved) -- omission(transcript->soap)=-0.01 groundedness(soap->transcript)=-1.83
  words: 644 -> 597 (reduced by 47, 7.3%)
prim32.txt: run=1 elapsed=1.69s
  original  -- omission(transcript->soap)=7.00 groundedness(soap->transcript)=42.00
  condensed -- omission(transcript->soap)=7.00 groundedness(soap->transcript)=42.00
  diff (condensed - original, positive = improved) -- omission(transcript->soap)=0.00 groundedness(soap->transcript)=0.00
  words: 1252 -> 1223 (reduced by 29, 2.3%)
prim33.txt: run=1 elapsed=1.21s
  original  -- omission(transcript->soap)=4.00 groundedness(soap->transcript)=26.06
  condensed -- omission(transcript->soap)=4.00 groundedness(soap->transcript)=25.08
  diff (condensed - original, positive = improved) -- omission(transcript->soap)=0.00 groundedness(soap->transcript)=-0.98
  words: 986 -> 934 (reduced by 52, 5.3%)
prim34.txt: run=1 elapsed=2.64s
  original  -- omission(transcript->soap)=5.00 groundedness(soap->transcript)=80.00
  condensed -- omission(transcript->soap)=5.00 groundedness(soap->transcript)=79.00
  diff (condensed - original, positive = improved) -- omission(transcript->soap)=0.00 groundedness(soap->transcript)=-1.00
  words: 2209 -> 2159 (reduced by 50, 2.3%)
prim35.txt: run=1 elapsed=1.85s
  original  -- omission(transcript->soap)=4.00 groundedness(soap->transcript)=78.00
  condensed -- omission(transcript->soap)=4.00 groundedness(soap->transcript)=78.00
  diff (condensed - original, positive = improved) -- omission(transcript->soap)=-0.00 groundedness(soap->transcript)=0.00
  words: 1454 -> 1404 (reduced by 50, 3.4%)
prim36.txt: run=1 elapsed=1.95s
  original  -- omission(transcript->soap)=3.00 groundedness(soap->transcript)=53.00
  condensed -- omission(transcript->soap)=3.00 groundedness(soap->transcript)=52.00
  diff (condensed - original, positive = improved) -- omission(transcript->soap)=-0.00 groundedness(soap->transcript)=-1.00
  words: 1403 -> 1334 (reduced by 69, 4.9%)
prim37.txt: run=1 elapsed=1.98s
  original  -- omission(transcript->soap)=4.01 groundedness(soap->transcript)=48.00
  condensed -- omission(transcript->soap)=4.00 groundedness(soap->transcript)=44.00
  diff (condensed - original, positive = improved) -- omission(transcript->soap)=-0.01 groundedness(soap->transcript)=-4.00
  words: 1407 -> 1286 (reduced by 121, 8.6%)
prim38.txt: run=1 elapsed=1.57s
  original  -- omission(transcript->soap)=2.00 groundedness(soap->transcript)=36.05
  condensed -- omission(transcript->soap)=2.00 groundedness(soap->transcript)=34.04
  diff (condensed - original, positive = improved) -- omission(transcript->soap)=0.00 groundedness(soap->transcript)=-2.02
  words: 1137 -> 1056 (reduced by 81, 7.1%)
prim39.txt: run=1 elapsed=1.51s
  original  -- omission(transcript->soap)=4.00 groundedness(soap->transcript)=33.00
  condensed -- omission(transcript->soap)=4.00 groundedness(soap->transcript)=32.00
  diff (condensed - original, positive = improved) -- omission(transcript->soap)=0.00 groundedness(soap->transcript)=-1.00
  words: 1106 -> 1025 (reduced by 81, 7.3%)
prim4.txt: run=1 elapsed=2.24s
  original  -- omission(transcript->soap)=3.00 groundedness(soap->transcript)=42.00
  condensed -- omission(transcript->soap)=3.00 groundedness(soap->transcript)=41.00
  diff (condensed - original, positive = improved) -- omission(transcript->soap)=-0.00 groundedness(soap->transcript)=-1.00
  words: 1820 -> 1735 (reduced by 85, 4.7%)
prim40.txt: run=1 elapsed=2.00s
  original  -- omission(transcript->soap)=4.00 groundedness(soap->transcript)=58.00
  condensed -- omission(transcript->soap)=4.00 groundedness(soap->transcript)=57.00
  diff (condensed - original, positive = improved) -- omission(transcript->soap)=-0.00 groundedness(soap->transcript)=-1.00
  words: 1697 -> 1607 (reduced by 90, 5.3%)
prim41.txt: run=1 elapsed=2.25s
  original  -- omission(transcript->soap)=5.00 groundedness(soap->transcript)=43.00
  condensed -- omission(transcript->soap)=5.01 groundedness(soap->transcript)=43.00
  diff (condensed - original, positive = improved) -- omission(transcript->soap)=0.00 groundedness(soap->transcript)=-0.00
  words: 1807 -> 1747 (reduced by 60, 3.3%)
prim42.txt: run=1 elapsed=2.18s
  original  -- omission(transcript->soap)=2.00 groundedness(soap->transcript)=66.00
  condensed -- omission(transcript->soap)=2.00 groundedness(soap->transcript)=66.00
  diff (condensed - original, positive = improved) -- omission(transcript->soap)=0.00 groundedness(soap->transcript)=-0.00
  words: 1930 -> 1904 (reduced by 26, 1.3%)
prim43.txt: run=1 elapsed=2.44s
  original  -- omission(transcript->soap)=2.00 groundedness(soap->transcript)=33.00
  condensed -- omission(transcript->soap)=2.00 groundedness(soap->transcript)=33.00
  diff (condensed - original, positive = improved) -- omission(transcript->soap)=0.00 groundedness(soap->transcript)=-0.00
  words: 1934 -> 1846 (reduced by 88, 4.6%)
prim44.txt: run=1 elapsed=2.15s
  original  -- omission(transcript->soap)=4.00 groundedness(soap->transcript)=44.00
  condensed -- omission(transcript->soap)=4.00 groundedness(soap->transcript)=44.00
  diff (condensed - original, positive = improved) -- omission(transcript->soap)=0.00 groundedness(soap->transcript)=0.00
  words: 1883 -> 1871 (reduced by 12, 0.6%)
prim45.txt: run=1 elapsed=2.40s
  original  -- omission(transcript->soap)=2.01 groundedness(soap->transcript)=54.00
  condensed -- omission(transcript->soap)=2.02 groundedness(soap->transcript)=54.00
  diff (condensed - original, positive = improved) -- omission(transcript->soap)=0.01 groundedness(soap->transcript)=-0.00
  words: 1864 -> 1801 (reduced by 63, 3.4%)
prim46.txt: run=1 elapsed=1.77s
  original  -- omission(transcript->soap)=4.00 groundedness(soap->transcript)=36.00
  condensed -- omission(transcript->soap)=4.00 groundedness(soap->transcript)=35.00
  diff (condensed - original, positive = improved) -- omission(transcript->soap)=0.00 groundedness(soap->transcript)=-1.00
  words: 1369 -> 1322 (reduced by 47, 3.4%)
prim47.txt: run=1 elapsed=1.77s
  original  -- omission(transcript->soap)=2.00 groundedness(soap->transcript)=10.00
  condensed -- omission(transcript->soap)=2.01 groundedness(soap->transcript)=10.13
  diff (condensed - original, positive = improved) -- omission(transcript->soap)=0.01 groundedness(soap->transcript)=0.13
  words: 1228 -> 1198 (reduced by 30, 2.4%)
prim48.txt: run=1 elapsed=2.75s
  original  -- omission(transcript->soap)=6.00 groundedness(soap->transcript)=62.04
  condensed -- omission(transcript->soap)=6.00 groundedness(soap->transcript)=62.00
  diff (condensed - original, positive = improved) -- omission(transcript->soap)=-0.00 groundedness(soap->transcript)=-0.04
  words: 2512 -> 2478 (reduced by 34, 1.4%)
prim49.txt: run=1 elapsed=1.96s
  original  -- omission(transcript->soap)=5.00 groundedness(soap->transcript)=44.00
  condensed -- omission(transcript->soap)=5.00 groundedness(soap->transcript)=44.00
  diff (condensed - original, positive = improved) -- omission(transcript->soap)=0.00 groundedness(soap->transcript)=-0.00
  words: 1410 -> 1371 (reduced by 39, 2.8%)
prim5.txt: run=1 elapsed=2.16s
  original  -- omission(transcript->soap)=6.00 groundedness(soap->transcript)=40.00
  condensed -- omission(transcript->soap)=6.00 groundedness(soap->transcript)=40.04
  diff (condensed - original, positive = improved) -- omission(transcript->soap)=0.00 groundedness(soap->transcript)=0.03
  words: 1763 -> 1729 (reduced by 34, 1.9%)
prim50.txt: run=1 elapsed=1.47s
  original  -- omission(transcript->soap)=4.00 groundedness(soap->transcript)=22.02
  condensed -- omission(transcript->soap)=4.00 groundedness(soap->transcript)=22.01
  diff (condensed - original, positive = improved) -- omission(transcript->soap)=0.00 groundedness(soap->transcript)=-0.01
  words: 1044 -> 989 (reduced by 55, 5.3%)
prim51.txt: run=1 elapsed=2.21s
  original  -- omission(transcript->soap)=3.08 groundedness(soap->transcript)=51.00
  condensed -- omission(transcript->soap)=3.07 groundedness(soap->transcript)=51.00
  diff (condensed - original, positive = improved) -- omission(transcript->soap)=-0.01 groundedness(soap->transcript)=-0.00
  words: 1665 -> 1597 (reduced by 68, 4.1%)
prim52.txt: run=1 elapsed=1.87s
  original  -- omission(transcript->soap)=4.01 groundedness(soap->transcript)=37.00
  condensed -- omission(transcript->soap)=4.01 groundedness(soap->transcript)=37.00
  diff (condensed - original, positive = improved) -- omission(transcript->soap)=0.00 groundedness(soap->transcript)=-0.00
  words: 1367 -> 1357 (reduced by 10, 0.7%)
prim53.txt: run=1 elapsed=1.91s
  original  -- omission(transcript->soap)=5.00 groundedness(soap->transcript)=34.00
  condensed -- omission(transcript->soap)=5.00 groundedness(soap->transcript)=34.00
  diff (condensed - original, positive = improved) -- omission(transcript->soap)=0.00 groundedness(soap->transcript)=0.00
  words: 1436 -> 1376 (reduced by 60, 4.2%)
prim54.txt: run=1 elapsed=1.89s
  original  -- omission(transcript->soap)=7.00 groundedness(soap->transcript)=38.01
  condensed -- omission(transcript->soap)=7.00 groundedness(soap->transcript)=36.01
  diff (condensed - original, positive = improved) -- omission(transcript->soap)=0.00 groundedness(soap->transcript)=-2.00
  words: 1502 -> 1437 (reduced by 65, 4.3%)
prim55.txt: run=1 elapsed=2.05s
  original  -- omission(transcript->soap)=5.00 groundedness(soap->transcript)=44.00
  condensed -- omission(transcript->soap)=5.00 groundedness(soap->transcript)=44.00
  diff (condensed - original, positive = improved) -- omission(transcript->soap)=0.00 groundedness(soap->transcript)=-0.00
  words: 1715 -> 1696 (reduced by 19, 1.1%)
prim56.txt: run=1 elapsed=2.50s
  original  -- omission(transcript->soap)=7.00 groundedness(soap->transcript)=67.00
  condensed -- omission(transcript->soap)=7.00 groundedness(soap->transcript)=67.00
  diff (condensed - original, positive = improved) -- omission(transcript->soap)=0.00 groundedness(soap->transcript)=-0.00
  words: 2122 -> 2067 (reduced by 55, 2.6%)
prim57.txt: run=1 elapsed=1.40s
  original  -- omission(transcript->soap)=3.01 groundedness(soap->transcript)=21.18
  condensed -- omission(transcript->soap)=3.01 groundedness(soap->transcript)=21.16
  diff (condensed - original, positive = improved) -- omission(transcript->soap)=0.00 groundedness(soap->transcript)=-0.02
  words: 906 -> 877 (reduced by 29, 3.2%)
prim6.txt: run=1 elapsed=2.54s
  original  -- omission(transcript->soap)=3.00 groundedness(soap->transcript)=60.00
  condensed -- omission(transcript->soap)=3.00 groundedness(soap->transcript)=55.00
  diff (condensed - original, positive = improved) -- omission(transcript->soap)=-0.00 groundedness(soap->transcript)=-5.00
  words: 2028 -> 1937 (reduced by 91, 4.5%)
prim7.txt: run=1 elapsed=3.13s
  original  -- omission(transcript->soap)=4.00 groundedness(soap->transcript)=56.00
  condensed -- omission(transcript->soap)=4.00 groundedness(soap->transcript)=54.00
  diff (condensed - original, positive = improved) -- omission(transcript->soap)=-0.00 groundedness(soap->transcript)=-2.00
  words: 2974 -> 2881 (reduced by 93, 3.1%)
prim8.txt: run=1 elapsed=1.74s
  original  -- omission(transcript->soap)=3.00 groundedness(soap->transcript)=34.00
  condensed -- omission(transcript->soap)=3.00 groundedness(soap->transcript)=34.00
  diff (condensed - original, positive = improved) -- omission(transcript->soap)=0.00 groundedness(soap->transcript)=0.00
  words: 1324 -> 1305 (reduced by 19, 1.4%)
prim9.txt: run=1 elapsed=2.07s
  original  -- omission(transcript->soap)=3.00 groundedness(soap->transcript)=34.02
  condensed -- omission(transcript->soap)=3.00 groundedness(soap->transcript)=34.02
  diff (condensed - original, positive = improved) -- omission(transcript->soap)=-0.00 groundedness(soap->transcript)=0.00
  words: 1722 -> 1701 (reduced by 21, 1.2%)
[run 1] avg_elapsed=2.02s avg_diff_transcript_to_soap=-0.00 avg_diff_groundedness_soap_in_transcript=-0.77 avg_percent_reduced=3.59

=== QuickUMLSCondenser Results ===
Files processed: 57
Average elapsed time: 2.02s
Note: diff_* is (condensed - original); positive means condensing IMPROVED that direction (lower raw scores are the stronger signal), negative means it got worse.
Average Original omission (transcript->soap): 4.44
Average Original groundedness (soap->transcript): 45.17
Average Condensed omission (transcript->soap): 4.44
Average Condensed groundedness (soap->transcript): 44.40
Average Diff omission (transcript->soap): -0.00
Average Diff groundedness (soap->transcript): -0.77
Average Original word count: 1631.96
Average Condensed word count: 1576.56
Average Words reduced: 55.40
Average Percent reduced: 3.59
