prim1.txt: run=1 elapsed=1.88s
  original  -- omission(transcript->soap)=3.00 groundedness(soap->transcript)=53.00
  condensed -- omission(transcript->soap)=3.00 groundedness(soap->transcript)=51.00
  diff (condensed - original, positive = improved) -- omission(transcript->soap)=-0.00 groundedness(soap->transcript)=-2.00
  words: 1523 -> 1343 (reduced by 180, 11.8%)
prim10.txt: run=1 elapsed=2.36s
  original  -- omission(transcript->soap)=4.00 groundedness(soap->transcript)=43.00
  condensed -- omission(transcript->soap)=4.00 groundedness(soap->transcript)=32.04
  diff (condensed - original, positive = improved) -- omission(transcript->soap)=0.00 groundedness(soap->transcript)=-10.96
  words: 2031 -> 1621 (reduced by 410, 20.2%)
prim11.txt: run=1 elapsed=2.82s
  original  -- omission(transcript->soap)=2.00 groundedness(soap->transcript)=71.00
  condensed -- omission(transcript->soap)=2.00 groundedness(soap->transcript)=61.00
  diff (condensed - original, positive = improved) -- omission(transcript->soap)=-0.00 groundedness(soap->transcript)=-10.00
  words: 2507 -> 1997 (reduced by 510, 20.3%)
prim12.txt: run=1 elapsed=1.61s
  original  -- omission(transcript->soap)=3.00 groundedness(soap->transcript)=16.43
  condensed -- omission(transcript->soap)=3.00 groundedness(soap->transcript)=16.47
  diff (condensed - original, positive = improved) -- omission(transcript->soap)=0.00 groundedness(soap->transcript)=0.04
  words: 1291 -> 1161 (reduced by 130, 10.1%)
prim13.txt: run=1 elapsed=2.25s
  original  -- omission(transcript->soap)=3.01 groundedness(soap->transcript)=42.04
  condensed -- omission(transcript->soap)=3.00 groundedness(soap->transcript)=37.02
  diff (condensed - original, positive = improved) -- omission(transcript->soap)=-0.00 groundedness(soap->transcript)=-5.02
  words: 1843 -> 1660 (reduced by 183, 9.9%)
prim14.txt: run=1 elapsed=2.53s
  original  -- omission(transcript->soap)=3.00 groundedness(soap->transcript)=46.00
  condensed -- omission(transcript->soap)=3.00 groundedness(soap->transcript)=43.00
  diff (condensed - original, positive = improved) -- omission(transcript->soap)=0.00 groundedness(soap->transcript)=-3.00
  words: 2067 -> 1827 (reduced by 240, 11.6%)
prim15.txt: run=1 elapsed=1.82s
  original  -- omission(transcript->soap)=4.01 groundedness(soap->transcript)=22.04
  condensed -- omission(transcript->soap)=4.00 groundedness(soap->transcript)=22.00
  diff (condensed - original, positive = improved) -- omission(transcript->soap)=-0.01 groundedness(soap->transcript)=-0.04
  words: 1404 -> 1191 (reduced by 213, 15.2%)
prim16.txt: run=1 elapsed=1.49s
  original  -- omission(transcript->soap)=3.00 groundedness(soap->transcript)=40.01
  condensed -- omission(transcript->soap)=3.00 groundedness(soap->transcript)=35.03
  diff (condensed - original, positive = improved) -- omission(transcript->soap)=-0.00 groundedness(soap->transcript)=-4.98
  words: 1239 -> 1057 (reduced by 182, 14.7%)
prim17.txt: run=1 elapsed=2.01s
  original  -- omission(transcript->soap)=4.00 groundedness(soap->transcript)=37.00
  condensed -- omission(transcript->soap)=4.00 groundedness(soap->transcript)=34.00
  diff (condensed - original, positive = improved) -- omission(transcript->soap)=-0.00 groundedness(soap->transcript)=-3.00
  words: 1829 -> 1606 (reduced by 223, 12.2%)
prim18.txt: run=1 elapsed=1.79s
  original  -- omission(transcript->soap)=5.00 groundedness(soap->transcript)=34.00
  condensed -- omission(transcript->soap)=5.00 groundedness(soap->transcript)=33.00
  diff (condensed - original, positive = improved) -- omission(transcript->soap)=-0.00 groundedness(soap->transcript)=-1.00
  words: 1539 -> 1353 (reduced by 186, 12.1%)
prim19.txt: run=1 elapsed=2.41s
  original  -- omission(transcript->soap)=2.01 groundedness(soap->transcript)=52.00
  condensed -- omission(transcript->soap)=2.01 groundedness(soap->transcript)=48.00
  diff (condensed - original, positive = improved) -- omission(transcript->soap)=0.01 groundedness(soap->transcript)=-4.00
  words: 2011 -> 1677 (reduced by 334, 16.6%)
prim2.txt: run=1 elapsed=2.28s
  original  -- omission(transcript->soap)=3.13 groundedness(soap->transcript)=35.00
  condensed -- omission(transcript->soap)=3.03 groundedness(soap->transcript)=31.00
  diff (condensed - original, positive = improved) -- omission(transcript->soap)=-0.09 groundedness(soap->transcript)=-4.00
  words: 1806 -> 1591 (reduced by 215, 11.9%)
prim20.txt: run=1 elapsed=2.49s
  original  -- omission(transcript->soap)=4.00 groundedness(soap->transcript)=59.48
  condensed -- omission(transcript->soap)=4.00 groundedness(soap->transcript)=54.00
  diff (condensed - original, positive = improved) -- omission(transcript->soap)=-0.00 groundedness(soap->transcript)=-5.48
  words: 2044 -> 1779 (reduced by 265, 13.0%)
prim21.txt: run=1 elapsed=2.45s
  original  -- omission(transcript->soap)=5.00 groundedness(soap->transcript)=42.00
  condensed -- omission(transcript->soap)=5.00 groundedness(soap->transcript)=39.00
  diff (condensed - original, positive = improved) -- omission(transcript->soap)=0.00 groundedness(soap->transcript)=-3.00
  words: 2100 -> 1840 (reduced by 260, 12.4%)
prim22.txt: run=1 elapsed=1.88s
  original  -- omission(transcript->soap)=2.01 groundedness(soap->transcript)=25.00
  condensed -- omission(transcript->soap)=2.06 groundedness(soap->transcript)=21.00
  diff (condensed - original, positive = improved) -- omission(transcript->soap)=0.05 groundedness(soap->transcript)=-4.00
  words: 1469 -> 1223 (reduced by 246, 16.7%)
prim23.txt: run=1 elapsed=2.38s
  original  -- omission(transcript->soap)=4.00 groundedness(soap->transcript)=58.00
  condensed -- omission(transcript->soap)=4.00 groundedness(soap->transcript)=55.00
  diff (condensed - original, positive = improved) -- omission(transcript->soap)=0.00 groundedness(soap->transcript)=-3.00
  words: 1933 -> 1609 (reduced by 324, 16.8%)
prim24.txt: run=1 elapsed=1.49s
  original  -- omission(transcript->soap)=4.04 groundedness(soap->transcript)=36.00
  condensed -- omission(transcript->soap)=4.00 groundedness(soap->transcript)=33.00
  diff (condensed - original, positive = improved) -- omission(transcript->soap)=-0.04 groundedness(soap->transcript)=-3.00
  words: 1139 -> 972 (reduced by 167, 14.7%)
prim25.txt: run=1 elapsed=2.34s
  original  -- omission(transcript->soap)=5.00 groundedness(soap->transcript)=51.00
  condensed -- omission(transcript->soap)=5.00 groundedness(soap->transcript)=48.00
  diff (condensed - original, positive = improved) -- omission(transcript->soap)=-0.00 groundedness(soap->transcript)=-3.00
  words: 1959 -> 1722 (reduced by 237, 12.1%)
prim26.txt: run=1 elapsed=1.74s
  original  -- omission(transcript->soap)=8.00 groundedness(soap->transcript)=46.00
  condensed -- omission(transcript->soap)=8.00 groundedness(soap->transcript)=41.00
  diff (condensed - original, positive = improved) -- omission(transcript->soap)=-0.00 groundedness(soap->transcript)=-5.00
  words: 1362 -> 1172 (reduced by 190, 14.0%)
prim27.txt: run=1 elapsed=1.51s
  original  -- omission(transcript->soap)=10.00 groundedness(soap->transcript)=51.00
  condensed -- omission(transcript->soap)=10.00 groundedness(soap->transcript)=43.00
  diff (condensed - original, positive = improved) -- omission(transcript->soap)=-0.00 groundedness(soap->transcript)=-8.00
  words: 1241 -> 1112 (reduced by 129, 10.4%)
prim28.txt: run=1 elapsed=2.45s
  original  -- omission(transcript->soap)=17.00 groundedness(soap->transcript)=103.00
  condensed -- omission(transcript->soap)=17.00 groundedness(soap->transcript)=91.00
  diff (condensed - original, positive = improved) -- omission(transcript->soap)=0.00 groundedness(soap->transcript)=-12.00
  words: 1980 -> 1740 (reduced by 240, 12.1%)
prim29.txt: run=1 elapsed=1.67s
  original  -- omission(transcript->soap)=13.00 groundedness(soap->transcript)=67.00
  condensed -- omission(transcript->soap)=13.00 groundedness(soap->transcript)=55.00
  diff (condensed - original, positive = improved) -- omission(transcript->soap)=0.00 groundedness(soap->transcript)=-12.00
  words: 1195 -> 969 (reduced by 226, 18.9%)
prim3.txt: run=1 elapsed=2.26s
  original  -- omission(transcript->soap)=3.00 groundedness(soap->transcript)=40.03
  condensed -- omission(transcript->soap)=3.00 groundedness(soap->transcript)=36.03
  diff (condensed - original, positive = improved) -- omission(transcript->soap)=-0.00 groundedness(soap->transcript)=-4.00
  words: 1706 -> 1468 (reduced by 238, 14.0%)
prim30.txt: run=1 elapsed=1.58s
  original  -- omission(transcript->soap)=7.00 groundedness(soap->transcript)=64.00
  condensed -- omission(transcript->soap)=7.00 groundedness(soap->transcript)=55.00
  diff (condensed - original, positive = improved) -- omission(transcript->soap)=0.00 groundedness(soap->transcript)=-9.00
  words: 1184 -> 944 (reduced by 240, 20.3%)
prim31.txt: run=1 elapsed=0.86s
  original  -- omission(transcript->soap)=3.02 groundedness(soap->transcript)=14.24
  condensed -- omission(transcript->soap)=3.03 groundedness(soap->transcript)=12.25
  diff (condensed - original, positive = improved) -- omission(transcript->soap)=0.00 groundedness(soap->transcript)=-1.99
  words: 644 -> 554 (reduced by 90, 14.0%)
prim32.txt: run=1 elapsed=1.61s
  original  -- omission(transcript->soap)=7.00 groundedness(soap->transcript)=42.00
  condensed -- omission(transcript->soap)=7.00 groundedness(soap->transcript)=36.00
  diff (condensed - original, positive = improved) -- omission(transcript->soap)=0.00 groundedness(soap->transcript)=-6.00
  words: 1252 -> 1078 (reduced by 174, 13.9%)
prim33.txt: run=1 elapsed=1.37s
  original  -- omission(transcript->soap)=4.00 groundedness(soap->transcript)=26.06
  condensed -- omission(transcript->soap)=4.00 groundedness(soap->transcript)=24.07
  diff (condensed - original, positive = improved) -- omission(transcript->soap)=-0.00 groundedness(soap->transcript)=-1.99
  words: 986 -> 846 (reduced by 140, 14.2%)
prim34.txt: run=1 elapsed=2.53s
  original  -- omission(transcript->soap)=5.00 groundedness(soap->transcript)=80.00
  condensed -- omission(transcript->soap)=5.00 groundedness(soap->transcript)=75.00
  diff (condensed - original, positive = improved) -- omission(transcript->soap)=0.00 groundedness(soap->transcript)=-5.00
  words: 2209 -> 2043 (reduced by 166, 7.5%)
prim35.txt: run=1 elapsed=1.89s
  original  -- omission(transcript->soap)=4.00 groundedness(soap->transcript)=78.00
  condensed -- omission(transcript->soap)=4.00 groundedness(soap->transcript)=76.00
  diff (condensed - original, positive = improved) -- omission(transcript->soap)=0.00 groundedness(soap->transcript)=-2.00
  words: 1454 -> 1323 (reduced by 131, 9.0%)
prim36.txt: run=1 elapsed=1.97s
  original  -- omission(transcript->soap)=3.00 groundedness(soap->transcript)=53.00
  condensed -- omission(transcript->soap)=3.00 groundedness(soap->transcript)=45.00
  diff (condensed - original, positive = improved) -- omission(transcript->soap)=0.00 groundedness(soap->transcript)=-8.00
  words: 1403 -> 1121 (reduced by 282, 20.1%)
prim37.txt: run=1 elapsed=2.09s
  original  -- omission(transcript->soap)=4.01 groundedness(soap->transcript)=48.00
  condensed -- omission(transcript->soap)=4.00 groundedness(soap->transcript)=37.00
  diff (condensed - original, positive = improved) -- omission(transcript->soap)=-0.01 groundedness(soap->transcript)=-11.00
  words: 1407 -> 1049 (reduced by 358, 25.4%)
prim38.txt: run=1 elapsed=1.63s
  original  -- omission(transcript->soap)=2.00 groundedness(soap->transcript)=36.05
  condensed -- omission(transcript->soap)=2.00 groundedness(soap->transcript)=24.01
  diff (condensed - original, positive = improved) -- omission(transcript->soap)=0.00 groundedness(soap->transcript)=-12.04
  words: 1137 -> 832 (reduced by 305, 26.8%)
prim39.txt: run=1 elapsed=1.53s
  original  -- omission(transcript->soap)=4.00 groundedness(soap->transcript)=33.00
  condensed -- omission(transcript->soap)=4.00 groundedness(soap->transcript)=29.00
  diff (condensed - original, positive = improved) -- omission(transcript->soap)=0.00 groundedness(soap->transcript)=-4.00
  words: 1106 -> 916 (reduced by 190, 17.2%)
prim4.txt: run=1 elapsed=2.19s
  original  -- omission(transcript->soap)=3.00 groundedness(soap->transcript)=42.00
  condensed -- omission(transcript->soap)=3.00 groundedness(soap->transcript)=40.00
  diff (condensed - original, positive = improved) -- omission(transcript->soap)=-0.00 groundedness(soap->transcript)=-2.00
  words: 1820 -> 1584 (reduced by 236, 13.0%)
prim40.txt: run=1 elapsed=1.91s
  original  -- omission(transcript->soap)=4.00 groundedness(soap->transcript)=58.00
  condensed -- omission(transcript->soap)=4.00 groundedness(soap->transcript)=55.00
  diff (condensed - original, positive = improved) -- omission(transcript->soap)=-0.00 groundedness(soap->transcript)=-3.00
  words: 1697 -> 1474 (reduced by 223, 13.1%)
prim41.txt: run=1 elapsed=2.49s
  original  -- omission(transcript->soap)=5.00 groundedness(soap->transcript)=43.00
  condensed -- omission(transcript->soap)=5.00 groundedness(soap->transcript)=43.00
  diff (condensed - original, positive = improved) -- omission(transcript->soap)=-0.00 groundedness(soap->transcript)=-0.00
  words: 1807 -> 1659 (reduced by 148, 8.2%)
prim42.txt: run=1 elapsed=2.28s
  original  -- omission(transcript->soap)=2.00 groundedness(soap->transcript)=66.00
  condensed -- omission(transcript->soap)=2.00 groundedness(soap->transcript)=63.00
  diff (condensed - original, positive = improved) -- omission(transcript->soap)=0.00 groundedness(soap->transcript)=-3.00
  words: 1930 -> 1768 (reduced by 162, 8.4%)
prim43.txt: run=1 elapsed=2.72s
  original  -- omission(transcript->soap)=2.00 groundedness(soap->transcript)=33.00
  condensed -- omission(transcript->soap)=2.00 groundedness(soap->transcript)=31.00
  diff (condensed - original, positive = improved) -- omission(transcript->soap)=-0.00 groundedness(soap->transcript)=-2.00
  words: 1934 -> 1685 (reduced by 249, 12.9%)
prim44.txt: run=1 elapsed=2.32s
  original  -- omission(transcript->soap)=4.00 groundedness(soap->transcript)=44.00
  condensed -- omission(transcript->soap)=4.00 groundedness(soap->transcript)=41.00
  diff (condensed - original, positive = improved) -- omission(transcript->soap)=0.00 groundedness(soap->transcript)=-3.00
  words: 1883 -> 1699 (reduced by 184, 9.8%)
prim45.txt: run=1 elapsed=2.35s
  original  -- omission(transcript->soap)=2.01 groundedness(soap->transcript)=54.00
  condensed -- omission(transcript->soap)=2.01 groundedness(soap->transcript)=51.00
  diff (condensed - original, positive = improved) -- omission(transcript->soap)=0.00 groundedness(soap->transcript)=-3.00
  words: 1864 -> 1595 (reduced by 269, 14.4%)
prim46.txt: run=1 elapsed=1.85s
  original  -- omission(transcript->soap)=4.00 groundedness(soap->transcript)=36.00
  condensed -- omission(transcript->soap)=4.00 groundedness(soap->transcript)=32.00
  diff (condensed - original, positive = improved) -- omission(transcript->soap)=0.00 groundedness(soap->transcript)=-4.00
  words: 1369 -> 1221 (reduced by 148, 10.8%)
prim47.txt: run=1 elapsed=1.79s
  original  -- omission(transcript->soap)=2.00 groundedness(soap->transcript)=10.00
  condensed -- omission(transcript->soap)=2.02 groundedness(soap->transcript)=9.08
  diff (condensed - original, positive = improved) -- omission(transcript->soap)=0.02 groundedness(soap->transcript)=-0.92
  words: 1228 -> 980 (reduced by 248, 20.2%)
prim48.txt: run=1 elapsed=2.67s
  original  -- omission(transcript->soap)=6.00 groundedness(soap->transcript)=62.04
  condensed -- omission(transcript->soap)=6.00 groundedness(soap->transcript)=57.00
  diff (condensed - original, positive = improved) -- omission(transcript->soap)=-0.00 groundedness(soap->transcript)=-5.04
  words: 2512 -> 2202 (reduced by 310, 12.3%)
prim49.txt: run=1 elapsed=1.92s
  original  -- omission(transcript->soap)=5.00 groundedness(soap->transcript)=44.00
  condensed -- omission(transcript->soap)=5.00 groundedness(soap->transcript)=37.00
  diff (condensed - original, positive = improved) -- omission(transcript->soap)=-0.00 groundedness(soap->transcript)=-7.00
  words: 1410 -> 1199 (reduced by 211, 15.0%)
prim5.txt: run=1 elapsed=2.10s
  original  -- omission(transcript->soap)=6.00 groundedness(soap->transcript)=40.00
  condensed -- omission(transcript->soap)=6.00 groundedness(soap->transcript)=39.00
  diff (condensed - original, positive = improved) -- omission(transcript->soap)=0.00 groundedness(soap->transcript)=-1.00
  words: 1763 -> 1636 (reduced by 127, 7.2%)
prim50.txt: run=1 elapsed=1.48s
  original  -- omission(transcript->soap)=4.00 groundedness(soap->transcript)=22.02
  condensed -- omission(transcript->soap)=4.00 groundedness(soap->transcript)=18.01
  diff (condensed - original, positive = improved) -- omission(transcript->soap)=0.00 groundedness(soap->transcript)=-4.01
  words: 1044 -> 787 (reduced by 257, 24.6%)
prim51.txt: run=1 elapsed=2.22s
  original  -- omission(transcript->soap)=3.08 groundedness(soap->transcript)=51.00
  condensed -- omission(transcript->soap)=3.09 groundedness(soap->transcript)=46.00
  diff (condensed - original, positive = improved) -- omission(transcript->soap)=0.02 groundedness(soap->transcript)=-5.00
  words: 1665 -> 1427 (reduced by 238, 14.3%)
prim52.txt: run=1 elapsed=1.85s
  original  -- omission(transcript->soap)=4.01 groundedness(soap->transcript)=37.00
  condensed -- omission(transcript->soap)=4.02 groundedness(soap->transcript)=35.00
  diff (condensed - original, positive = improved) -- omission(transcript->soap)=0.01 groundedness(soap->transcript)=-2.00
  words: 1367 -> 1160 (reduced by 207, 15.1%)
prim53.txt: run=1 elapsed=2.23s
  original  -- omission(transcript->soap)=5.00 groundedness(soap->transcript)=34.00
  condensed -- omission(transcript->soap)=5.00 groundedness(soap->transcript)=28.00
  diff (condensed - original, positive = improved) -- omission(transcript->soap)=0.00 groundedness(soap->transcript)=-6.00
  words: 1436 -> 1014 (reduced by 422, 29.4%)
prim54.txt: run=1 elapsed=1.93s
  original  -- omission(transcript->soap)=7.00 groundedness(soap->transcript)=38.01
  condensed -- omission(transcript->soap)=7.00 groundedness(soap->transcript)=35.01
  diff (condensed - original, positive = improved) -- omission(transcript->soap)=-0.00 groundedness(soap->transcript)=-3.00
  words: 1502 -> 1331 (reduced by 171, 11.4%)
prim55.txt: run=1 elapsed=2.12s
  original  -- omission(transcript->soap)=5.00 groundedness(soap->transcript)=44.00
  condensed -- omission(transcript->soap)=5.00 groundedness(soap->transcript)=38.00
  diff (condensed - original, positive = improved) -- omission(transcript->soap)=0.00 groundedness(soap->transcript)=-6.00
  words: 1715 -> 1484 (reduced by 231, 13.5%)
prim56.txt: run=1 elapsed=2.38s
  original  -- omission(transcript->soap)=7.00 groundedness(soap->transcript)=67.00
  condensed -- omission(transcript->soap)=7.00 groundedness(soap->transcript)=61.00
  diff (condensed - original, positive = improved) -- omission(transcript->soap)=0.00 groundedness(soap->transcript)=-6.00
  words: 2122 -> 1916 (reduced by 206, 9.7%)
prim57.txt: run=1 elapsed=1.33s
  original  -- omission(transcript->soap)=3.01 groundedness(soap->transcript)=21.18
  condensed -- omission(transcript->soap)=3.02 groundedness(soap->transcript)=20.23
  diff (condensed - original, positive = improved) -- omission(transcript->soap)=0.02 groundedness(soap->transcript)=-0.95
  words: 906 -> 730 (reduced by 176, 19.4%)
prim6.txt: run=1 elapsed=2.56s
  original  -- omission(transcript->soap)=3.00 groundedness(soap->transcript)=60.00
  condensed -- omission(transcript->soap)=3.00 groundedness(soap->transcript)=45.00
  diff (condensed - original, positive = improved) -- omission(transcript->soap)=0.00 groundedness(soap->transcript)=-15.00
  words: 2028 -> 1616 (reduced by 412, 20.3%)
prim7.txt: run=1 elapsed=3.17s
  original  -- omission(transcript->soap)=4.00 groundedness(soap->transcript)=56.00
  condensed -- omission(transcript->soap)=4.00 groundedness(soap->transcript)=48.00
  diff (condensed - original, positive = improved) -- omission(transcript->soap)=0.00 groundedness(soap->transcript)=-8.00
  words: 2974 -> 2425 (reduced by 549, 18.5%)
prim8.txt: run=1 elapsed=1.86s
  original  -- omission(transcript->soap)=3.00 groundedness(soap->transcript)=34.00
  condensed -- omission(transcript->soap)=3.00 groundedness(soap->transcript)=29.02
  diff (condensed - original, positive = improved) -- omission(transcript->soap)=-0.00 groundedness(soap->transcript)=-4.99
  words: 1324 -> 1045 (reduced by 279, 21.1%)
prim9.txt: run=1 elapsed=2.08s
  original  -- omission(transcript->soap)=3.00 groundedness(soap->transcript)=34.02
  condensed -- omission(transcript->soap)=3.00 groundedness(soap->transcript)=26.04
  diff (condensed - original, positive = improved) -- omission(transcript->soap)=0.00 groundedness(soap->transcript)=-7.98
  words: 1722 -> 1570 (reduced by 152, 8.8%)
[run 1] avg_elapsed=2.05s avg_diff_transcript_to_soap=-0.00 avg_diff_groundedness_soap_in_transcript=-4.81 avg_percent_reduced=14.76

=== QuickUMLSCondenser Results ===
Files processed: 57
Average elapsed time: 2.05s
Note: diff_* is (condensed - original); positive means condensing IMPROVED that direction (lower raw scores are the stronger signal), negative means it got worse.
Average Original omission (transcript->soap): 4.44
Average Original groundedness (soap->transcript): 45.17
Average Condensed omission (transcript->soap): 4.44
Average Condensed groundedness (soap->transcript): 40.36
Average Diff omission (transcript->soap): -0.00
Average Diff groundedness (soap->transcript): -4.81
Average Original word count: 1631.96
Average Condensed word count: 1396.54
Average Words reduced: 235.42
Average Percent reduced: 14.76
