prim1.txt: run=1 elapsed=1.57s
  original  -- omission(transcript->soap)=3.00 groundedness(soap->transcript)=53.00
  condensed -- omission(transcript->soap)=3.00 groundedness(soap->transcript)=50.00
  diff (condensed - original, positive = improved) -- omission(transcript->soap)=0.00 groundedness(soap->transcript)=-3.00
  words: 1523 -> 1286 (reduced by 237, 15.6%)
prim10.txt: run=1 elapsed=2.00s
  original  -- omission(transcript->soap)=4.00 groundedness(soap->transcript)=43.00
  condensed -- omission(transcript->soap)=4.00 groundedness(soap->transcript)=37.03
  diff (condensed - original, positive = improved) -- omission(transcript->soap)=0.00 groundedness(soap->transcript)=-5.97
  words: 2031 -> 1699 (reduced by 332, 16.3%)
prim11.txt: run=1 elapsed=2.33s
  original  -- omission(transcript->soap)=2.00 groundedness(soap->transcript)=71.00
  condensed -- omission(transcript->soap)=2.00 groundedness(soap->transcript)=62.00
  diff (condensed - original, positive = improved) -- omission(transcript->soap)=-0.00 groundedness(soap->transcript)=-9.00
  words: 2507 -> 2077 (reduced by 430, 17.2%)
prim12.txt: run=1 elapsed=1.38s
  original  -- omission(transcript->soap)=3.00 groundedness(soap->transcript)=16.43
  condensed -- omission(transcript->soap)=3.00 groundedness(soap->transcript)=10.14
  diff (condensed - original, positive = improved) -- omission(transcript->soap)=0.00 groundedness(soap->transcript)=-6.29
  words: 1291 -> 1111 (reduced by 180, 13.9%)
prim13.txt: run=1 elapsed=1.85s
  original  -- omission(transcript->soap)=3.01 groundedness(soap->transcript)=42.04
  condensed -- omission(transcript->soap)=3.00 groundedness(soap->transcript)=38.01
  diff (condensed - original, positive = improved) -- omission(transcript->soap)=-0.01 groundedness(soap->transcript)=-4.02
  words: 1843 -> 1611 (reduced by 232, 12.6%)
prim14.txt: run=1 elapsed=1.94s
  original  -- omission(transcript->soap)=3.00 groundedness(soap->transcript)=46.00
  condensed -- omission(transcript->soap)=3.00 groundedness(soap->transcript)=42.00
  diff (condensed - original, positive = improved) -- omission(transcript->soap)=0.00 groundedness(soap->transcript)=-4.00
  words: 2067 -> 1838 (reduced by 229, 11.1%)
prim15.txt: run=1 elapsed=1.63s
  original  -- omission(transcript->soap)=4.01 groundedness(soap->transcript)=22.04
  condensed -- omission(transcript->soap)=4.01 groundedness(soap->transcript)=21.03
  diff (condensed - original, positive = improved) -- omission(transcript->soap)=-0.00 groundedness(soap->transcript)=-1.01
  words: 1404 -> 1145 (reduced by 259, 18.4%)
prim16.txt: run=1 elapsed=1.21s
  original  -- omission(transcript->soap)=3.00 groundedness(soap->transcript)=40.01
  condensed -- omission(transcript->soap)=3.00 groundedness(soap->transcript)=35.01
  diff (condensed - original, positive = improved) -- omission(transcript->soap)=-0.00 groundedness(soap->transcript)=-5.00
  words: 1239 -> 1022 (reduced by 217, 17.5%)
prim17.txt: run=1 elapsed=1.68s
  original  -- omission(transcript->soap)=4.00 groundedness(soap->transcript)=37.00
  condensed -- omission(transcript->soap)=4.00 groundedness(soap->transcript)=34.00
  diff (condensed - original, positive = improved) -- omission(transcript->soap)=-0.00 groundedness(soap->transcript)=-3.00
  words: 1829 -> 1563 (reduced by 266, 14.5%)
prim18.txt: run=1 elapsed=1.52s
  original  -- omission(transcript->soap)=5.00 groundedness(soap->transcript)=34.00
  condensed -- omission(transcript->soap)=5.00 groundedness(soap->transcript)=33.00
  diff (condensed - original, positive = improved) -- omission(transcript->soap)=-0.00 groundedness(soap->transcript)=-1.00
  words: 1539 -> 1320 (reduced by 219, 14.2%)
prim19.txt: run=1 elapsed=1.98s
  original  -- omission(transcript->soap)=2.01 groundedness(soap->transcript)=52.00
  condensed -- omission(transcript->soap)=2.01 groundedness(soap->transcript)=48.00
  diff (condensed - original, positive = improved) -- omission(transcript->soap)=0.00 groundedness(soap->transcript)=-4.00
  words: 2011 -> 1641 (reduced by 370, 18.4%)
prim2.txt: run=1 elapsed=1.87s
  original  -- omission(transcript->soap)=3.13 groundedness(soap->transcript)=35.00
  condensed -- omission(transcript->soap)=3.00 groundedness(soap->transcript)=32.00
  diff (condensed - original, positive = improved) -- omission(transcript->soap)=-0.12 groundedness(soap->transcript)=-3.00
  words: 1806 -> 1608 (reduced by 198, 11.0%)
prim20.txt: run=1 elapsed=2.05s
  original  -- omission(transcript->soap)=4.00 groundedness(soap->transcript)=59.48
  condensed -- omission(transcript->soap)=4.00 groundedness(soap->transcript)=53.00
  diff (condensed - original, positive = improved) -- omission(transcript->soap)=-0.00 groundedness(soap->transcript)=-6.48
  words: 2044 -> 1713 (reduced by 331, 16.2%)
prim21.txt: run=1 elapsed=2.02s
  original  -- omission(transcript->soap)=5.00 groundedness(soap->transcript)=42.00
  condensed -- omission(transcript->soap)=5.00 groundedness(soap->transcript)=38.00
  diff (condensed - original, positive = improved) -- omission(transcript->soap)=0.00 groundedness(soap->transcript)=-4.00
  words: 2100 -> 1771 (reduced by 329, 15.7%)
prim22.txt: run=1 elapsed=1.59s
  original  -- omission(transcript->soap)=2.01 groundedness(soap->transcript)=25.00
  condensed -- omission(transcript->soap)=2.06 groundedness(soap->transcript)=21.00
  diff (condensed - original, positive = improved) -- omission(transcript->soap)=0.05 groundedness(soap->transcript)=-4.00
  words: 1469 -> 1183 (reduced by 286, 19.5%)
prim23.txt: run=1 elapsed=1.98s
  original  -- omission(transcript->soap)=4.00 groundedness(soap->transcript)=58.00
  condensed -- omission(transcript->soap)=4.00 groundedness(soap->transcript)=51.00
  diff (condensed - original, positive = improved) -- omission(transcript->soap)=0.00 groundedness(soap->transcript)=-7.00
  words: 1933 -> 1541 (reduced by 392, 20.3%)
prim24.txt: run=1 elapsed=1.28s
  original  -- omission(transcript->soap)=4.04 groundedness(soap->transcript)=36.00
  condensed -- omission(transcript->soap)=4.00 groundedness(soap->transcript)=32.00
  diff (condensed - original, positive = improved) -- omission(transcript->soap)=-0.04 groundedness(soap->transcript)=-4.00
  words: 1139 -> 915 (reduced by 224, 19.7%)
prim25.txt: run=1 elapsed=1.89s
  original  -- omission(transcript->soap)=5.00 groundedness(soap->transcript)=51.00
  condensed -- omission(transcript->soap)=5.00 groundedness(soap->transcript)=48.00
  diff (condensed - original, positive = improved) -- omission(transcript->soap)=-0.00 groundedness(soap->transcript)=-3.00
  words: 1959 -> 1720 (reduced by 239, 12.2%)
prim26.txt: run=1 elapsed=1.44s
  original  -- omission(transcript->soap)=8.00 groundedness(soap->transcript)=46.00
  condensed -- omission(transcript->soap)=8.00 groundedness(soap->transcript)=41.00
  diff (condensed - original, positive = improved) -- omission(transcript->soap)=-0.00 groundedness(soap->transcript)=-5.00
  words: 1362 -> 1139 (reduced by 223, 16.4%)
prim27.txt: run=1 elapsed=1.21s
  original  -- omission(transcript->soap)=10.00 groundedness(soap->transcript)=51.00
  condensed -- omission(transcript->soap)=10.00 groundedness(soap->transcript)=45.00
  diff (condensed - original, positive = improved) -- omission(transcript->soap)=0.00 groundedness(soap->transcript)=-6.00
  words: 1241 -> 1073 (reduced by 168, 13.5%)
prim28.txt: run=1 elapsed=2.01s
  original  -- omission(transcript->soap)=17.00 groundedness(soap->transcript)=103.00
  condensed -- omission(transcript->soap)=17.00 groundedness(soap->transcript)=92.00
  diff (condensed - original, positive = improved) -- omission(transcript->soap)=0.00 groundedness(soap->transcript)=-11.00
  words: 1980 -> 1661 (reduced by 319, 16.1%)
prim29.txt: run=1 elapsed=1.31s
  original  -- omission(transcript->soap)=13.00 groundedness(soap->transcript)=67.00
  condensed -- omission(transcript->soap)=13.00 groundedness(soap->transcript)=56.00
  diff (condensed - original, positive = improved) -- omission(transcript->soap)=0.00 groundedness(soap->transcript)=-11.00
  words: 1195 -> 938 (reduced by 257, 21.5%)
prim3.txt: run=1 elapsed=1.87s
  original  -- omission(transcript->soap)=3.00 groundedness(soap->transcript)=40.03
  condensed -- omission(transcript->soap)=3.00 groundedness(soap->transcript)=36.03
  diff (condensed - original, positive = improved) -- omission(transcript->soap)=0.00 groundedness(soap->transcript)=-4.00
  words: 1706 -> 1429 (reduced by 277, 16.2%)
prim30.txt: run=1 elapsed=1.24s
  original  -- omission(transcript->soap)=7.00 groundedness(soap->transcript)=64.00
  condensed -- omission(transcript->soap)=7.00 groundedness(soap->transcript)=55.00
  diff (condensed - original, positive = improved) -- omission(transcript->soap)=0.00 groundedness(soap->transcript)=-9.00
  words: 1184 -> 935 (reduced by 249, 21.0%)
prim31.txt: run=1 elapsed=0.72s
  original  -- omission(transcript->soap)=3.02 groundedness(soap->transcript)=14.24
  condensed -- omission(transcript->soap)=3.03 groundedness(soap->transcript)=12.20
  diff (condensed - original, positive = improved) -- omission(transcript->soap)=0.01 groundedness(soap->transcript)=-2.04
  words: 644 -> 516 (reduced by 128, 19.9%)
prim32.txt: run=1 elapsed=1.37s
  original  -- omission(transcript->soap)=7.00 groundedness(soap->transcript)=42.00
  condensed -- omission(transcript->soap)=7.00 groundedness(soap->transcript)=32.01
  diff (condensed - original, positive = improved) -- omission(transcript->soap)=0.00 groundedness(soap->transcript)=-9.99
  words: 1252 -> 1038 (reduced by 214, 17.1%)
prim33.txt: run=1 elapsed=1.05s
  original  -- omission(transcript->soap)=4.00 groundedness(soap->transcript)=26.06
  condensed -- omission(transcript->soap)=4.00 groundedness(soap->transcript)=24.04
  diff (condensed - original, positive = improved) -- omission(transcript->soap)=-0.00 groundedness(soap->transcript)=-2.02
  words: 986 -> 822 (reduced by 164, 16.6%)
prim34.txt: run=1 elapsed=2.84s
  original  -- omission(transcript->soap)=5.00 groundedness(soap->transcript)=80.00
  condensed -- omission(transcript->soap)=5.00 groundedness(soap->transcript)=76.00
  diff (condensed - original, positive = improved) -- omission(transcript->soap)=0.00 groundedness(soap->transcript)=-4.00
  words: 2209 -> 2031 (reduced by 178, 8.1%)
prim35.txt: run=1 elapsed=1.54s
  original  -- omission(transcript->soap)=4.00 groundedness(soap->transcript)=78.00
  condensed -- omission(transcript->soap)=4.00 groundedness(soap->transcript)=77.00
  diff (condensed - original, positive = improved) -- omission(transcript->soap)=-0.00 groundedness(soap->transcript)=-1.00
  words: 1454 -> 1289 (reduced by 165, 11.3%)
prim36.txt: run=1 elapsed=1.66s
  original  -- omission(transcript->soap)=3.00 groundedness(soap->transcript)=53.00
  condensed -- omission(transcript->soap)=3.00 groundedness(soap->transcript)=46.00
  diff (condensed - original, positive = improved) -- omission(transcript->soap)=-0.00 groundedness(soap->transcript)=-7.00
  words: 1403 -> 1074 (reduced by 329, 23.4%)
prim37.txt: run=1 elapsed=1.78s
  original  -- omission(transcript->soap)=4.01 groundedness(soap->transcript)=48.00
  condensed -- omission(transcript->soap)=4.00 groundedness(soap->transcript)=36.00
  diff (condensed - original, positive = improved) -- omission(transcript->soap)=-0.01 groundedness(soap->transcript)=-12.00
  words: 1407 -> 998 (reduced by 409, 29.1%)
prim38.txt: run=1 elapsed=1.33s
  original  -- omission(transcript->soap)=2.00 groundedness(soap->transcript)=36.05
  condensed -- omission(transcript->soap)=2.00 groundedness(soap->transcript)=27.00
  diff (condensed - original, positive = improved) -- omission(transcript->soap)=0.00 groundedness(soap->transcript)=-9.05
  words: 1137 -> 807 (reduced by 330, 29.0%)
prim39.txt: run=1 elapsed=1.22s
  original  -- omission(transcript->soap)=4.00 groundedness(soap->transcript)=33.00
  condensed -- omission(transcript->soap)=4.00 groundedness(soap->transcript)=29.00
  diff (condensed - original, positive = improved) -- omission(transcript->soap)=0.00 groundedness(soap->transcript)=-4.00
  words: 1106 -> 891 (reduced by 215, 19.4%)
prim4.txt: run=1 elapsed=1.79s
  original  -- omission(transcript->soap)=3.00 groundedness(soap->transcript)=42.00
  condensed -- omission(transcript->soap)=3.00 groundedness(soap->transcript)=39.00
  diff (condensed - original, positive = improved) -- omission(transcript->soap)=-0.00 groundedness(soap->transcript)=-3.00
  words: 1820 -> 1563 (reduced by 257, 14.1%)
prim40.txt: run=1 elapsed=1.63s
  original  -- omission(transcript->soap)=4.00 groundedness(soap->transcript)=58.00
  condensed -- omission(transcript->soap)=4.00 groundedness(soap->transcript)=56.00
  diff (condensed - original, positive = improved) -- omission(transcript->soap)=-0.00 groundedness(soap->transcript)=-2.00
  words: 1697 -> 1426 (reduced by 271, 16.0%)
prim41.txt: run=1 elapsed=1.96s
  original  -- omission(transcript->soap)=5.00 groundedness(soap->transcript)=43.00
  condensed -- omission(transcript->soap)=5.00 groundedness(soap->transcript)=43.00
  diff (condensed - original, positive = improved) -- omission(transcript->soap)=-0.00 groundedness(soap->transcript)=-0.00
  words: 1807 -> 1626 (reduced by 181, 10.0%)
prim42.txt: run=1 elapsed=1.83s
  original  -- omission(transcript->soap)=2.00 groundedness(soap->transcript)=66.00
  condensed -- omission(transcript->soap)=2.01 groundedness(soap->transcript)=60.00
  diff (condensed - original, positive = improved) -- omission(transcript->soap)=0.01 groundedness(soap->transcript)=-6.00
  words: 1930 -> 1681 (reduced by 249, 12.9%)
prim43.txt: run=1 elapsed=2.15s
  original  -- omission(transcript->soap)=2.00 groundedness(soap->transcript)=33.00
  condensed -- omission(transcript->soap)=2.00 groundedness(soap->transcript)=30.00
  diff (condensed - original, positive = improved) -- omission(transcript->soap)=-0.00 groundedness(soap->transcript)=-3.00
  words: 1934 -> 1621 (reduced by 313, 16.2%)
prim44.txt: run=1 elapsed=1.89s
  original  -- omission(transcript->soap)=4.00 groundedness(soap->transcript)=44.00
  condensed -- omission(transcript->soap)=4.00 groundedness(soap->transcript)=40.00
  diff (condensed - original, positive = improved) -- omission(transcript->soap)=0.00 groundedness(soap->transcript)=-4.00
  words: 1883 -> 1611 (reduced by 272, 14.4%)
prim45.txt: run=1 elapsed=1.94s
  original  -- omission(transcript->soap)=2.01 groundedness(soap->transcript)=54.00
  condensed -- omission(transcript->soap)=2.00 groundedness(soap->transcript)=49.00
  diff (condensed - original, positive = improved) -- omission(transcript->soap)=-0.00 groundedness(soap->transcript)=-5.00
  words: 1864 -> 1527 (reduced by 337, 18.1%)
prim46.txt: run=1 elapsed=1.46s
  original  -- omission(transcript->soap)=4.00 groundedness(soap->transcript)=36.00
  condensed -- omission(transcript->soap)=4.00 groundedness(soap->transcript)=31.01
  diff (condensed - original, positive = improved) -- omission(transcript->soap)=0.00 groundedness(soap->transcript)=-4.99
  words: 1369 -> 1105 (reduced by 264, 19.3%)
prim47.txt: run=1 elapsed=1.58s
  original  -- omission(transcript->soap)=2.00 groundedness(soap->transcript)=10.00
  condensed -- omission(transcript->soap)=2.03 groundedness(soap->transcript)=9.05
  diff (condensed - original, positive = improved) -- omission(transcript->soap)=0.03 groundedness(soap->transcript)=-0.96
  words: 1228 -> 873 (reduced by 355, 28.9%)
prim48.txt: run=1 elapsed=2.25s
  original  -- omission(transcript->soap)=6.00 groundedness(soap->transcript)=62.04
  condensed -- omission(transcript->soap)=6.00 groundedness(soap->transcript)=59.00
  diff (condensed - original, positive = improved) -- omission(transcript->soap)=-0.00 groundedness(soap->transcript)=-3.04
  words: 2512 -> 2305 (reduced by 207, 8.2%)
prim49.txt: run=1 elapsed=1.63s
  original  -- omission(transcript->soap)=5.00 groundedness(soap->transcript)=44.00
  condensed -- omission(transcript->soap)=5.00 groundedness(soap->transcript)=36.00
  diff (condensed - original, positive = improved) -- omission(transcript->soap)=0.00 groundedness(soap->transcript)=-8.00
  words: 1410 -> 1071 (reduced by 339, 24.0%)
prim5.txt: run=1 elapsed=1.76s
  original  -- omission(transcript->soap)=6.00 groundedness(soap->transcript)=40.00
  condensed -- omission(transcript->soap)=6.00 groundedness(soap->transcript)=39.02
  diff (condensed - original, positive = improved) -- omission(transcript->soap)=0.00 groundedness(soap->transcript)=-0.98
  words: 1763 -> 1603 (reduced by 160, 9.1%)
prim50.txt: run=1 elapsed=1.29s
  original  -- omission(transcript->soap)=4.00 groundedness(soap->transcript)=22.02
  condensed -- omission(transcript->soap)=4.00 groundedness(soap->transcript)=18.01
  diff (condensed - original, positive = improved) -- omission(transcript->soap)=0.00 groundedness(soap->transcript)=-4.01
  words: 1044 -> 751 (reduced by 293, 28.1%)
prim51.txt: run=1 elapsed=1.82s
  original  -- omission(transcript->soap)=3.08 groundedness(soap->transcript)=51.00
  condensed -- omission(transcript->soap)=3.10 groundedness(soap->transcript)=47.00
  diff (condensed - original, positive = improved) -- omission(transcript->soap)=0.02 groundedness(soap->transcript)=-4.00
  words: 1665 -> 1403 (reduced by 262, 15.7%)
prim52.txt: run=1 elapsed=1.57s
  original  -- omission(transcript->soap)=4.01 groundedness(soap->transcript)=37.00
  condensed -- omission(transcript->soap)=4.02 groundedness(soap->transcript)=35.00
  diff (condensed - original, positive = improved) -- omission(transcript->soap)=0.01 groundedness(soap->transcript)=-2.00
  words: 1367 -> 1085 (reduced by 282, 20.6%)
prim53.txt: run=1 elapsed=1.66s
  original  -- omission(transcript->soap)=5.00 groundedness(soap->transcript)=34.00
  condensed -- omission(transcript->soap)=5.00 groundedness(soap->transcript)=28.00
  diff (condensed - original, positive = improved) -- omission(transcript->soap)=0.00 groundedness(soap->transcript)=-6.00
  words: 1436 -> 967 (reduced by 469, 32.7%)
prim54.txt: run=1 elapsed=1.62s
  original  -- omission(transcript->soap)=7.00 groundedness(soap->transcript)=38.01
  condensed -- omission(transcript->soap)=7.00 groundedness(soap->transcript)=34.01
  diff (condensed - original, positive = improved) -- omission(transcript->soap)=-0.00 groundedness(soap->transcript)=-4.00
  words: 1502 -> 1263 (reduced by 239, 15.9%)
prim55.txt: run=1 elapsed=1.79s
  original  -- omission(transcript->soap)=5.00 groundedness(soap->transcript)=44.00
  condensed -- omission(transcript->soap)=5.00 groundedness(soap->transcript)=38.00
  diff (condensed - original, positive = improved) -- omission(transcript->soap)=0.00 groundedness(soap->transcript)=-6.00
  words: 1715 -> 1442 (reduced by 273, 15.9%)
prim56.txt: run=1 elapsed=2.06s
  original  -- omission(transcript->soap)=7.00 groundedness(soap->transcript)=67.00
  condensed -- omission(transcript->soap)=7.00 groundedness(soap->transcript)=63.00
  diff (condensed - original, positive = improved) -- omission(transcript->soap)=0.00 groundedness(soap->transcript)=-4.00
  words: 2122 -> 1915 (reduced by 207, 9.8%)
prim57.txt: run=1 elapsed=1.11s
  original  -- omission(transcript->soap)=3.01 groundedness(soap->transcript)=21.18
  condensed -- omission(transcript->soap)=3.04 groundedness(soap->transcript)=20.16
  diff (condensed - original, positive = improved) -- omission(transcript->soap)=0.03 groundedness(soap->transcript)=-1.02
  words: 906 -> 651 (reduced by 255, 28.1%)
prim6.txt: run=1 elapsed=2.12s
  original  -- omission(transcript->soap)=3.00 groundedness(soap->transcript)=60.00
  condensed -- omission(transcript->soap)=3.00 groundedness(soap->transcript)=44.00
  diff (condensed - original, positive = improved) -- omission(transcript->soap)=-0.00 groundedness(soap->transcript)=-16.00
  words: 2028 -> 1569 (reduced by 459, 22.6%)
prim7.txt: run=1 elapsed=2.59s
  original  -- omission(transcript->soap)=4.00 groundedness(soap->transcript)=56.00
  condensed -- omission(transcript->soap)=4.00 groundedness(soap->transcript)=48.00
  diff (condensed - original, positive = improved) -- omission(transcript->soap)=0.00 groundedness(soap->transcript)=-8.00
  words: 2974 -> 2493 (reduced by 481, 16.2%)
prim8.txt: run=1 elapsed=1.53s
  original  -- omission(transcript->soap)=3.00 groundedness(soap->transcript)=34.00
  condensed -- omission(transcript->soap)=3.00 groundedness(soap->transcript)=28.02
  diff (condensed - original, positive = improved) -- omission(transcript->soap)=-0.00 groundedness(soap->transcript)=-5.98
  words: 1324 -> 1032 (reduced by 292, 22.1%)
prim9.txt: run=1 elapsed=1.70s
  original  -- omission(transcript->soap)=3.00 groundedness(soap->transcript)=34.02
  condensed -- omission(transcript->soap)=3.00 groundedness(soap->transcript)=26.03
  diff (condensed - original, positive = improved) -- omission(transcript->soap)=0.00 groundedness(soap->transcript)=-7.99
  words: 1722 -> 1536 (reduced by 186, 10.8%)
[run 1] avg_elapsed=1.70s avg_diff_transcript_to_soap=-0.00 avg_diff_groundedness_soap_in_transcript=-5.00 avg_percent_reduced=17.42

=== QuickUMLSCondenser Results ===
Files processed: 57
Average elapsed time: 1.70s
Note: diff_* is (condensed - original); positive means condensing IMPROVED that direction (lower raw scores are the stronger signal), negative means it got worse.
Average Original omission (transcript->soap): 4.44
Average Original groundedness (soap->transcript): 45.17
Average Condensed omission (transcript->soap): 4.44
Average Condensed groundedness (soap->transcript): 40.17
Average Diff omission (transcript->soap): -0.00
Average Diff groundedness (soap->transcript): -5.00
Average Original word count: 1631.96
Average Condensed word count: 1360.07
Average Words reduced: 271.89
Average Percent reduced: 17.42
