prim1.txt
  missed - hallucination: inserted sentence from note 11: "No blood in stools."
  added - hallucination: pmh: asthma
dh: inhalers
sh: works as an accountant.
  added - omission: d: left side.
  added - omission: d: come and go.
  added - omission: does the pain move anywhere else, for example towards your back?
  added - omission: no?
  added - omission: and was your vomit, i know it's not a nice thing to talk about, but was it just normal food colour yeah.
  added - omission: d: no, okay.
  added - omission: um, what kind of foods have you managed to eat, if anything?
  added - omission: p: um, just soups, and, uh, yeah, light foods.
  added - omission: p: yeah, so i had takeaway about four days ago, um, uh, but other than that i've, yeah, been, uh, eating normally.
  added - omission: nothing unusual here.
  added - omission: there's no one with the same symptoms.
  added - omission: p: uh, yeah, that's fine.
  added - omission: d: no, okay.
  added - omission: p: uh, yeah, i've been going to work.
  added - omission: d: fine.
  added - omission: so, um, i don't think you need anything like antibiotics.
  added - omission: d: if you are feeling feverish and weak, eh taking some paracetamol, uh, two tablets up to four times a day for the first few days can also help.
prim10.txt
  missed - hallucination: inserted sentence from note 9: "Nil bowel sx
Currently sexually active - with regular partner for 2/12."
  missed - hallucination: inserted sentence from note 9: "Brief episode of haematuria, now resolved."
  missed - hallucination: inserted sentence from note 9: "Abdo pain - cramping, nil radiating 
Nil nausea/vomiting."
  added - omission: d: right excellent, before i go any further, can i confirm your name and your age please?
  added - omission: p: yeah i can hear you, hi.
  added - omission: um, you said you're going to the toilet more often as well, that right?
  added - omission: d: ok, uh of any kind of frank blood?
  added - omission: i mean red blood at all, in your urine?
  added - omission: p: yeah it's kind of at the bottom of my tummy, um, uh mainly when i go to the loo, i think that's when it's worse.
  added - omission: and does the pain move anywhere else?
  added - omission: any temperatures or fevers?
  added - omission: p: uh i, i usually have a bit of problems with my bowels anyway, so i don't think it's any, different, from what it usually is.
  added - omission: p: um, i think i have, um, ibs, um, so i just kinda pass, uh, my bowels like quite, quite a lot.
  added - omission: d: ok, all right but, and you've noticed no new symptoms?
  added - omission: no, no, no new symptoms in your bowels?
  added - omission: d: ok, and um, have you noticed any other discharge from down below?
  added - omission: p: uh yeah, uh i'm um on the pill.
  added - omission: p: i dunno we've just kind of agreed, uh, so um i guess, a week ago, two weeks ago , quite quite .
  added - omission: d: what i'm trying get at is whether um, uh there's any chance you could be pregnant at all.
  added - omission: d: fine, in terms of your general health otherwise at the moment are you, uh eating and drinking ok?
  added - omission: p: uh, yeah, yeah eating drinking ok.
  added - omission: um, i did have one kinda concern i dunno
p: so i i smoked, uh this is quite bad, but i smoked weed for the first time.
  added - omission: p: uh, like a week and a half ago, i i just wondered whether it's related at all, probably not but i just thought i'd get some advice from you.
  added - omission: d: no, ok great.
  added - omission: p: um, so i am living in halls at the moment, uh at uni um, so uh, uh, i'm just living with a flatmate i suppose, um.
  added - omission: p: uh, as i admitted before i tried weed for the first time, uh, but, uh, i don't smoke.
  added - omission: d: sure, uh, and obviously as your doctor i'm here to look after you so yeah i i would strongly recommend you, you know, to avoid if you can.
  added - omission: d: uh, you know you haven't got any other symptoms that, suggest to me that there's anything to worry about, so things like fevers and back pain.
  added - omission: it's probably worth giving us a urine sample today as well if you can, so we can send it off to the lab.
  added - omission: p: ok, ok uh great.
  added - omission: if you have any of those give me a call, ok?
prim11.txt
  missed - hallucination: inserted sentence from note 1: "Lives with wife and children."
  added - hallucination: no weight loss.
  added - omission: p: just connection on the screen.
  added - omission: and it's like just coming out, like loads of it.
  added - omission: have you got any blood in your stools?
  added - omission: there's nothing like that.
  added - omission: and any, any tummy pain?
  added - omission: d: where is this crampy pain?
  added - omission: p: um i i think it it , it feels pretty , like in the middle, to me.
  added - omission: so i, i think it's maybe a
d: is it, is this pain as in making you double over?
  added - omission: and actually, yeah one time i just like had some milk, and i just completely vomited it.
  added - omission: i haven't actually done any temperature reading, or anything like that.
  added - omission: um, fine.
  added - omission: are you keeping your fluids down?
  added - omission: but it just feels like it's going straight through.
  added - omission: p: it just feels like it's going straight through.
  added - omission: and um, i i can't think of any related medical history.
  added - omission: so it could be anything from the mouth anus.
  added - omission: um i dislike um, taking time off work.
  added - omission: um
d: and alcohol?
  added - omission: there's nothing to worry about.
  added - omission: and you can
p: should i just drink like normal water?
  added - omission: but i am obviously worried about the fact that you are losing minerals and vitamins.
  added - omission: so you're saying that i should, i could, uh i'll try and buy this dioralyte.
  added - omission: d: clear fluids.
  added - omission: you can use soft diet, things like soup, mash.
  added - omission: try and avoid alcohol if you can.
  added - omission: thank you very much.
  added - omission: thanks, thanks for helping me out.
prim12.txt
  missed - none
  added - hallucination: no blood in stools.
  added - hallucination: no fever/temp, but feels warm.
  added - hallucination: no unwell contacts 

pmh: asthma 
dh: salbutamol prn 
nkda
fh: father - htn, died of bowel ca.
  added - hallucination: mother - diabetes type 2
sh: lives alone , software engineer.
  added - omission: d: can you hear me ok?
  added - omission: great.
  added - omission: hello there.
  added - omission: d: ok, well i'm sorry to hear that.
  added - omission: and you mentioned you've been um going to the toilet very often.
  added - omission: um with your um, the vomiting has now stopped.
  added - omission: d: is that the blue inhaler?
  added - omission: blue inhaler.
  added - omission: um who, who's at home with you?
  added - omission: and just the last couple of questions with, regarding your smoking and alcohol.
  added - omission: d: the things you can do to really help yourself get better soon, um are you can drink plenty of fluids.
  added - omission: uh, thanks so much.
  added - omission: p: um, no i think that's fine.
  added - omission: p: thanks a lot.
  added - omission: thanks so much, for your time.
prim13.txt
  missed - hallucination: inserted sentence from note 5: "Rx empirically with Abx for UTI
4."
  missed - hallucination: inserted sentence from note 3: "Had visual aura before onset of headaches - zigzag lines in field of vision."
  added - omission: , hello?
  added - omission: d: hello there.
  added - omission: um, thanks for, thanks for, being here.
  added - omission: um, before i go any further, can i uh, confirm your name and your age please?
  added - omission: it's like the first day it just started when i was at work.
  added - omission: p: and by the end of the day it was like pretty, pretty, like it was a lot, basically.
  added - omission: and then i was thinking ok, maybe i'll just go to sleep.
  added - omission: and except for the headaches, any other symptoms at all?
  added - omission: and like now like light is quite annoying, my eyes.
  added - omission: and um, have you had any loss of vision or blurry vision?
  added - omission: it's just like some lights from, shooting lights .
  added - omission: d: any difficulty , with weakness in your arms and legs?
  added - omission: so, i i had to take a couple of days off work, actually.
  added - omission: um, any recent head injuries at all?
  added - omission: um, any temperatures, or fevers?
  added - omission: d: any rashes at all, on your skin?
  added - omission: d: you fit and well?
  added - omission: d: any history of migraines at all?
  added - omission: um, fine.
  added - omission: do you have any allergies to any medications?
  added - omission: but my mom's is like quite bad, um usually when there's like a season changing and stuff like that.
  added - omission: d: have you had any, uh, have you had any recent eye check, done?
  added - omission: eye test?
  added - omission: um i would always recommend having a repeat eye test done.
  added - omission: great.
  added - omission: do you drink or smoke at all?
  added - omission: and i drink only socially.
  added - omission: um at first i thought it's stress, or maybe i didn't drink enough water.
  added - omission: because sometimes when i don't drink enough water, i i like get headaches.
  added - omission: uh
p: usually it gets resolved if i have headache in like, after like one or two days.
  added - omission: d: how many tablets did you take of ibuprofen?
  added - omission: now, my only worry is, i'm not sure whether you're taking, the correct dose.
  added - omission: you can take up to two tablets, three times a day.
  added - omission: um, you know, i want you to give me a call, or come back and see me sooner.
  added - omission: just give me a call, and come back and see me.

 [run 1] precision=0.04 recall=0.42 f1=0.07 avg_elapsed=181.49832132000012

 
=== Evaluation Results ===

 prim1.txt: precision=0.10 recall=0.67 f1=0.17 accuracy=0.10 (TP=2 FP=18 FN=1)

 prim10.txt: precision=0.00 recall=0.00 f1=0.00 accuracy=0.00 (TP=0 FP=28 FN=3)

 prim11.txt: precision=0.03 recall=0.50 f1=0.06 accuracy=0.03 (TP=1 FP=28 FN=1)

 prim12.txt: precision=0.10 recall=1.00 f1=0.17 accuracy=0.10 (TP=2 FP=19 FN=0)

 prim13.txt: precision=0.00 recall=0.00 f1=0.00 accuracy=0.00 (TP=0 FP=35 FN=2)

 
Overall: precision=0.04 recall=0.42 f1=0.07 accuracy=0.04 (TP=5 FP=128 FN=7)

 Average elapsed time: 181.50s
