prim1.txt
  missed - hallucination: inserted sentence from note 11: "No blood in stools."
  missed - omission: Associated LLQ pain - crampy, intermittent, nil radiation.
  missed - omission: No other unwell contacts.
  added - hallucination: 3/7 hx of diarrhea, mainly watery.
  added - hallucination: also vomiting - mainly bilous.
  added - hallucination: fever on first day, nil since.
  added - hallucination: takeaway 4/7 ago - chinese restaurant.
  added - hallucination: wife and children also unwell with vomiting, but no diarrhea.
  added - hallucination: pmh: asthma
dh: inhalers
sh: works as an accountant.
  added - hallucination: affecting his adls as has to be near toilet often.
  added - hallucination: nil smoking/etoh hx

imp: gastroenteritis 

plan:
conservative management - rest, push fluids, paracetamol if feverish.
  added - hallucination: to review in 3-5d if symptoms not improving.
  added - hallucination: to see earlier if feeling more unwell.
prim10.txt
  missed - hallucination: inserted sentence from note 9: "Nil bowel sx
Currently sexually active - with regular partner for 2/12."
  added - hallucination: 1/52 hx of dysuria, frequency and suprapubic pain.
  added - hallucination: noticed urine today was pink, nil frank haematuria.
  added - hallucination: suprapubic pain on pu - aching pain, nil radiating 
nil nausea/vomiting 
nil fevers 
nil new bowel sx 
currently sexually active - long-term partner.
  added - hallucination: lmp 2/52 
e+d well 

pmh: ibs
dh: cocp, mebeverine 
allergic to clindamycin 
fh: nil
sh: lives in student halls, nil smoking, social etoh

imp: uti

plan:
1.
  added - hallucination: urine dip and msu
2.
  added - hallucination: start abx - nitrofurantoin abx for 3/7 
3.
  added - hallucination: review in 1/52 inb, or earlier if worsening sx (fever, back pain, vomiting) nil bowel sx
currently sexually active - with regular partner for 2/12.
prim11.txt
  missed - hallucination: inserted sentence from note 1: "Lives with wife and children."
  missed - omission: 3/7 hx of diarrhea - watery stools, opening bowels every hour.
  added - hallucination: assoc crampy abdo pain - central, intermittent, severity 6/10.
  added - hallucination: feeling feverish, hot/cold
nil urinary sx - passing less urine .
  added - hallucination: brother also had similar sx - improving 
tolerating oral intake 

pmh: nil
dh: nil regular 
nkda
fh: father - colon ca 
sh: lives with sister and mum.
  added - hallucination: smokes socially, etoh - socially 

imp: gastroenteritis 

plan:
1.
  added - hallucination: encourage soft diet
4.
  added - hallucination: review in 48 hours, or earlier if worsening sx
prim12.txt
  missed - omission: No headaches/muscle pain.
  added - hallucination: 3/7 hx ago developed vomiting.
  added - hallucination: no unwell contacts 

pmh: asthma 
dh: salbutamol prn 
nkda
fh: father - htn, died of bowel ca.
  added - hallucination: mother - diabetes type 2
sh: lives alone , software engineer.
  added - hallucination: nil smoking, social etoh

imp: gastroenteritis 

plan:
1.
  added - hallucination: supportive mx - rest, fluids
2.
  added - hallucination: review in 3-5d inb, or earlier if worsening sx (diarrhea, vomiting, abdo pain, reduced oral intake)
prim13.txt
  missed - none
  added - hallucination: 3/7 hx developed headache - all over of my head and mainly over right eye.
  added - hallucination: constant, severity 8/10, dull ache with associated sharp pain, gradual onset.
  added - hallucination: has tried ibuprofen with limited relief.
  added - hallucination: no visual sx
visual aura prior to headaches.
  added - hallucination: socially smoke/etoh 

ice: ?related to stress/dehydration.
  added - hallucination: imp: migraines 

plan:
1.
  added - hallucination: review in 1/52 - discuss prophylactic rx if necessary
4.
  added - hallucination: patient aware of red flag sx - knows to seek urgent medical attention if present

 [run 1] precision=0.12 recall=0.42 f1=0.19 avg_elapsed=0.0
prim1.txt
  missed - hallucination: inserted sentence from note 11: "No blood in stools."
  missed - omission: Associated LLQ pain - crampy, intermittent, nil radiation.
  missed - omission: No other unwell contacts.
  added - hallucination: 3/7 hx of diarrhea, mainly watery.
  added - hallucination: also vomiting - mainly bilous.
  added - hallucination: fever on first day, nil since.
  added - hallucination: takeaway 4/7 ago - chinese restaurant.
  added - hallucination: wife and children also unwell with vomiting, but no diarrhea.
  added - hallucination: pmh: asthma
dh: inhalers
sh: works as an accountant.
  added - hallucination: affecting his adls as has to be near toilet often.
  added - hallucination: nil smoking/etoh hx

imp: gastroenteritis 

plan:
conservative management - rest, push fluids, paracetamol if feverish.
  added - hallucination: to review in 3-5d if symptoms not improving.
  added - hallucination: to see earlier if feeling more unwell.
prim10.txt
  missed - hallucination: inserted sentence from note 9: "Nil bowel sx
Currently sexually active - with regular partner for 2/12."
  added - hallucination: 1/52 hx of dysuria, frequency and suprapubic pain.
  added - hallucination: noticed urine today was pink, nil frank haematuria.
  added - hallucination: suprapubic pain on pu - aching pain, nil radiating 
nil nausea/vomiting 
nil fevers 
nil new bowel sx 
currently sexually active - long-term partner.
  added - hallucination: lmp 2/52 
e+d well 

pmh: ibs
dh: cocp, mebeverine 
allergic to clindamycin 
fh: nil
sh: lives in student halls, nil smoking, social etoh

imp: uti

plan:
1.
  added - hallucination: urine dip and msu
2.
  added - hallucination: start abx - nitrofurantoin abx for 3/7 
3.
  added - hallucination: review in 1/52 inb, or earlier if worsening sx (fever, back pain, vomiting) nil bowel sx
currently sexually active - with regular partner for 2/12.
prim11.txt
  missed - hallucination: inserted sentence from note 1: "Lives with wife and children."
  missed - omission: 3/7 hx of diarrhea - watery stools, opening bowels every hour.
  added - hallucination: assoc crampy abdo pain - central, intermittent, severity 6/10.
  added - hallucination: feeling feverish, hot/cold
nil urinary sx - passing less urine .
  added - hallucination: brother also had similar sx - improving 
tolerating oral intake 

pmh: nil
dh: nil regular 
nkda
fh: father - colon ca 
sh: lives with sister and mum.
  added - hallucination: smokes socially, etoh - socially 

imp: gastroenteritis 

plan:
1.
  added - hallucination: encourage soft diet
4.
  added - hallucination: review in 48 hours, or earlier if worsening sx
prim12.txt
  missed - omission: No headaches/muscle pain.
  added - hallucination: 3/7 hx ago developed vomiting.
  added - hallucination: no unwell contacts 

pmh: asthma 
dh: salbutamol prn 
nkda
fh: father - htn, died of bowel ca.
  added - hallucination: mother - diabetes type 2
sh: lives alone , software engineer.
  added - hallucination: nil smoking, social etoh

imp: gastroenteritis 

plan:
1.
  added - hallucination: supportive mx - rest, fluids
2.
  added - hallucination: review in 3-5d inb, or earlier if worsening sx (diarrhea, vomiting, abdo pain, reduced oral intake)
prim13.txt
  missed - none
  added - hallucination: 3/7 hx developed headache - all over of my head and mainly over right eye.
  added - hallucination: constant, severity 8/10, dull ache with associated sharp pain, gradual onset.
  added - hallucination: has tried ibuprofen with limited relief.
  added - hallucination: no visual sx
visual aura prior to headaches.
  added - hallucination: socially smoke/etoh 

ice: ?related to stress/dehydration.
  added - hallucination: imp: migraines 

plan:
1.
  added - hallucination: review in 1/52 - discuss prophylactic rx if necessary
4.
  added - hallucination: patient aware of red flag sx - knows to seek urgent medical attention if present

 [run 1] precision=0.12 recall=0.42 f1=0.19 avg_elapsed=0.0
prim1.txt
  missed - hallucination: inserted sentence from note 11: "No blood in stools."
  missed - omission: Associated LLQ pain - crampy, intermittent, nil radiation.
  missed - omission: No other unwell contacts.
  added - hallucination: 3/7 hx of diarrhea, mainly watery.
  added - hallucination: also vomiting - mainly bilous.
  added - hallucination: fever on first day, nil since.
  added - hallucination: has been feeling lethargic and weak since.
  added - hallucination: takeaway 4/7 ago - chinese restaurant.
  added - hallucination: wife and children also unwell with vomiting, but no diarrhea.
  added - hallucination: pmh: asthma
dh: inhalers
sh: works as an accountant.
  added - hallucination: affecting his adls as has to be near toilet often.
  added - hallucination: nil smoking/etoh hx

imp: gastroenteritis 

plan:
conservative management - rest, push fluids, paracetamol if feverish.
  added - hallucination: to review in 3-5d if symptoms not improving.
  added - hallucination: to see earlier if feeling more unwell.
prim10.txt
  missed - hallucination: inserted sentence from note 9: "Nil bowel sx
Currently sexually active - with regular partner for 2/12."
  added - hallucination: 1/52 hx of dysuria, frequency and suprapubic pain.
  added - hallucination: noticed urine today was pink, nil frank haematuria.
  added - hallucination: suprapubic pain on pu - aching pain, nil radiating 
nil nausea/vomiting 
nil fevers 
nil new bowel sx 
currently sexually active - long-term partner.
  added - hallucination: lmp 2/52 
e+d well 

pmh: ibs
dh: cocp, mebeverine 
allergic to clindamycin 
fh: nil
sh: lives in student halls, nil smoking, social etoh

imp: uti

plan:
1.
  added - hallucination: urine dip and msu
2.
  added - hallucination: start abx - nitrofurantoin abx for 3/7 
3.
  added - hallucination: review in 1/52 inb, or earlier if worsening sx (fever, back pain, vomiting) nil bowel sx
currently sexually active - with regular partner for 2/12.
prim11.txt
  missed - hallucination: inserted sentence from note 1: "Lives with wife and children."
  missed - omission: 3/7 hx of diarrhea - watery stools, opening bowels every hour.
  added - hallucination: assoc crampy abdo pain - central, intermittent, severity 6/10.
  added - hallucination: feeling feverish, hot/cold
nil urinary sx - passing less urine .
  added - hallucination: brother also had similar sx - improving 
tolerating oral intake 

pmh: nil
dh: nil regular 
nkda
fh: father - colon ca 
sh: lives with sister and mum.
  added - hallucination: smokes socially, etoh - socially 

imp: gastroenteritis 

plan:
1.
  added - hallucination: encourage soft diet
4.
  added - hallucination: review in 48 hours, or earlier if worsening sx
prim12.txt
  missed - omission: No headaches/muscle pain.
  added - hallucination: 3/7 hx ago developed vomiting.
  added - hallucination: no unwell contacts 

pmh: asthma 
dh: salbutamol prn 
nkda
fh: father - htn, died of bowel ca.
  added - hallucination: mother - diabetes type 2
sh: lives alone , software engineer.
  added - hallucination: nil smoking, social etoh

imp: gastroenteritis 

plan:
1.
  added - hallucination: supportive mx - rest, fluids
2.
  added - hallucination: review in 3-5d inb, or earlier if worsening sx (diarrhea, vomiting, abdo pain, reduced oral intake)
prim13.txt
  missed - none
  added - hallucination: 3/7 hx developed headache - all over of my head and mainly over right eye.
  added - hallucination: constant, severity 8/10, dull ache with associated sharp pain, gradual onset.
  added - hallucination: has tried ibuprofen with limited relief.
  added - hallucination: no visual sx
visual aura prior to headaches.
  added - hallucination: socially smoke/etoh 

ice: ?related to stress/dehydration.
  added - hallucination: imp: migraines 

plan:
1.
  added - hallucination: review in 1/52 - discuss prophylactic rx if necessary
4.
  added - hallucination: patient aware of red flag sx - knows to seek urgent medical attention if present

 [run 1] precision=0.12 recall=0.42 f1=0.18 avg_elapsed=0.0
prim1.txt
  missed - hallucination: inserted sentence from note 11: "No blood in stools."
  missed - omission: Associated LLQ pain - crampy, intermittent, nil radiation.
  missed - omission: No other unwell contacts.
  added - hallucination: 3/7 hx of diarrhea, mainly watery.
  added - hallucination: also vomiting - mainly bilous.
  added - hallucination: fever on first day, nil since.
  added - hallucination: has been feeling lethargic and weak since.
  added - hallucination: takeaway 4/7 ago - chinese restaurant.
  added - hallucination: wife and children also unwell with vomiting, but no diarrhea.
  added - hallucination: pmh: asthma
dh: inhalers
sh: works as an accountant.
  added - hallucination: affecting his adls as has to be near toilet often.
  added - hallucination: nil smoking/etoh hx

imp: gastroenteritis 

plan:
conservative management - rest, push fluids, paracetamol if feverish.
  added - hallucination: to review in 3-5d if symptoms not improving.
  added - hallucination: to see earlier if feeling more unwell.
prim10.txt
  missed - hallucination: inserted sentence from note 9: "Nil bowel sx
Currently sexually active - with regular partner for 2/12."
  added - hallucination: 1/52 hx of dysuria, frequency and suprapubic pain.
  added - hallucination: noticed urine today was pink, nil frank haematuria.
  added - hallucination: suprapubic pain on pu - aching pain, nil radiating 
nil nausea/vomiting 
nil fevers 
nil new bowel sx 
currently sexually active - long-term partner.
  added - hallucination: lmp 2/52 
e+d well 

pmh: ibs
dh: cocp, mebeverine 
allergic to clindamycin 
fh: nil
sh: lives in student halls, nil smoking, social etoh

imp: uti

plan:
1.
  added - hallucination: urine dip and msu
2.
  added - hallucination: start abx - nitrofurantoin abx for 3/7 
3.
  added - hallucination: review in 1/52 inb, or earlier if worsening sx (fever, back pain, vomiting) nil bowel sx
currently sexually active - with regular partner for 2/12.
prim11.txt
  missed - hallucination: inserted sentence from note 1: "Lives with wife and children."
  missed - omission: 3/7 hx of diarrhea - watery stools, opening bowels every hour.
  added - hallucination: assoc crampy abdo pain - central, intermittent, severity 6/10.
  added - hallucination: feeling feverish, hot/cold
nil urinary sx - passing less urine .
  added - hallucination: brother also had similar sx - improving 
tolerating oral intake 

pmh: nil
dh: nil regular 
nkda
fh: father - colon ca 
sh: lives with sister and mum.
  added - hallucination: smokes socially, etoh - socially 

imp: gastroenteritis 

plan:
1.
  added - hallucination: encourage soft diet
4.
  added - hallucination: review in 48 hours, or earlier if worsening sx
prim12.txt
  missed - omission: No headaches/muscle pain.
  added - hallucination: 3/7 hx ago developed vomiting.
  added - hallucination: no unwell contacts 

pmh: asthma 
dh: salbutamol prn 
nkda
fh: father - htn, died of bowel ca.
  added - hallucination: mother - diabetes type 2
sh: lives alone , software engineer.
  added - hallucination: nil smoking, social etoh

imp: gastroenteritis 

plan:
1.
  added - hallucination: supportive mx - rest, fluids
2.
  added - hallucination: review in 3-5d inb, or earlier if worsening sx (diarrhea, vomiting, abdo pain, reduced oral intake)
prim13.txt
  missed - none
  added - hallucination: 3/7 hx developed headache - all over of my head and mainly over right eye.
  added - hallucination: constant, severity 8/10, dull ache with associated sharp pain, gradual onset.
  added - hallucination: has tried ibuprofen with limited relief.
  added - hallucination: no visual sx
visual aura prior to headaches.
  added - hallucination: feels nauseous, no vomiting
no neck pain/stiffness
no speech disturbances 
no arm or leg weakness
no head injury 
no fevers
no rashes 

pmh: nil 
dh: nil
nkda
fh: mother and sister - migraines
sh: lives with housemates, works in it, wears glasses, denies stress.
  added - hallucination: socially smoke/etoh 

ice: ?related to stress/dehydration.
  added - hallucination: imp: migraines 

plan:
1.
  added - hallucination: review in 1/52 - discuss prophylactic rx if necessary
4.
  added - hallucination: patient aware of red flag sx - knows to seek urgent medical attention if present

 [run 1] precision=0.11 recall=0.42 f1=0.18 avg_elapsed=0.0
prim1.txt
  missed - hallucination: inserted sentence from note 11: "No blood in stools."
  missed - omission: Associated LLQ pain - crampy, intermittent, nil radiation.
  missed - omission: No other unwell contacts.
  added - hallucination: 3/7 hx of diarrhea, mainly watery.
  added - hallucination: also vomiting - mainly bilous.
  added - hallucination: fever on first day, nil since.
  added - hallucination: has been feeling lethargic and weak since.
  added - hallucination: takeaway 4/7 ago - chinese restaurant.
  added - hallucination: wife and children also unwell with vomiting, but no diarrhea.
  added - hallucination: pmh: asthma
dh: inhalers
sh: works as an accountant.
  added - hallucination: lives with wife and children.
  added - hallucination: affecting his adls as has to be near toilet often.
  added - hallucination: nil smoking/etoh hx

imp: gastroenteritis 

plan:
conservative management - rest, push fluids, paracetamol if feverish.
  added - hallucination: to review in 3-5d if symptoms not improving.
  added - hallucination: to see earlier if feeling more unwell.
prim10.txt
  missed - hallucination: inserted sentence from note 9: "Nil bowel sx
Currently sexually active - with regular partner for 2/12."
  added - hallucination: 1/52 hx of dysuria, frequency and suprapubic pain.
  added - hallucination: noticed urine today was pink, nil frank haematuria.
  added - hallucination: suprapubic pain on pu - aching pain, nil radiating 
nil nausea/vomiting 
nil fevers 
nil new bowel sx 
currently sexually active - long-term partner.
  added - hallucination: lmp 2/52 
e+d well 

pmh: ibs
dh: cocp, mebeverine 
allergic to clindamycin 
fh: nil
sh: lives in student halls, nil smoking, social etoh

imp: uti

plan:
1.
  added - hallucination: urine dip and msu
2.
  added - hallucination: start abx - nitrofurantoin abx for 3/7 
3.
  added - hallucination: review in 1/52 inb, or earlier if worsening sx (fever, back pain, vomiting) nil bowel sx
currently sexually active - with regular partner for 2/12.
prim11.txt
  missed - hallucination: inserted sentence from note 1: "Lives with wife and children."
  missed - omission: 3/7 hx of diarrhea - watery stools, opening bowels every hour.
  added - hallucination: assoc crampy abdo pain - central, intermittent, severity 6/10.
  added - hallucination: feeling feverish, hot/cold
nil urinary sx - passing less urine .
  added - hallucination: brother also had similar sx - improving 
tolerating oral intake 

pmh: nil
dh: nil regular 
nkda
fh: father - colon ca 
sh: lives with sister and mum.
  added - hallucination: smokes socially, etoh - socially 

imp: gastroenteritis 

plan:
1.
  added - hallucination: encourage soft diet
4.
  added - hallucination: review in 48 hours, or earlier if worsening sx
prim12.txt
  missed - omission: No headaches/muscle pain.
  added - hallucination: 3/7 hx ago developed vomiting.
  added - hallucination: not drinking sufficient fluids.
  added - hallucination: no unwell contacts 

pmh: asthma 
dh: salbutamol prn 
nkda
fh: father - htn, died of bowel ca.
  added - hallucination: mother - diabetes type 2
sh: lives alone , software engineer.
  added - hallucination: nil smoking, social etoh

imp: gastroenteritis 

plan:
1.
  added - hallucination: supportive mx - rest, fluids
2.
  added - hallucination: review in 3-5d inb, or earlier if worsening sx (diarrhea, vomiting, abdo pain, reduced oral intake)
prim13.txt
  missed - none
  added - hallucination: 3/7 hx developed headache - all over of my head and mainly over right eye.
  added - hallucination: constant, severity 8/10, dull ache with associated sharp pain, gradual onset.
  added - hallucination: has tried ibuprofen with limited relief.
  added - hallucination: no visual sx
visual aura prior to headaches.
  added - hallucination: feels nauseous, no vomiting
no neck pain/stiffness
no speech disturbances 
no arm or leg weakness
no head injury 
no fevers
no rashes 

pmh: nil 
dh: nil
nkda
fh: mother and sister - migraines
sh: lives with housemates, works in it, wears glasses, denies stress.
  added - hallucination: socially smoke/etoh 

ice: ?related to stress/dehydration.
  added - hallucination: imp: migraines 

plan:
1.
  added - hallucination: review in 1/52 - discuss prophylactic rx if necessary
4.
  added - hallucination: patient aware of red flag sx - knows to seek urgent medical attention if present

 [run 1] precision=0.11 recall=0.42 f1=0.17 avg_elapsed=0.0
prim1.txt
  missed - hallucination: inserted sentence from note 11: "No blood in stools."
  missed - omission: Associated LLQ pain - crampy, intermittent, nil radiation.
  missed - omission: No other unwell contacts.
  added - hallucination: 3/7 hx of diarrhea, mainly watery.
  added - hallucination: also vomiting - mainly bilous.
  added - hallucination: fever on first day, nil since.
  added - hallucination: has been feeling lethargic and weak since.
  added - hallucination: takeaway 4/7 ago - chinese restaurant.
  added - hallucination: wife and children also unwell with vomiting, but no diarrhea.
  added - hallucination: pmh: asthma
dh: inhalers
sh: works as an accountant.
  added - hallucination: lives with wife and children.
  added - hallucination: affecting his adls as has to be near toilet often.
  added - hallucination: nil smoking/etoh hx

imp: gastroenteritis 

plan:
conservative management - rest, push fluids, paracetamol if feverish.
  added - hallucination: to review in 3-5d if symptoms not improving.
  added - hallucination: to see earlier if feeling more unwell.
prim10.txt
  missed - hallucination: inserted sentence from note 9: "Nil bowel sx
Currently sexually active - with regular partner for 2/12."
  added - hallucination: 1/52 hx of dysuria, frequency and suprapubic pain.
  added - hallucination: noticed urine today was pink, nil frank haematuria.
  added - hallucination: suprapubic pain on pu - aching pain, nil radiating 
nil nausea/vomiting 
nil fevers 
nil new bowel sx 
currently sexually active - long-term partner.
  added - hallucination: lmp 2/52 
e+d well 

pmh: ibs
dh: cocp, mebeverine 
allergic to clindamycin 
fh: nil
sh: lives in student halls, nil smoking, social etoh

imp: uti

plan:
1.
  added - hallucination: urine dip and msu
2.
  added - hallucination: start abx - nitrofurantoin abx for 3/7 
3.
  added - hallucination: review in 1/52 inb, or earlier if worsening sx (fever, back pain, vomiting) nil bowel sx
currently sexually active - with regular partner for 2/12.
prim11.txt
  missed - hallucination: inserted sentence from note 1: "Lives with wife and children."
  missed - omission: 3/7 hx of diarrhea - watery stools, opening bowels every hour.
  added - hallucination: assoc crampy abdo pain - central, intermittent, severity 6/10.
  added - hallucination: feeling feverish, hot/cold
nil urinary sx - passing less urine .
  added - hallucination: brother also had similar sx - improving 
tolerating oral intake 

pmh: nil
dh: nil regular 
nkda
fh: father - colon ca 
sh: lives with sister and mum.
  added - hallucination: smokes socially, etoh - socially 

imp: gastroenteritis 

plan:
1.
  added - hallucination: encourage soft diet
4.
  added - hallucination: review in 48 hours, or earlier if worsening sx
prim12.txt
  missed - omission: No headaches/muscle pain.
  added - hallucination: 3/7 hx ago developed vomiting.
  added - hallucination: not drinking sufficient fluids.
  added - hallucination: no unwell contacts 

pmh: asthma 
dh: salbutamol prn 
nkda
fh: father - htn, died of bowel ca.
  added - hallucination: mother - diabetes type 2
sh: lives alone , software engineer.
  added - hallucination: nil smoking, social etoh

imp: gastroenteritis 

plan:
1.
  added - hallucination: supportive mx - rest, fluids
2.
  added - hallucination: review in 3-5d inb, or earlier if worsening sx (diarrhea, vomiting, abdo pain, reduced oral intake)
prim13.txt
  missed - none
  added - hallucination: 3/7 hx developed headache - all over of my head and mainly over right eye.
  added - hallucination: constant, severity 8/10, dull ache with associated sharp pain, gradual onset.
  added - hallucination: has tried ibuprofen with limited relief.
  added - hallucination: no visual sx
visual aura prior to headaches.
  added - hallucination: feels nauseous, no vomiting
no neck pain/stiffness
no speech disturbances 
no arm or leg weakness
no head injury 
no fevers
no rashes 

pmh: nil 
dh: nil
nkda
fh: mother and sister - migraines
sh: lives with housemates, works in it, wears glasses, denies stress.
  added - hallucination: socially smoke/etoh 

ice: ?related to stress/dehydration.
  added - hallucination: imp: migraines 

plan:
1.
  added - hallucination: review in 1/52 - discuss prophylactic rx if necessary
4.
  added - hallucination: patient aware of red flag sx - knows to seek urgent medical attention if present

 [run 1] precision=0.11 recall=0.42 f1=0.17 avg_elapsed=0.0
prim1.txt
  missed - hallucination: inserted sentence from note 11: "No blood in stools."
  missed - omission: Associated LLQ pain - crampy, intermittent, nil radiation.
  missed - omission: No other unwell contacts.
  added - hallucination: 3/7 hx of diarrhea, mainly watery.
  added - hallucination: also vomiting - mainly bilous.
  added - hallucination: fever on first day, nil since.
  added - hallucination: has been feeling lethargic and weak since.
  added - hallucination: takeaway 4/7 ago - chinese restaurant.
  added - hallucination: wife and children also unwell with vomiting, but no diarrhea.
  added - hallucination: pmh: asthma
dh: inhalers
sh: works as an accountant.
  added - hallucination: lives with wife and children.
  added - hallucination: affecting his adls as has to be near toilet often.
  added - hallucination: nil smoking/etoh hx

imp: gastroenteritis 

plan:
conservative management - rest, push fluids, paracetamol if feverish.
  added - hallucination: to review in 3-5d if symptoms not improving.
  added - hallucination: to see earlier if feeling more unwell.
prim10.txt
  missed - hallucination: inserted sentence from note 9: "Nil bowel sx
Currently sexually active - with regular partner for 2/12."
  added - hallucination: 1/52 hx of dysuria, frequency and suprapubic pain.
  added - hallucination: noticed urine today was pink, nil frank haematuria.
  added - hallucination: suprapubic pain on pu - aching pain, nil radiating 
nil nausea/vomiting 
nil fevers 
nil new bowel sx 
currently sexually active - long-term partner.
  added - hallucination: lmp 2/52 
e+d well 

pmh: ibs
dh: cocp, mebeverine 
allergic to clindamycin 
fh: nil
sh: lives in student halls, nil smoking, social etoh

imp: uti

plan:
1.
  added - hallucination: urine dip and msu
2.
  added - hallucination: start abx - nitrofurantoin abx for 3/7 
3.
  added - hallucination: review in 1/52 inb, or earlier if worsening sx (fever, back pain, vomiting) nil bowel sx
currently sexually active - with regular partner for 2/12.
prim11.txt
  missed - hallucination: inserted sentence from note 1: "Lives with wife and children."
  missed - omission: 3/7 hx of diarrhea - watery stools, opening bowels every hour.
  added - hallucination: assoc crampy abdo pain - central, intermittent, severity 6/10.
  added - hallucination: feeling feverish, hot/cold
nil urinary sx - passing less urine .
  added - hallucination: brother also had similar sx - improving 
tolerating oral intake 

pmh: nil
dh: nil regular 
nkda
fh: father - colon ca 
sh: lives with sister and mum.
  added - hallucination: smokes socially, etoh - socially 

imp: gastroenteritis 

plan:
1.
  added - hallucination: encourage soft diet
4.
  added - hallucination: review in 48 hours, or earlier if worsening sx
prim12.txt
  missed - omission: No headaches/muscle pain.
  added - hallucination: 3/7 hx ago developed vomiting.
  added - hallucination: not drinking sufficient fluids.
  added - hallucination: no unwell contacts 

pmh: asthma 
dh: salbutamol prn 
nkda
fh: father - htn, died of bowel ca.
  added - hallucination: mother - diabetes type 2
sh: lives alone , software engineer.
  added - hallucination: nil smoking, social etoh

imp: gastroenteritis 

plan:
1.
  added - hallucination: supportive mx - rest, fluids
2.
  added - hallucination: review in 3-5d inb, or earlier if worsening sx (diarrhea, vomiting, abdo pain, reduced oral intake)
prim13.txt
  missed - none
  added - hallucination: 3/7 hx developed headache - all over of my head and mainly over right eye.
  added - hallucination: constant, severity 8/10, dull ache with associated sharp pain, gradual onset.
  added - hallucination: has tried ibuprofen with limited relief.
  added - hallucination: no visual sx
visual aura prior to headaches.
  added - hallucination: feels nauseous, no vomiting
no neck pain/stiffness
no speech disturbances 
no arm or leg weakness
no head injury 
no fevers
no rashes 

pmh: nil 
dh: nil
nkda
fh: mother and sister - migraines
sh: lives with housemates, works in it, wears glasses, denies stress.
  added - hallucination: socially smoke/etoh 

ice: ?related to stress/dehydration.
  added - hallucination: imp: migraines 

plan:
1.
  added - hallucination: review in 1/52 - discuss prophylactic rx if necessary
4.
  added - hallucination: patient aware of red flag sx - knows to seek urgent medical attention if present

 [run 1] precision=0.11 recall=0.42 f1=0.17 avg_elapsed=0.0
prim1.txt
  missed - hallucination: inserted sentence from note 11: "No blood in stools."
  missed - omission: Associated LLQ pain - crampy, intermittent, nil radiation.
  missed - omission: No other unwell contacts.
  added - hallucination: 3/7 hx of diarrhea, mainly watery.
  added - hallucination: also vomiting - mainly bilous.
  added - hallucination: fever on first day, nil since.
  added - hallucination: has been feeling lethargic and weak since.
  added - hallucination: takeaway 4/7 ago - chinese restaurant.
  added - hallucination: wife and children also unwell with vomiting, but no diarrhea.
  added - hallucination: pmh: asthma
dh: inhalers
sh: works as an accountant.
  added - hallucination: lives with wife and children.
  added - hallucination: affecting his adls as has to be near toilet often.
  added - hallucination: nil smoking/etoh hx

imp: gastroenteritis 

plan:
conservative management - rest, push fluids, paracetamol if feverish.
  added - hallucination: to review in 3-5d if symptoms not improving.
  added - hallucination: to see earlier if feeling more unwell.
prim10.txt
  missed - hallucination: inserted sentence from note 9: "Nil bowel sx
Currently sexually active - with regular partner for 2/12."
  added - hallucination: 1/52 hx of dysuria, frequency and suprapubic pain.
  added - hallucination: noticed urine today was pink, nil frank haematuria.
  added - hallucination: suprapubic pain on pu - aching pain, nil radiating 
nil nausea/vomiting 
nil fevers 
nil new bowel sx 
currently sexually active - long-term partner.
  added - hallucination: lmp 2/52 
e+d well 

pmh: ibs
dh: cocp, mebeverine 
allergic to clindamycin 
fh: nil
sh: lives in student halls, nil smoking, social etoh

imp: uti

plan:
1.
  added - hallucination: urine dip and msu
2.
  added - hallucination: start abx - nitrofurantoin abx for 3/7 
3.
  added - hallucination: review in 1/52 inb, or earlier if worsening sx (fever, back pain, vomiting) nil bowel sx
currently sexually active - with regular partner for 2/12.
prim11.txt
  missed - hallucination: inserted sentence from note 1: "Lives with wife and children."
  missed - omission: 3/7 hx of diarrhea - watery stools, opening bowels every hour.
  added - hallucination: assoc crampy abdo pain - central, intermittent, severity 6/10.
  added - hallucination: feeling feverish, hot/cold
nil urinary sx - passing less urine .
  added - hallucination: brother also had similar sx - improving 
tolerating oral intake 

pmh: nil
dh: nil regular 
nkda
fh: father - colon ca 
sh: lives with sister and mum.
  added - hallucination: smokes socially, etoh - socially 

imp: gastroenteritis 

plan:
1.
  added - hallucination: encourage soft diet
4.
  added - hallucination: review in 48 hours, or earlier if worsening sx
prim12.txt
  missed - omission: No headaches/muscle pain.
  added - hallucination: 3/7 hx ago developed vomiting.
  added - hallucination: has now developed diarrhea - 5-6x/day.
  added - hallucination: not drinking sufficient fluids.
  added - hallucination: no fever/temp, but feels warm.
  added - hallucination: no unwell contacts 

pmh: asthma 
dh: salbutamol prn 
nkda
fh: father - htn, died of bowel ca.
  added - hallucination: mother - diabetes type 2
sh: lives alone , software engineer.
  added - hallucination: nil smoking, social etoh

imp: gastroenteritis 

plan:
1.
  added - hallucination: supportive mx - rest, fluids
2.
  added - hallucination: review in 3-5d inb, or earlier if worsening sx (diarrhea, vomiting, abdo pain, reduced oral intake)
prim13.txt
  missed - none
  added - hallucination: 3/7 hx developed headache - all over of my head and mainly over right eye.
  added - hallucination: constant, severity 8/10, dull ache with associated sharp pain, gradual onset.
  added - hallucination: has tried ibuprofen with limited relief.
  added - hallucination: no visual sx
visual aura prior to headaches.
  added - hallucination: feels nauseous, no vomiting
no neck pain/stiffness
no speech disturbances 
no arm or leg weakness
no head injury 
no fevers
no rashes 

pmh: nil 
dh: nil
nkda
fh: mother and sister - migraines
sh: lives with housemates, works in it, wears glasses, denies stress.
  added - hallucination: socially smoke/etoh 

ice: ?related to stress/dehydration.
  added - hallucination: imp: migraines 

plan:
1.
  added - hallucination: review in 1/52 - discuss prophylactic rx if necessary
4.
  added - hallucination: patient aware of red flag sx - knows to seek urgent medical attention if present

 [run 1] precision=0.10 recall=0.42 f1=0.17 avg_elapsed=0.0
prim1.txt
  missed - hallucination: inserted sentence from note 11: "No blood in stools."
  missed - omission: Associated LLQ pain - crampy, intermittent, nil radiation.
  missed - omission: No other unwell contacts.
  added - hallucination: 3/7 hx of diarrhea, mainly watery.
  added - hallucination: also vomiting - mainly bilous.
  added - hallucination: fever on first day, nil since.
  added - hallucination: has been feeling lethargic and weak since.
  added - hallucination: takeaway 4/7 ago - chinese restaurant.
  added - hallucination: wife and children also unwell with vomiting, but no diarrhea.
  added - hallucination: pmh: asthma
dh: inhalers
sh: works as an accountant.
  added - hallucination: lives with wife and children.
  added - hallucination: affecting his adls as has to be near toilet often.
  added - hallucination: nil smoking/etoh hx

imp: gastroenteritis 

plan:
conservative management - rest, push fluids, paracetamol if feverish.
  added - hallucination: to review in 3-5d if symptoms not improving.
  added - hallucination: to see earlier if feeling more unwell.
prim10.txt
  missed - hallucination: inserted sentence from note 9: "Nil bowel sx
Currently sexually active - with regular partner for 2/12."
  added - hallucination: 1/52 hx of dysuria, frequency and suprapubic pain.
  added - hallucination: noticed urine today was pink, nil frank haematuria.
  added - hallucination: suprapubic pain on pu - aching pain, nil radiating 
nil nausea/vomiting 
nil fevers 
nil new bowel sx 
currently sexually active - long-term partner.
  added - hallucination: lmp 2/52 
e+d well 

pmh: ibs
dh: cocp, mebeverine 
allergic to clindamycin 
fh: nil
sh: lives in student halls, nil smoking, social etoh

imp: uti

plan:
1.
  added - hallucination: urine dip and msu
2.
  added - hallucination: start abx - nitrofurantoin abx for 3/7 
3.
  added - hallucination: review in 1/52 inb, or earlier if worsening sx (fever, back pain, vomiting) nil bowel sx
currently sexually active - with regular partner for 2/12.
prim11.txt
  missed - omission: 3/7 hx of diarrhea - watery stools, opening bowels every hour.
  added - hallucination: assoc crampy abdo pain - central, intermittent, severity 6/10.
  added - hallucination: feeling feverish, hot/cold
nil urinary sx - passing less urine .
  added - hallucination: brother also had similar sx - improving 
tolerating oral intake 

pmh: nil
dh: nil regular 
nkda
fh: father - colon ca 
sh: lives with sister and mum.
  added - hallucination: smokes socially, etoh - socially 

imp: gastroenteritis 

plan:
1.
  added - hallucination: encourage soft diet
4.
  added - hallucination: review in 48 hours, or earlier if worsening sx
prim12.txt
  missed - omission: No headaches/muscle pain.
  added - hallucination: 3/7 hx ago developed vomiting.
  added - hallucination: has now developed diarrhea - 5-6x/day.
  added - hallucination: not drinking sufficient fluids.
  added - hallucination: no fever/temp, but feels warm.
  added - hallucination: no unwell contacts 

pmh: asthma 
dh: salbutamol prn 
nkda
fh: father - htn, died of bowel ca.
  added - hallucination: mother - diabetes type 2
sh: lives alone , software engineer.
  added - hallucination: nil smoking, social etoh

imp: gastroenteritis 

plan:
1.
  added - hallucination: supportive mx - rest, fluids
2.
  added - hallucination: review in 3-5d inb, or earlier if worsening sx (diarrhea, vomiting, abdo pain, reduced oral intake)
prim13.txt
  missed - none
  added - hallucination: 3/7 hx developed headache - all over of my head and mainly over right eye.
  added - hallucination: constant, severity 8/10, dull ache with associated sharp pain, gradual onset.
  added - hallucination: has tried ibuprofen with limited relief.
  added - hallucination: no visual sx
visual aura prior to headaches.
  added - hallucination: feels nauseous, no vomiting
no neck pain/stiffness
no speech disturbances 
no arm or leg weakness
no head injury 
no fevers
no rashes 

pmh: nil 
dh: nil
nkda
fh: mother and sister - migraines
sh: lives with housemates, works in it, wears glasses, denies stress.
  added - hallucination: socially smoke/etoh 

ice: ?related to stress/dehydration.
  added - hallucination: imp: migraines 

plan:
1.
  added - hallucination: review in 1/52 - discuss prophylactic rx if necessary
4.
  added - hallucination: patient aware of red flag sx - knows to seek urgent medical attention if present

 [run 1] precision=0.12 recall=0.50 f1=0.20 avg_elapsed=0.0
prim1.txt
  missed - hallucination: inserted sentence from note 11: "No blood in stools."
  missed - omission: Associated LLQ pain - crampy, intermittent, nil radiation.
  missed - omission: No other unwell contacts.
  added - hallucination: 3/7 hx of diarrhea, mainly watery.
  added - hallucination: also vomiting - mainly bilous.
  added - hallucination: no blood in vomit.
  added - hallucination: fever on first day, nil since.
  added - hallucination: has been feeling lethargic and weak since.
  added - hallucination: takeaway 4/7 ago - chinese restaurant.
  added - hallucination: wife and children also unwell with vomiting, but no diarrhea.
  added - hallucination: pmh: asthma
dh: inhalers
sh: works as an accountant.
  added - hallucination: lives with wife and children.
  added - hallucination: affecting his adls as has to be near toilet often.
  added - hallucination: nil smoking/etoh hx

imp: gastroenteritis 

plan:
conservative management - rest, push fluids, paracetamol if feverish.
  added - hallucination: to review in 3-5d if symptoms not improving.
  added - hallucination: to see earlier if feeling more unwell.
prim10.txt
  missed - hallucination: inserted sentence from note 9: "Nil bowel sx
Currently sexually active - with regular partner for 2/12."
  added - hallucination: 1/52 hx of dysuria, frequency and suprapubic pain.
  added - hallucination: noticed urine today was pink, nil frank haematuria.
  added - hallucination: suprapubic pain on pu - aching pain, nil radiating 
nil nausea/vomiting 
nil fevers 
nil new bowel sx 
currently sexually active - long-term partner.
  added - hallucination: lmp 2/52 
e+d well 

pmh: ibs
dh: cocp, mebeverine 
allergic to clindamycin 
fh: nil
sh: lives in student halls, nil smoking, social etoh

imp: uti

plan:
1.
  added - hallucination: urine dip and msu
2.
  added - hallucination: start abx - nitrofurantoin abx for 3/7 
3.
  added - hallucination: review in 1/52 inb, or earlier if worsening sx (fever, back pain, vomiting) nil bowel sx
currently sexually active - with regular partner for 2/12.
prim11.txt
  missed - omission: 3/7 hx of diarrhea - watery stools, opening bowels every hour.
  added - hallucination: assoc crampy abdo pain - central, intermittent, severity 6/10.
  added - hallucination: feels nauseous, has vomited occasionally.
  added - hallucination: feeling feverish, hot/cold
nil urinary sx - passing less urine .
  added - hallucination: brother also had similar sx - improving 
tolerating oral intake 

pmh: nil
dh: nil regular 
nkda
fh: father - colon ca 
sh: lives with sister and mum.
  added - hallucination: smokes socially, etoh - socially 

imp: gastroenteritis 

plan:
1.
  added - hallucination: encourage soft diet
4.
  added - hallucination: review in 48 hours, or earlier if worsening sx
prim12.txt
  missed - omission: No headaches/muscle pain.
  added - hallucination: 3/7 hx ago developed vomiting.
  added - hallucination: has now developed diarrhea - 5-6x/day.
  added - hallucination: not drinking sufficient fluids.
  added - hallucination: no fever/temp, but feels warm.
  added - hallucination: no unwell contacts 

pmh: asthma 
dh: salbutamol prn 
nkda
fh: father - htn, died of bowel ca.
  added - hallucination: mother - diabetes type 2
sh: lives alone , software engineer.
  added - hallucination: nil smoking, social etoh

imp: gastroenteritis 

plan:
1.
  added - hallucination: supportive mx - rest, fluids
2.
  added - hallucination: review in 3-5d inb, or earlier if worsening sx (diarrhea, vomiting, abdo pain, reduced oral intake)
prim13.txt
  missed - none
  added - hallucination: 3/7 hx developed headache - all over of my head and mainly over right eye.
  added - hallucination: constant, severity 8/10, dull ache with associated sharp pain, gradual onset.
  added - hallucination: has tried ibuprofen with limited relief.
  added - hallucination: no visual sx
visual aura prior to headaches.
  added - hallucination: feels nauseous, no vomiting
no neck pain/stiffness
no speech disturbances 
no arm or leg weakness
no head injury 
no fevers
no rashes 

pmh: nil 
dh: nil
nkda
fh: mother and sister - migraines
sh: lives with housemates, works in it, wears glasses, denies stress.
  added - hallucination: socially smoke/etoh 

ice: ?related to stress/dehydration.
  added - hallucination: imp: migraines 

plan:
1.
  added - hallucination: review in 1/52 - discuss prophylactic rx if necessary
4.
  added - hallucination: patient aware of red flag sx - knows to seek urgent medical attention if present

 [run 1] precision=0.12 recall=0.50 f1=0.19 avg_elapsed=0.0
prim1.txt
  missed - hallucination: inserted sentence from note 11: "No blood in stools."
  missed - omission: Associated LLQ pain - crampy, intermittent, nil radiation.
  missed - omission: No other unwell contacts.
  added - hallucination: 3/7 hx of diarrhea, mainly watery.
  added - hallucination: also vomiting - mainly bilous.
  added - hallucination: no blood in vomit.
  added - hallucination: fever on first day, nil since.
  added - hallucination: has been feeling lethargic and weak since.
  added - hallucination: takeaway 4/7 ago - chinese restaurant.
  added - hallucination: wife and children also unwell with vomiting, but no diarrhea.
  added - hallucination: pmh: asthma
dh: inhalers
sh: works as an accountant.
  added - hallucination: lives with wife and children.
  added - hallucination: affecting his adls as has to be near toilet often.
  added - hallucination: nil smoking/etoh hx

imp: gastroenteritis 

plan:
conservative management - rest, push fluids, paracetamol if feverish.
  added - hallucination: to review in 3-5d if symptoms not improving.
  added - hallucination: to see earlier if feeling more unwell.
prim10.txt
  missed - hallucination: inserted sentence from note 9: "Nil bowel sx
Currently sexually active - with regular partner for 2/12."
  added - hallucination: 1/52 hx of dysuria, frequency and suprapubic pain.
  added - hallucination: noticed urine today was pink, nil frank haematuria.
  added - hallucination: suprapubic pain on pu - aching pain, nil radiating 
nil nausea/vomiting 
nil fevers 
nil new bowel sx 
currently sexually active - long-term partner.
  added - hallucination: lmp 2/52 
e+d well 

pmh: ibs
dh: cocp, mebeverine 
allergic to clindamycin 
fh: nil
sh: lives in student halls, nil smoking, social etoh

imp: uti

plan:
1.
  added - hallucination: urine dip and msu
2.
  added - hallucination: start abx - nitrofurantoin abx for 3/7 
3.
  added - hallucination: review in 1/52 inb, or earlier if worsening sx (fever, back pain, vomiting) nil bowel sx
currently sexually active - with regular partner for 2/12.
prim11.txt
  missed - omission: 3/7 hx of diarrhea - watery stools, opening bowels every hour.
  added - hallucination: assoc crampy abdo pain - central, intermittent, severity 6/10.
  added - hallucination: feels nauseous, has vomited occasionally.
  added - hallucination: feeling feverish, hot/cold
nil urinary sx - passing less urine .
  added - hallucination: brother also had similar sx - improving 
tolerating oral intake 

pmh: nil
dh: nil regular 
nkda
fh: father - colon ca 
sh: lives with sister and mum.
  added - hallucination: smokes socially, etoh - socially 

imp: gastroenteritis 

plan:
1.
  added - hallucination: encourage soft diet
4.
  added - hallucination: review in 48 hours, or earlier if worsening sx
prim12.txt
  missed - omission: No headaches/muscle pain.
  added - hallucination: 3/7 hx ago developed vomiting.
  added - hallucination: has now developed diarrhea - 5-6x/day.
  added - hallucination: no blood in stools.
  added - hallucination: not drinking sufficient fluids.
  added - hallucination: no fever/temp, but feels warm.
  added - hallucination: no unwell contacts 

pmh: asthma 
dh: salbutamol prn 
nkda
fh: father - htn, died of bowel ca.
  added - hallucination: mother - diabetes type 2
sh: lives alone , software engineer.
  added - hallucination: nil smoking, social etoh

imp: gastroenteritis 

plan:
1.
  added - hallucination: supportive mx - rest, fluids
2.
  added - hallucination: review in 3-5d inb, or earlier if worsening sx (diarrhea, vomiting, abdo pain, reduced oral intake)
prim13.txt
  missed - none
  added - hallucination: 3/7 hx developed headache - all over of my head and mainly over right eye.
  added - hallucination: constant, severity 8/10, dull ache with associated sharp pain, gradual onset.
  added - hallucination: has tried ibuprofen with limited relief.
  added - hallucination: no visual sx
visual aura prior to headaches.
  added - hallucination: feels nauseous, no vomiting
no neck pain/stiffness
no speech disturbances 
no arm or leg weakness
no head injury 
no fevers
no rashes 

pmh: nil 
dh: nil
nkda
fh: mother and sister - migraines
sh: lives with housemates, works in it, wears glasses, denies stress.
  added - hallucination: socially smoke/etoh 

ice: ?related to stress/dehydration.
  added - hallucination: imp: migraines 

plan:
1.
  added - hallucination: review in 1/52 - discuss prophylactic rx if necessary
4.
  added - hallucination: patient aware of red flag sx - knows to seek urgent medical attention if present

 [run 1] precision=0.12 recall=0.50 f1=0.19 avg_elapsed=0.0
