prim1.txt
  missed - hallucination: inserted sentence from note 11: "No blood in stools."
  added - hallucination: lives (affirmed)
  added - hallucination: paracetamol (affirmed)
  added - hallucination: bowels (affirmed)
  added - omission: three or four days (affirmed)
  added - omission: eating (affirmed)
  added - omission: stool (affirmed)
  added - omission: fever (negated)
  added - omission: inhale (affirmed)
  added - omission: other medications (affirmed)
  added - omission: cramp (affirmed)
  added - omission: lower (affirmed)
  added - omission: liquid (affirmed)
  added - omission: food (affirmed)
  added - omission: back (affirmed)
  added - omission: dioralyte (affirmed)
  added - omission: sample (affirmed)
  added - omission: tests (affirmed)
  added - omission: dehydrated (affirmed)
  added - omission: controlled (affirmed)
  added - omission: loose stools (affirmed)
  added - omission: stomach (affirmed)
  added - omission: shaky (affirmed)
  added - omission: antibiotics (negated)
  added - omission: not currently working (affirmed)
  added - omission: drinking (affirmed)
  added - omission: triggers (affirmed)
  added - omission: vitamins (affirmed)
  added - omission: eating (negated)
  added - omission: loss of appetite (affirmed)
  added - omission: no blood (negated)
  added - omission: pain (affirmed)
  added - omission: muscular cramp (affirmed)
  added - omission: hexamine (affirmed)
  added - omission: lower abdomen (affirmed)
  added - omission: smoker (affirmed)
  added - omission: come and go (affirmed)
  added - omission: bowel problems (negated)
  added - omission: stools (affirmed)
prim10.txt
  missed - hallucination: inserted sentence from note 9: "Nil bowel sx
Currently sexually active - with regular partner for 2/12."
  missed - hallucination: inserted sentence from note 9: "Brief episode of haematuria, now resolved."
  missed - hallucination: inserted sentence from note 9: "Abdo pain - cramping, nil radiating 
Nil nausea/vomiting."
  added - hallucination: frank haematuria (affirmed)
  added - hallucination: not sexually active (affirmed)
  added - hallucination: lives (affirmed)
  added - hallucination: mebeverine (affirmed)
  added - hallucination: resolve (affirmed)
  added - hallucination: discharge (affirmed)
  added - hallucination: dysuria (affirmed)
  added - hallucination: nausea/vomiting (affirmed)
  added - hallucination: analgesia (affirmed)
  added - hallucination: haematuria (negated)
  added - hallucination: suprapubic pain (affirmed)
  added - hallucination: aching pain (affirmed)
  added - omission: eating (affirmed)
  added - omission: bladder (affirmed)
  added - omission: usually (affirmed)
  added - omission: thinking (negated)
  added - omission: other symptoms (affirmed)
  added - omission: definitely (affirmed)
  added - omission: either (affirmed)
  added - omission: dehydrated (affirmed)
  added - omission: basis (negated)
  added - omission: antibiotics (affirmed)
  added - omission: contraception (affirmed)
  added - omission: note (affirmed)
  added - omission: moving (affirmed)
  added - omission: scan heart (affirmed)
  added - omission: agree (affirmed)
  added - omission: history (affirmed)
  added - omission: gallbladder infection (affirmed)
  added - omission: fever (negated)
  added - omission: probably (affirmed)
  added - omission: odour symptoms (affirmed)
  added - omission: sort (affirmed)
  added - omission: tinging (affirmed)
  added - omission: condition (negated)
  added - omission: kidneys (affirmed)
  added - omission: other medical (negated)
  added - omission: usually (negated)
  added - omission: completely agree (affirmed)
  added - omission: tummy tuck (affirmed)
  added - omission: medications (affirmed)
  added - omission: vomiting (affirmed)
  added - omission: period (affirmed)
  added - omission: and back pain (negated)
  added - omission: antibiotic (affirmed)
  added - omission: your age (affirmed)
  added - omission: elated (affirmed)
  added - omission: pass (affirmed)
  added - omission: burning pain (affirmed)
  added - omission: bloody (affirmed)
  added - omission: smoker (negated)
  added - omission: hexamine (negated)
  added - omission: confirm (affirmed)
  added - omission: maybe (affirmed)
  added - omission: thought (affirmed)
  added - omission: worrying (affirmed)
  added - omission: pill (affirmed)
  added - omission: drinking (affirmed)
  added - omission: pass urine (affirmed)
  added - omission: worse (affirmed)
  added - omission: form (affirmed)
  added - omission: basis (affirmed)
  added - omission: weed (affirmed)
  added - omission: lip discolouration (affirmed)
  added - omission: pleased (affirmed)
  added - omission: pregnant (affirmed)
  added - omission: general health (affirmed)
  added - omission: trimethoprim (affirmed)
  added - omission: living (affirmed)
  added - omission: passage (affirmed)
  added - omission: and back pain (affirmed)
  added - omission: cystitis (affirmed)
  added - omission: worry (negated)
  added - omission: bowels (negated)
  added - omission: burning (affirmed)
prim11.txt
  missed - hallucination: inserted sentence from note 1: "Lives with wife and children."
  added - hallucination: bloody (negated)
  added - hallucination: lives (affirmed)
  added - hallucination: intermittency (affirmed)
  added - hallucination: assoc (affirmed)
  added - hallucination: urine (affirmed)
  added - hallucination: nauseous (affirmed)
  added - hallucination: weight (negated)
  added - hallucination: cold (affirmed)
  added - hallucination: stools (negated)
  added - omission: very much (affirmed)
  added - omission: trigger (negated)
  added - omission: mild pain (affirmed)
  added - omission: pleasant (negated)
  added - omission: sign (affirmed)
  added - omission: nausea (negated)
  added - omission: diarrhea 9 (negated)
  added - omission: worried (affirmed)
  added - omission: smoker (affirmed)
  added - omission: weight (affirmed)
  added - omission: basica (affirmed)
  added - omission: moving (affirmed)
  added - omission: scan heart (affirmed)
  added - omission: fit and well (negated)
  added - omission: milk (affirmed)
  added - omission: skin normal temperature (negated)
  added - omission: history (affirmed)
  added - omission: not sure (affirmed)
  added - omission: nonprescription (affirmed)
  added - omission: maybe (negated)
  added - omission: fever (negated)
  added - omission: probably (affirmed)
  added - omission: odour symptoms (affirmed)
  added - omission: sort (affirmed)
  added - omission: mash (affirmed)
  added - omission: bowel (affirmed)
  added - omission: screen (affirmed)
  added - omission: settle (affirmed)
  added - omission: covera (affirmed)
  added - omission: feel (affirmed)
  added - omission: watery stool (affirmed)
  added - omission: hoarse (affirmed)
  added - omission: worry (affirmed)
  added - omission: definitely (negated)
  added - omission: stools (affirmed)
  added - omission: reinfection (affirmed)
  added - omission: helpin (affirmed)
  added - omission: almost everyday (affirmed)
  added - omission: your age (affirmed)
  added - omission: nauseous (negated)
  added - omission: bowel problems (affirmed)
  added - omission: speak (negated)
  added - omission: a lot better (affirmed)
  added - omission: dioralyte (affirmed)
  added - omission: bloody (affirmed)
  added - omission: cancer (negated)
  added - omission: confirm (affirmed)
  added - omission: maybe (affirmed)
  added - omission: reading (negated)
  added - omission: water (affirmed)
  added - omission: rather (affirmed)
  added - omission: diarrhoea (affirmed)
  added - omission: today (affirmed)
  added - omission: carry (affirmed)
  added - omission: catch (affirmed)
  added - omission: diarrhea 9 (affirmed)
  added - omission: anus (affirmed)
  added - omission: feel (negated)
  added - omission: well-hydrated (affirmed)
  added - omission: fit and well (affirmed)
  added - omission: vomiting (negated)
  added - omission: mouth (affirmed)
  added - omission: vitamins (affirmed)
  added - omission: awake (affirmed)
  added - omission: passing urine (affirmed)
  added - omission: dislike (affirmed)
  added - omission: burning (affirmed)
  added - omission: elated (negated)
prim12.txt
  missed - hallucination: inserted sentence from note 4: "Finding work slightly stressful."
  added - hallucination: bloody (negated)
  added - hallucination: finding (affirmed)
  added - hallucination: reduced (affirmed)
  added - hallucination: temp (negated)
  added - hallucination: feels warm (affirmed)
  added - hallucination: stools (negated)
  added - hallucination: fluids (negated)
  added - hallucination: salbutamol (affirmed)
  added - hallucination: appetite (affirmed)
  added - omission: reinfection (affirmed)
  added - omission: moving (affirmed)
  added - omission: allergies (negated)
  added - omission: inhale (affirmed)
  added - omission: feeling (affirmed)
  added - omission: dehydrated (negated)
  added - omission: suffering (affirmed)
  added - omission: flush (affirmed)
  added - omission: your age (affirmed)
  added - omission: high blood pressure (negated)
  added - omission: probably (affirmed)
  added - omission: call (affirmed)
  added - omission: odour symptoms (affirmed)
  added - omission: definitely (affirmed)
  added - omission: feel (negated)
  added - omission: muscle pains (affirmed)
  added - omission: food (affirmed)
  added - omission: back (affirmed)
  added - omission: dioralyte (affirmed)
  added - omission: either (affirmed)
  added - omission: bloody (affirmed)
  added - omission: high (negated)
  added - omission: used (negated)
  added - omission: fit and well (affirmed)
  added - omission: not much (affirmed)
  added - omission: confirm (affirmed)
  added - omission: blue (affirmed)
  added - omission: nalone (affirmed)
  added - omission: thought (affirmed)
  added - omission: suffer (affirmed)
  added - omission: medications (negated)
  added - omission: headaches (affirmed)
  added - omission: appetite (negated)
  added - omission: vitamins (affirmed)
  added - omission: don't work (affirmed)
  added - omission: feel (affirmed)
  added - omission: warm (negated)
  added - omission: hope (affirmed)
  added - omission: history (negated)
  added - omission: feeling (negated)
  added - omission: diarrhea 9 (negated)
  added - omission: medical problem (negated)
  added - omission: probably (negated)
  added - omission: medications (affirmed)
  added - omission: very bad (affirmed)
  added - omission: very often (affirmed)
  added - omission: stools (affirmed)
  added - omission: nausea (affirmed)
  added - omission: pleased (affirmed)
prim13.txt
  missed - hallucination: inserted sentence from note 5: "Rx empirically with Abx for UTI
4."
  missed - hallucination: inserted sentence from note 3: "Had visual aura before onset of headaches - zigzag lines in field of vision."
  added - hallucination: rehydration (affirmed)
  added - hallucination: patient (affirmed)
  added - hallucination: saids (affirmed)
  added - hallucination: present (affirmed)
  added - hallucination: fever (negated)
  added - hallucination: inattention (affirmed)
  added - hallucination: ache (affirmed)
  added - hallucination: wears glasses (affirmed)
  added - hallucination: elated (affirmed)
  added - hallucination: photophobia (affirmed)
  added - hallucination: visual aura (affirmed)
  added - hallucination: aprior (affirmed)
  added - hallucination: stiffness (negated)
  added - hallucination: field of vision (affirmed)
  added - hallucination: leg weakness (negated)
  added - hallucination: nauseous (affirmed)
  added - hallucination: head injury (negated)
  added - hallucination: constantt (affirmed)
  added - hallucination: urelief (affirmed)
  added - hallucination: rashes (negated)
  added - hallucination: flag (affirmed)
  added - hallucination: stress (negated)
  added - hallucination: sharp pain (affirmed)
  added - omission: blurry vision (affirmed)
  added - omission: slight (affirmed)
  added - omission: usually (affirmed)
  added - omission: definitely (affirmed)
  added - omission: allergies (affirmed)
  added - omission: water (negated)
  added - omission: codeine (affirmed)
  added - omission: controlled (affirmed)
  added - omission: worried (affirmed)
  added - omission: come and go (affirmed)
  added - omission: controlling (affirmed)
  added - omission: weakness (negated)
  added - omission: rashes (affirmed)
  added - omission: moving (affirmed)
  added - omission: head injuries (affirmed)
  added - omission: naproxen (affirmed)
  added - omission: not sure (affirmed)
  added - omission: history (affirmed)
  added - omission: nonprescription (affirmed)
  added - omission: resolve (affirmed)
  added - omission: probably (affirmed)
  added - omission: call (affirmed)
  added - omission: headaches (negated)
  added - omission: back (affirmed)
  added - omission: anxious (affirmed)
  added - omission: difficulty (negated)
  added - omission: thinking (affirmed)
  added - omission: have nausea or vomiting (affirmed)
  added - omission: screen (affirmed)
  added - omission: sleepy (affirmed)
  added - omission: painkillers (affirmed)
  added - omission: always (affirmed)
  added - omission: very rare (affirmed)
  added - omission: worry (affirmed)
  added - omission: medications (affirmed)
  added - omission: i didn't drink (negated)
  added - omission: your age (affirmed)
  added - omission: sick (affirmed)
  added - omission: anti-inflammatory (affirmed)
  added - omission: eyes (affirmed)
  added - omission: didn't help (negated)
  added - omission: hoping (affirmed)
  added - omission: loss of vision (negated)
  added - omission: confirm (affirmed)
  added - omission: maybe (affirmed)
  added - omission: fever (affirmed)
  added - omission: thought (affirmed)
  added - omission: skin (affirmed)
  added - omission: pill (affirmed)
  added - omission: migraine (negated)
  added - omission: light (affirmed)
  added - omission: worse (affirmed)
  added - omission: pain (affirmed)
  added - omission: difficulty (affirmed)
  added - omission: distressed (affirmed)
  added - omission: basis (affirmed)
  added - omission: arms and legs (negated)
  added - omission: today (affirmed)
  added - omission: pleased (affirmed)
  added - omission: feeling (affirmed)
  added - omission: read (affirmed)
  added - omission: vision (negated)
  added - omission: unchanging (affirmed)
  added - omission: discussion (affirmed)
  added - omission: reduced (affirmed)
  added - omission: fit and well (affirmed)
  added - omission: bright (affirmed)
  added - omission: feel sick (affirmed)
  added - omission: analgesia (affirmed)
  added - omission: loss of vision (affirmed)
  added - omission: no improvement (affirmed)
  added - omission: medication (affirmed)
  added - omission: incorrect dose (negated)

 [run 1] precision=0.01 recall=0.33 f1=0.02 avg_elapsed=2.26297467998229

 
=== Evaluation Results ===

 prim1.txt: precision=0.05 recall=0.67 f1=0.09 accuracy=0.05 (TP=2 FP=38 FN=1)

 prim10.txt: precision=0.00 recall=0.00 f1=0.00 accuracy=0.00 (TP=0 FP=75 FN=3)

 prim11.txt: precision=0.01 recall=0.50 f1=0.03 accuracy=0.01 (TP=1 FP=77 FN=1)

 prim12.txt: precision=0.02 recall=0.50 f1=0.03 accuracy=0.02 (TP=1 FP=58 FN=1)

 prim13.txt: precision=0.00 recall=0.00 f1=0.00 accuracy=0.00 (TP=0 FP=96 FN=2)

 
Overall: precision=0.01 recall=0.33 f1=0.02 accuracy=0.01 (TP=4 FP=344 FN=8)

 Average elapsed time: 2.26s
