prim1.txt
  missed - hallucination: inserted sentence from note 11: "No blood in stools."
  missed - omission: Associated LLQ pain - crampy, intermittent, nil radiation.
  added - hallucination: pmh: asthma
dh: inhalers
sh: works as an accountant.
  added - omission: d: okay, so you're drinking fluids.
prim10.txt
  missed - hallucination: inserted sentence from note 9: "Nil bowel sx
Currently sexually active - with regular partner for 2/12."
  missed - hallucination: inserted sentence from note 9: "Abdo pain - cramping, nil radiating 
Nil nausea/vomiting."
  added - omission: p: uh, combined pill.
  added - omission: p: uh, yeah, yeah eating drinking ok.
  added - omission: d: no, ok great.
  added - omission: p: ok, ok uh great.
prim11.txt
  missed - hallucination: inserted sentence from note 1: "Lives with wife and children."
  added - hallucination: smokes socially, etoh - socially 

imp: gastroenteritis 

plan:
1.
  added - hallucination: review in 48 hours, or earlier if worsening sx
  added - omission: so
d: wow, no.
  added - omission: p: i i guess so.
  added - omission: so , ok right.
prim12.txt
  missed - omission: No headaches/muscle pain.
  missed - hallucination: inserted sentence from note 4: "Finding work slightly stressful."
  added - hallucination: nil smoking, social etoh

imp: gastroenteritis 

plan:
1.
prim13.txt
  missed - hallucination: inserted sentence from note 5: "Rx empirically with Abx for UTI
4."
  missed - hallucination: inserted sentence from note 3: "Had visual aura before onset of headaches - zigzag lines in field of vision."
  added - hallucination: patient aware of red flag sx - knows to seek urgent medical attention if present
  added - omission: d: ohh dear, ok.
  added - omission: d: mmm, , ok.

 [run 1] precision=0.17 recall=0.25 f1=0.20 avg_elapsed=24.768202519998887

 
=== Evaluation Results ===

 prim1.txt: precision=0.33 recall=0.33 f1=0.33 accuracy=0.20 (TP=1 FP=2 FN=2)

 prim10.txt: precision=0.20 recall=0.33 f1=0.25 accuracy=0.14 (TP=1 FP=4 FN=2)

 prim11.txt: precision=0.17 recall=0.50 f1=0.25 accuracy=0.14 (TP=1 FP=5 FN=1)

 prim12.txt: precision=0.00 recall=0.00 f1=0.00 accuracy=0.00 (TP=0 FP=1 FN=2)

 prim13.txt: precision=0.00 recall=0.00 f1=0.00 accuracy=0.00 (TP=0 FP=3 FN=2)

 
Overall: precision=0.17 recall=0.25 f1=0.20 accuracy=0.11 (TP=3 FP=15 FN=9)

 Average elapsed time: 24.77s
