prim1.txt: run=1 elapsed=4.64s
  original  -- omission(transcript->soap)=3.00 groundedness(soap->transcript)=53.00
  condensed -- omission(transcript->soap)=3.01 groundedness(soap->transcript)=43.01
  diff (condensed - original, positive = improved) -- omission(transcript->soap)=0.01 groundedness(soap->transcript)=-9.99 cosine_coverage=-0.04 cosine_precision=0.02 cosine_f1=-0.01 rouge1_f1=0.02
  words: 1523 -> 1016 (reduced by 507, 33.3%)
prim10.txt: run=1 elapsed=5.59s
  original  -- omission(transcript->soap)=4.00 groundedness(soap->transcript)=43.00
  condensed -- omission(transcript->soap)=4.00 groundedness(soap->transcript)=25.05
  diff (condensed - original, positive = improved) -- omission(transcript->soap)=0.00 groundedness(soap->transcript)=-17.95 cosine_coverage=-0.02 cosine_precision=0.01 cosine_f1=-0.01 rouge1_f1=0.03
  words: 2031 -> 1251 (reduced by 780, 38.4%)
prim11.txt: run=1 elapsed=6.49s
  original  -- omission(transcript->soap)=2.00 groundedness(soap->transcript)=71.00
  condensed -- omission(transcript->soap)=2.00 groundedness(soap->transcript)=43.00
  diff (condensed - original, positive = improved) -- omission(transcript->soap)=0.00 groundedness(soap->transcript)=-28.00 cosine_coverage=-0.04 cosine_precision=0.00 cosine_f1=-0.01 rouge1_f1=0.02
  words: 2507 -> 1318 (reduced by 1189, 47.4%)
prim12.txt: run=1 elapsed=4.02s
  original  -- omission(transcript->soap)=3.00 groundedness(soap->transcript)=16.43
  condensed -- omission(transcript->soap)=3.00 groundedness(soap->transcript)=6.05
  diff (condensed - original, positive = improved) -- omission(transcript->soap)=0.00 groundedness(soap->transcript)=-10.37 cosine_coverage=-0.02 cosine_precision=0.00 cosine_f1=-0.01 rouge1_f1=0.02
  words: 1291 -> 856 (reduced by 435, 33.7%)
prim13.txt: run=1 elapsed=4.83s
  original  -- omission(transcript->soap)=3.01 groundedness(soap->transcript)=42.04
  condensed -- omission(transcript->soap)=3.00 groundedness(soap->transcript)=30.01
  diff (condensed - original, positive = improved) -- omission(transcript->soap)=-0.01 groundedness(soap->transcript)=-12.03 cosine_coverage=-0.03 cosine_precision=0.01 cosine_f1=-0.01 rouge1_f1=0.01
  words: 1843 -> 1369 (reduced by 474, 25.7%)
prim14.txt: run=1 elapsed=5.40s
  original  -- omission(transcript->soap)=3.00 groundedness(soap->transcript)=46.00
  condensed -- omission(transcript->soap)=3.00 groundedness(soap->transcript)=37.00
  diff (condensed - original, positive = improved) -- omission(transcript->soap)=-0.00 groundedness(soap->transcript)=-9.00 cosine_coverage=-0.01 cosine_precision=0.01 cosine_f1=-0.00 rouge1_f1=0.02
  words: 2067 -> 1394 (reduced by 673, 32.6%)
prim15.txt: run=1 elapsed=4.62s
  original  -- omission(transcript->soap)=4.01 groundedness(soap->transcript)=22.04
  condensed -- omission(transcript->soap)=4.00 groundedness(soap->transcript)=17.02
  diff (condensed - original, positive = improved) -- omission(transcript->soap)=-0.00 groundedness(soap->transcript)=-5.02 cosine_coverage=-0.02 cosine_precision=0.01 cosine_f1=-0.00 rouge1_f1=0.03
  words: 1404 -> 877 (reduced by 527, 37.5%)
prim16.txt: run=1 elapsed=3.26s
  original  -- omission(transcript->soap)=3.00 groundedness(soap->transcript)=40.01
  condensed -- omission(transcript->soap)=3.00 groundedness(soap->transcript)=27.00
  diff (condensed - original, positive = improved) -- omission(transcript->soap)=0.00 groundedness(soap->transcript)=-13.01 cosine_coverage=-0.01 cosine_precision=0.01 cosine_f1=0.00 rouge1_f1=0.04
  words: 1239 -> 726 (reduced by 513, 41.4%)
prim17.txt: run=1 elapsed=5.22s
  original  -- omission(transcript->soap)=4.00 groundedness(soap->transcript)=37.00
  condensed -- omission(transcript->soap)=4.00 groundedness(soap->transcript)=34.01
  diff (condensed - original, positive = improved) -- omission(transcript->soap)=0.00 groundedness(soap->transcript)=-3.00 cosine_coverage=-0.02 cosine_precision=0.01 cosine_f1=-0.01 rouge1_f1=0.01
  words: 1829 -> 1268 (reduced by 561, 30.7%)
prim18.txt: run=1 elapsed=4.14s
  original  -- omission(transcript->soap)=5.00 groundedness(soap->transcript)=34.00
  condensed -- omission(transcript->soap)=5.00 groundedness(soap->transcript)=28.00
  diff (condensed - original, positive = improved) -- omission(transcript->soap)=0.00 groundedness(soap->transcript)=-6.00 cosine_coverage=-0.02 cosine_precision=0.01 cosine_f1=-0.00 rouge1_f1=0.04
  words: 1539 -> 978 (reduced by 561, 36.5%)
prim19.txt: run=1 elapsed=5.41s
  original  -- omission(transcript->soap)=2.01 groundedness(soap->transcript)=52.00
  condensed -- omission(transcript->soap)=2.01 groundedness(soap->transcript)=42.00
  diff (condensed - original, positive = improved) -- omission(transcript->soap)=0.00 groundedness(soap->transcript)=-10.00 cosine_coverage=-0.01 cosine_precision=0.01 cosine_f1=-0.00 rouge1_f1=0.02
  words: 2011 -> 1372 (reduced by 639, 31.8%)
prim2.txt: run=1 elapsed=5.12s
  original  -- omission(transcript->soap)=3.13 groundedness(soap->transcript)=35.00
  condensed -- omission(transcript->soap)=3.00 groundedness(soap->transcript)=22.01
  diff (condensed - original, positive = improved) -- omission(transcript->soap)=-0.13 groundedness(soap->transcript)=-12.99 cosine_coverage=-0.00 cosine_precision=0.01 cosine_f1=0.00 rouge1_f1=0.04
  words: 1806 -> 1117 (reduced by 689, 38.2%)
prim20.txt: run=1 elapsed=5.67s
  original  -- omission(transcript->soap)=4.00 groundedness(soap->transcript)=59.48
  condensed -- omission(transcript->soap)=4.00 groundedness(soap->transcript)=42.06
  diff (condensed - original, positive = improved) -- omission(transcript->soap)=0.00 groundedness(soap->transcript)=-17.43 cosine_coverage=-0.02 cosine_precision=0.00 cosine_f1=-0.01 rouge1_f1=0.04
  words: 2044 -> 1237 (reduced by 807, 39.5%)
prim21.txt: run=1 elapsed=5.73s
  original  -- omission(transcript->soap)=5.00 groundedness(soap->transcript)=42.00
  condensed -- omission(transcript->soap)=5.00 groundedness(soap->transcript)=31.00
  diff (condensed - original, positive = improved) -- omission(transcript->soap)=0.00 groundedness(soap->transcript)=-11.00 cosine_coverage=-0.02 cosine_precision=0.01 cosine_f1=-0.00 rouge1_f1=0.02
  words: 2100 -> 1420 (reduced by 680, 32.4%)
prim22.txt: run=1 elapsed=4.53s
  original  -- omission(transcript->soap)=2.01 groundedness(soap->transcript)=25.00
  condensed -- omission(transcript->soap)=2.32 groundedness(soap->transcript)=20.01
  diff (condensed - original, positive = improved) -- omission(transcript->soap)=0.31 groundedness(soap->transcript)=-4.99 cosine_coverage=-0.02 cosine_precision=0.01 cosine_f1=-0.00 rouge1_f1=0.03
  words: 1469 -> 927 (reduced by 542, 36.9%)
prim23.txt: run=1 elapsed=5.00s
  original  -- omission(transcript->soap)=4.00 groundedness(soap->transcript)=58.00
  condensed -- omission(transcript->soap)=4.00 groundedness(soap->transcript)=44.00
  diff (condensed - original, positive = improved) -- omission(transcript->soap)=0.00 groundedness(soap->transcript)=-14.00 cosine_coverage=-0.02 cosine_precision=0.01 cosine_f1=-0.01 rouge1_f1=0.03
  words: 1933 -> 1235 (reduced by 698, 36.1%)
prim24.txt: run=1 elapsed=3.34s
  original  -- omission(transcript->soap)=4.04 groundedness(soap->transcript)=36.00
  condensed -- omission(transcript->soap)=4.00 groundedness(soap->transcript)=20.00
  diff (condensed - original, positive = improved) -- omission(transcript->soap)=-0.04 groundedness(soap->transcript)=-16.00 cosine_coverage=-0.01 cosine_precision=0.02 cosine_f1=0.01 rouge1_f1=0.05
  words: 1139 -> 703 (reduced by 436, 38.3%)
prim25.txt: run=1 elapsed=5.16s
  original  -- omission(transcript->soap)=5.00 groundedness(soap->transcript)=51.00
  condensed -- omission(transcript->soap)=5.02 groundedness(soap->transcript)=39.00
  diff (condensed - original, positive = improved) -- omission(transcript->soap)=0.02 groundedness(soap->transcript)=-12.00 cosine_coverage=-0.03 cosine_precision=0.01 cosine_f1=-0.01 rouge1_f1=0.03
  words: 1959 -> 1280 (reduced by 679, 34.7%)
prim26.txt: run=1 elapsed=3.69s
  original  -- omission(transcript->soap)=8.00 groundedness(soap->transcript)=46.00
  condensed -- omission(transcript->soap)=8.00 groundedness(soap->transcript)=33.00
  diff (condensed - original, positive = improved) -- omission(transcript->soap)=0.00 groundedness(soap->transcript)=-13.00 cosine_coverage=-0.02 cosine_precision=0.03 cosine_f1=0.01 rouge1_f1=0.05
  words: 1362 -> 863 (reduced by 499, 36.6%)
prim27.txt: run=1 elapsed=3.16s
  original  -- omission(transcript->soap)=10.00 groundedness(soap->transcript)=51.00
  condensed -- omission(transcript->soap)=10.00 groundedness(soap->transcript)=34.00
  diff (condensed - original, positive = improved) -- omission(transcript->soap)=-0.00 groundedness(soap->transcript)=-17.00 cosine_coverage=-0.01 cosine_precision=0.03 cosine_f1=0.01 rouge1_f1=0.07
  words: 1241 -> 778 (reduced by 463, 37.3%)
[run 1] avg_elapsed=4.75s avg_diff_transcript_to_soap=0.01 avg_diff_groundedness_soap_in_transcript=-12.14 avg_diff_cosine_coverage=-0.02 avg_diff_cosine_f1=-0.00 avg_diff_rouge1_f1=0.03 avg_percent_reduced=35.94

=== NegspacyCondenser Results ===
Files processed: 20
Average elapsed time: 4.75s
Note: diff_* is (condensed - original); positive means condensing IMPROVED that direction, negative means it got worse. For the KDE metrics, lower raw scores are the stronger signal; for every cosine_*/rouge1_* metric, higher raw scores are better (genuine coverage/precision/F1 scores, not inverted omission signals), and 0 is the realistic ceiling for their diffs, not a positive number -- removing words can only hold a score steady or reduce it. The diff sign convention (positive=improved) is the same for all of them.
Average Original omission (transcript->soap): 4.06
Average Original groundedness (soap->transcript): 43.00
Average Condensed omission (transcript->soap): 4.07
Average Condensed groundedness (soap->transcript): 30.86
Average Diff omission (transcript->soap): 0.01
Average Diff groundedness (soap->transcript): -12.14
Average Original cosine coverage/recall: 0.86
Average Condensed cosine coverage/recall: 0.84
Average Diff cosine coverage/recall: -0.02
Average Original cosine precision: 0.79
Average Condensed cosine precision: 0.80
Average Diff cosine precision: 0.01
Average Original cosine F1: 0.82
Average Condensed cosine F1: 0.82
Average Diff cosine F1: -0.00
Average Original ROUGE-1 recall: 0.60
Average Condensed ROUGE-1 recall: 0.54
Average Diff ROUGE-1 recall: -0.05
Average Original ROUGE-1 precision: 0.06
Average Condensed ROUGE-1 precision: 0.08
Average Diff ROUGE-1 precision: 0.02
Average Original ROUGE-1 F1: 0.11
Average Condensed ROUGE-1 F1: 0.14
Average Diff ROUGE-1 F1: 0.03
Average Original word count: 1716.85
Average Condensed word count: 1099.25
Average Words reduced: 617.60
Average Percent reduced: 35.94
