\BOOKMARK [1][-]{section.1}{\376\377\000I\000n\000t\000r\000o\000d\000u\000c\000t\000i\000o\000n}{}% 1
\BOOKMARK [1][-]{section.2}{\376\377\000L\000a\000n\000d\000s\000c\000a\000p\000e\000\040\000o\000f\000\040\000C\000l\000i\000n\000i\000c\000a\000l\000\040\000A\000I\000a\000M\000D}{}% 2
\BOOKMARK [2][-]{subsection.2.1}{\376\377\000A\000I\000\040\000a\000s\000\040\000a\000\040\000m\000e\000d\000i\000c\000a\000l\000\040\000D\000e\000v\000i\000c\000e}{section.2}% 3
\BOOKMARK [3][-]{subsubsection.2.1.1}{\376\377\000A\000I\000\040\000b\000e\000n\000e\000f\000i\000t\000s\000\040\000a\000n\000d\000\040\000c\000o\000n\000c\000e\000r\000n\000s}{subsection.2.1}% 4
\BOOKMARK [2][-]{subsection.2.2}{\376\377\000P\000r\000o\000b\000a\000b\000i\000l\000i\000s\000t\000i\000c\000\040\000s\000o\000f\000t\000w\000a\000r\000e\000\040\000i\000n\000\040\000h\000e\000a\000l\000t\000h\000c\000a\000r\000e}{section.2}% 5
\BOOKMARK [1][-]{section.3}{\376\377\000O\000p\000e\000r\000a\000t\000i\000o\000n\000a\000l\000\040\000R\000i\000s\000k\000s\000\040\000o\000f\000\040\000A\000I\000\040\000i\000n\000\040\000h\000e\000a\000l\000t\000h\000c\000a\000r\000e}{}% 6
\BOOKMARK [2][-]{subsection.3.1}{\376\377\000T\000a\000x\000o\000n\000o\000m\000y\000\040\000o\000f\000\040\000A\000I\000-\000I\000n\000d\000u\000c\000e\000d\000\040\000R\000i\000s\000k\000s\000\040\000i\000n\000\040\000C\000l\000i\000n\000i\000c\000a\000l\000\040\000E\000n\000v\000i\000r\000o\000n\000m\000e\000n\000t\000s}{section.3}% 7
\BOOKMARK [3][-]{subsubsection.3.1.1}{\376\377\000S\000t\000a\000t\000i\000s\000t\000i\000c\000a\000l\000\040\000a\000n\000d\000\040\000D\000i\000s\000t\000r\000i\000b\000u\000t\000i\000o\000n\000a\000l\000\040\000R\000i\000s\000k\000s\000\040\000\050\000A\000l\000g\000o\000r\000i\000t\000h\000m\000i\000c\000\040\000D\000e\000c\000a\000y\000\051}{subsection.3.1}% 8
\BOOKMARK [3][-]{subsubsection.3.1.2}{\376\377\000S\000o\000c\000i\000o\000-\000T\000e\000c\000h\000n\000i\000c\000a\000l\000\040\000a\000n\000d\000\040\000C\000o\000g\000n\000i\000t\000i\000v\000e\000\040\000R\000i\000s\000k\000s\000\040\000\050\000H\000u\000m\000a\000n\000-\000A\000I\000\040\000I\000n\000t\000e\000r\000a\000c\000t\000i\000o\000n\000\051}{subsection.3.1}% 9
\BOOKMARK [3][-]{subsubsection.3.1.3}{\376\377\000G\000e\000n\000e\000r\000a\000t\000i\000v\000e\000\040\000a\000n\000d\000\040\000L\000L\000M\000-\000S\000p\000e\000c\000i\000f\000i\000c\000\040\000V\000u\000l\000n\000e\000r\000a\000b\000i\000l\000i\000t\000i\000e\000s}{subsection.3.1}% 10
\BOOKMARK [3][-]{subsubsection.3.1.4}{\376\377\000A\000r\000c\000h\000i\000t\000e\000c\000t\000u\000r\000a\000l\000\040\000+\000\040\000S\000y\000s\000t\000e\000m\000i\000c\000\040\000B\000l\000i\000n\000d\000\040\000S\000p\000o\000t\000s}{subsection.3.1}% 11
\BOOKMARK [1][-]{section.4}{\376\377\000C\000u\000r\000r\000e\000n\000t\000\040\000E\000v\000a\000l\000u\000a\000t\000i\000o\000n\000\040\000P\000a\000r\000a\000d\000i\000g\000m\000s\000\040\000a\000n\000d\000\040\000R\000e\000p\000o\000r\000t\000i\000n\000g\000\040\000G\000a\000p\000s}{}% 12
\BOOKMARK [2][-]{subsection.4.1}{\376\377\000P\000r\000e\000-\000D\000e\000p\000l\000o\000y\000m\000e\000n\000t\000\040\000T\000e\000s\000t\000i\000n\000g\000\040\000a\000n\000d\000\040\000B\000e\000n\000c\000h\000m\000a\000r\000k\000i\000n\000g\000\040\000L\000i\000m\000i\000t\000a\000t\000i\000o\000n\000s}{section.4}% 13
\BOOKMARK [2][-]{subsection.4.2}{\376\377\000P\000o\000s\000t\000-\000M\000a\000r\000k\000e\000t\000\040\000S\000u\000r\000v\000e\000i\000l\000l\000a\000n\000c\000e\000\040\000a\000n\000d\000\040\000t\000h\000e\000\040\000Y\000e\000l\000l\000o\000w\000\040\000C\000a\000r\000d\000\040\000F\000r\000a\000m\000e\000w\000o\000r\000k}{section.4}% 14
\BOOKMARK [3][-]{subsubsection.4.2.1}{\376\377\000T\000h\000e\000\040\000Y\000e\000l\000l\000o\000w\000\040\000C\000a\000r\000d\000\040\000S\000c\000h\000e\000m\000e}{subsection.4.2}% 15
\BOOKMARK [3][-]{subsubsection.4.2.2}{\376\377\000M\000a\000n\000u\000f\000a\000c\000t\000u\000r\000e\000r\000'\000s\000\040\000O\000n\000l\000i\000n\000e\000\040\000R\000e\000p\000o\000r\000t\000i\000n\000g\000\040\000E\000n\000v\000i\000r\000o\000n\000m\000e\000n\000t\000\040\000\050\000M\000O\000R\000E\000\051}{subsection.4.2}% 16
\BOOKMARK [3][-]{subsubsection.4.2.3}{\376\377\000R\000o\000u\000t\000i\000n\000e\000\040\000C\000l\000i\000n\000i\000c\000a\000l\000\040\000A\000u\000d\000i\000t\000i\000n\000g}{subsection.4.2}% 17
\BOOKMARK [3][-]{subsubsection.4.2.4}{\376\377\000C\000o\000n\000t\000i\000n\000u\000o\000u\000s\000\040\000R\000e\000a\000l\000\040\000T\000i\000m\000e\000\040\000M\000o\000n\000i\000t\000o\000r\000i\000n\000g}{subsection.4.2}% 18
\BOOKMARK [1][-]{section.5}{\376\377\000M\000o\000d\000e\000r\000n\000i\000z\000i\000n\000g\000\040\000S\000u\000r\000v\000e\000i\000l\000l\000a\000n\000c\000e\000:\000\040\000I\000n\000t\000e\000g\000r\000a\000t\000i\000o\000n\000\040\000a\000n\000d\000\040\000A\000n\000a\000l\000y\000t\000i\000c\000s}{}% 19
\BOOKMARK [1][-]{section.6}{\376\377\000T\000h\000e\000\040\000P\000r\000o\000p\000o\000s\000e\000d\000\040\000S\000o\000l\000u\000t\000i\000o\000n\000:\000\040\000T\000a\000r\000g\000e\000t\000e\000d\000\040\000E\000v\000a\000l\000u\000a\000t\000i\000o\000n\000\040\000v\000i\000a\000\040\000A\000m\000b\000i\000e\000n\000t\000\040\000A\000I\000\040\000S\000c\000r\000i\000b\000e\000s}{}% 20
\BOOKMARK [2][-]{subsection.6.1}{\376\377\000\040\000A\000V\000T\000\040\000E\000m\000b\000e\000d\000d\000e\000d\000\040\000R\000i\000s\000k\000\040\000M\000i\000t\000i\000g\000a\000t\000i\000o\000n}{section.6}% 21
\BOOKMARK [2][-]{subsection.6.2}{\376\377\000A\000V\000T\000\040\000S\000y\000s\000t\000e\000m\000\040\000A\000r\000c\000h\000i\000t\000e\000c\000t\000u\000r\000e}{section.6}% 22
\BOOKMARK [2][-]{subsection.6.3}{\376\377\000W\000h\000a\000t\000\040\000t\000h\000i\000s\000\040\000w\000o\000r\000k\000\040\000a\000d\000d\000s\000\040\000t\000o\000\040\000c\000l\000i\000n\000i\000c\000i\000a\000n\000s}{section.6}% 23
\BOOKMARK [1][-]{section.7}{\376\377\000T\000h\000i\000s\000\040\000P\000a\000p\000e\000r\000'\000s\000\040\000O\000b\000j\000e\000c\000t\000i\000v\000e\000s}{}% 24
\BOOKMARK [1][-]{section.8}{\376\377\000T\000e\000s\000t\000\040\000d\000a\000t\000a}{}% 25
\BOOKMARK [2][-]{subsection.8.1}{\376\377\000P\000r\000i\000M\000o\000c\000k\0005\0007\000\040\000C\000o\000r\000p\000u\000s\000\040\000\050\000b\000a\000b\000y\000l\000o\000n\000h\000e\000a\000l\000t\000h\000/\000P\000r\000i\000M\000o\000c\000k\0005\0007\000\051}{section.8}% 26
\BOOKMARK [3][-]{subsubsection.8.1.1}{\376\377\000H\000o\000w\000\040\000t\000h\000e\000\040\000D\000a\000t\000a\000s\000e\000t\000\040\000W\000a\000s\000\040\000A\000u\000g\000m\000e\000n\000t\000e\000d}{subsection.8.1}% 27
\BOOKMARK [1][-]{section.9}{\376\377\000D\000e\000t\000e\000r\000m\000i\000n\000i\000s\000m\000\040\000i\000n\000\040\000a\000\040\000n\000o\000n\000-\000d\000e\000t\000e\000r\000m\000i\000n\000i\000s\000t\000i\000c\000\040\000s\000p\000a\000c\000e\000\040}{}% 28
\BOOKMARK [2][-]{subsection.9.1}{\376\377\000N\000a\000t\000u\000r\000a\000l\000\040\000L\000a\000n\000g\000u\000a\000g\000e\000\040\000P\000r\000o\000c\000e\000s\000s\000i\000n\000g}{section.9}% 29
\BOOKMARK [3][-]{subsubsection.9.1.1}{\376\377\000s\000p\000a\000C\000y\000\040\000a\000s\000\040\000a\000\040\000F\000o\000u\000n\000d\000a\000t\000i\000o\000n}{subsection.9.1}% 30
\BOOKMARK [3][-]{subsubsection.9.1.2}{\376\377\000s\000c\000i\000s\000p\000a\000C\000y}{subsection.9.1}% 31
\BOOKMARK [3][-]{subsubsection.9.1.3}{\376\377\000N\000e\000g\000s\000p\000a\000C\000y}{subsection.9.1}% 32
\BOOKMARK [3][-]{subsubsection.9.1.4}{\376\377\000M\000e\000d\000s\000p\000a\000C\000y}{subsection.9.1}% 33
\BOOKMARK [3][-]{subsubsection.9.1.5}{\376\377\000U\000M\000L\000S\000\040\000C\000o\000n\000c\000e\000p\000t\000\040\000M\000a\000p\000p\000i\000n\000g\000:\000\040\000M\000e\000t\000a\000M\000a\000p\000\040\000a\000n\000d\000\040\000Q\000u\000i\000c\000k\000U\000M\000L\000S}{subsection.9.1}% 34
\BOOKMARK [2][-]{subsection.9.2}{\376\377\000P\000r\000o\000p\000o\000s\000e\000d\000\040\000U\000s\000e\000\040\000o\000f\000\040\000N\000L\000P\000\040\000f\000o\000r\000\040\000S\000O\000A\000P\000\040\000c\000h\000e\000c\000k\000e\000r}{section.9}% 35
\BOOKMARK [3][-]{subsubsection.9.2.1}{\376\377\000S\000e\000l\000e\000c\000t\000i\000n\000g\000\040\000a\000\040\000c\000o\000n\000d\000e\000n\000s\000e\000r\000:\000\040\000c\000o\000s\000i\000n\000e\000\040\000a\000n\000d\000\040\000R\000O\000U\000G\000E\000-\0001\000\040\000e\000v\000a\000l\000u\000a\000t\000i\000o\000n}{subsection.9.2}% 36
\BOOKMARK [3][-]{subsubsection.9.2.2}{\376\377\000T\000h\000e\000\040\000m\000e\000d\000s\000p\000a\000C\000y\000\040\000b\000a\000s\000e\000d\000\040\000c\000h\000e\000c\000k\000e\000r}{subsection.9.2}% 37
\BOOKMARK [3][-]{subsubsection.9.2.3}{\376\377\000E\000r\000r\000o\000r\000\040\000A\000n\000a\000l\000y\000s\000i\000s\000\040\000\046\000\040\000F\000a\000i\000l\000u\000r\000e\000\040\000M\000o\000d\000e\000s}{subsection.9.2}% 38
\BOOKMARK [2][-]{subsection.9.3}{\376\377\000K\000D\000E\000-\000B\000a\000s\000e\000d\000\040\000S\000e\000m\000a\000n\000t\000i\000c\000\040\000D\000e\000n\000s\000i\000t\000y\000\040\000C\000h\000e\000c\000k\000i\000n\000g\000\040\000\050\000E\000m\000b\000e\000d\000K\000D\000E\000C\000h\000e\000c\000k\000\051\000\040}{section.9}% 39
\BOOKMARK [3][-]{subsubsection.9.3.1}{\376\377\000\040\000H\000o\000w\000\040\000E\000m\000b\000e\000d\000K\000D\000E\000C\000h\000e\000c\000k\000\040\000w\000o\000r\000k\000s}{subsection.9.3}% 40
\BOOKMARK [3][-]{subsubsection.9.3.2}{\376\377\000W\000h\000y\000\040\000T\000h\000i\000s\000\040\000F\000i\000t\000s\000\040\000a\000n\000\040\000A\000m\000b\000i\000e\000n\000t\000\040\000A\000I\000\040\000P\000o\000s\000t\000-\000M\000a\000r\000k\000e\000t\000\040\000C\000h\000e\000c\000k}{subsection.9.3}% 41
\BOOKMARK [3][-]{subsubsection.9.3.3}{\376\377\000\040\000P\000r\000o\000p\000o\000s\000e\000d\000\040\000U\000s\000e\000:\000\040\000B\000i\000d\000i\000r\000e\000c\000t\000i\000o\000n\000a\000l\000,\000\040\000P\000e\000r\000-\000S\000e\000n\000t\000e\000n\000c\000e\000\040\000D\000e\000n\000s\000i\000t\000y\000\040\000C\000h\000e\000c\000k\000i\000n\000g}{subsection.9.3}% 42
\BOOKMARK [3][-]{subsubsection.9.3.4}{\376\377\000R\000e\000s\000u\000l\000t\000s}{subsection.9.3}% 43
\BOOKMARK [3][-]{subsubsection.9.3.5}{\376\377\000E\000r\000r\000o\000r\000\040\000A\000n\000a\000l\000y\000s\000i\000s\000\040\000\046\000\040\000F\000a\000i\000l\000u\000r\000e\000\040\000M\000o\000d\000e\000s}{subsection.9.3}% 44
\BOOKMARK [3][-]{subsubsection.9.3.6}{\376\377\000P\000o\000s\000s\000i\000b\000l\000e\000\040\000F\000i\000x\000e\000s\000\040\000f\000o\000r\000\040\000F\000u\000r\000t\000h\000e\000r\000\040\000R\000e\000s\000e\000a\000r\000c\000h\000\040\000f\000o\000r\000\040\000u\000s\000i\000n\000g\000\040\000K\000D\000E\000\040\000i\000n\000\040\000t\000h\000i\000s\000\040\000c\000o\000n\000t\000e\000x\000t}{subsection.9.3}% 45
\BOOKMARK [2][-]{subsection.9.4}{\376\377\000A\000l\000i\000g\000n\000S\000c\000o\000r\000e\000:\000\040\000T\000r\000a\000i\000n\000e\000d\000\040\000A\000l\000i\000g\000n\000m\000e\000n\000t\000\040\000M\000o\000d\000e\000l}{section.9}% 46
\BOOKMARK [3][-]{subsubsection.9.4.1}{\376\377\000H\000o\000w\000\040\000A\000l\000i\000g\000n\000S\000c\000o\000r\000e\000\040\000w\000o\000r\000k\000s}{subsection.9.4}% 47
\BOOKMARK [3][-]{subsubsection.9.4.2}{\376\377\000W\000h\000y\000\040\000T\000h\000i\000s\000\040\000F\000i\000t\000s\000\040\000a\000n\000\040\000A\000m\000b\000i\000e\000n\000t\000\040\000A\000I\000\040\000P\000o\000s\000t\000-\000M\000a\000r\000k\000e\000t\000\040\000C\000h\000e\000c\000k}{subsection.9.4}% 48
\BOOKMARK [3][-]{subsubsection.9.4.3}{\376\377\000P\000r\000o\000p\000o\000s\000e\000d\000\040\000U\000s\000e\000:\000\040\000A\000l\000i\000g\000n\000S\000c\000o\000r\000e\000\040\000a\000s\000\040\000a\000\040\000P\000e\000r\000-\000S\000e\000n\000t\000e\000n\000c\000e\000\040\000H\000a\000l\000l\000u\000c\000i\000n\000a\000t\000i\000o\000n\000\040\000C\000h\000e\000c\000k}{subsection.9.4}% 49
\BOOKMARK [3][-]{subsubsection.9.4.4}{\376\377\000R\000e\000s\000u\000l\000t\000s}{subsection.9.4}% 50
\BOOKMARK [3][-]{subsubsection.9.4.5}{\376\377\000E\000r\000r\000o\000r\000\040\000A\000n\000a\000l\000y\000s\000i\000s\000\040\000\046\000\040\000F\000a\000i\000l\000u\000r\000e\000\040\000M\000o\000d\000e\000s}{subsection.9.4}% 51
\BOOKMARK [3][-]{subsubsection.9.4.6}{\376\377\000P\000o\000s\000s\000i\000b\000l\000e\000\040\000F\000i\000x\000e\000s\000\040\000f\000o\000r\000\040\000F\000u\000r\000t\000h\000e\000r\000\040\000R\000e\000s\000e\000a\000r\000c\000h\000\040\000f\000o\000r\000\040\000u\000s\000i\000n\000g\000\040\000A\000l\000i\000g\000n\000S\000c\000o\000r\000e\000\040\000i\000n\000\040\000t\000h\000i\000s\000\040\000c\000o\000n\000t\000e\000x\000t\000\040\000.\000\040}{subsection.9.4}% 52
\BOOKMARK [2][-]{subsection.9.5}{\376\377\000S\000U\000M\000M\000A\000C}{section.9}% 53
\BOOKMARK [3][-]{subsubsection.9.5.1}{\376\377\000H\000o\000w\000\040\000S\000u\000m\000m\000a\000C\000\040\000W\000o\000r\000k\000s}{subsection.9.5}% 54
\BOOKMARK [3][-]{subsubsection.9.5.2}{\376\377\000W\000h\000y\000\040\000T\000h\000i\000s\000\040\000I\000s\000\040\000a\000\040\000H\000a\000r\000d\000e\000r\000\040\000F\000i\000t\000\040\000f\000o\000r\000\040\000a\000n\000\040\000A\000m\000b\000i\000e\000n\000t\000\040\000A\000I\000\040\000C\000h\000e\000c\000k}{subsection.9.5}% 55
\BOOKMARK [2][-]{subsection.9.6}{\376\377\000\040\000N\000o\000t\000e\000E\000x\000t\000r\000a\000c\000t\000o\000r\000:\000\040\000A\000\040\000L\000i\000g\000h\000t\000w\000e\000i\000g\000h\000t\000\040\000S\000t\000r\000u\000c\000t\000u\000r\000e\000d\000-\000S\000u\000m\000m\000a\000r\000y\000\040\000L\000a\000y\000e\000r}{section.9}% 56
\BOOKMARK [3][-]{subsubsection.9.6.1}{\376\377\000H\000o\000w\000\040\000N\000o\000t\000e\000E\000x\000t\000r\000a\000c\000t\000o\000r\000\040\000W\000o\000r\000k\000s}{subsection.9.6}% 57
\BOOKMARK [3][-]{subsubsection.9.6.2}{\376\377\000R\000e\000s\000u\000l\000t\000s}{subsection.9.6}% 58
\BOOKMARK [3][-]{subsubsection.9.6.3}{\376\377\000E\000r\000r\000o\000r\000\040\000A\000n\000a\000l\000y\000s\000i\000s\000\040\000\046\000\040\000F\000a\000i\000l\000u\000r\000e\000\040\000M\000o\000d\000e\000s}{subsection.9.6}% 59
\BOOKMARK [1][-]{section.10}{\376\377\000R\000e\000s\000u\000l\000t\000s}{}% 60
\BOOKMARK [2][-]{subsection.10.1}{\376\377\000I\000n\000\040\000D\000o\000c\000u\000m\000e\000n\000t\000s\000\040\000T\000a\000g\000\040\000C\000o\000n\000t\000r\000i\000b\000u\000t\000i\000o\000n}{section.10}% 61
\BOOKMARK [2][-]{subsection.10.2}{\376\377\000C\000r\000o\000s\000s\000-\000D\000o\000c\000u\000m\000e\000n\000t\000\040\000V\000e\000r\000i\000f\000i\000c\000a\000t\000i\000o\000n\000\040\000C\000a\000n\000\040\000S\000t\000i\000l\000l\000\040\000I\000m\000p\000r\000o\000v\000e}{section.10}% 62
\BOOKMARK [1][-]{section.11}{\376\377\000E\000x\000a\000m\000p\000l\000e\000\040\000M\000a\000r\000k\000e\000t\000\040\000d\000e\000p\000l\000o\000y\000m\000e\000n\000t}{}% 63
\BOOKMARK [2][-]{subsection.11.1}{\376\377\000W\000h\000a\000t\000\040\000t\000h\000e\000\040\000P\000r\000o\000t\000o\000t\000y\000p\000e\000\040\000D\000o\000e\000s}{section.11}% 64
\BOOKMARK [2][-]{subsection.11.2}{\376\377\000W\000h\000y\000\040\000a\000\040\000B\000r\000o\000w\000s\000e\000r\000\040\000E\000x\000t\000e\000n\000s\000i\000o\000n\000\040\000I\000s\000\040\000t\000h\000e\000\040\000R\000i\000g\000h\000t\000\040\000D\000e\000l\000i\000v\000e\000r\000y\000\040\000M\000e\000c\000h\000a\000n\000i\000s\000m}{section.11}% 65
\BOOKMARK [3][-]{subsubsection.11.2.1}{\376\377\000C\000l\000o\000s\000i\000n\000g\000\040\000t\000h\000e\000\040\000L\000o\000o\000p}{subsection.11.2}% 66
\BOOKMARK [1][-]{section.12}{\376\377\000M\000e\000t\000h\000o\000d\000\040\000L\000i\000m\000i\000t\000a\000t\000i\000o\000n\000s}{}% 67
\BOOKMARK [1][-]{section.13}{\376\377\000C\000o\000n\000c\000l\000u\000s\000i\000o\000n}{}% 68
\BOOKMARK [1][-]{section.14}{\376\377\000L\000e\000g\000a\000l\000,\000\040\000S\000o\000c\000i\000a\000l\000,\000\040\000E\000t\000h\000i\000c\000a\000l\000,\000\040\000a\000n\000d\000\040\000P\000r\000o\000f\000e\000s\000s\000i\000o\000n\000a\000l\000\040\000I\000s\000s\000u\000e\000s\000\040\000\050\000L\000S\000E\000P\000I\000\051}{}% 69
\BOOKMARK [2][-]{subsection.14.1}{\376\377\000E\000t\000h\000i\000c\000a\000l\000\040\000R\000e\000v\000i\000e\000w\000\040\000a\000n\000d\000\040\000D\000a\000t\000a\000\040\000G\000o\000v\000e\000r\000n\000a\000n\000c\000e}{section.14}% 70
\BOOKMARK [2][-]{subsection.14.2}{\376\377\000P\000a\000t\000i\000e\000n\000t\000\040\000C\000o\000n\000s\000e\000n\000t\000\040\000a\000n\000d\000\040\000A\000c\000o\000u\000s\000t\000i\000c\000\040\000S\000u\000r\000v\000e\000i\000l\000l\000a\000n\000c\000e}{section.14}% 71
\BOOKMARK [2][-]{subsection.14.3}{\376\377\000M\000e\000d\000i\000c\000o\000-\000L\000e\000g\000a\000l\000\040\000L\000i\000a\000b\000i\000l\000i\000t\000y\000\040\000a\000n\000d\000\040\000D\000u\000t\000y\000\040\000o\000f\000\040\000C\000a\000r\000e}{section.14}% 72
\BOOKMARK [2][-]{subsection.14.4}{\376\377\000H\000e\000a\000l\000t\000h\000\040\000E\000q\000u\000i\000t\000y\000\040\000a\000n\000d\000\040\000A\000l\000g\000o\000r\000i\000t\000h\000m\000i\000c\000\040\000B\000i\000a\000s}{section.14}% 73
\BOOKMARK [1][-]{section.15}{\376\377\000P\000o\000l\000i\000c\000y\000\040\000R\000e\000c\000o\000m\000m\000e\000n\000d\000a\000t\000i\000o\000n\000:\000\040\000A\000\040\000W\000h\000i\000t\000e\000\040\000P\000a\000p\000e\000r\000\040\000f\000o\000r\000\040\000A\000I\000a\000M\000D\000\040\000G\000o\000v\000e\000r\000n\000a\000n\000c\000e}{}% 74
\BOOKMARK [1][-]{section.16}{\376\377\000F\000u\000t\000u\000r\000e\000\040\000W\000o\000r\000k}{}% 75
\BOOKMARK [1][-]{section.17}{\376\377\000A\000p\000p\000e\000n\000d\000i\000x\000\040\000A\000:\000\040\000C\000o\000d\000e}{}% 76
\BOOKMARK [2][-]{subsection.17.1}{\376\377\000D\000i\000r\000e\000c\000t\000o\000r\000y\000\040\000t\000r\000e\000e}{section.17}% 77
\BOOKMARK [2][-]{subsection.17.2}{\376\377\000F\000i\000l\000e\000s\000\040\000u\000n\000d\000e\000r\000\040\000P\000r\000o\000j\000e\000c\000t}{section.17}% 78
\BOOKMARK [3][-]{subsubsection.17.2.1}{\376\377\000r\000u\000n\000\137\000c\000h\000e\000c\000k\000e\000r\000\137\000m\000o\000d\000u\000l\000e\000s\000.\000p\000y}{subsection.17.2}% 79
\BOOKMARK [3][-]{subsubsection.17.2.2}{\376\377\000r\000u\000n\000\137\000c\000o\000n\000d\000e\000n\000s\000e\000r\000s\000.\000p\000y}{subsection.17.2}% 80
\BOOKMARK [3][-]{subsubsection.17.2.3}{\376\377\000r\000u\000n\000\137\000n\000o\000t\000e\000\137\000e\000x\000t\000r\000a\000c\000t\000o\000r\000.\000p\000y}{subsection.17.2}% 81
\BOOKMARK [2][-]{subsection.17.3}{\376\377\000E\000n\000v\000i\000r\000o\000n\000m\000e\000n\000t\000\040\000s\000e\000t\000u\000p}{section.17}% 82
\BOOKMARK [2][-]{subsection.17.4}{\376\377\000R\000u\000n\000n\000i\000n\000g\000\040\000t\000h\000i\000n\000g\000s}{section.17}% 83
\BOOKMARK [3][-]{subsubsection.17.4.1}{\376\377\000F\000u\000l\000l\000-\000d\000a\000t\000a\000s\000e\000t\000\040\000e\000v\000a\000l\000u\000a\000t\000i\000o\000n\000\040\000r\000u\000n\000s}{subsection.17.4}% 84
\BOOKMARK [1][-]{section.18}{\376\377\000A\000p\000p\000e\000n\000d\000i\000x\000\040\000B\000\040\000:\000\040\000R\000u\000n\000n\000i\000n\000g\000\040\000t\000h\000e\000\040\000g\000o\000o\000g\000l\000e\000\040\000e\000x\000t\000e\000n\000s\000i\000o\000n}{}% 85
\BOOKMARK [2][-]{subsection.18.1}{\376\377\000P\000r\000e\000r\000e\000q\000u\000i\000s\000i\000t\000e\000s}{section.18}% 86
\BOOKMARK [2][-]{subsection.18.2}{\376\377\000R\000u\000n\000n\000i\000n\000g\000\040\000t\000h\000e\000\040\000s\000e\000r\000v\000e\000r}{section.18}% 87
\BOOKMARK [2][-]{subsection.18.3}{\376\377\000L\000o\000a\000d\000i\000n\000g\000\040\000t\000h\000e\000\040\000e\000x\000t\000e\000n\000s\000i\000o\000n\000\040\000i\000n\000t\000o\000\040\000C\000h\000r\000o\000m\000e}{section.18}% 88
\BOOKMARK [2][-]{subsection.18.4}{\376\377\000H\000o\000w\000\040\000t\000h\000e\000\040\000e\000x\000t\000e\000n\000s\000i\000o\000n\000\040\000c\000o\000n\000n\000e\000c\000t\000s\000\040\000t\000o\000\040\000t\000h\000e\000\040\000s\000e\000r\000v\000e\000r}{section.18}% 89
\BOOKMARK [2][-]{subsection.18.5}{\376\377\000A\000r\000c\000h\000i\000t\000e\000c\000t\000u\000r\000e\000\040\000a\000t\000\040\000a\000\040\000g\000l\000a\000n\000c\000e}{section.18}% 90
\BOOKMARK [2][-]{subsection.18.6}{\376\377\000U\000s\000i\000n\000g\000\040\000t\000h\000e\000\040\000e\000x\000t\000e\000n\000s\000i\000o\000n}{section.18}% 91
\BOOKMARK [2][-]{subsection.18.7}{\376\377\000K\000n\000o\000w\000n\000\040\000c\000a\000v\000e\000a\000t\000s}{section.18}% 92
